D:/my_Projects/Electronic/STM32/F1/CubeIDE/Libraries/ArduinoJson/src/ArduinoJson/Memory/Allocator.hpp:34:9:virtual void* ArduinoJson::V742HB22::detail::DefaultAllocator::reallocate(void*, size_t)	0	static
D:/my_Projects/Electronic/STM32/F1/CubeIDE/Libraries/ArduinoJson/src/ArduinoJson/Memory/Allocator.hpp:30:8:virtual void ArduinoJson::V742HB22::detail::DefaultAllocator::deallocate(void*)	0	static
D:/my_Projects/Electronic/STM32/F1/CubeIDE/Libraries/ArduinoJson/src/ArduinoJson/Memory/Allocator.hpp:26:9:virtual void* ArduinoJson::V742HB22::detail::DefaultAllocator::allocate(size_t)	0	static
D:/my_Projects/Electronic/STM32/F1/CubeIDE/Libraries/ArduinoJson/src/ArduinoJson/Memory/MemoryPoolList.hpp:108:6:T* ArduinoJson::V742HB22::detail::MemoryPoolList<T>::getSlot(ArduinoJson::V742HB22::detail::SlotId) const [with T = ArduinoJson::V742HB22::detail::ResourceManager::SlotData]	0	static
D:/my_Projects/Electronic/STM32/F1/CubeIDE/Libraries/ArduinoJson/src/ArduinoJson/Strings/JsonString.hpp:24:3:ArduinoJson::V742HB22::JsonString::JsonString(const char*, bool)	16	static
D:/my_Projects/Electronic/STM32/F1/CubeIDE/Libraries/ArduinoJson/src/ArduinoJson/Collection/CollectionImpl.hpp:20:13:void ArduinoJson::V742HB22::detail::CollectionIterator::next(const ArduinoJson::V742HB22::detail::ResourceManager*)	8	static
D:/my_Projects/Electronic/STM32/F1/CubeIDE/Libraries/ArduinoJson/src/ArduinoJson/Numbers/FloatParts.hpp:56:19:ArduinoJson::V742HB22::detail::FloatParts ArduinoJson::V742HB22::detail::decomposeFloat(ArduinoJson::V742HB22::JsonFloat, int8_t)	48	static
D:/my_Projects/Electronic/STM32/F1/CubeIDE/Libraries/ArduinoJson/src/ArduinoJson/Variant/VariantImpl.hpp:48:13:void ArduinoJson::V742HB22::detail::VariantData::clear(ArduinoJson::V742HB22::detail::ResourceManager*)	32	static
../Core/Src/main.cpp:147:6:void SystemClock_Config()	96	static,ignoring_inline_asm
../Core/Src/main.cpp:255:9:uint8_t usbPutStr(uint8_t*, uint32_t)	8	static
../Core/Src/main.cpp:63:6:void ReadUSB(uint8_t*, uint16_t)	8	static
../Core/Src/main.cpp:273:6:void Error_Handler()	0	static,ignoring_inline_asm
D:/my_Projects/Electronic/STM32/F1/CubeIDE/Libraries/ArduinoJson/src/ArduinoJson/Memory/MemoryPoolList.hpp:160:11:ArduinoJson::V742HB22::detail::Slot<T> ArduinoJson::V742HB22::detail::MemoryPoolList<T>::allocFromLastPool() [with T = ArduinoJson::V742HB22::detail::ResourceManager::SlotData]	12	static
D:/my_Projects/Electronic/STM32/F1/CubeIDE/Libraries/ArduinoJson/src/ArduinoJson/Memory/ResourceManagerImpl.hpp:14:26:ArduinoJson::V742HB22::detail::Slot<ArduinoJson::V742HB22::detail::VariantData> ArduinoJson::V742HB22::detail::ResourceManager::allocVariant()	48	static
D:/my_Projects/Electronic/STM32/F1/CubeIDE/Libraries/ArduinoJson/src/ArduinoJson/Variant/VariantImpl.hpp:22:13:bool ArduinoJson::V742HB22::detail::VariantData::setString(TAdaptedString, ArduinoJson::V742HB22::detail::ResourceManager*) [with TAdaptedString = ArduinoJson::V742HB22::detail::RamString]	40	static
D:/my_Projects/Electronic/STM32/F1/CubeIDE/Libraries/ArduinoJson/src/ArduinoJson/Variant/VariantData.hpp:514:15:static void ArduinoJson::V742HB22::detail::VariantData::setString(ArduinoJson::V742HB22::detail::VariantData*, TAdaptedString, ArduinoJson::V742HB22::detail::ResourceManager*) [with TAdaptedString = ArduinoJson::V742HB22::detail::RamString]	40	static
D:/my_Projects/Electronic/STM32/F1/CubeIDE/Libraries/ArduinoJson/src/ArduinoJson/Serialization/CountingDecorator.hpp:20:8:void ArduinoJson::V742HB22::detail::CountingDecorator<TWriter>::write(const uint8_t*, size_t) [with TWriter = ArduinoJson::V742HB22::detail::StaticStringWriter]	12	static
D:/my_Projects/Electronic/STM32/F1/CubeIDE/Libraries/ArduinoJson/src/ArduinoJson/Json/TextFormatter.hpp:152:8:void ArduinoJson::V742HB22::detail::TextFormatter<TWriter>::writeRaw(const char*) [with TWriter = ArduinoJson::V742HB22::detail::StaticStringWriter]	16	static
D:/my_Projects/Electronic/STM32/F1/CubeIDE/Libraries/ArduinoJson/src/ArduinoJson/Json/TextFormatter.hpp:120:38:ArduinoJson::V742HB22::detail::enable_if_t<ArduinoJson::V742HB22::detail::is_unsigned<TOut>::value> ArduinoJson::V742HB22::detail::TextFormatter<TWriter>::writeInteger(T) [with T = long long unsigned int; TWriter = ArduinoJson::V742HB22::detail::StaticStringWriter]	48	static
D:/my_Projects/Electronic/STM32/F1/CubeIDE/Libraries/ArduinoJson/src/ArduinoJson/Serialization/CountingDecorator.hpp:16:8:void ArduinoJson::V742HB22::detail::CountingDecorator<TWriter>::write(uint8_t) [with TWriter = ArduinoJson::V742HB22::detail::StaticStringWriter]	0	static
D:/my_Projects/Electronic/STM32/F1/CubeIDE/Libraries/ArduinoJson/src/ArduinoJson/Json/TextFormatter.hpp:47:8:void ArduinoJson::V742HB22::detail::TextFormatter<TWriter>::writeString(const char*, size_t) [with TWriter = ArduinoJson::V742HB22::detail::StaticStringWriter]	24	static
D:/my_Projects/Electronic/STM32/F1/CubeIDE/Libraries/ArduinoJson/src/ArduinoJson/Json/TextFormatter.hpp:107:36:ArduinoJson::V742HB22::detail::enable_if_t<ArduinoJson::V742HB22::detail::is_signed<TOut>::value> ArduinoJson::V742HB22::detail::TextFormatter<TWriter>::writeInteger(T) [with T = long long int; TWriter = ArduinoJson::V742HB22::detail::StaticStringWriter]	16	static
D:/my_Projects/Electronic/STM32/F1/CubeIDE/Libraries/ArduinoJson/src/ArduinoJson/Json/TextFormatter.hpp:72:8:void ArduinoJson::V742HB22::detail::TextFormatter<TWriter>::writeFloat(ArduinoJson::V742HB22::JsonFloat, int8_t) [with TWriter = ArduinoJson::V742HB22::detail::StaticStringWriter]	72	static
D:/my_Projects/Electronic/STM32/F1/CubeIDE/Libraries/ArduinoJson/src/ArduinoJson/Variant/VariantData.hpp:54:34:typename TVisitor::result_type ArduinoJson::V742HB22::detail::VariantData::accept(TVisitor&, const ArduinoJson::V742HB22::detail::ResourceManager*) const [with TVisitor = ArduinoJson::V742HB22::detail::JsonSerializer<ArduinoJson::V742HB22::detail::StaticStringWriter>]	48	static
D:/my_Projects/Electronic/STM32/F1/CubeIDE/Libraries/ArduinoJson/src/ArduinoJson/Object/ObjectImpl.hpp:24:14:ArduinoJson::V742HB22::detail::VariantData* ArduinoJson::V742HB22::detail::ObjectData::getOrAddMember(TAdaptedString, ArduinoJson::V742HB22::detail::ResourceManager*) [with TAdaptedString = ArduinoJson::V742HB22::detail::RamString]	88	static
D:/my_Projects/Electronic/STM32/F1/CubeIDE/Libraries/ArduinoJson/src/ArduinoJson/Variant/VariantRefBaseImpl.hpp:103:20:ArduinoJson::V742HB22::JsonVariant ArduinoJson::V742HB22::detail::VariantRefBase<TDerived>::getOrCreateVariant() const [with TDerived = ArduinoJson::V742HB22::detail::MemberProxy<ArduinoJson::V742HB22::JsonDocument&, ArduinoJson::V742HB22::detail::RamString>]	40	static
../Core/Src/main.cpp:77:5:int main()	224	static,ignoring_inline_asm
