dwt_stm32_delay.h:27:22:DWT_Delay_us	24	static
user_setting.h:48:6:delay	16	static
tft.c:54:6:PIN_LOW	16	static
tft.c:59:6:PIN_HIGH	16	static
tft.c:64:6:PIN_INPUT	32	static
tft.c:74:6:PIN_OUTPUT	32	static
tft.c:142:10:width	4	static
tft.c:145:10:height	4	static
tft.c:160:17:color565_to_555	16	static
tft.c:163:17:color555_to_565	16	static
tft.c:166:16:color565_to_r	16	static
tft.c:169:16:color565_to_g	16	static
tft.c:172:16:color565_to_b	16	static
tft.c:176:10:color565	16	static
tft.c:177:10:readPixel	32	static
tft.c:185:6:WriteCmdData	16	static
tft.c:193:6:pushCommand	16	static
tft.c:228:6:setReadDir	8	static
tft.c:240:6:setWriteDir	8	static
tft.c:258:13:pushColors_any	40	static
tft.c:295:13:write24	24	static
tft.c:306:13:writecmddata	24	static
tft.c:316:13:WriteCmdParamN	24	static
tft.c:331:20:WriteCmdParam4	32	static
tft.c:340:13:init_table	48	static
tft.c:366:13:init_table16	24	static
tft.c:386:6:reset	8	static
tft.c:406:17:read16bits	16	static
tft.c:415:10:readReg	24	static
tft.c:434:10:readReg32	24	static
tft.c:441:10:readReg40	24	static
tft.c:450:6:tft_init	40	static
tft.c:2505:10:readID	24	static
tft.c:2602:9:readGRAM	56	static
tft.c:2668:6:setRotation	40	static
tft.c:2832:6:drawPixel	32	static
tft.c:2846:6:setAddrWindow	40	static
tft.c:2889:6:vertScroll	32	static
tft.c:2969:6:pushColors16b	24	static
tft.c:2973:6:pushColors8b	24	static
tft.c:2977:6:pushColors4n	24	static
tft.c:2983:6:fillScreen	24	static
tft.c:2988:6:invertDisplay	24	static
tft.c:3034:7:drawFastVLine	32	static
tft.c:3038:7:drawFastHLine	32	static
tft.c:3043:6:writePixel	16	static
tft.c:3048:6:writeLine	48	static
tft.c:3089:6:drawLine	40	static
tft.c:3102:6:drawCircle	40	static
tft.c:3136:6:drawCircleHelper	40	static
tft.c:3172:6:fillCircle	32	static
tft.c:3178:6:fillCircleHelper	40	static
tft.c:3215:6:drawRect	24	static
tft.c:3223:6:fillRect	32	static
tft.c:3312:6:drawRoundRect	40	static
tft.c:3329:6:fillRoundRect	40	static
tft.c:3341:6:drawTriangle	32	static
tft.c:3349:6:fillTriangle	72	static
tft.c:3429:6:testFillScreen	8	static
tft.c:3438:6:testLines	56	static
tft.c:3481:6:testFastLines	32	static
tft.c:3490:6:testRects	56	static
tft.c:3504:6:testFilledRects	56	static
tft.c:3521:6:testFilledCircles	40	static
tft.c:3534:6:testCircles	40	static
tft.c:3550:6:testTriangles	64	static
tft.c:3566:6:testFilledTriangles	64	static
tft.c:3579:6:testRoundRects	72	static
tft.c:3596:6:testFilledRoundRects	64	static
tft.c:3614:6:drawChar	56	static
tft.c:3664:8:write	48	static
tft.c:3703:6:setFont	16	static
tft.c:3732:6:charBounds	56	static
tft.c:3802:6:getTextBounds	64	static
tft.c:3825:6:printnewtstr	24	static
tft.c:3834:6:printstr	16	static
tft.c:3839:6:setTextWrap	16	static
tft.c:3841:6:setTextColor	16	static
tft.c:3846:6:setTextSize	16	static
tft.c:3851:6:setCursor	16	static
tft.c:3853:9:getRotation	4	static
tft.c:3858:6:scrollup	24	static
tft.c:3876:6:scrolldown	24	static
