../Core/Src/main.cpp:79:6:void onNewConnection(TCPServer*, tcp_pcb*)	16	static
../Core/Src/main.cpp:90:5:int main()	16	static
../Core/Src/main.cpp:150:6:void SystemClock_Config()	88	static
../Core/Src/main.cpp:201:13:void MX_IWDG_Init()	8	static
../Core/Src/main.cpp:229:13:void MX_UART5_Init()	8	static
../Core/Src/main.cpp:262:13:void MX_USART3_UART_Init()	8	static
../Core/Src/main.cpp:295:13:void MX_DMA_Init()	16	static
../Core/Src/main.cpp:330:13:void MX_GPIO_Init()	40	static
../Core/Src/main.cpp:382:6:void ReadIP()	4	static
../Core/Src/main.cpp:409:6:void HAL_TIM_PeriodElapsedCallback(TIM_HandleTypeDef*)	16	static
../Core/Src/main.cpp:488:6:void Error_Handler()	4	static,ignoring_inline_asm
