D:/my_Projects/Electronic/STM32/F1/cubeIDE/CubeIDE_Libraries/DHT22/DHT22.cpp:3:1:DHT22::DHT22(GPIO_TypeDef*, uint16_t, DHT22Type)	32	static
D:/my_Projects/Electronic/STM32/F1/cubeIDE/CubeIDE_Libraries/DHT22/DHT22.cpp:29:6:static void DHT22::InitializeDWT()	4	static
D:/my_Projects/Electronic/STM32/F1/cubeIDE/CubeIDE_Libraries/DHT22/DHT22.cpp:37:10:static uint32_t DHT22::Micros()	16	static
D:/my_Projects/Electronic/STM32/F1/cubeIDE/CubeIDE_Libraries/DHT22/DHT22.cpp:56:10:static uint32_t DHT22::ElapsedMicros(uint32_t)	16	static
D:/my_Projects/Electronic/STM32/F1/cubeIDE/CubeIDE_Libraries/DHT22/DHT22.cpp:64:6:void DHT22::ConfigureAsOutput()	16	static
D:/my_Projects/Electronic/STM32/F1/cubeIDE/CubeIDE_Libraries/DHT22/DHT22.cpp:74:6:void DHT22::ConfigureAsInput()	16	static
D:/my_Projects/Electronic/STM32/F1/cubeIDE/CubeIDE_Libraries/DHT22/DHT22.cpp:84:6:void DHT22::SetPinLow()	16	static
D:/my_Projects/Electronic/STM32/F1/cubeIDE/CubeIDE_Libraries/DHT22/DHT22.cpp:89:6:void DHT22::SetPinHigh()	16	static
D:/my_Projects/Electronic/STM32/F1/cubeIDE/CubeIDE_Libraries/DHT22/DHT22.cpp:98:6:bool DHT22::ReadPin() const	16	static
D:/my_Projects/Electronic/STM32/F1/cubeIDE/CubeIDE_Libraries/DHT22/DHT22.cpp:103:6:void DHT22::EnterState(State)	16	static
D:/my_Projects/Electronic/STM32/F1/cubeIDE/CubeIDE_Libraries/DHT22/DHT22.cpp:109:6:void DHT22::ResetFrame()	24	static
D:/my_Projects/Electronic/STM32/F1/cubeIDE/CubeIDE_Libraries/DHT22/DHT22.cpp:119:6:void DHT22::Fail(HAL_StatusTypeDef)	16	static
D:/my_Projects/Electronic/STM32/F1/cubeIDE/CubeIDE_Libraries/DHT22/DHT22.cpp:132:6:bool DHT22::StartRead()	24	static
D:/my_Projects/Electronic/STM32/F1/cubeIDE/CubeIDE_Libraries/DHT22/DHT22.cpp:179:6:void DHT22::Process()	24	static
D:/my_Projects/Electronic/STM32/F1/cubeIDE/CubeIDE_Libraries/DHT22/DHT22.cpp:339:6:void DHT22::StoreBit(bool)	24	static
D:/my_Projects/Electronic/STM32/F1/cubeIDE/CubeIDE_Libraries/DHT22/DHT22.cpp:363:6:void DHT22::DecodeFrame()	40	static
D:/my_Projects/Electronic/STM32/F1/cubeIDE/CubeIDE_Libraries/DHT22/DHT22.cpp:434:6:bool DHT22::IsBusy() const	16	static
D:/my_Projects/Electronic/STM32/F1/cubeIDE/CubeIDE_Libraries/DHT22/DHT22.cpp:439:6:bool DHT22::IsIdle() const	16	static
D:/my_Projects/Electronic/STM32/F1/cubeIDE/CubeIDE_Libraries/DHT22/DHT22.cpp:444:6:bool DHT22::HasNewData() const	16	static
D:/my_Projects/Electronic/STM32/F1/cubeIDE/CubeIDE_Libraries/DHT22/DHT22.cpp:449:6:void DHT22::ClearNewData()	16	static
D:/my_Projects/Electronic/STM32/F1/cubeIDE/CubeIDE_Libraries/DHT22/DHT22.cpp:454:14:DHT22::State DHT22::GetState() const	16	static
D:/my_Projects/Electronic/STM32/F1/cubeIDE/CubeIDE_Libraries/DHT22/DHT22.cpp:459:19:HAL_StatusTypeDef DHT22::GetStatus() const	16	static
D:/my_Projects/Electronic/STM32/F1/cubeIDE/CubeIDE_Libraries/DHT22/DHT22.cpp:464:10:Temp_Hum DHT22::GetData() const	16	static
D:/my_Projects/Electronic/STM32/F1/cubeIDE/CubeIDE_Libraries/DHT22/DHT22.cpp:469:7:float DHT22::GetTemperature(bool) const	16	static
D:/my_Projects/Electronic/STM32/F1/cubeIDE/CubeIDE_Libraries/DHT22/DHT22.cpp:479:7:float DHT22::GetHumidity() const	16	static
D:/my_Projects/Electronic/STM32/F1/cubeIDE/CubeIDE_Libraries/DHT22/DHT22.cpp:484:7:static float DHT22::CelsiusToFahrenheit(float)	16	static
D:/my_Projects/Electronic/STM32/F1/cubeIDE/CubeIDE_Libraries/DHT22/DHT22.cpp:489:11:DHT22Type DHT22::GetDHTType() const	16	static
D:/my_Projects/Electronic/STM32/F1/cubeIDE/CubeIDE_Libraries/DHT22/DHT22.cpp:494:6:void DHT22::SetDHTType(DHT22Type)	16	static
