D:/my_Projects/Electronic/STM32/F1/CubeIDE/Libraries/DWT_Delay/dwt_stm32_delay.h:27:22:void DWT_Delay_us(uint32_t)	24	static
D:/my_Projects/Electronic/STM32/F1/CubeIDE/Libraries/DHT22/DHT22.cpp:4:1:DHT22::DHT22(GPIO_TypeDef*, uint16_t, DHT22Type)	24	static
D:/my_Projects/Electronic/STM32/F1/CubeIDE/Libraries/DHT22/DHT22.cpp:14:6:void DHT22::set_gpio_output()	16	static
D:/my_Projects/Electronic/STM32/F1/CubeIDE/Libraries/DHT22/DHT22.cpp:22:6:void DHT22::set_gpio_input()	16	static
D:/my_Projects/Electronic/STM32/F1/CubeIDE/Libraries/DHT22/DHT22.cpp:30:19:HAL_StatusTypeDef DHT22::begin()	16	static
D:/my_Projects/Electronic/STM32/F1/CubeIDE/Libraries/DHT22/DHT22.cpp:54:19:HAL_StatusTypeDef DHT22::check_response()	24	static
D:/my_Projects/Electronic/STM32/F1/CubeIDE/Libraries/DHT22/DHT22.cpp:99:7:float DHT22::readTemperature(bool, bool)	24	static
D:/my_Projects/Electronic/STM32/F1/CubeIDE/Libraries/DHT22/DHT22.cpp:105:7:float DHT22::convertCtoF(float)	16	static
D:/my_Projects/Electronic/STM32/F1/CubeIDE/Libraries/DHT22/DHT22.cpp:110:7:float DHT22::convertFtoC(float)	16	static
D:/my_Projects/Electronic/STM32/F1/CubeIDE/Libraries/DHT22/DHT22.cpp:115:7:float DHT22::readHumidity(bool)	24	static
D:/my_Projects/Electronic/STM32/F1/CubeIDE/Libraries/DHT22/DHT22.cpp:121:9:uint8_t DHT22::read(bool)	24	static
D:/my_Projects/Electronic/STM32/F1/CubeIDE/Libraries/DHT22/DHT22.cpp:138:10:Temp_Hum DHT22::DHT_Read()	40	static
D:/my_Projects/Electronic/STM32/F1/CubeIDE/Libraries/DHT22/DHT22.cpp:209:19:HAL_StatusTypeDef DHT22::DHTStatus()	16	static
D:/my_Projects/Electronic/STM32/F1/CubeIDE/Libraries/DHT22/DHT22.cpp:214:11:DHT22Type DHT22::GetDHTType()	16	static
D:/my_Projects/Electronic/STM32/F1/CubeIDE/Libraries/DHT22/DHT22.cpp:219:6:void DHT22::SetDHTType(DHT22Type)	16	static
