d:\my_projects\electronic\stm32\f1\cubeide\libraries\dwt_delay\dwt_stm32_delay.h:27:22:void DWT_Delay_us(uint32_t)	24	static
D:/my_Projects/Electronic/STM32/F1/CubeIDE/Libraries/LiquidCrystal_I2C/LCD_I2C.cpp:22:1:LCDI2C::LCDI2C(uint8_t, uint8_t, uint8_t, I2C_HandleTypeDef*, uint8_t)	16	static,ignoring_inline_asm
D:/my_Projects/Electronic/STM32/F1/CubeIDE/Libraries/LiquidCrystal_I2C/LCD_I2C.cpp:37:6:void LCDI2C::begin()	16	static
D:/my_Projects/Electronic/STM32/F1/CubeIDE/Libraries/LiquidCrystal_I2C/LCD_I2C.cpp:105:6:void LCDI2C::clear()	16	static,ignoring_inline_asm
D:/my_Projects/Electronic/STM32/F1/CubeIDE/Libraries/LiquidCrystal_I2C/LCD_I2C.cpp:113:6:void LCDI2C::home()	16	static,ignoring_inline_asm
D:/my_Projects/Electronic/STM32/F1/CubeIDE/Libraries/LiquidCrystal_I2C/LCD_I2C.cpp:121:6:void LCDI2C::setCursor(uint8_t, uint8_t)	40	static,ignoring_inline_asm
D:/my_Projects/Electronic/STM32/F1/CubeIDE/Libraries/LiquidCrystal_I2C/LCD_I2C.cpp:134:6:void LCDI2C::noDisplay()	16	static,ignoring_inline_asm
D:/my_Projects/Electronic/STM32/F1/CubeIDE/Libraries/LiquidCrystal_I2C/LCD_I2C.cpp:140:6:void LCDI2C::display()	16	static,ignoring_inline_asm
D:/my_Projects/Electronic/STM32/F1/CubeIDE/Libraries/LiquidCrystal_I2C/LCD_I2C.cpp:148:6:void LCDI2C::noCursor()	16	static,ignoring_inline_asm
D:/my_Projects/Electronic/STM32/F1/CubeIDE/Libraries/LiquidCrystal_I2C/LCD_I2C.cpp:154:6:void LCDI2C::cursor()	16	static,ignoring_inline_asm
D:/my_Projects/Electronic/STM32/F1/CubeIDE/Libraries/LiquidCrystal_I2C/LCD_I2C.cpp:162:6:void LCDI2C::noBlink()	16	static,ignoring_inline_asm
D:/my_Projects/Electronic/STM32/F1/CubeIDE/Libraries/LiquidCrystal_I2C/LCD_I2C.cpp:168:6:void LCDI2C::blink()	16	static,ignoring_inline_asm
D:/my_Projects/Electronic/STM32/F1/CubeIDE/Libraries/LiquidCrystal_I2C/LCD_I2C.cpp:176:6:void LCDI2C::scrollDisplayLeft()	16	static,ignoring_inline_asm
D:/my_Projects/Electronic/STM32/F1/CubeIDE/Libraries/LiquidCrystal_I2C/LCD_I2C.cpp:181:6:void LCDI2C::scrollDisplayRight()	16	static,ignoring_inline_asm
D:/my_Projects/Electronic/STM32/F1/CubeIDE/Libraries/LiquidCrystal_I2C/LCD_I2C.cpp:188:6:void LCDI2C::leftToRight()	16	static,ignoring_inline_asm
D:/my_Projects/Electronic/STM32/F1/CubeIDE/Libraries/LiquidCrystal_I2C/LCD_I2C.cpp:196:6:void LCDI2C::rightToLeft()	16	static,ignoring_inline_asm
D:/my_Projects/Electronic/STM32/F1/CubeIDE/Libraries/LiquidCrystal_I2C/LCD_I2C.cpp:204:6:void LCDI2C::autoscroll()	16	static,ignoring_inline_asm
D:/my_Projects/Electronic/STM32/F1/CubeIDE/Libraries/LiquidCrystal_I2C/LCD_I2C.cpp:212:6:void LCDI2C::noAutoscroll()	16	static,ignoring_inline_asm
D:/my_Projects/Electronic/STM32/F1/CubeIDE/Libraries/LiquidCrystal_I2C/LCD_I2C.cpp:221:6:void LCDI2C::createChar(uint8_t, uint8_t*)	32	static,ignoring_inline_asm
D:/my_Projects/Electronic/STM32/F1/CubeIDE/Libraries/LiquidCrystal_I2C/LCD_I2C.cpp:232:6:void LCDI2C::noBacklight()	16	static,ignoring_inline_asm
D:/my_Projects/Electronic/STM32/F1/CubeIDE/Libraries/LiquidCrystal_I2C/LCD_I2C.cpp:239:6:void LCDI2C::backlight()	16	static,ignoring_inline_asm
D:/my_Projects/Electronic/STM32/F1/CubeIDE/Libraries/LiquidCrystal_I2C/LCD_I2C.cpp:245:5:int LCDI2C::getBacklight()	16	static
D:/my_Projects/Electronic/STM32/F1/CubeIDE/Libraries/LiquidCrystal_I2C/LCD_I2C.cpp:252:6:void LCDI2C::command(uint8_t)	16	static
D:/my_Projects/Electronic/STM32/F1/CubeIDE/Libraries/LiquidCrystal_I2C/LCD_I2C.cpp:256:9:uint8_t LCDI2C::write(uint8_t)	16	static
D:/my_Projects/Electronic/STM32/F1/CubeIDE/Libraries/LiquidCrystal_I2C/LCD_I2C.cpp:265:6:void LCDI2C::send(uint8_t, uint8_t)	24	static
D:/my_Projects/Electronic/STM32/F1/CubeIDE/Libraries/LiquidCrystal_I2C/LCD_I2C.cpp:272:6:void LCDI2C::write4bits(uint8_t)	16	static
D:/my_Projects/Electronic/STM32/F1/CubeIDE/Libraries/LiquidCrystal_I2C/LCD_I2C.cpp:277:6:void LCDI2C::expanderWrite(uint8_t)	32	static
D:/my_Projects/Electronic/STM32/F1/CubeIDE/Libraries/LiquidCrystal_I2C/LCD_I2C.cpp:285:6:void LCDI2C::pulseEnable(uint8_t)	16	static
D:/my_Projects/Electronic/STM32/F1/CubeIDE/Libraries/LiquidCrystal_I2C/LCD_I2C.cpp:293:6:void LCDI2C::load_custom_character(uint8_t, uint8_t*)	24	static
D:/my_Projects/Electronic/STM32/F1/CubeIDE/Libraries/LiquidCrystal_I2C/LCD_I2C.cpp:297:6:void LCDI2C::setBacklight(uint8_t)	16	static
D:/my_Projects/Electronic/STM32/F1/CubeIDE/Libraries/LiquidCrystal_I2C/LCD_I2C.cpp:305:6:void LCDI2C::printstr(uint8_t*)	16	static,ignoring_inline_asm
D:/my_Projects/Electronic/STM32/F1/CubeIDE/Libraries/LiquidCrystal_I2C/LCD_I2C.cpp:339:6:void LCDI2C::blink_on()	16	static
D:/my_Projects/Electronic/STM32/F1/CubeIDE/Libraries/LiquidCrystal_I2C/LCD_I2C.cpp:343:6:void LCDI2C::blink_off()	16	static
D:/my_Projects/Electronic/STM32/F1/CubeIDE/Libraries/LiquidCrystal_I2C/LCD_I2C.cpp:347:6:void LCDI2C::cursor_on()	16	static
D:/my_Projects/Electronic/STM32/F1/CubeIDE/Libraries/LiquidCrystal_I2C/LCD_I2C.cpp:351:6:void LCDI2C::cursor_off()	16	static
D:/my_Projects/Electronic/STM32/F1/CubeIDE/Libraries/LiquidCrystal_I2C/LCD_I2C.cpp:356:19:HAL_StatusTypeDef LCDI2C::getLCDI2CState()	16	static
D:/my_Projects/Electronic/STM32/F1/CubeIDE/Libraries/LiquidCrystal_I2C/LCD_I2C.cpp:361:9:uint8_t LCDI2C::getCurrentCol()	16	static
D:/my_Projects/Electronic/STM32/F1/CubeIDE/Libraries/LiquidCrystal_I2C/LCD_I2C.cpp:366:9:uint8_t LCDI2C::getCurrentRow()	16	static
