C:\ST\STM32CubeIDE_1.19.0\STM32CubeIDE\plugins\com.st.stm32cube.ide.mcu.externaltools.gnu-tools-for-stm32.13.3.rel1.win32_1.0.0.202411081344\tools\arm-none-eabi\include\c++\13.3.1\arm-none-eabi\thumb\v7-m\nofp\bits\c++config.h:540:3:constexpr bool std::__is_constant_evaluated()	4	static
D:/my_Projects/Electronic/STM32/F1/CubeIDE/Libraries/ArduinoJson/src/ArduinoJson/Memory/Allocator.hpp:26:9:virtual void* ArduinoJson::V742HB22::detail::DefaultAllocator::allocate(size_t)	16	static
D:/my_Projects/Electronic/STM32/F1/CubeIDE/Libraries/ArduinoJson/src/ArduinoJson/Memory/Allocator.hpp:30:8:virtual void ArduinoJson::V742HB22::detail::DefaultAllocator::deallocate(void*)	16	static
D:/my_Projects/Electronic/STM32/F1/CubeIDE/Libraries/ArduinoJson/src/ArduinoJson/Memory/Allocator.hpp:34:9:virtual void* ArduinoJson::V742HB22::detail::DefaultAllocator::reallocate(void*, size_t)	24	static
D:/my_Projects/Electronic/STM32/F1/CubeIDE/Libraries/ArduinoJson/src/ArduinoJson/Memory/Allocator.hpp:38:21:static ArduinoJson::V742HB22::Allocator* ArduinoJson::V742HB22::detail::DefaultAllocator::instance()	4	static
D:/my_Projects/Electronic/STM32/F1/CubeIDE/Libraries/ArduinoJson/src/ArduinoJson/Memory/StringNode.hpp:65:15:static void ArduinoJson::V742HB22::detail::StringNode::destroy(ArduinoJson::V742HB22::detail::StringNode*, ArduinoJson::V742HB22::Allocator*)	16	static
D:/my_Projects/Electronic/STM32/F1/CubeIDE/Libraries/ArduinoJson/src/ArduinoJson/Strings/Adapters/RamString.hpp:29:3:ArduinoJson::V742HB22::detail::RamString::RamString(const char*, size_t, bool)	24	static
D:/my_Projects/Electronic/STM32/F1/CubeIDE/Libraries/ArduinoJson/src/ArduinoJson/Strings/Adapters/RamString.hpp:38:10:size_t ArduinoJson::V742HB22::detail::RamString::size() const	16	static
D:/my_Projects/Electronic/STM32/F1/CubeIDE/Libraries/ArduinoJson/src/ArduinoJson/Strings/Adapters/RamString.hpp:42:8:char ArduinoJson::V742HB22::detail::RamString::operator[](size_t) const	16	static
D:/my_Projects/Electronic/STM32/F1/CubeIDE/Libraries/ArduinoJson/src/ArduinoJson/Strings/Adapters/RamString.hpp:48:15:const char* ArduinoJson::V742HB22::detail::RamString::data() const	16	static
D:/my_Projects/Electronic/STM32/F1/CubeIDE/Libraries/ArduinoJson/src/ArduinoJson/Memory/StringPool.hpp:21:3:ArduinoJson::V742HB22::detail::StringPool::~StringPool()	16	static
D:/my_Projects/Electronic/STM32/F1/CubeIDE/Libraries/ArduinoJson/src/ArduinoJson/Memory/StringPool.hpp:29:8:void ArduinoJson::V742HB22::detail::StringPool::clear(ArduinoJson::V742HB22::Allocator*)	24	static
C:\ST\STM32CubeIDE_1.19.0\STM32CubeIDE\plugins\com.st.stm32cube.ide.mcu.externaltools.gnu-tools-for-stm32.13.3.rel1.win32_1.0.0.202411081344\tools\bin/../lib/gcc/arm-none-eabi/13.3.1/../../../../arm-none-eabi/include/c++/13.3.1/new:174:33:void* operator new(std::size_t, void*)	16	static
C:\ST\STM32CubeIDE_1.19.0\STM32CubeIDE\plugins\com.st.stm32cube.ide.mcu.externaltools.gnu-tools-for-stm32.13.3.rel1.win32_1.0.0.202411081344\tools\bin/../lib/gcc/arm-none-eabi/13.3.1/../../../../arm-none-eabi/include/c++/13.3.1/type_traits:3649:3:constexpr bool std::is_constant_evaluated()	4	static
C:\ST\STM32CubeIDE_1.19.0\STM32CubeIDE\plugins\com.st.stm32cube.ide.mcu.externaltools.gnu-tools-for-stm32.13.3.rel1.win32_1.0.0.202411081344\tools\arm-none-eabi\include\c++\13.3.1\arm-none-eabi\thumb\v7-m\nofp\bits\gthr-default.h:229:1:int __gthread_key_delete(__gthread_key_t)	16	static
D:/my_Projects/Electronic/STM32/F1/CubeIDE/Libraries/ArduinoJson/src/ArduinoJson/Strings/JsonString.hpp:24:3:ArduinoJson::V742HB22::JsonString::JsonString(const char*, bool)	32	static
D:/my_Projects/Electronic/STM32/F1/CubeIDE/Libraries/ArduinoJson/src/ArduinoJson/Strings/JsonString.hpp:35:15:const char* ArduinoJson::V742HB22::JsonString::c_str() const	16	static
D:/my_Projects/Electronic/STM32/F1/CubeIDE/Libraries/ArduinoJson/src/ArduinoJson/Strings/JsonString.hpp:51:10:size_t ArduinoJson::V742HB22::JsonString::size() const	16	static
D:/my_Projects/Electronic/STM32/F1/CubeIDE/Libraries/ArduinoJson/src/ArduinoJson/Collection/CollectionData.hpp:95:10:ArduinoJson::V742HB22::detail::SlotId ArduinoJson::V742HB22::detail::CollectionData::head() const	16	static
D:/my_Projects/Electronic/STM32/F1/CubeIDE/Libraries/ArduinoJson/src/ArduinoJson/Variant/VariantContent.hpp:46:13:bool ArduinoJson::V742HB22::detail::operator&(VariantType, VariantTypeBits)	16	static
D:/my_Projects/Electronic/STM32/F1/CubeIDE/Libraries/ArduinoJson/src/ArduinoJson/Variant/VariantContent.hpp:53:3:ArduinoJson::V742HB22::detail::VariantContent::VariantContent()	16	static
D:/my_Projects/Electronic/STM32/F1/CubeIDE/Libraries/ArduinoJson/src/ArduinoJson/Variant/VariantData.hpp:43:3:ArduinoJson::V742HB22::detail::VariantData::VariantData()	16	static
D:/my_Projects/Electronic/STM32/F1/CubeIDE/Libraries/ArduinoJson/src/ArduinoJson/Variant/VariantData.hpp:45:10:ArduinoJson::V742HB22::detail::SlotId ArduinoJson::V742HB22::detail::VariantData::next() const	16	static
D:/my_Projects/Electronic/STM32/F1/CubeIDE/Libraries/ArduinoJson/src/ArduinoJson/Memory/StringPool.hpp:17:3:constexpr ArduinoJson::V742HB22::detail::StringPool::StringPool()	16	static
D:/my_Projects/Electronic/STM32/F1/CubeIDE/Libraries/ArduinoJson/src/ArduinoJson/Memory/MemoryPoolList.hpp:28:3:constexpr ArduinoJson::V742HB22::detail::MemoryPoolList<T>::MemoryPoolList() [with T = ArduinoJson::V742HB22::detail::ResourceManager::SlotData]	16	static
D:/my_Projects/Electronic/STM32/F1/CubeIDE/Libraries/ArduinoJson/src/ArduinoJson/Memory/ResourceManager.hpp:31:3:ArduinoJson::V742HB22::detail::ResourceManager::ResourceManager(ArduinoJson::V742HB22::Allocator*)	16	static
D:/my_Projects/Electronic/STM32/F1/CubeIDE/Libraries/ArduinoJson/src/ArduinoJson/Memory/ResourceManager.hpp:34:3:ArduinoJson::V742HB22::detail::ResourceManager::~ResourceManager()	16	static
D:/my_Projects/Electronic/STM32/F1/CubeIDE/Libraries/ArduinoJson/src/ArduinoJson/Variant/JsonVariantConst.hpp:41:12:ArduinoJson::V742HB22::JsonVariantConst::JsonVariantConst(const ArduinoJson::V742HB22::detail::VariantData*, const ArduinoJson::V742HB22::detail::ResourceManager*)	24	static
D:/my_Projects/Electronic/STM32/F1/CubeIDE/Libraries/ArduinoJson/src/ArduinoJson/Variant/JsonVariantConst.hpp:184:30:const ArduinoJson::V742HB22::detail::VariantData* ArduinoJson::V742HB22::JsonVariantConst::getData() const	16	static
D:/my_Projects/Electronic/STM32/F1/CubeIDE/Libraries/ArduinoJson/src/ArduinoJson/Variant/JsonVariantConst.hpp:188:34:const ArduinoJson::V742HB22::detail::ResourceManager* ArduinoJson::V742HB22::JsonVariantConst::getResourceManager() const	16	static
D:/my_Projects/Electronic/STM32/F1/CubeIDE/Libraries/ArduinoJson/src/ArduinoJson/Document/JsonDocument.hpp:24:12:ArduinoJson::V742HB22::JsonDocument::JsonDocument(ArduinoJson::V742HB22::Allocator*)	16	static
D:/my_Projects/Electronic/STM32/F1/CubeIDE/Libraries/ArduinoJson/src/ArduinoJson/Document/JsonDocument.hpp:20:7:ArduinoJson::V742HB22::JsonDocument::~JsonDocument()	16	static
D:/my_Projects/Electronic/STM32/F1/CubeIDE/Libraries/ArduinoJson/src/ArduinoJson/Document/JsonDocument.hpp:332:3:ArduinoJson::V742HB22::JsonDocument::operator ArduinoJson::V742HB22::JsonVariantConst() const	16	static
D:/my_Projects/Electronic/STM32/F1/CubeIDE/Libraries/ArduinoJson/src/ArduinoJson/Document/JsonDocument.hpp:398:20:ArduinoJson::V742HB22::JsonVariantConst ArduinoJson::V742HB22::JsonDocument::getVariant() const	16	static
D:/my_Projects/Electronic/STM32/F1/CubeIDE/Libraries/ArduinoJson/src/ArduinoJson/Memory/ResourceManagerImpl.hpp:28:21:ArduinoJson::V742HB22::detail::VariantData* ArduinoJson::V742HB22::detail::ResourceManager::getVariant(ArduinoJson::V742HB22::detail::SlotId) const	16	static
D:/my_Projects/Electronic/STM32/F1/CubeIDE/Libraries/ArduinoJson/src/ArduinoJson/Memory/ResourceManagerImpl.hpp:47:26:ArduinoJson::V742HB22::detail::VariantExtension* ArduinoJson::V742HB22::detail::ResourceManager::getExtension(ArduinoJson::V742HB22::detail::SlotId) const	16	static
D:/my_Projects/Electronic/STM32/F1/CubeIDE/Libraries/ArduinoJson/src/ArduinoJson/Json/EscapeSequence.hpp:14:15:static char ArduinoJson::V742HB22::detail::EscapeSequence::escapeChar(char)	24	static
D:/my_Projects/Electronic/STM32/F1/CubeIDE/Libraries/ArduinoJson/src/ArduinoJson/Json/EscapeSequence.hpp:35:22:static const char* ArduinoJson::V742HB22::detail::EscapeSequence::escapeTable(bool)	16	static
D:/my_Projects/Electronic/STM32/F1/CubeIDE/Libraries/ArduinoJson/src/ArduinoJson/Numbers/FloatParts.hpp:52:20:constexpr uint32_t ArduinoJson::V742HB22::detail::pow10(int)	16	static
D:/my_Projects/Electronic/STM32/F1/CubeIDE/Libraries/ArduinoJson/src/ArduinoJson/Numbers/FloatParts.hpp:56:19:ArduinoJson::V742HB22::detail::FloatParts ArduinoJson::V742HB22::detail::decomposeFloat(ArduinoJson::V742HB22::JsonFloat, int8_t)	64	static
D:/my_Projects/Electronic/STM32/F1/CubeIDE/Libraries/ArduinoJson/src/ArduinoJson/Serialization/Writers/StaticStringWriter.hpp:13:3:ArduinoJson::V742HB22::detail::StaticStringWriter::StaticStringWriter(char*, size_t)	24	static
D:/my_Projects/Electronic/STM32/F1/CubeIDE/Libraries/ArduinoJson/src/ArduinoJson/Serialization/Writers/StaticStringWriter.hpp:15:10:size_t ArduinoJson::V742HB22::detail::StaticStringWriter::write(uint8_t)	16	static
D:/my_Projects/Electronic/STM32/F1/CubeIDE/Libraries/ArduinoJson/src/ArduinoJson/Serialization/Writers/StaticStringWriter.hpp:22:10:size_t ArduinoJson::V742HB22::detail::StaticStringWriter::write(const uint8_t*, size_t)	32	static
D:/my_Projects/Electronic/STM32/F1/CubeIDE/Libraries/ArduinoJson/src/ArduinoJson/Json/JsonSerializer.hpp:142:15:size_t ArduinoJson::V742HB22::serializeJson(JsonVariantConst, void*, size_t)	32	static
D:/my_Projects/Electronic/STM32/F1/CubeIDE/Libraries/ArduinoJson/src/ArduinoJson/Variant/VariantImpl.hpp:65:32:const ArduinoJson::V742HB22::detail::VariantExtension* ArduinoJson::V742HB22::detail::VariantData::getExtension(const ArduinoJson::V742HB22::detail::ResourceManager*) const	16	static
C:\ST\STM32CubeIDE_1.19.0\STM32CubeIDE\plugins\com.st.stm32cube.ide.mcu.externaltools.gnu-tools-for-stm32.13.3.rel1.win32_1.0.0.202411081344\tools\bin/../lib/gcc/arm-none-eabi/13.3.1/../../../../arm-none-eabi/include/c++/13.3.1/bits/stl_deque.h:96:3:constexpr std::size_t std::__deque_buf_size(size_t)	16	static
D:/my_Projects/Electronic/STM32/F1/CubeIDE/Libraries/jsonPacket/jsonpacket.cpp:3:1:Packets::Packets()	16	static
D:/my_Projects/Electronic/STM32/F1/CubeIDE/Libraries/jsonPacket/jsonpacket.cpp:9:10:uint8_t* Packets::getrxBuffer()	16	static
D:/my_Projects/Electronic/STM32/F1/CubeIDE/Libraries/jsonPacket/jsonpacket.cpp:14:10:uint32_t Packets::getrxBufferSize()	16	static
D:/my_Projects/Electronic/STM32/F1/CubeIDE/Libraries/jsonPacket/jsonpacket.cpp:19:6:void Packets::setRxLoopState(bool)	16	static
D:/my_Projects/Electronic/STM32/F1/CubeIDE/Libraries/jsonPacket/jsonpacket.cpp:24:6:void Packets::readRxPacket(UART_HandleTypeDef*, uint8_t**, uint32_t*, uint8_t**, uint32_t*)	56	static
D:/my_Projects/Electronic/STM32/F1/CubeIDE/Libraries/jsonPacket/jsonpacket.cpp:109:6:bool Packets::addTxPacket(PacketPriority, ArduinoJson::V742HB22::JsonDocument*, uint8_t**, uint32_t*)	432	static
D:/my_Projects/Electronic/STM32/F1/CubeIDE/Libraries/jsonPacket/jsonpacket.cpp:138:11:TXPacket* Packets::readTxPacket()	16	static
D:/my_Projects/Electronic/STM32/F1/CubeIDE/Libraries/jsonPacket/jsonpacket.cpp:147:6:void Packets::txPacketCompleted()	16	static,ignoring_inline_asm
D:/my_Projects/Electronic/STM32/F1/CubeIDE/Libraries/jsonPacket/jsonpacket.cpp:157:6:void Packets::packetResetTimer(TXPacket*)	16	static
D:/my_Projects/Electronic/STM32/F1/CubeIDE/Libraries/jsonPacket/jsonpacket.cpp:178:10:uint32_t Packets::fast_rand()	16	static
D:/my_Projects/Electronic/STM32/F1/CubeIDE/Libraries/jsonPacket/jsonpacket.cpp:188:10:uint32_t Packets::getRandomNumber(uint32_t, uint32_t)	32	static
D:/my_Projects/Electronic/STM32/F1/CubeIDE/Libraries/ArduinoJson/src/ArduinoJson/Strings/JsonString.hpp:31:3:ArduinoJson::V742HB22::JsonString::JsonString(const char*, TSize, bool) [with TSize = short unsigned int; typename ArduinoJson::V742HB22::detail::enable_if<(ArduinoJson::V742HB22::detail::is_integral<T>::value && (! ArduinoJson::V742HB22::detail::is_same<TSize, bool>::value)), int>::type <anonymous> = 0]	24	static
D:/my_Projects/Electronic/STM32/F1/CubeIDE/Libraries/ArduinoJson/src/ArduinoJson/Memory/MemoryPoolList.hpp:30:3:ArduinoJson::V742HB22::detail::MemoryPoolList<T>::~MemoryPoolList() [with T = ArduinoJson::V742HB22::detail::ResourceManager::SlotData]	16	static
D:/my_Projects/Electronic/STM32/F1/CubeIDE/Libraries/ArduinoJson/src/ArduinoJson/Memory/MemoryPoolList.hpp:117:8:void ArduinoJson::V742HB22::detail::MemoryPoolList<T>::clear(ArduinoJson::V742HB22::Allocator*) [with T = ArduinoJson::V742HB22::detail::ResourceManager::SlotData]	24	static
D:/my_Projects/Electronic/STM32/F1/CubeIDE/Libraries/ArduinoJson/src/ArduinoJson/Variant/VariantAttorney.hpp:25:15:getData()) ArduinoJson::V742HB22::detail::VariantAttorney::getData(TClient&) [with TClient = ArduinoJson::V742HB22::JsonVariantConst]	16	static
D:/my_Projects/Electronic/STM32/F1/CubeIDE/Libraries/ArduinoJson/src/ArduinoJson/Variant/VariantAttorney.hpp:19:15:getResourceManager()) ArduinoJson::V742HB22::detail::VariantAttorney::getResourceManager(TClient&) [with TClient = ArduinoJson::V742HB22::JsonVariantConst]	16	static
D:/my_Projects/Electronic/STM32/F1/CubeIDE/Libraries/ArduinoJson/src/ArduinoJson/Misc/SerializedValue.hpp:45:10:size_t ArduinoJson::V742HB22::SerializedValue<TChar*>::size() const [with TChar = const char]	16	static
D:/my_Projects/Electronic/STM32/F1/CubeIDE/Libraries/ArduinoJson/src/ArduinoJson/Misc/SerializedValue.hpp:41:10:TChar* ArduinoJson::V742HB22::SerializedValue<TChar*>::data() const [with TChar = const char]	16	static
D:/my_Projects/Electronic/STM32/F1/CubeIDE/Libraries/ArduinoJson/src/ArduinoJson/Memory/MemoryPoolList.hpp:108:6:T* ArduinoJson::V742HB22::detail::MemoryPoolList<T>::getSlot(ArduinoJson::V742HB22::detail::SlotId) const [with T = ArduinoJson::V742HB22::detail::ResourceManager::SlotData]	24	static
D:/my_Projects/Electronic/STM32/F1/CubeIDE/Libraries/ArduinoJson/src/ArduinoJson/Numbers/FloatParts.hpp:22:16:int16_t ArduinoJson::V742HB22::detail::normalize(TFloat&) [with TFloat = double]	56	static
D:/my_Projects/Electronic/STM32/F1/CubeIDE/Libraries/ArduinoJson/src/ArduinoJson/Serialization/serialize.hpp:34:68:ArduinoJson::V742HB22::detail::enable_if_t<TSerializer<ArduinoJson::V742HB22::detail::StaticStringWriter>::producesText, unsigned int> ArduinoJson::V742HB22::detail::serialize(ArduinoJson::V742HB22::JsonVariantConst, void*, size_t) [with TSerializer = JsonSerializer]	48	static
D:/my_Projects/Electronic/STM32/F1/CubeIDE/Libraries/ArduinoJson/src/ArduinoJson/Variant/VariantData.hpp:21:13:bool ArduinoJson::V742HB22::detail::isTinyString(const T&, size_t) [with T = char*]	24	static
D:/my_Projects/Electronic/STM32/F1/CubeIDE/Libraries/ArduinoJson/src/ArduinoJson/Variant/VariantData.hpp:21:13:bool ArduinoJson::V742HB22::detail::isTinyString(const T&, size_t) [with T = const char*]	24	static
C:\ST\STM32CubeIDE_1.19.0\STM32CubeIDE\plugins\com.st.stm32cube.ide.mcu.externaltools.gnu-tools-for-stm32.13.3.rel1.win32_1.0.0.202411081344\tools\bin/../lib/gcc/arm-none-eabi/13.3.1/../../../../arm-none-eabi/include/c++/13.3.1/bits/stl_deque.h:855:7:std::deque<_Tp, _Alloc>::deque() [with _Tp = TXPacket; _Alloc = std::allocator<TXPacket>]	16	static
C:\ST\STM32CubeIDE_1.19.0\STM32CubeIDE\plugins\com.st.stm32cube.ide.mcu.externaltools.gnu-tools-for-stm32.13.3.rel1.win32_1.0.0.202411081344\tools\bin/../lib/gcc/arm-none-eabi/13.3.1/../../../../arm-none-eabi/include/c++/13.3.1/bits/stl_queue.h:166:2:std::queue<_Tp, _Sequence>::queue() [with _Seq = std::deque<TXPacket, std::allocator<TXPacket> >; _Requires = void; _Tp = TXPacket; _Sequence = std::deque<TXPacket, std::allocator<TXPacket> >]	16	static
C:\ST\STM32CubeIDE_1.19.0\STM32CubeIDE\plugins\com.st.stm32cube.ide.mcu.externaltools.gnu-tools-for-stm32.13.3.rel1.win32_1.0.0.202411081344\tools\bin/../lib/gcc/arm-none-eabi/13.3.1/../../../../arm-none-eabi/include/c++/13.3.1/bits/stl_queue.h:224:7:std::queue<_Tp, _Sequence>::size_type std::queue<_Tp, _Sequence>::size() const [with _Tp = TXPacket; _Sequence = std::deque<TXPacket, std::allocator<TXPacket> >]	16	static
C:\ST\STM32CubeIDE_1.19.0\STM32CubeIDE\plugins\com.st.stm32cube.ide.mcu.externaltools.gnu-tools-for-stm32.13.3.rel1.win32_1.0.0.202411081344\tools\bin/../lib/gcc/arm-none-eabi/13.3.1/../../../../arm-none-eabi/include/c++/13.3.1/bits/stl_queue.h:285:7:void std::queue<_Tp, _Sequence>::push(const value_type&) [with _Tp = TXPacket; _Sequence = std::deque<TXPacket, std::allocator<TXPacket> >]	16	static
C:\ST\STM32CubeIDE_1.19.0\STM32CubeIDE\plugins\com.st.stm32cube.ide.mcu.externaltools.gnu-tools-for-stm32.13.3.rel1.win32_1.0.0.202411081344\tools\bin/../lib/gcc/arm-none-eabi/13.3.1/../../../../arm-none-eabi/include/c++/13.3.1/bits/stl_queue.h:233:7:std::queue<_Tp, _Sequence>::reference std::queue<_Tp, _Sequence>::front() [with _Tp = TXPacket; _Sequence = std::deque<TXPacket, std::allocator<TXPacket> >]	16	static
C:\ST\STM32CubeIDE_1.19.0\STM32CubeIDE\plugins\com.st.stm32cube.ide.mcu.externaltools.gnu-tools-for-stm32.13.3.rel1.win32_1.0.0.202411081344\tools\bin/../lib/gcc/arm-none-eabi/13.3.1/../../../../arm-none-eabi/include/c++/13.3.1/bits/stl_queue.h:318:7:void std::queue<_Tp, _Sequence>::pop() [with _Tp = TXPacket; _Sequence = std::deque<TXPacket, std::allocator<TXPacket> >]	16	static
D:/my_Projects/Electronic/STM32/F1/CubeIDE/Libraries/ArduinoJson/src/ArduinoJson/Memory/MemoryPool.hpp:57:8:void ArduinoJson::V742HB22::detail::MemoryPool<T>::destroy(ArduinoJson::V742HB22::Allocator*) [with T = ArduinoJson::V742HB22::detail::ResourceManager::SlotData]	16	static
D:/my_Projects/Electronic/STM32/F1/CubeIDE/Libraries/ArduinoJson/src/ArduinoJson/Memory/MemoryPool.hpp:74:6:T* ArduinoJson::V742HB22::detail::MemoryPool<T>::getSlot(ArduinoJson::V742HB22::detail::SlotId) const [with T = ArduinoJson::V742HB22::detail::ResourceManager::SlotData]	16	static
D:/my_Projects/Electronic/STM32/F1/CubeIDE/Libraries/ArduinoJson/src/ArduinoJson/Numbers/FloatTraits.hpp:32:21:static ArduinoJson::V742HB22::detail::pgm_ptr<T> ArduinoJson::V742HB22::detail::FloatTraits<T, 8>::positiveBinaryPowersOfTen() [with T = double]	16	static
D:/my_Projects/Electronic/STM32/F1/CubeIDE/Libraries/ArduinoJson/src/ArduinoJson/Polyfills/pgmspace_generic.hpp:59:5:T ArduinoJson::V742HB22::detail::pgm_ptr<T>::operator[](intptr_t) const [with T = double]	16	static
D:/my_Projects/Electronic/STM32/F1/CubeIDE/Libraries/ArduinoJson/src/ArduinoJson/Numbers/FloatTraits.hpp:49:21:static ArduinoJson::V742HB22::detail::pgm_ptr<T> ArduinoJson::V742HB22::detail::FloatTraits<T, 8>::negativeBinaryPowersOfTen() [with T = double]	16	static
D:/my_Projects/Electronic/STM32/F1/CubeIDE/Libraries/ArduinoJson/src/ArduinoJson/Serialization/serialize.hpp:12:8:size_t ArduinoJson::V742HB22::detail::doSerialize(ArduinoJson::V742HB22::JsonVariantConst, TWriter) [with TSerializer = JsonSerializer; TWriter = StaticStringWriter]	56	static
C:\ST\STM32CubeIDE_1.19.0\STM32CubeIDE\plugins\com.st.stm32cube.ide.mcu.externaltools.gnu-tools-for-stm32.13.3.rel1.win32_1.0.0.202411081344\tools\bin/../lib/gcc/arm-none-eabi/13.3.1/../../../../arm-none-eabi/include/c++/13.3.1/bits/stl_deque.h:458:7:std::_Deque_base<_Tp, _Alloc>::_Deque_base() [with _Tp = TXPacket; _Alloc = std::allocator<TXPacket>]	16	static
C:\ST\STM32CubeIDE_1.19.0\STM32CubeIDE\plugins\com.st.stm32cube.ide.mcu.externaltools.gnu-tools-for-stm32.13.3.rel1.win32_1.0.0.202411081344\tools\bin/../lib/gcc/arm-none-eabi/13.3.1/../../../../arm-none-eabi/include/c++/13.3.1/bits/stl_deque.h:1151:7:std::deque<_Tp, _Alloc>::iterator std::deque<_Tp, _Alloc>::begin() [with _Tp = TXPacket; _Alloc = std::allocator<TXPacket>]	16	static
C:\ST\STM32CubeIDE_1.19.0\STM32CubeIDE\plugins\com.st.stm32cube.ide.mcu.externaltools.gnu-tools-for-stm32.13.3.rel1.win32_1.0.0.202411081344\tools\bin/../lib/gcc/arm-none-eabi/13.3.1/../../../../arm-none-eabi/include/c++/13.3.1/bits/stl_deque.h:568:7:std::_Deque_base<_Tp, _Alloc>::_Tp_alloc_type& std::_Deque_base<_Tp, _Alloc>::_M_get_Tp_allocator() [with _Tp = TXPacket; _Alloc = std::allocator<TXPacket>]	16	static
C:\ST\STM32CubeIDE_1.19.0\STM32CubeIDE\plugins\com.st.stm32cube.ide.mcu.externaltools.gnu-tools-for-stm32.13.3.rel1.win32_1.0.0.202411081344\tools\bin/../lib/gcc/arm-none-eabi/13.3.1/../../../../arm-none-eabi/include/c++/13.3.1/bits/stl_deque.h:1268:7:std::deque<_Tp, _Alloc>::size_type std::deque<_Tp, _Alloc>::size() const [with _Tp = TXPacket; _Alloc = std::allocator<TXPacket>]	16	static
C:\ST\STM32CubeIDE_1.19.0\STM32CubeIDE\plugins\com.st.stm32cube.ide.mcu.externaltools.gnu-tools-for-stm32.13.3.rel1.win32_1.0.0.202411081344\tools\bin/../lib/gcc/arm-none-eabi/13.3.1/../../../../arm-none-eabi/include/c++/13.3.1/bits/stl_deque.h:1538:7:void std::deque<_Tp, _Alloc>::push_back(const value_type&) [with _Tp = TXPacket; _Alloc = std::allocator<TXPacket>]	32	static
C:\ST\STM32CubeIDE_1.19.0\STM32CubeIDE\plugins\com.st.stm32cube.ide.mcu.externaltools.gnu-tools-for-stm32.13.3.rel1.win32_1.0.0.202411081344\tools\bin/../lib/gcc/arm-none-eabi/13.3.1/../../../../arm-none-eabi/include/c++/13.3.1/bits/stl_deque.h:1444:7:std::deque<_Tp, _Alloc>::reference std::deque<_Tp, _Alloc>::front() [with _Tp = TXPacket; _Alloc = std::allocator<TXPacket>]	32	static
C:\ST\STM32CubeIDE_1.19.0\STM32CubeIDE\plugins\com.st.stm32cube.ide.mcu.externaltools.gnu-tools-for-stm32.13.3.rel1.win32_1.0.0.202411081344\tools\bin/../lib/gcc/arm-none-eabi/13.3.1/../../../../arm-none-eabi/include/c++/13.3.1/bits/stl_deque.h:1574:7:void std::deque<_Tp, _Alloc>::pop_front() [with _Tp = TXPacket; _Alloc = std::allocator<TXPacket>]	24	static
D:/my_Projects/Electronic/STM32/F1/CubeIDE/Libraries/ArduinoJson/src/ArduinoJson/Polyfills/pgmspace_generic.hpp:57:12:ArduinoJson::V742HB22::detail::pgm_ptr<T>::pgm_ptr(const T*) [with T = double]	16	static
D:/my_Projects/Electronic/STM32/F1/CubeIDE/Libraries/ArduinoJson/src/ArduinoJson/Polyfills/pgmspace_generic.hpp:48:10:T ArduinoJson::V742HB22::detail::pgm_read(const T*) [with T = double]	16	static
D:/my_Projects/Electronic/STM32/F1/CubeIDE/Libraries/ArduinoJson/src/ArduinoJson/Json/JsonSerializer.hpp:19:3:ArduinoJson::V742HB22::detail::JsonSerializer<TWriter>::JsonSerializer(TWriter, const ArduinoJson::V742HB22::detail::ResourceManager*) [with TWriter = ArduinoJson::V742HB22::detail::StaticStringWriter]	24	static
D:/my_Projects/Electronic/STM32/F1/CubeIDE/Libraries/ArduinoJson/src/ArduinoJson/Variant/VariantData.hpp:113:41:static typename TVisitor::result_type ArduinoJson::V742HB22::detail::VariantData::accept(const ArduinoJson::V742HB22::detail::VariantData*, const ArduinoJson::V742HB22::detail::ResourceManager*, TVisitor&) [with TVisitor = ArduinoJson::V742HB22::detail::JsonSerializer<ArduinoJson::V742HB22::detail::StaticStringWriter>]	24	static
D:/my_Projects/Electronic/STM32/F1/CubeIDE/Libraries/ArduinoJson/src/ArduinoJson/Variant/VariantData.hpp:21:13:bool ArduinoJson::V742HB22::detail::isTinyString(const T&, size_t) [with T = RamString]	24	static
D:/my_Projects/Electronic/STM32/F1/CubeIDE/Libraries/ArduinoJson/src/ArduinoJson/Misc/SerializedValue.hpp:36:12:ArduinoJson::V742HB22::SerializedValue<TChar*>::SerializedValue(TChar*, size_t) [with TChar = const char]	24	static
C:\ST\STM32CubeIDE_1.19.0\STM32CubeIDE\plugins\com.st.stm32cube.ide.mcu.externaltools.gnu-tools-for-stm32.13.3.rel1.win32_1.0.0.202411081344\tools\bin/../lib/gcc/arm-none-eabi/13.3.1/../../../../arm-none-eabi/include/c++/13.3.1/bits/stl_deque.h:545:2:std::_Deque_base<_Tp, _Alloc>::_Deque_impl::_Deque_impl() [with _Tp = TXPacket; _Alloc = std::allocator<TXPacket>]	24	static
C:\ST\STM32CubeIDE_1.19.0\STM32CubeIDE\plugins\com.st.stm32cube.ide.mcu.externaltools.gnu-tools-for-stm32.13.3.rel1.win32_1.0.0.202411081344\tools\bin/../lib/gcc/arm-none-eabi/13.3.1/../../../../arm-none-eabi/include/c++/13.3.1/bits/stl_deque.h:638:5:void std::_Deque_base<_Tp, _Alloc>::_M_initialize_map(std::size_t) [with _Tp = TXPacket; _Alloc = std::allocator<TXPacket>]	48	static
C:\ST\STM32CubeIDE_1.19.0\STM32CubeIDE\plugins\com.st.stm32cube.ide.mcu.externaltools.gnu-tools-for-stm32.13.3.rel1.win32_1.0.0.202411081344\tools\bin/../lib/gcc/arm-none-eabi/13.3.1/../../../../arm-none-eabi/include/c++/13.3.1/bits/stl_deque.h:601:7:void std::_Deque_base<_Tp, _Alloc>::_M_deallocate_map(_Map_pointer, std::size_t) [with _Tp = TXPacket; _Alloc = std::allocator<TXPacket>]	48	static
C:\ST\STM32CubeIDE_1.19.0\STM32CubeIDE\plugins\com.st.stm32cube.ide.mcu.externaltools.gnu-tools-for-stm32.13.3.rel1.win32_1.0.0.202411081344\tools\bin/../lib/gcc/arm-none-eabi/13.3.1/../../../../arm-none-eabi/include/c++/13.3.1/bits/stl_deque.h:168:7:std::_Deque_iterator<_Tp, _Ref, _Ptr>::_Deque_iterator(const std::_Deque_iterator<_Tp, _Ref, _Ptr>&) [with _Tp = TXPacket; _Ref = TXPacket&; _Ptr = TXPacket*]	16	static
C:\ST\STM32CubeIDE_1.19.0\STM32CubeIDE\plugins\com.st.stm32cube.ide.mcu.externaltools.gnu-tools-for-stm32.13.3.rel1.win32_1.0.0.202411081344\tools\bin/../lib/gcc/arm-none-eabi/13.3.1/../../../../arm-none-eabi/include/c++/13.3.1/bits/stl_deque.h:370:7:std::_Deque_iterator<TXPacket, TXPacket&, TXPacket*>::difference_type std::operator-(const _Deque_iterator<TXPacket, TXPacket&, TXPacket*>::_Self&, const _Deque_iterator<TXPacket, TXPacket&, TXPacket*>::_Self&)	16	static
C:\ST\STM32CubeIDE_1.19.0\STM32CubeIDE\plugins\com.st.stm32cube.ide.mcu.externaltools.gnu-tools-for-stm32.13.3.rel1.win32_1.0.0.202411081344\tools\bin/../lib/gcc/arm-none-eabi/13.3.1/../../../../arm-none-eabi/include/c++/13.3.1/bits/deque.tcc:484:7:) [with _Args = {const TXPacket&}; _Tp = TXPacket; _Alloc = std::allocator<TXPacket>]	40	static
C:\ST\STM32CubeIDE_1.19.0\STM32CubeIDE\plugins\com.st.stm32cube.ide.mcu.externaltools.gnu-tools-for-stm32.13.3.rel1.win32_1.0.0.202411081344\tools\bin/../lib/gcc/arm-none-eabi/13.3.1/../../../../arm-none-eabi/include/c++/13.3.1/bits/stl_deque.h:181:7:std::_Deque_iterator<_Tp, _Ref, _Ptr>::reference std::_Deque_iterator<_Tp, _Ref, _Ptr>::operator*() const [with _Tp = TXPacket; _Ref = TXPacket&; _Ptr = TXPacket*]	16	static
C:\ST\STM32CubeIDE_1.19.0\STM32CubeIDE\plugins\com.st.stm32cube.ide.mcu.externaltools.gnu-tools-for-stm32.13.3.rel1.win32_1.0.0.202411081344\tools\bin/../lib/gcc/arm-none-eabi/13.3.1/../../../../arm-none-eabi/include/c++/13.3.1/bits/deque.tcc:576:10:void std::deque<_Tp, _Alloc>::_M_pop_front_aux() [with _Tp = TXPacket; _Alloc = std::allocator<TXPacket>]	24	static
D:/my_Projects/Electronic/STM32/F1/CubeIDE/Libraries/ArduinoJson/src/ArduinoJson/Json/TextFormatter.hpp:23:12:ArduinoJson::V742HB22::detail::TextFormatter<TWriter>::TextFormatter(TWriter) [with TWriter = ArduinoJson::V742HB22::detail::StaticStringWriter]	24	static
D:/my_Projects/Electronic/STM32/F1/CubeIDE/Libraries/ArduinoJson/src/ArduinoJson/Variant/VariantData.hpp:54:34:typename TVisitor::result_type ArduinoJson::V742HB22::detail::VariantData::accept(TVisitor&, const ArduinoJson::V742HB22::detail::ResourceManager*) const [with TVisitor = ArduinoJson::V742HB22::detail::JsonSerializer<ArduinoJson::V742HB22::detail::StaticStringWriter>]	88	static
D:/my_Projects/Electronic/STM32/F1/CubeIDE/Libraries/ArduinoJson/src/ArduinoJson/Json/JsonSerializer.hpp:101:10:size_t ArduinoJson::V742HB22::detail::JsonSerializer<TWriter>::visit(ArduinoJson::V742HB22::detail::nullptr_t) [with TWriter = ArduinoJson::V742HB22::detail::StaticStringWriter]	16	static
D:/my_Projects/Electronic/STM32/F1/CubeIDE/Libraries/ArduinoJson/src/ArduinoJson/Serialization/CountingDecorator.hpp:14:12:ArduinoJson::V742HB22::detail::CountingDecorator<TWriter>::CountingDecorator(TWriter&) [with TWriter = ArduinoJson::V742HB22::detail::StaticStringWriter]	16	static
C:\ST\STM32CubeIDE_1.19.0\STM32CubeIDE\plugins\com.st.stm32cube.ide.mcu.externaltools.gnu-tools-for-stm32.13.3.rel1.win32_1.0.0.202411081344\tools\bin/../lib/gcc/arm-none-eabi/13.3.1/../../../../arm-none-eabi/include/c++/13.3.1/bits/stl_deque.h:516:2:std::_Deque_base<_Tp, _Alloc>::_Deque_impl_data::_Deque_impl_data() [with _Tp = TXPacket; _Alloc = std::allocator<TXPacket>]	16	static
C:\ST\STM32CubeIDE_1.19.0\STM32CubeIDE\plugins\com.st.stm32cube.ide.mcu.externaltools.gnu-tools-for-stm32.13.3.rel1.win32_1.0.0.202411081344\tools\bin/../lib/gcc/arm-none-eabi/13.3.1/../../../../arm-none-eabi/include/c++/13.3.1/bits/stl_algobase.h:257:5:constexpr const _Tp& std::max(const _Tp&, const _Tp&) [with _Tp = unsigned int]	16	static
C:\ST\STM32CubeIDE_1.19.0\STM32CubeIDE\plugins\com.st.stm32cube.ide.mcu.externaltools.gnu-tools-for-stm32.13.3.rel1.win32_1.0.0.202411081344\tools\bin/../lib/gcc/arm-none-eabi/13.3.1/../../../../arm-none-eabi/include/c++/13.3.1/bits/stl_deque.h:594:7:std::_Deque_base<_Tp, _Alloc>::_Map_pointer std::_Deque_base<_Tp, _Alloc>::_M_allocate_map(std::size_t) [with _Tp = TXPacket; _Alloc = std::allocator<TXPacket>]	32	static
C:\ST\STM32CubeIDE_1.19.0\STM32CubeIDE\plugins\com.st.stm32cube.ide.mcu.externaltools.gnu-tools-for-stm32.13.3.rel1.win32_1.0.0.202411081344\tools\bin/../lib/gcc/arm-none-eabi/13.3.1/../../../../arm-none-eabi/include/c++/13.3.1/bits/stl_deque.h:677:5:void std::_Deque_base<_Tp, _Alloc>::_M_create_nodes(_Map_pointer, _Map_pointer) [with _Tp = TXPacket; _Alloc = std::allocator<TXPacket>]	32	static
C:\ST\STM32CubeIDE_1.19.0\STM32CubeIDE\plugins\com.st.stm32cube.ide.mcu.externaltools.gnu-tools-for-stm32.13.3.rel1.win32_1.0.0.202411081344\tools\bin/../lib/gcc/arm-none-eabi/13.3.1/../../../../arm-none-eabi/include/c++/13.3.1/bits/stl_deque.h:263:7:void std::_Deque_iterator<_Tp, _Ref, _Ptr>::_M_set_node(_Map_pointer) [with _Tp = TXPacket; _Ref = TXPacket&; _Ptr = TXPacket*]	24	static
C:\ST\STM32CubeIDE_1.19.0\STM32CubeIDE\plugins\com.st.stm32cube.ide.mcu.externaltools.gnu-tools-for-stm32.13.3.rel1.win32_1.0.0.202411081344\tools\bin/../lib/gcc/arm-none-eabi/13.3.1/../../../../arm-none-eabi/include/c++/13.3.1/bits/stl_deque.h:587:7:void std::_Deque_base<_Tp, _Alloc>::_M_deallocate_node(_Ptr) [with _Tp = TXPacket; _Alloc = std::allocator<TXPacket>]	48	static
C:\ST\STM32CubeIDE_1.19.0\STM32CubeIDE\plugins\com.st.stm32cube.ide.mcu.externaltools.gnu-tools-for-stm32.13.3.rel1.win32_1.0.0.202411081344\tools\bin/../lib/gcc/arm-none-eabi/13.3.1/../../../../arm-none-eabi/include/c++/13.3.1/bits/stl_deque.h:576:7:std::_Deque_base<_Tp, _Alloc>::_Map_alloc_type std::_Deque_base<_Tp, _Alloc>::_M_get_map_allocator() const [with _Tp = TXPacket; _Alloc = std::allocator<TXPacket>]	32	static
C:\ST\STM32CubeIDE_1.19.0\STM32CubeIDE\plugins\com.st.stm32cube.ide.mcu.externaltools.gnu-tools-for-stm32.13.3.rel1.win32_1.0.0.202411081344\tools\bin/../lib/gcc/arm-none-eabi/13.3.1/../../../../arm-none-eabi/include/c++/13.3.1/bits/stl_deque.h:131:21:static std::size_t std::_Deque_iterator<_Tp, _Ref, _Ptr>::_S_buffer_size() [with _Tp = TXPacket; _Ref = TXPacket&; _Ptr = TXPacket*]	8	static
C:\ST\STM32CubeIDE_1.19.0\STM32CubeIDE\plugins\com.st.stm32cube.ide.mcu.externaltools.gnu-tools-for-stm32.13.3.rel1.win32_1.0.0.202411081344\tools\bin/../lib/gcc/arm-none-eabi/13.3.1/../../../../arm-none-eabi/include/c++/13.3.1/bits/move.h:70:5:constexpr _Tp&& std::forward(typename remove_reference<_Functor>::type&) [with _Tp = const TXPacket&]	16	static
C:\ST\STM32CubeIDE_1.19.0\STM32CubeIDE\plugins\com.st.stm32cube.ide.mcu.externaltools.gnu-tools-for-stm32.13.3.rel1.win32_1.0.0.202411081344\tools\arm-none-eabi\include\c++\13.3.1\bits\stl_construct.h:94:5:) [with _Tp = TXPacket; _Args = {const TXPacket&}]	24	static
C:\ST\STM32CubeIDE_1.19.0\STM32CubeIDE\plugins\com.st.stm32cube.ide.mcu.externaltools.gnu-tools-for-stm32.13.3.rel1.win32_1.0.0.202411081344\tools\bin/../lib/gcc/arm-none-eabi/13.3.1/../../../../arm-none-eabi/include/c++/13.3.1/bits/stl_deque.h:1274:7:std::deque<_Tp, _Alloc>::size_type std::deque<_Tp, _Alloc>::max_size() const [with _Tp = TXPacket; _Alloc = std::allocator<TXPacket>]	16	static
C:\ST\STM32CubeIDE_1.19.0\STM32CubeIDE\plugins\com.st.stm32cube.ide.mcu.externaltools.gnu-tools-for-stm32.13.3.rel1.win32_1.0.0.202411081344\tools\bin/../lib/gcc/arm-none-eabi/13.3.1/../../../../arm-none-eabi/include/c++/13.3.1/bits/stl_deque.h:2168:7:void std::deque<_Tp, _Alloc>::_M_reserve_map_at_back(size_type) [with _Tp = TXPacket; _Alloc = std::allocator<TXPacket>]	16	static
C:\ST\STM32CubeIDE_1.19.0\STM32CubeIDE\plugins\com.st.stm32cube.ide.mcu.externaltools.gnu-tools-for-stm32.13.3.rel1.win32_1.0.0.202411081344\tools\bin/../lib/gcc/arm-none-eabi/13.3.1/../../../../arm-none-eabi/include/c++/13.3.1/bits/stl_deque.h:580:7:std::_Deque_base<_Tp, _Alloc>::_Ptr std::_Deque_base<_Tp, _Alloc>::_M_allocate_node() [with _Tp = TXPacket; _Alloc = std::allocator<TXPacket>]	48	static
C:\ST\STM32CubeIDE_1.19.0\STM32CubeIDE\plugins\com.st.stm32cube.ide.mcu.externaltools.gnu-tools-for-stm32.13.3.rel1.win32_1.0.0.202411081344\tools\arm-none-eabi\include\c++\13.3.1\bits\stl_construct.h:80:5:constexpr void std::destroy_at(_Tp*) [with _Tp = TXPacket]	16	static
D:/my_Projects/Electronic/STM32/F1/CubeIDE/Libraries/ArduinoJson/src/ArduinoJson/Json/JsonSerializer.hpp:66:52:ArduinoJson::V742HB22::detail::enable_if_t<ArduinoJson::V742HB22::detail::is_floating_point<U>::value, unsigned int> ArduinoJson::V742HB22::detail::JsonSerializer<TWriter>::visit(T) [with T = float; TWriter = ArduinoJson::V742HB22::detail::StaticStringWriter]	16	static
D:/my_Projects/Electronic/STM32/F1/CubeIDE/Libraries/ArduinoJson/src/ArduinoJson/Json/JsonSerializer.hpp:66:52:ArduinoJson::V742HB22::detail::enable_if_t<ArduinoJson::V742HB22::detail::is_floating_point<U>::value, unsigned int> ArduinoJson::V742HB22::detail::JsonSerializer<TWriter>::visit(T) [with T = double; TWriter = ArduinoJson::V742HB22::detail::StaticStringWriter]	24	static
D:/my_Projects/Electronic/STM32/F1/CubeIDE/Libraries/ArduinoJson/src/ArduinoJson/Json/JsonSerializer.hpp:22:10:size_t ArduinoJson::V742HB22::detail::JsonSerializer<TWriter>::visit(const ArduinoJson::V742HB22::detail::ArrayData&) [with TWriter = ArduinoJson::V742HB22::detail::StaticStringWriter]	24	static
D:/my_Projects/Electronic/STM32/F1/CubeIDE/Libraries/ArduinoJson/src/ArduinoJson/Json/JsonSerializer.hpp:42:10:size_t ArduinoJson::V742HB22::detail::JsonSerializer<TWriter>::visit(const ArduinoJson::V742HB22::detail::ObjectData&) [with TWriter = ArduinoJson::V742HB22::detail::StaticStringWriter]	24	static
D:/my_Projects/Electronic/STM32/F1/CubeIDE/Libraries/ArduinoJson/src/ArduinoJson/Json/JsonSerializer.hpp:76:10:size_t ArduinoJson::V742HB22::detail::JsonSerializer<TWriter>::visit(ArduinoJson::V742HB22::JsonString) [with TWriter = ArduinoJson::V742HB22::detail::StaticStringWriter]	32	static
D:/my_Projects/Electronic/STM32/F1/CubeIDE/Libraries/ArduinoJson/src/ArduinoJson/Json/JsonSerializer.hpp:81:10:size_t ArduinoJson::V742HB22::detail::JsonSerializer<TWriter>::visit(ArduinoJson::V742HB22::RawString) [with TWriter = ArduinoJson::V742HB22::detail::StaticStringWriter]	32	static
D:/my_Projects/Electronic/STM32/F1/CubeIDE/Libraries/ArduinoJson/src/ArduinoJson/Json/JsonSerializer.hpp:86:10:size_t ArduinoJson::V742HB22::detail::JsonSerializer<TWriter>::visit(ArduinoJson::V742HB22::JsonInteger) [with TWriter = ArduinoJson::V742HB22::detail::StaticStringWriter]	24	static
D:/my_Projects/Electronic/STM32/F1/CubeIDE/Libraries/ArduinoJson/src/ArduinoJson/Json/JsonSerializer.hpp:91:10:size_t ArduinoJson::V742HB22::detail::JsonSerializer<TWriter>::visit(ArduinoJson::V742HB22::JsonUInt) [with TWriter = ArduinoJson::V742HB22::detail::StaticStringWriter]	24	static
D:/my_Projects/Electronic/STM32/F1/CubeIDE/Libraries/ArduinoJson/src/ArduinoJson/Json/JsonSerializer.hpp:96:10:size_t ArduinoJson::V742HB22::detail::JsonSerializer<TWriter>::visit(bool) [with TWriter = ArduinoJson::V742HB22::detail::StaticStringWriter]	16	static
D:/my_Projects/Electronic/STM32/F1/CubeIDE/Libraries/ArduinoJson/src/ArduinoJson/Json/TextFormatter.hpp:152:8:void ArduinoJson::V742HB22::detail::TextFormatter<TWriter>::writeRaw(const char*) [with TWriter = ArduinoJson::V742HB22::detail::StaticStringWriter]	24	static
D:/my_Projects/Electronic/STM32/F1/CubeIDE/Libraries/ArduinoJson/src/ArduinoJson/Json/JsonSerializer.hpp:107:10:size_t ArduinoJson::V742HB22::detail::JsonSerializer<TWriter>::bytesWritten() const [with TWriter = ArduinoJson::V742HB22::detail::StaticStringWriter]	16	static
D:/my_Projects/Electronic/STM32/F1/CubeIDE/Libraries/ArduinoJson/src/ArduinoJson/Strings/StringAdapters.hpp:65:13:void ArduinoJson::V742HB22::detail::stringGetChars(TAdaptedString, char*, size_t) [with TAdaptedString = RamString]	40	static
C:\ST\STM32CubeIDE_1.19.0\STM32CubeIDE\plugins\com.st.stm32cube.ide.mcu.externaltools.gnu-tools-for-stm32.13.3.rel1.win32_1.0.0.202411081344\tools\bin/../lib/gcc/arm-none-eabi/13.3.1/../../../../arm-none-eabi/include/c++/13.3.1/bits/stl_deque.h:151:7:std::_Deque_iterator<_Tp, _Ref, _Ptr>::_Deque_iterator() [with _Tp = TXPacket; _Ref = TXPacket&; _Ptr = TXPacket*]	16	static
C:\ST\STM32CubeIDE_1.19.0\STM32CubeIDE\plugins\com.st.stm32cube.ide.mcu.externaltools.gnu-tools-for-stm32.13.3.rel1.win32_1.0.0.202411081344\tools\bin/../lib/gcc/arm-none-eabi/13.3.1/../../../../arm-none-eabi/include/c++/13.3.1/bits/stl_deque.h:572:7:const std::_Deque_base<_Tp, _Alloc>::_Tp_alloc_type& std::_Deque_base<_Tp, _Alloc>::_M_get_Tp_allocator() const [with _Tp = TXPacket; _Alloc = std::allocator<TXPacket>]	16	static
C:\ST\STM32CubeIDE_1.19.0\STM32CubeIDE\plugins\com.st.stm32cube.ide.mcu.externaltools.gnu-tools-for-stm32.13.3.rel1.win32_1.0.0.202411081344\tools\bin/../lib/gcc/arm-none-eabi/13.3.1/../../../../arm-none-eabi/include/c++/13.3.1/bits/stl_deque.h:1876:7:static std::deque<_Tp, _Alloc>::size_type std::deque<_Tp, _Alloc>::_S_max_size(const _Tp_alloc_type&) [with _Tp = TXPacket; _Alloc = std::allocator<TXPacket>]	32	static
C:\ST\STM32CubeIDE_1.19.0\STM32CubeIDE\plugins\com.st.stm32cube.ide.mcu.externaltools.gnu-tools-for-stm32.13.3.rel1.win32_1.0.0.202411081344\tools\bin/../lib/gcc/arm-none-eabi/13.3.1/../../../../arm-none-eabi/include/c++/13.3.1/bits/deque.tcc:931:5:void std::deque<_Tp, _Alloc>::_M_reallocate_map(size_type, bool) [with _Tp = TXPacket; _Alloc = std::allocator<TXPacket>]	56	static
D:/my_Projects/Electronic/STM32/F1/CubeIDE/Libraries/ArduinoJson/src/ArduinoJson/Json/TextFormatter.hpp:68:8:void ArduinoJson::V742HB22::detail::TextFormatter<TWriter>::writeFloat(T) [with T = float; TWriter = ArduinoJson::V742HB22::detail::StaticStringWriter]	24	static
D:/my_Projects/Electronic/STM32/F1/CubeIDE/Libraries/ArduinoJson/src/ArduinoJson/Json/TextFormatter.hpp:68:8:void ArduinoJson::V742HB22::detail::TextFormatter<TWriter>::writeFloat(T) [with T = double; TWriter = ArduinoJson::V742HB22::detail::StaticStringWriter]	32	static
D:/my_Projects/Electronic/STM32/F1/CubeIDE/Libraries/ArduinoJson/src/ArduinoJson/Json/JsonSerializer.hpp:111:8:void ArduinoJson::V742HB22::detail::JsonSerializer<TWriter>::write(char) [with TWriter = ArduinoJson::V742HB22::detail::StaticStringWriter]	16	static
D:/my_Projects/Electronic/STM32/F1/CubeIDE/Libraries/ArduinoJson/src/ArduinoJson/Json/TextFormatter.hpp:47:8:void ArduinoJson::V742HB22::detail::TextFormatter<TWriter>::writeString(const char*, size_t) [with TWriter = ArduinoJson::V742HB22::detail::StaticStringWriter]	24	static
D:/my_Projects/Electronic/STM32/F1/CubeIDE/Libraries/ArduinoJson/src/ArduinoJson/Json/TextFormatter.hpp:156:8:void ArduinoJson::V742HB22::detail::TextFormatter<TWriter>::writeRaw(const char*, size_t) [with TWriter = ArduinoJson::V742HB22::detail::StaticStringWriter]	24	static
D:/my_Projects/Electronic/STM32/F1/CubeIDE/Libraries/ArduinoJson/src/ArduinoJson/Json/TextFormatter.hpp:107:36:ArduinoJson::V742HB22::detail::enable_if_t<ArduinoJson::V742HB22::detail::is_signed<TOut>::value> ArduinoJson::V742HB22::detail::TextFormatter<TWriter>::writeInteger(T) [with T = long long int; TWriter = ArduinoJson::V742HB22::detail::StaticStringWriter]	40	static
D:/my_Projects/Electronic/STM32/F1/CubeIDE/Libraries/ArduinoJson/src/ArduinoJson/Json/TextFormatter.hpp:120:38:ArduinoJson::V742HB22::detail::enable_if_t<ArduinoJson::V742HB22::detail::is_unsigned<TOut>::value> ArduinoJson::V742HB22::detail::TextFormatter<TWriter>::writeInteger(T) [with T = long long unsigned int; TWriter = ArduinoJson::V742HB22::detail::StaticStringWriter]	56	static
D:/my_Projects/Electronic/STM32/F1/CubeIDE/Libraries/ArduinoJson/src/ArduinoJson/Json/TextFormatter.hpp:32:8:void ArduinoJson::V742HB22::detail::TextFormatter<TWriter>::writeBoolean(bool) [with TWriter = ArduinoJson::V742HB22::detail::StaticStringWriter]	16	static
D:/my_Projects/Electronic/STM32/F1/CubeIDE/Libraries/ArduinoJson/src/ArduinoJson/Serialization/CountingDecorator.hpp:20:8:void ArduinoJson::V742HB22::detail::CountingDecorator<TWriter>::write(const uint8_t*, size_t) [with TWriter = ArduinoJson::V742HB22::detail::StaticStringWriter]	24	static
D:/my_Projects/Electronic/STM32/F1/CubeIDE/Libraries/ArduinoJson/src/ArduinoJson/Json/TextFormatter.hpp:28:10:size_t ArduinoJson::V742HB22::detail::TextFormatter<TWriter>::bytesWritten() const [with TWriter = ArduinoJson::V742HB22::detail::StaticStringWriter]	16	static
D:/my_Projects/Electronic/STM32/F1/CubeIDE/Libraries/ArduinoJson/src/ArduinoJson/Serialization/CountingDecorator.hpp:16:8:void ArduinoJson::V742HB22::detail::CountingDecorator<TWriter>::write(uint8_t) [with TWriter = ArduinoJson::V742HB22::detail::StaticStringWriter]	16	static
D:/my_Projects/Electronic/STM32/F1/CubeIDE/Libraries/ArduinoJson/src/ArduinoJson/Serialization/CountingDecorator.hpp:24:10:size_t ArduinoJson::V742HB22::detail::CountingDecorator<TWriter>::count() const [with TWriter = ArduinoJson::V742HB22::detail::StaticStringWriter]	16	static
C:\ST\STM32CubeIDE_1.19.0\STM32CubeIDE\plugins\com.st.stm32cube.ide.mcu.externaltools.gnu-tools-for-stm32.13.3.rel1.win32_1.0.0.202411081344\tools\arm-none-eabi\include\c++\13.3.1\bits\new_allocator.h:156:7:void std::__new_allocator<_Tp>::deallocate(_Tp*, size_type) [with _Tp = TXPacket*]	24	static
C:\ST\STM32CubeIDE_1.19.0\STM32CubeIDE\plugins\com.st.stm32cube.ide.mcu.externaltools.gnu-tools-for-stm32.13.3.rel1.win32_1.0.0.202411081344\tools\bin/../lib/gcc/arm-none-eabi/13.3.1/../../../../arm-none-eabi/include/c++/13.3.1/bits/stl_algobase.h:233:5:constexpr const _Tp& std::min(const _Tp&, const _Tp&) [with _Tp = unsigned int]	16	static
C:\ST\STM32CubeIDE_1.19.0\STM32CubeIDE\plugins\com.st.stm32cube.ide.mcu.externaltools.gnu-tools-for-stm32.13.3.rel1.win32_1.0.0.202411081344\tools\bin/../lib/gcc/arm-none-eabi/13.3.1/../../../../arm-none-eabi/include/c++/13.3.1/bits/stl_algobase.h:624:5:constexpr _OI std::copy(_II, _II, _OI) [with _II = TXPacket**; _OI = TXPacket**]	32	static
C:\ST\STM32CubeIDE_1.19.0\STM32CubeIDE\plugins\com.st.stm32cube.ide.mcu.externaltools.gnu-tools-for-stm32.13.3.rel1.win32_1.0.0.202411081344\tools\bin/../lib/gcc/arm-none-eabi/13.3.1/../../../../arm-none-eabi/include/c++/13.3.1/bits/stl_algobase.h:857:5:constexpr _BI2 std::copy_backward(_BI1, _BI1, _BI2) [with _BI1 = TXPacket**; _BI2 = TXPacket**]	32	static
D:/my_Projects/Electronic/STM32/F1/CubeIDE/Libraries/ArduinoJson/src/ArduinoJson/Json/TextFormatter.hpp:72:8:void ArduinoJson::V742HB22::detail::TextFormatter<TWriter>::writeFloat(ArduinoJson::V742HB22::JsonFloat, int8_t) [with TWriter = ArduinoJson::V742HB22::detail::StaticStringWriter]	56	static
D:/my_Projects/Electronic/STM32/F1/CubeIDE/Libraries/ArduinoJson/src/ArduinoJson/Json/TextFormatter.hpp:169:8:void ArduinoJson::V742HB22::detail::TextFormatter<TWriter>::writeRaw(char) [with TWriter = ArduinoJson::V742HB22::detail::StaticStringWriter]	16	static
D:/my_Projects/Electronic/STM32/F1/CubeIDE/Libraries/ArduinoJson/src/ArduinoJson/Json/TextFormatter.hpp:55:8:void ArduinoJson::V742HB22::detail::TextFormatter<TWriter>::writeChar(char) [with TWriter = ArduinoJson::V742HB22::detail::StaticStringWriter]	24	static
D:/my_Projects/Electronic/STM32/F1/CubeIDE/Libraries/ArduinoJson/src/ArduinoJson/Json/TextFormatter.hpp:160:8:void ArduinoJson::V742HB22::detail::TextFormatter<TWriter>::writeRaw(const char*, const char*) [with TWriter = ArduinoJson::V742HB22::detail::StaticStringWriter]	24	static
D:/my_Projects/Electronic/STM32/F1/CubeIDE/Libraries/ArduinoJson/src/ArduinoJson/Polyfills/math.hpp:16:6:bool ArduinoJson::V742HB22::detail::isnan(T) [with T = double]	24	static
D:/my_Projects/Electronic/STM32/F1/CubeIDE/Libraries/ArduinoJson/src/ArduinoJson/Polyfills/math.hpp:23:6:bool ArduinoJson::V742HB22::detail::isinf(T) [with T = double]	16	static
C:\ST\STM32CubeIDE_1.19.0\STM32CubeIDE\plugins\com.st.stm32cube.ide.mcu.externaltools.gnu-tools-for-stm32.13.3.rel1.win32_1.0.0.202411081344\tools\arm-none-eabi\include\c++\13.3.1\bits\new_allocator.h:126:7:_Tp* std::__new_allocator<_Tp>::allocate(size_type, const void*) [with _Tp = TXPacket*]	32	static
C:\ST\STM32CubeIDE_1.19.0\STM32CubeIDE\plugins\com.st.stm32cube.ide.mcu.externaltools.gnu-tools-for-stm32.13.3.rel1.win32_1.0.0.202411081344\tools\arm-none-eabi\include\c++\13.3.1\bits\new_allocator.h:156:7:void std::__new_allocator<_Tp>::deallocate(_Tp*, size_type) [with _Tp = TXPacket]	24	static
C:\ST\STM32CubeIDE_1.19.0\STM32CubeIDE\plugins\com.st.stm32cube.ide.mcu.externaltools.gnu-tools-for-stm32.13.3.rel1.win32_1.0.0.202411081344\tools\arm-none-eabi\include\c++\13.3.1\bits\cpp_type_traits.h:607:5:constexpr _Iterator std::__miter_base(_Iterator) [with _Iterator = TXPacket**]	16	static
C:\ST\STM32CubeIDE_1.19.0\STM32CubeIDE\plugins\com.st.stm32cube.ide.mcu.externaltools.gnu-tools-for-stm32.13.3.rel1.win32_1.0.0.202411081344\tools\bin/../lib/gcc/arm-none-eabi/13.3.1/../../../../arm-none-eabi/include/c++/13.3.1/bits/stl_algobase.h:538:5:constexpr _OI std::__copy_move_a(_II, _II, _OI) [with bool _IsMove = false; _II = TXPacket**; _OI = TXPacket**]	32	static
C:\ST\STM32CubeIDE_1.19.0\STM32CubeIDE\plugins\com.st.stm32cube.ide.mcu.externaltools.gnu-tools-for-stm32.13.3.rel1.win32_1.0.0.202411081344\tools\bin/../lib/gcc/arm-none-eabi/13.3.1/../../../../arm-none-eabi/include/c++/13.3.1/bits/stl_algobase.h:805:5:constexpr _OI std::__copy_move_backward_a(_II, _II, _OI) [with bool _IsMove = false; _II = TXPacket**; _OI = TXPacket**]	32	static
C:\ST\STM32CubeIDE_1.19.0\STM32CubeIDE\plugins\com.st.stm32cube.ide.mcu.externaltools.gnu-tools-for-stm32.13.3.rel1.win32_1.0.0.202411081344\tools\arm-none-eabi\include\c++\13.3.1\bits\new_allocator.h:126:7:_Tp* std::__new_allocator<_Tp>::allocate(size_type, const void*) [with _Tp = TXPacket]	32	static
D:/my_Projects/Electronic/STM32/F1/CubeIDE/Libraries/ArduinoJson/src/ArduinoJson/Json/TextFormatter.hpp:120:38:ArduinoJson::V742HB22::detail::enable_if_t<ArduinoJson::V742HB22::detail::is_unsigned<TOut>::value> ArduinoJson::V742HB22::detail::TextFormatter<TWriter>::writeInteger(T) [with T = long unsigned int; TWriter = ArduinoJson::V742HB22::detail::StaticStringWriter]	48	static
D:/my_Projects/Electronic/STM32/F1/CubeIDE/Libraries/ArduinoJson/src/ArduinoJson/Json/TextFormatter.hpp:135:8:void ArduinoJson::V742HB22::detail::TextFormatter<TWriter>::writeDecimals(uint32_t, int8_t) [with TWriter = ArduinoJson::V742HB22::detail::StaticStringWriter]	48	static
D:/my_Projects/Electronic/STM32/F1/CubeIDE/Libraries/ArduinoJson/src/ArduinoJson/Json/TextFormatter.hpp:107:36:ArduinoJson::V742HB22::detail::enable_if_t<ArduinoJson::V742HB22::detail::is_signed<TOut>::value> ArduinoJson::V742HB22::detail::TextFormatter<TWriter>::writeInteger(T) [with T = short int; TWriter = ArduinoJson::V742HB22::detail::StaticStringWriter]	24	static
C:\ST\STM32CubeIDE_1.19.0\STM32CubeIDE\plugins\com.st.stm32cube.ide.mcu.externaltools.gnu-tools-for-stm32.13.3.rel1.win32_1.0.0.202411081344\tools\bin/../lib/gcc/arm-none-eabi/13.3.1/../../../../arm-none-eabi/include/c++/13.3.1/bits/stl_algobase.h:316:5:constexpr _Iterator std::__niter_base(_Iterator) [with _Iterator = TXPacket**]	16	static
C:\ST\STM32CubeIDE_1.19.0\STM32CubeIDE\plugins\com.st.stm32cube.ide.mcu.externaltools.gnu-tools-for-stm32.13.3.rel1.win32_1.0.0.202411081344\tools\bin/../lib/gcc/arm-none-eabi/13.3.1/../../../../arm-none-eabi/include/c++/13.3.1/bits/stl_algobase.h:532:5:constexpr _OI std::__copy_move_a1(_II, _II, _OI) [with bool _IsMove = false; _II = TXPacket**; _OI = TXPacket**]	24	static
C:\ST\STM32CubeIDE_1.19.0\STM32CubeIDE\plugins\com.st.stm32cube.ide.mcu.externaltools.gnu-tools-for-stm32.13.3.rel1.win32_1.0.0.202411081344\tools\bin/../lib/gcc/arm-none-eabi/13.3.1/../../../../arm-none-eabi/include/c++/13.3.1/bits/stl_algobase.h:338:5:constexpr _Iterator std::__niter_wrap(const _Iterator&, _Iterator) [with _Iterator = TXPacket**]	16	static
C:\ST\STM32CubeIDE_1.19.0\STM32CubeIDE\plugins\com.st.stm32cube.ide.mcu.externaltools.gnu-tools-for-stm32.13.3.rel1.win32_1.0.0.202411081344\tools\bin/../lib/gcc/arm-none-eabi/13.3.1/../../../../arm-none-eabi/include/c++/13.3.1/bits/stl_algobase.h:777:5:constexpr _BI2 std::__copy_move_backward_a1(_BI1, _BI1, _BI2) [with bool _IsMove = false; _BI1 = TXPacket**; _BI2 = TXPacket**]	24	static
D:/my_Projects/Electronic/STM32/F1/CubeIDE/Libraries/ArduinoJson/src/ArduinoJson/Json/TextFormatter.hpp:120:38:ArduinoJson::V742HB22::detail::enable_if_t<ArduinoJson::V742HB22::detail::is_unsigned<TOut>::value> ArduinoJson::V742HB22::detail::TextFormatter<TWriter>::writeInteger(T) [with T = short unsigned int; TWriter = ArduinoJson::V742HB22::detail::StaticStringWriter]	48	static
C:\ST\STM32CubeIDE_1.19.0\STM32CubeIDE\plugins\com.st.stm32cube.ide.mcu.externaltools.gnu-tools-for-stm32.13.3.rel1.win32_1.0.0.202411081344\tools\bin/../lib/gcc/arm-none-eabi/13.3.1/../../../../arm-none-eabi/include/c++/13.3.1/bits/stl_algobase.h:497:5:constexpr _OI std::__copy_move_a2(_II, _II, _OI) [with bool _IsMove = false; _II = TXPacket**; _OI = TXPacket**]	24	static
C:\ST\STM32CubeIDE_1.19.0\STM32CubeIDE\plugins\com.st.stm32cube.ide.mcu.externaltools.gnu-tools-for-stm32.13.3.rel1.win32_1.0.0.202411081344\tools\bin/../lib/gcc/arm-none-eabi/13.3.1/../../../../arm-none-eabi/include/c++/13.3.1/bits/stl_algobase.h:759:5:constexpr _BI2 std::__copy_move_backward_a2(_BI1, _BI1, _BI2) [with bool _IsMove = false; _BI1 = TXPacket**; _BI2 = TXPacket**]	24	static
C:\ST\STM32CubeIDE_1.19.0\STM32CubeIDE\plugins\com.st.stm32cube.ide.mcu.externaltools.gnu-tools-for-stm32.13.3.rel1.win32_1.0.0.202411081344\tools\bin/../lib/gcc/arm-none-eabi/13.3.1/../../../../arm-none-eabi/include/c++/13.3.1/bits/stl_algobase.h:383:2:static constexpr _OI std::__copy_move<false, false, std::random_access_iterator_tag>::__copy_m(_II, _II, _OI) [with _II = TXPacket**; _OI = TXPacket**]	32	static
C:\ST\STM32CubeIDE_1.19.0\STM32CubeIDE\plugins\com.st.stm32cube.ide.mcu.externaltools.gnu-tools-for-stm32.13.3.rel1.win32_1.0.0.202411081344\tools\bin/../lib/gcc/arm-none-eabi/13.3.1/../../../../arm-none-eabi/include/c++/13.3.1/bits/stl_algobase.h:433:2:static constexpr _Up* std::__copy_move<_IsMove, true, std::random_access_iterator_tag>::__copy_m(_Tp*, _Tp*, _Up*) [with _Tp = TXPacket*; _Up = TXPacket*; bool _IsMove = false]	32	static
C:\ST\STM32CubeIDE_1.19.0\STM32CubeIDE\plugins\com.st.stm32cube.ide.mcu.externaltools.gnu-tools-for-stm32.13.3.rel1.win32_1.0.0.202411081344\tools\bin/../lib/gcc/arm-none-eabi/13.3.1/../../../../arm-none-eabi/include/c++/13.3.1/bits/stl_algobase.h:710:2:static constexpr _BI2 std::__copy_move_backward<false, false, std::random_access_iterator_tag>::__copy_move_b(_BI1, _BI1, _BI2) [with _BI1 = TXPacket**; _BI2 = TXPacket**]	32	static
C:\ST\STM32CubeIDE_1.19.0\STM32CubeIDE\plugins\com.st.stm32cube.ide.mcu.externaltools.gnu-tools-for-stm32.13.3.rel1.win32_1.0.0.202411081344\tools\bin/../lib/gcc/arm-none-eabi/13.3.1/../../../../arm-none-eabi/include/c++/13.3.1/bits/stl_algobase.h:744:2:static constexpr _Up* std::__copy_move_backward<_IsMove, true, std::random_access_iterator_tag>::__copy_move_b(_Tp*, _Tp*, _Up*) [with _Tp = TXPacket*; _Up = TXPacket*; bool _IsMove = false]	32	static
C:\ST\STM32CubeIDE_1.19.0\STM32CubeIDE\plugins\com.st.stm32cube.ide.mcu.externaltools.gnu-tools-for-stm32.13.3.rel1.win32_1.0.0.202411081344\tools\bin/../lib/gcc/arm-none-eabi/13.3.1/../../../../arm-none-eabi/include/c++/13.3.1/bits/stl_algobase.h:397:2:static void std::__copy_move<false, false, std::random_access_iterator_tag>::__assign_one(_Tp*, _Up*) [with _Tp = TXPacket*; _Up = TXPacket*]	16	static
