D:/my_Projects/Electronic/STM32/F1/CubeIDE/Libraries/SaveKey/SAVEKEY.cpp:4:13:void DataRecieved(SerialPort*)	16	static
D:/my_Projects/Electronic/STM32/F1/CubeIDE/Libraries/SaveKey/SAVEKEY.cpp:9:1:SaveKeyProtocol::SaveKeyProtocol(UART_HandleTypeDef*, GPIO_TypeDef*, uint16_t, SerialPort*)	24	static
D:/my_Projects/Electronic/STM32/F1/CubeIDE/Libraries/SaveKey/SAVEKEY.cpp:18:6:void SaveKeyProtocol::init()	24	static
D:/my_Projects/Electronic/STM32/F1/CubeIDE/Libraries/SaveKey/SAVEKEY.cpp:25:19:HAL_StatusTypeDef SaveKeyProtocol::SendCommand(HeaderType, KeyState, uint8_t, KeyNum)	16	static
D:/my_Projects/Electronic/STM32/F1/CubeIDE/Libraries/SaveKey/SAVEKEY.cpp:52:6:void SaveKeyProtocol::LineFreed()	16	static
D:/my_Projects/Electronic/STM32/F1/CubeIDE/Libraries/SaveKey/SAVEKEY.cpp:58:6:void SaveKeyProtocol::Process()	16	static
D:/my_Projects/Electronic/STM32/F1/CubeIDE/Libraries/SaveKey/SAVEKEY.cpp:67:6:void SaveKeyProtocol::rxCompleted()	32	static
D:/my_Projects/Electronic/STM32/F1/CubeIDE/Libraries/SaveKey/SAVEKEY.cpp:104:6:void SaveKeyProtocol::SetID(uint8_t)	16	static
D:/my_Projects/Electronic/STM32/F1/CubeIDE/Libraries/SaveKey/SAVEKEY.cpp:109:9:uint8_t SaveKeyProtocol::GetID()	16	static
D:/my_Projects/Electronic/STM32/F1/CubeIDE/Libraries/SaveKey/SAVEKEY.cpp:114:10:uint8_t* SaveKeyProtocol::getRxBuffer()	16	static
