C:\ST\STM32CubeIDE_1.19.0\STM32CubeIDE\plugins\com.st.stm32cube.ide.mcu.externaltools.gnu-tools-for-stm32.13.3.rel1.win32_1.0.0.202411081344\tools\arm-none-eabi\include\c++\13.3.1\arm-none-eabi\thumb\v7-m\nofp\bits\c++config.h:540:3:constexpr bool std::__is_constant_evaluated()	4	static
C:\ST\STM32CubeIDE_1.19.0\STM32CubeIDE\plugins\com.st.stm32cube.ide.mcu.externaltools.gnu-tools-for-stm32.13.3.rel1.win32_1.0.0.202411081344\tools\bin/../lib/gcc/arm-none-eabi/13.3.1/../../../../arm-none-eabi/include/c++/13.3.1/new:174:33:void* operator new(std::size_t, void*)	16	static
C:\ST\STM32CubeIDE_1.19.0\STM32CubeIDE\plugins\com.st.stm32cube.ide.mcu.externaltools.gnu-tools-for-stm32.13.3.rel1.win32_1.0.0.202411081344\tools\bin/../lib/gcc/arm-none-eabi/13.3.1/../../../../arm-none-eabi/include/c++/13.3.1/type_traits:3649:3:constexpr bool std::is_constant_evaluated()	4	static
C:\ST\STM32CubeIDE_1.19.0\STM32CubeIDE\plugins\com.st.stm32cube.ide.mcu.externaltools.gnu-tools-for-stm32.13.3.rel1.win32_1.0.0.202411081344\tools\bin/../lib/gcc/arm-none-eabi/13.3.1/../../../../arm-none-eabi/include/c++/13.3.1/bits/char_traits.h:351:7:static constexpr void std::char_traits<char>::assign(char_type&, const char_type&)	16	static
C:\ST\STM32CubeIDE_1.19.0\STM32CubeIDE\plugins\com.st.stm32cube.ide.mcu.externaltools.gnu-tools-for-stm32.13.3.rel1.win32_1.0.0.202411081344\tools\bin/../lib/gcc/arm-none-eabi/13.3.1/../../../../arm-none-eabi/include/c++/13.3.1/bits/char_traits.h:393:7:static constexpr std::size_t std::char_traits<char>::length(const char_type*)	16	static
C:\ST\STM32CubeIDE_1.19.0\STM32CubeIDE\plugins\com.st.stm32cube.ide.mcu.externaltools.gnu-tools-for-stm32.13.3.rel1.win32_1.0.0.202411081344\tools\bin/../lib/gcc/arm-none-eabi/13.3.1/../../../../arm-none-eabi/include/c++/13.3.1/bits/char_traits.h:427:7:static constexpr std::char_traits<char>::char_type* std::char_traits<char>::copy(char_type*, const char_type*, std::size_t)	24	static
C:\ST\STM32CubeIDE_1.19.0\STM32CubeIDE\plugins\com.st.stm32cube.ide.mcu.externaltools.gnu-tools-for-stm32.13.3.rel1.win32_1.0.0.202411081344\tools\arm-none-eabi\include\c++\13.3.1\arm-none-eabi\thumb\v7-m\nofp\bits\gthr-default.h:229:1:int __gthread_key_delete(__gthread_key_t)	16	static
D:/my_Projects/Electronic/STM32/F1/CubeIDE/Libraries/ArduinoJson/src/ArduinoJson/Memory/Allocator.hpp:26:9:virtual void* ArduinoJson::V742HB22::detail::DefaultAllocator::allocate(size_t)	16	static
D:/my_Projects/Electronic/STM32/F1/CubeIDE/Libraries/ArduinoJson/src/ArduinoJson/Memory/Allocator.hpp:30:8:virtual void ArduinoJson::V742HB22::detail::DefaultAllocator::deallocate(void*)	16	static
D:/my_Projects/Electronic/STM32/F1/CubeIDE/Libraries/ArduinoJson/src/ArduinoJson/Memory/Allocator.hpp:34:9:virtual void* ArduinoJson::V742HB22::detail::DefaultAllocator::reallocate(void*, size_t)	24	static
D:/my_Projects/Electronic/STM32/F1/CubeIDE/Libraries/ArduinoJson/src/ArduinoJson/Memory/Allocator.hpp:38:21:static ArduinoJson::V742HB22::Allocator* ArduinoJson::V742HB22::detail::DefaultAllocator::instance()	4	static
D:/my_Projects/Electronic/STM32/F1/CubeIDE/Libraries/ArduinoJson/src/ArduinoJson/Memory/StringNode.hpp:31:27:static constexpr size_t ArduinoJson::V742HB22::detail::StringNode::sizeForLength(size_t)	16	static
D:/my_Projects/Electronic/STM32/F1/CubeIDE/Libraries/ArduinoJson/src/ArduinoJson/Memory/StringNode.hpp:35:22:static ArduinoJson::V742HB22::detail::StringNode* ArduinoJson::V742HB22::detail::StringNode::create(size_t, ArduinoJson::V742HB22::Allocator*)	24	static
D:/my_Projects/Electronic/STM32/F1/CubeIDE/Libraries/ArduinoJson/src/ArduinoJson/Memory/StringNode.hpp:49:22:static ArduinoJson::V742HB22::detail::StringNode* ArduinoJson::V742HB22::detail::StringNode::resize(ArduinoJson::V742HB22::detail::StringNode*, size_t, ArduinoJson::V742HB22::Allocator*)	40	static
D:/my_Projects/Electronic/STM32/F1/CubeIDE/Libraries/ArduinoJson/src/ArduinoJson/Memory/StringNode.hpp:65:15:static void ArduinoJson::V742HB22::detail::StringNode::destroy(ArduinoJson::V742HB22::detail::StringNode*, ArduinoJson::V742HB22::Allocator*)	16	static
D:/my_Projects/Electronic/STM32/F1/CubeIDE/Libraries/ArduinoJson/src/ArduinoJson/Strings/Adapters/RamString.hpp:29:3:ArduinoJson::V742HB22::detail::RamString::RamString(const char*, size_t, bool)	24	static
D:/my_Projects/Electronic/STM32/F1/CubeIDE/Libraries/ArduinoJson/src/ArduinoJson/Strings/Adapters/RamString.hpp:34:8:bool ArduinoJson::V742HB22::detail::RamString::isNull() const	16	static
D:/my_Projects/Electronic/STM32/F1/CubeIDE/Libraries/ArduinoJson/src/ArduinoJson/Strings/Adapters/RamString.hpp:38:10:size_t ArduinoJson::V742HB22::detail::RamString::size() const	16	static
D:/my_Projects/Electronic/STM32/F1/CubeIDE/Libraries/ArduinoJson/src/ArduinoJson/Strings/Adapters/RamString.hpp:42:8:char ArduinoJson::V742HB22::detail::RamString::operator[](size_t) const	16	static
D:/my_Projects/Electronic/STM32/F1/CubeIDE/Libraries/ArduinoJson/src/ArduinoJson/Strings/Adapters/RamString.hpp:48:15:const char* ArduinoJson::V742HB22::detail::RamString::data() const	16	static
D:/my_Projects/Electronic/STM32/F1/CubeIDE/Libraries/ArduinoJson/src/ArduinoJson/Strings/Adapters/RamString.hpp:52:8:bool ArduinoJson::V742HB22::detail::RamString::isStatic() const	16	static
D:/my_Projects/Electronic/STM32/F1/CubeIDE/Libraries/ArduinoJson/src/ArduinoJson/Memory/StringPool.hpp:21:3:ArduinoJson::V742HB22::detail::StringPool::~StringPool()	16	static
D:/my_Projects/Electronic/STM32/F1/CubeIDE/Libraries/ArduinoJson/src/ArduinoJson/Memory/StringPool.hpp:29:8:void ArduinoJson::V742HB22::detail::StringPool::clear(ArduinoJson::V742HB22::Allocator*)	24	static
D:/my_Projects/Electronic/STM32/F1/CubeIDE/Libraries/ArduinoJson/src/ArduinoJson/Memory/StringPool.hpp:66:8:void ArduinoJson::V742HB22::detail::StringPool::add(ArduinoJson::V742HB22::detail::StringNode*)	16	static
D:/my_Projects/Electronic/STM32/F1/CubeIDE/Libraries/ArduinoJson/src/ArduinoJson/Memory/StringPool.hpp:81:8:void ArduinoJson::V742HB22::detail::StringPool::dereference(const char*, ArduinoJson::V742HB22::Allocator*)	32	static
D:/my_Projects/Electronic/STM32/F1/CubeIDE/Libraries/ArduinoJson/src/ArduinoJson/Strings/JsonString.hpp:22:3:ArduinoJson::V742HB22::JsonString::JsonString()	16	static
D:/my_Projects/Electronic/STM32/F1/CubeIDE/Libraries/ArduinoJson/src/ArduinoJson/Strings/JsonString.hpp:24:3:ArduinoJson::V742HB22::JsonString::JsonString(const char*, bool)	32	static
D:/my_Projects/Electronic/STM32/F1/CubeIDE/Libraries/ArduinoJson/src/ArduinoJson/Strings/JsonString.hpp:94:31:static const ArduinoJson::V742HB22::detail::StringAdapter<ArduinoJson::V742HB22::JsonString>::AdaptedString& ArduinoJson::V742HB22::detail::StringAdapter<ArduinoJson::V742HB22::JsonString>::adapt(const ArduinoJson::V742HB22::JsonString&)	16	static
D:/my_Projects/Electronic/STM32/F1/CubeIDE/Libraries/ArduinoJson/src/ArduinoJson/Collection/CollectionData.hpp:22:3:ArduinoJson::V742HB22::detail::CollectionIterator::CollectionIterator()	16	static
D:/my_Projects/Electronic/STM32/F1/CubeIDE/Libraries/ArduinoJson/src/ArduinoJson/Collection/CollectionData.hpp:26:8:bool ArduinoJson::V742HB22::detail::CollectionIterator::done() const	16	static
D:/my_Projects/Electronic/STM32/F1/CubeIDE/Libraries/ArduinoJson/src/ArduinoJson/Collection/CollectionData.hpp:38:16:ArduinoJson::V742HB22::detail::VariantData* ArduinoJson::V742HB22::detail::CollectionIterator::operator->()	16	static
D:/my_Projects/Electronic/STM32/F1/CubeIDE/Libraries/ArduinoJson/src/ArduinoJson/Collection/CollectionData.hpp:53:16:ArduinoJson::V742HB22::detail::VariantData* ArduinoJson::V742HB22::detail::CollectionIterator::data()	16	static
D:/my_Projects/Electronic/STM32/F1/CubeIDE/Libraries/ArduinoJson/src/ArduinoJson/Collection/CollectionData.hpp:74:16:static void* ArduinoJson::V742HB22::detail::CollectionData::operator new(size_t, void*)	16	static
D:/my_Projects/Electronic/STM32/F1/CubeIDE/Libraries/ArduinoJson/src/ArduinoJson/Variant/VariantContent.hpp:46:13:bool ArduinoJson::V742HB22::detail::operator&(VariantType, VariantTypeBits)	16	static
D:/my_Projects/Electronic/STM32/F1/CubeIDE/Libraries/ArduinoJson/src/ArduinoJson/Variant/VariantContent.hpp:53:3:ArduinoJson::V742HB22::detail::VariantContent::VariantContent()	16	static
D:/my_Projects/Electronic/STM32/F1/CubeIDE/Libraries/ArduinoJson/src/ArduinoJson/Variant/VariantData.hpp:37:16:static void* ArduinoJson::V742HB22::detail::VariantData::operator new(size_t, void*)	16	static
D:/my_Projects/Electronic/STM32/F1/CubeIDE/Libraries/ArduinoJson/src/ArduinoJson/Variant/VariantData.hpp:43:3:ArduinoJson::V742HB22::detail::VariantData::VariantData()	16	static
D:/my_Projects/Electronic/STM32/F1/CubeIDE/Libraries/ArduinoJson/src/ArduinoJson/Variant/VariantData.hpp:45:10:ArduinoJson::V742HB22::detail::SlotId ArduinoJson::V742HB22::detail::VariantData::next() const	16	static
D:/my_Projects/Electronic/STM32/F1/CubeIDE/Libraries/ArduinoJson/src/ArduinoJson/Variant/VariantData.hpp:49:8:void ArduinoJson::V742HB22::detail::VariantData::setNext(ArduinoJson::V742HB22::detail::SlotId)	16	static
D:/my_Projects/Electronic/STM32/F1/CubeIDE/Libraries/ArduinoJson/src/ArduinoJson/Variant/VariantData.hpp:185:19:ArduinoJson::V742HB22::detail::CollectionData* ArduinoJson::V742HB22::detail::VariantData::asCollection()	16	static
D:/my_Projects/Electronic/STM32/F1/CubeIDE/Libraries/ArduinoJson/src/ArduinoJson/Variant/VariantData.hpp:283:15:ArduinoJson::V742HB22::detail::ObjectData* ArduinoJson::V742HB22::detail::VariantData::asObject()	16	static
D:/my_Projects/Electronic/STM32/F1/CubeIDE/Libraries/ArduinoJson/src/ArduinoJson/Variant/VariantData.hpp:287:21:const ArduinoJson::V742HB22::detail::ObjectData* ArduinoJson::V742HB22::detail::VariantData::asObject() const	16	static
D:/my_Projects/Electronic/STM32/F1/CubeIDE/Libraries/ArduinoJson/src/ArduinoJson/Variant/VariantData.hpp:301:14:ArduinoJson::V742HB22::JsonString ArduinoJson::V742HB22::detail::VariantData::asString() const	16	static
D:/my_Projects/Electronic/STM32/F1/CubeIDE/Libraries/ArduinoJson/src/ArduinoJson/Variant/VariantData.hpp:368:8:bool ArduinoJson::V742HB22::detail::VariantData::isCollection() const	16	static
D:/my_Projects/Electronic/STM32/F1/CubeIDE/Libraries/ArduinoJson/src/ArduinoJson/Variant/VariantData.hpp:372:8:bool ArduinoJson::V742HB22::detail::VariantData::isFloat() const	16	static
D:/my_Projects/Electronic/STM32/F1/CubeIDE/Libraries/ArduinoJson/src/ArduinoJson/Variant/VariantData.hpp:403:8:bool ArduinoJson::V742HB22::detail::VariantData::isNull() const	16	static
D:/my_Projects/Electronic/STM32/F1/CubeIDE/Libraries/ArduinoJson/src/ArduinoJson/Variant/VariantData.hpp:413:8:bool ArduinoJson::V742HB22::detail::VariantData::isObject() const	16	static
D:/my_Projects/Electronic/STM32/F1/CubeIDE/Libraries/ArduinoJson/src/ArduinoJson/Variant/VariantData.hpp:462:8:void ArduinoJson::V742HB22::detail::VariantData::reset()	16	static
D:/my_Projects/Electronic/STM32/F1/CubeIDE/Libraries/ArduinoJson/src/ArduinoJson/Variant/VariantData.hpp:466:8:void ArduinoJson::V742HB22::detail::VariantData::setBoolean(bool)	16	static
D:/my_Projects/Electronic/STM32/F1/CubeIDE/Libraries/ArduinoJson/src/ArduinoJson/Variant/VariantData.hpp:522:8:void ArduinoJson::V742HB22::detail::VariantData::setLinkedString(const char*)	16	static
D:/my_Projects/Electronic/STM32/F1/CubeIDE/Libraries/ArduinoJson/src/ArduinoJson/Variant/VariantData.hpp:546:8:void ArduinoJson::V742HB22::detail::VariantData::setOwnedString(ArduinoJson::V742HB22::detail::StringNode*)	16	static
D:/my_Projects/Electronic/STM32/F1/CubeIDE/Libraries/ArduinoJson/src/ArduinoJson/Collection/CollectionData.hpp:68:7:constexpr ArduinoJson::V742HB22::detail::CollectionData::CollectionData()	16	static
D:/my_Projects/Electronic/STM32/F1/CubeIDE/Libraries/ArduinoJson/src/ArduinoJson/Array/ArrayData.hpp:11:7:constexpr ArduinoJson::V742HB22::detail::ArrayData::ArrayData()	16	static
D:/my_Projects/Electronic/STM32/F1/CubeIDE/Libraries/ArduinoJson/src/ArduinoJson/Variant/VariantData.hpp:567:14:ArduinoJson::V742HB22::detail::ArrayData& ArduinoJson::V742HB22::detail::VariantData::toArray()	16	static
D:/my_Projects/Electronic/STM32/F1/CubeIDE/Libraries/ArduinoJson/src/ArduinoJson/Object/ObjectData.hpp:11:7:constexpr ArduinoJson::V742HB22::detail::ObjectData::ObjectData()	16	static
D:/my_Projects/Electronic/STM32/F1/CubeIDE/Libraries/ArduinoJson/src/ArduinoJson/Variant/VariantData.hpp:581:15:ArduinoJson::V742HB22::detail::ObjectData& ArduinoJson::V742HB22::detail::VariantData::toObject()	16	static
D:/my_Projects/Electronic/STM32/F1/CubeIDE/Libraries/ArduinoJson/src/ArduinoJson/Memory/StringPool.hpp:17:3:constexpr ArduinoJson::V742HB22::detail::StringPool::StringPool()	16	static
D:/my_Projects/Electronic/STM32/F1/CubeIDE/Libraries/ArduinoJson/src/ArduinoJson/Memory/MemoryPoolList.hpp:28:3:constexpr ArduinoJson::V742HB22::detail::MemoryPoolList<T>::MemoryPoolList() [with T = ArduinoJson::V742HB22::detail::ResourceManager::SlotData]	16	static
D:/my_Projects/Electronic/STM32/F1/CubeIDE/Libraries/ArduinoJson/src/ArduinoJson/Memory/ResourceManager.hpp:31:3:ArduinoJson::V742HB22::detail::ResourceManager::ResourceManager(ArduinoJson::V742HB22::Allocator*)	16	static
D:/my_Projects/Electronic/STM32/F1/CubeIDE/Libraries/ArduinoJson/src/ArduinoJson/Memory/ResourceManager.hpp:34:3:ArduinoJson::V742HB22::detail::ResourceManager::~ResourceManager()	16	static
D:/my_Projects/Electronic/STM32/F1/CubeIDE/Libraries/ArduinoJson/src/ArduinoJson/Memory/ResourceManager.hpp:57:8:bool ArduinoJson::V742HB22::detail::ResourceManager::overflowed() const	16	static
D:/my_Projects/Electronic/STM32/F1/CubeIDE/Libraries/ArduinoJson/src/ArduinoJson/Memory/ResourceManager.hpp:83:8:void ArduinoJson::V742HB22::detail::ResourceManager::saveString(ArduinoJson::V742HB22::detail::StringNode*)	16	static
D:/my_Projects/Electronic/STM32/F1/CubeIDE/Libraries/ArduinoJson/src/ArduinoJson/Memory/ResourceManager.hpp:92:15:ArduinoJson::V742HB22::detail::StringNode* ArduinoJson::V742HB22::detail::ResourceManager::createString(size_t)	24	static
D:/my_Projects/Electronic/STM32/F1/CubeIDE/Libraries/ArduinoJson/src/ArduinoJson/Memory/ResourceManager.hpp:99:15:ArduinoJson::V742HB22::detail::StringNode* ArduinoJson::V742HB22::detail::ResourceManager::resizeString(ArduinoJson::V742HB22::detail::StringNode*, size_t)	24	static
D:/my_Projects/Electronic/STM32/F1/CubeIDE/Libraries/ArduinoJson/src/ArduinoJson/Memory/ResourceManager.hpp:106:8:void ArduinoJson::V742HB22::detail::ResourceManager::destroyString(ArduinoJson::V742HB22::detail::StringNode*)	16	static
D:/my_Projects/Electronic/STM32/F1/CubeIDE/Libraries/ArduinoJson/src/ArduinoJson/Memory/ResourceManager.hpp:110:8:void ArduinoJson::V742HB22::detail::ResourceManager::dereferenceString(const char*)	16	static
D:/my_Projects/Electronic/STM32/F1/CubeIDE/Libraries/ArduinoJson/src/ArduinoJson/Memory/ResourceManager.hpp:114:8:void ArduinoJson::V742HB22::detail::ResourceManager::clear()	16	static
D:/my_Projects/Electronic/STM32/F1/CubeIDE/Libraries/ArduinoJson/src/ArduinoJson/Memory/ResourceManager.hpp:120:8:void ArduinoJson::V742HB22::detail::ResourceManager::shrinkToFit()	16	static
D:/my_Projects/Electronic/STM32/F1/CubeIDE/Libraries/ArduinoJson/src/ArduinoJson/Variant/JsonVariantConst.hpp:41:12:ArduinoJson::V742HB22::JsonVariantConst::JsonVariantConst(const ArduinoJson::V742HB22::detail::VariantData*, const ArduinoJson::V742HB22::detail::ResourceManager*)	24	static
D:/my_Projects/Electronic/STM32/F1/CubeIDE/Libraries/ArduinoJson/src/ArduinoJson/Variant/JsonVariantConst.hpp:184:30:const ArduinoJson::V742HB22::detail::VariantData* ArduinoJson::V742HB22::JsonVariantConst::getData() const	16	static
D:/my_Projects/Electronic/STM32/F1/CubeIDE/Libraries/ArduinoJson/src/ArduinoJson/Variant/JsonVariantConst.hpp:188:34:const ArduinoJson::V742HB22::detail::ResourceManager* ArduinoJson::V742HB22::JsonVariantConst::getResourceManager() const	16	static
D:/my_Projects/Electronic/STM32/F1/CubeIDE/Libraries/ArduinoJson/src/ArduinoJson/Variant/JsonVariant.hpp:22:3:ArduinoJson::V742HB22::JsonVariant::JsonVariant(ArduinoJson::V742HB22::detail::VariantData*, ArduinoJson::V742HB22::detail::ResourceManager*)	24	static
D:/my_Projects/Electronic/STM32/F1/CubeIDE/Libraries/ArduinoJson/src/ArduinoJson/Variant/JsonVariant.hpp:26:28:ArduinoJson::V742HB22::detail::ResourceManager* ArduinoJson::V742HB22::JsonVariant::getResourceManager() const	16	static
D:/my_Projects/Electronic/STM32/F1/CubeIDE/Libraries/ArduinoJson/src/ArduinoJson/Variant/JsonVariant.hpp:30:24:ArduinoJson::V742HB22::detail::VariantData* ArduinoJson::V742HB22::JsonVariant::getData() const	16	static
D:/my_Projects/Electronic/STM32/F1/CubeIDE/Libraries/ArduinoJson/src/ArduinoJson/Variant/JsonVariant.hpp:34:24:ArduinoJson::V742HB22::detail::VariantData* ArduinoJson::V742HB22::JsonVariant::getOrCreateData() const	16	static
D:/my_Projects/Electronic/STM32/F1/CubeIDE/Libraries/ArduinoJson/src/ArduinoJson/Variant/JsonVariant.hpp:68:27:static ArduinoJson::V742HB22::JsonVariantConst ArduinoJson::V742HB22::Converter<ArduinoJson::V742HB22::JsonVariantConst>::fromJson(ArduinoJson::V742HB22::JsonVariantConst)	32	static
D:/my_Projects/Electronic/STM32/F1/CubeIDE/Libraries/ArduinoJson/src/ArduinoJson/Array/JsonArrayConst.hpp:42:3:ArduinoJson::V742HB22::JsonArrayConst::JsonArrayConst(const ArduinoJson::V742HB22::detail::ArrayData*, const ArduinoJson::V742HB22::detail::ResourceManager*)	24	static
D:/my_Projects/Electronic/STM32/F1/CubeIDE/Libraries/ArduinoJson/src/ArduinoJson/Object/JsonObjectConst.hpp:25:3:ArduinoJson::V742HB22::JsonObjectConst::JsonObjectConst(const ArduinoJson::V742HB22::detail::ObjectData*, const ArduinoJson::V742HB22::detail::ResourceManager*)	24	static
D:/my_Projects/Electronic/STM32/F1/CubeIDE/Libraries/ArduinoJson/src/ArduinoJson/Document/JsonDocument.hpp:24:12:ArduinoJson::V742HB22::JsonDocument::JsonDocument(ArduinoJson::V742HB22::Allocator*)	16	static
D:/my_Projects/Electronic/STM32/F1/CubeIDE/Libraries/ArduinoJson/src/ArduinoJson/Document/JsonDocument.hpp:20:7:ArduinoJson::V742HB22::JsonDocument::~JsonDocument()	16	static
D:/my_Projects/Electronic/STM32/F1/CubeIDE/Libraries/ArduinoJson/src/ArduinoJson/Document/JsonDocument.hpp:69:8:void ArduinoJson::V742HB22::JsonDocument::shrinkToFit()	16	static
D:/my_Projects/Electronic/STM32/F1/CubeIDE/Libraries/ArduinoJson/src/ArduinoJson/Document/JsonDocument.hpp:89:8:void ArduinoJson::V742HB22::JsonDocument::clear()	16	static
D:/my_Projects/Electronic/STM32/F1/CubeIDE/Libraries/ArduinoJson/src/ArduinoJson/Document/JsonDocument.hpp:402:28:ArduinoJson::V742HB22::detail::ResourceManager* ArduinoJson::V742HB22::JsonDocument::getResourceManager()	16	static
D:/my_Projects/Electronic/STM32/F1/CubeIDE/Libraries/ArduinoJson/src/ArduinoJson/Document/JsonDocument.hpp:406:24:ArduinoJson::V742HB22::detail::VariantData* ArduinoJson::V742HB22::JsonDocument::getData()	16	static
D:/my_Projects/Electronic/STM32/F1/CubeIDE/Libraries/ArduinoJson/src/ArduinoJson/Document/JsonDocument.hpp:414:24:ArduinoJson::V742HB22::detail::VariantData* ArduinoJson::V742HB22::JsonDocument::getOrCreateData()	16	static
D:/my_Projects/Electronic/STM32/F1/CubeIDE/Libraries/ArduinoJson/src/ArduinoJson/Array/ArrayImpl.hpp:23:21:ArduinoJson::V742HB22::detail::VariantData* ArduinoJson::V742HB22::detail::ArrayData::addElement(ArduinoJson::V742HB22::detail::ResourceManager*)	24	static
D:/my_Projects/Electronic/STM32/F1/CubeIDE/Libraries/ArduinoJson/src/ArduinoJson/Collection/CollectionImpl.hpp:15:8:ArduinoJson::V742HB22::detail::CollectionIterator::CollectionIterator(ArduinoJson::V742HB22::detail::VariantData*, ArduinoJson::V742HB22::detail::SlotId)	24	static
D:/my_Projects/Electronic/STM32/F1/CubeIDE/Libraries/ArduinoJson/src/ArduinoJson/Collection/CollectionImpl.hpp:20:13:void ArduinoJson::V742HB22::detail::CollectionIterator::next(const ArduinoJson::V742HB22::detail::ResourceManager*)	16	static
D:/my_Projects/Electronic/STM32/F1/CubeIDE/Libraries/ArduinoJson/src/ArduinoJson/Collection/CollectionImpl.hpp:28:33:ArduinoJson::V742HB22::detail::CollectionData::iterator ArduinoJson::V742HB22::detail::CollectionData::createIterator(const ArduinoJson::V742HB22::detail::ResourceManager*) const	24	static
D:/my_Projects/Electronic/STM32/F1/CubeIDE/Libraries/ArduinoJson/src/ArduinoJson/Collection/CollectionImpl.hpp:33:13:void ArduinoJson::V742HB22::detail::CollectionData::appendOne(ArduinoJson::V742HB22::detail::Slot<ArduinoJson::V742HB22::detail::VariantData>, const ArduinoJson::V742HB22::detail::ResourceManager*)	40	static
D:/my_Projects/Electronic/STM32/F1/CubeIDE/Libraries/ArduinoJson/src/ArduinoJson/Collection/CollectionImpl.hpp:45:13:void ArduinoJson::V742HB22::detail::CollectionData::appendPair(ArduinoJson::V742HB22::detail::Slot<ArduinoJson::V742HB22::detail::VariantData>, ArduinoJson::V742HB22::detail::Slot<ArduinoJson::V742HB22::detail::VariantData>, const ArduinoJson::V742HB22::detail::ResourceManager*)	40	static
D:/my_Projects/Electronic/STM32/F1/CubeIDE/Libraries/ArduinoJson/src/ArduinoJson/Collection/CollectionImpl.hpp:60:13:void ArduinoJson::V742HB22::detail::CollectionData::clear(ArduinoJson::V742HB22::detail::ResourceManager*)	40	static
D:/my_Projects/Electronic/STM32/F1/CubeIDE/Libraries/ArduinoJson/src/ArduinoJson/Memory/ResourceManagerImpl.hpp:14:26:ArduinoJson::V742HB22::detail::Slot<ArduinoJson::V742HB22::detail::VariantData> ArduinoJson::V742HB22::detail::ResourceManager::allocVariant()	32	static
D:/my_Projects/Electronic/STM32/F1/CubeIDE/Libraries/ArduinoJson/src/ArduinoJson/Memory/ResourceManagerImpl.hpp:23:13:void ArduinoJson::V742HB22::detail::ResourceManager::freeVariant(ArduinoJson::V742HB22::detail::Slot<ArduinoJson::V742HB22::detail::VariantData>)	40	static
D:/my_Projects/Electronic/STM32/F1/CubeIDE/Libraries/ArduinoJson/src/ArduinoJson/Memory/ResourceManagerImpl.hpp:28:21:ArduinoJson::V742HB22::detail::VariantData* ArduinoJson::V742HB22::detail::ResourceManager::getVariant(ArduinoJson::V742HB22::detail::SlotId) const	16	static
D:/my_Projects/Electronic/STM32/F1/CubeIDE/Libraries/ArduinoJson/src/ArduinoJson/Memory/ResourceManagerImpl.hpp:33:31:ArduinoJson::V742HB22::detail::Slot<ArduinoJson::V742HB22::detail::VariantExtension> ArduinoJson::V742HB22::detail::ResourceManager::allocExtension()	32	static
D:/my_Projects/Electronic/STM32/F1/CubeIDE/Libraries/ArduinoJson/src/ArduinoJson/Memory/ResourceManagerImpl.hpp:42:13:void ArduinoJson::V742HB22::detail::ResourceManager::freeExtension(ArduinoJson::V742HB22::detail::SlotId)	40	static
D:/my_Projects/Electronic/STM32/F1/CubeIDE/Libraries/ArduinoJson/src/ArduinoJson/Memory/ResourceManagerImpl.hpp:47:26:ArduinoJson::V742HB22::detail::VariantExtension* ArduinoJson::V742HB22::detail::ResourceManager::getExtension(ArduinoJson::V742HB22::detail::SlotId) const	16	static
D:/my_Projects/Electronic/STM32/F1/CubeIDE/Libraries/ArduinoJson/src/ArduinoJson/Object/ObjectImpl.hpp:71:21:ArduinoJson::V742HB22::detail::VariantData* ArduinoJson::V742HB22::detail::ObjectData::addPair(ArduinoJson::V742HB22::detail::VariantData**, ArduinoJson::V742HB22::detail::ResourceManager*)	48	static
D:/my_Projects/Electronic/STM32/F1/CubeIDE/Libraries/ArduinoJson/src/ArduinoJson/Json/EscapeSequence.hpp:23:15:static char ArduinoJson::V742HB22::detail::EscapeSequence::unescapeChar(char)	24	static
D:/my_Projects/Electronic/STM32/F1/CubeIDE/Libraries/ArduinoJson/src/ArduinoJson/Json/EscapeSequence.hpp:35:22:static const char* ArduinoJson::V742HB22::detail::EscapeSequence::escapeTable(bool)	16	static
D:/my_Projects/Electronic/STM32/F1/CubeIDE/Libraries/ArduinoJson/src/ArduinoJson/Memory/StringBuilder.hpp:15:3:ArduinoJson::V742HB22::detail::StringBuilder::StringBuilder(ArduinoJson::V742HB22::detail::ResourceManager*)	16	static
D:/my_Projects/Electronic/STM32/F1/CubeIDE/Libraries/ArduinoJson/src/ArduinoJson/Memory/StringBuilder.hpp:17:3:ArduinoJson::V742HB22::detail::StringBuilder::~StringBuilder()	16	static
D:/my_Projects/Electronic/STM32/F1/CubeIDE/Libraries/ArduinoJson/src/ArduinoJson/Memory/StringBuilder.hpp:22:8:void ArduinoJson::V742HB22::detail::StringBuilder::startString()	16	static
D:/my_Projects/Electronic/STM32/F1/CubeIDE/Libraries/ArduinoJson/src/ArduinoJson/Memory/StringBuilder.hpp:28:8:void ArduinoJson::V742HB22::detail::StringBuilder::save(ArduinoJson::V742HB22::detail::VariantData*)	56	static
D:/my_Projects/Electronic/STM32/F1/CubeIDE/Libraries/ArduinoJson/src/ArduinoJson/Memory/StringBuilder.hpp:61:8:void ArduinoJson::V742HB22::detail::StringBuilder::append(char)	24	static
D:/my_Projects/Electronic/STM32/F1/CubeIDE/Libraries/ArduinoJson/src/ArduinoJson/Memory/StringBuilder.hpp:68:8:bool ArduinoJson::V742HB22::detail::StringBuilder::isValid() const	16	static
D:/my_Projects/Electronic/STM32/F1/CubeIDE/Libraries/ArduinoJson/src/ArduinoJson/Memory/StringBuilder.hpp:76:14:ArduinoJson::V742HB22::JsonString ArduinoJson::V742HB22::detail::StringBuilder::str() const	16	static
D:/my_Projects/Electronic/STM32/F1/CubeIDE/Libraries/ArduinoJson/src/ArduinoJson/Variant/VariantImpl.hpp:48:13:void ArduinoJson::V742HB22::detail::VariantData::clear(ArduinoJson::V742HB22::detail::ResourceManager*)	24	static
D:/my_Projects/Electronic/STM32/F1/CubeIDE/Libraries/ArduinoJson/src/ArduinoJson/Variant/VariantImpl.hpp:65:32:const ArduinoJson::V742HB22::detail::VariantExtension* ArduinoJson::V742HB22::detail::VariantData::getExtension(const ArduinoJson::V742HB22::detail::ResourceManager*) const	16	static
D:/my_Projects/Electronic/STM32/F1/CubeIDE/Libraries/ArduinoJson/src/ArduinoJson/Deserialization/DeserializationError.hpp:29:3:ArduinoJson::V742HB22::DeserializationError::DeserializationError(Code)	16	static
D:/my_Projects/Electronic/STM32/F1/CubeIDE/Libraries/ArduinoJson/src/ArduinoJson/Deserialization/DeserializationError.hpp:56:12:ArduinoJson::V742HB22::DeserializationError::operator bool() const	16	static
D:/my_Projects/Electronic/STM32/F1/CubeIDE/Libraries/ArduinoJson/src/ArduinoJson/Deserialization/Filter.hpp:54:8:bool ArduinoJson::V742HB22::detail::AllowAllFilter::allow() const	16	static
D:/my_Projects/Electronic/STM32/F1/CubeIDE/Libraries/ArduinoJson/src/ArduinoJson/Deserialization/Filter.hpp:58:8:bool ArduinoJson::V742HB22::detail::AllowAllFilter::allowArray() const	16	static
D:/my_Projects/Electronic/STM32/F1/CubeIDE/Libraries/ArduinoJson/src/ArduinoJson/Deserialization/Filter.hpp:62:8:bool ArduinoJson::V742HB22::detail::AllowAllFilter::allowObject() const	16	static
D:/my_Projects/Electronic/STM32/F1/CubeIDE/Libraries/ArduinoJson/src/ArduinoJson/Deserialization/Filter.hpp:66:8:bool ArduinoJson::V742HB22::detail::AllowAllFilter::allowValue() const	16	static
D:/my_Projects/Electronic/STM32/F1/CubeIDE/Libraries/ArduinoJson/src/ArduinoJson/Deserialization/NestingLimit.hpp:15:3:ArduinoJson::V742HB22::DeserializationOption::NestingLimit::NestingLimit()	16	static
D:/my_Projects/Electronic/STM32/F1/CubeIDE/Libraries/ArduinoJson/src/ArduinoJson/Deserialization/NestingLimit.hpp:16:12:ArduinoJson::V742HB22::DeserializationOption::NestingLimit::NestingLimit(uint8_t)	16	static
D:/my_Projects/Electronic/STM32/F1/CubeIDE/Libraries/ArduinoJson/src/ArduinoJson/Deserialization/NestingLimit.hpp:18:16:ArduinoJson::V742HB22::DeserializationOption::NestingLimit ArduinoJson::V742HB22::DeserializationOption::NestingLimit::decrement() const	24	static
D:/my_Projects/Electronic/STM32/F1/CubeIDE/Libraries/ArduinoJson/src/ArduinoJson/Deserialization/NestingLimit.hpp:23:8:bool ArduinoJson::V742HB22::DeserializationOption::NestingLimit::reached() const	16	static
D:/my_Projects/Electronic/STM32/F1/CubeIDE/Libraries/ArduinoJson/src/ArduinoJson/Deserialization/DeserializationOptions.hpp:30:47:ArduinoJson::V742HB22::detail::DeserializationOptions<ArduinoJson::V742HB22::detail::AllowAllFilter> ArduinoJson::V742HB22::detail::makeDeserializationOptions(ArduinoJson::V742HB22::DeserializationOption::NestingLimit)	24	static
D:/my_Projects/Electronic/STM32/F1/CubeIDE/Libraries/ArduinoJson/src/ArduinoJson/Deserialization/deserialize.hpp:38:13:void ArduinoJson::V742HB22::detail::shrinkJsonDocument(ArduinoJson::V742HB22::JsonDocument&)	16	static
D:/my_Projects/Electronic/STM32/F1/CubeIDE/Libraries/ArduinoJson/src/ArduinoJson/Json/Utf16.hpp:24:13:bool ArduinoJson::V742HB22::detail::Utf16::isHighSurrogate(uint16_t)	16	static
D:/my_Projects/Electronic/STM32/F1/CubeIDE/Libraries/ArduinoJson/src/ArduinoJson/Json/Utf16.hpp:28:13:bool ArduinoJson::V742HB22::detail::Utf16::isLowSurrogate(uint16_t)	16	static
D:/my_Projects/Electronic/STM32/F1/CubeIDE/Libraries/ArduinoJson/src/ArduinoJson/Json/Utf16.hpp:34:3:ArduinoJson::V742HB22::detail::Utf16::Codepoint::Codepoint()	16	static
D:/my_Projects/Electronic/STM32/F1/CubeIDE/Libraries/ArduinoJson/src/ArduinoJson/Json/Utf16.hpp:36:8:bool ArduinoJson::V742HB22::detail::Utf16::Codepoint::append(uint16_t)	16	static
D:/my_Projects/Electronic/STM32/F1/CubeIDE/Libraries/ArduinoJson/src/ArduinoJson/Json/Utf16.hpp:52:12:uint32_t ArduinoJson::V742HB22::detail::Utf16::Codepoint::value() const	16	static
D:/my_Projects/Electronic/STM32/F1/CubeIDE/Libraries/ArduinoJson/src/ArduinoJson/Polyfills/ctype.hpp:12:13:bool ArduinoJson::V742HB22::detail::isdigit(char)	16	static
D:/my_Projects/Electronic/STM32/F1/CubeIDE/Libraries/ArduinoJson/src/ArduinoJson/Numbers/parseNumber.hpp:31:3:ArduinoJson::V742HB22::detail::NumberValue::NumberValue()	16	static
D:/my_Projects/Electronic/STM32/F1/CubeIDE/Libraries/ArduinoJson/src/ArduinoJson/Numbers/parseNumber.hpp:32:3:ArduinoJson::V742HB22::detail::NumberValue::NumberValue(float)	16	static
D:/my_Projects/Electronic/STM32/F1/CubeIDE/Libraries/ArduinoJson/src/ArduinoJson/Numbers/parseNumber.hpp:33:3:ArduinoJson::V742HB22::detail::NumberValue::NumberValue(ArduinoJson::V742HB22::JsonInteger)	24	static
D:/my_Projects/Electronic/STM32/F1/CubeIDE/Libraries/ArduinoJson/src/ArduinoJson/Numbers/parseNumber.hpp:34:3:ArduinoJson::V742HB22::detail::NumberValue::NumberValue(ArduinoJson::V742HB22::JsonUInt)	24	static
D:/my_Projects/Electronic/STM32/F1/CubeIDE/Libraries/ArduinoJson/src/ArduinoJson/Numbers/parseNumber.hpp:36:3:ArduinoJson::V742HB22::detail::NumberValue::NumberValue(double)	24	static
D:/my_Projects/Electronic/STM32/F1/CubeIDE/Libraries/ArduinoJson/src/ArduinoJson/Numbers/parseNumber.hpp:52:3:ArduinoJson::V742HB22::detail::Number::Number()	16	static
D:/my_Projects/Electronic/STM32/F1/CubeIDE/Libraries/ArduinoJson/src/ArduinoJson/Numbers/parseNumber.hpp:53:3:ArduinoJson::V742HB22::detail::Number::Number(float)	16	static
D:/my_Projects/Electronic/STM32/F1/CubeIDE/Libraries/ArduinoJson/src/ArduinoJson/Numbers/parseNumber.hpp:54:3:ArduinoJson::V742HB22::detail::Number::Number(ArduinoJson::V742HB22::JsonInteger)	24	static
D:/my_Projects/Electronic/STM32/F1/CubeIDE/Libraries/ArduinoJson/src/ArduinoJson/Numbers/parseNumber.hpp:55:3:ArduinoJson::V742HB22::detail::Number::Number(ArduinoJson::V742HB22::JsonUInt)	24	static
D:/my_Projects/Electronic/STM32/F1/CubeIDE/Libraries/ArduinoJson/src/ArduinoJson/Numbers/parseNumber.hpp:57:3:ArduinoJson::V742HB22::detail::Number::Number(double)	24	static
D:/my_Projects/Electronic/STM32/F1/CubeIDE/Libraries/ArduinoJson/src/ArduinoJson/Numbers/parseNumber.hpp:78:14:ArduinoJson::V742HB22::detail::NumberType ArduinoJson::V742HB22::detail::Number::type() const	16	static
D:/my_Projects/Electronic/STM32/F1/CubeIDE/Libraries/ArduinoJson/src/ArduinoJson/Numbers/parseNumber.hpp:82:15:ArduinoJson::V742HB22::JsonInteger ArduinoJson::V742HB22::detail::Number::asSignedInteger() const	16	static
D:/my_Projects/Electronic/STM32/F1/CubeIDE/Libraries/ArduinoJson/src/ArduinoJson/Numbers/parseNumber.hpp:87:12:ArduinoJson::V742HB22::JsonUInt ArduinoJson::V742HB22::detail::Number::asUnsignedInteger() const	16	static
D:/my_Projects/Electronic/STM32/F1/CubeIDE/Libraries/ArduinoJson/src/ArduinoJson/Numbers/parseNumber.hpp:92:9:float ArduinoJson::V742HB22::detail::Number::asFloat() const	16	static
D:/my_Projects/Electronic/STM32/F1/CubeIDE/Libraries/ArduinoJson/src/ArduinoJson/Numbers/parseNumber.hpp:98:10:double ArduinoJson::V742HB22::detail::Number::asDouble() const	16	static
D:/my_Projects/Electronic/STM32/F1/CubeIDE/Libraries/ArduinoJson/src/ArduinoJson/Numbers/parseNumber.hpp:105:15:ArduinoJson::V742HB22::detail::Number ArduinoJson::V742HB22::detail::parseNumber(const char*)	200	static
C:\ST\STM32CubeIDE_1.19.0\STM32CubeIDE\plugins\com.st.stm32cube.ide.mcu.externaltools.gnu-tools-for-stm32.13.3.rel1.win32_1.0.0.202411081344\tools\bin/../lib/gcc/arm-none-eabi/13.3.1/../../../../arm-none-eabi/include/c++/13.3.1/bits/stl_deque.h:96:3:constexpr std::size_t std::__deque_buf_size(size_t)	16	static
../Core/Src/main.cpp:78:6:void HAL_UART_TxCpltCallback(UART_HandleTypeDef*)	16	static
../Core/Src/main.cpp:88:6:void UartPacket_IdleCallback(UART_HandleTypeDef*)	360	static
C:\ST\STM32CubeIDE_1.19.0\STM32CubeIDE\plugins\com.st.stm32cube.ide.mcu.externaltools.gnu-tools-for-stm32.13.3.rel1.win32_1.0.0.202411081344\tools\bin/../lib/gcc/arm-none-eabi/13.3.1/../../../../arm-none-eabi/include/c++/13.3.1/bits/basic_string.h:522:7:constexpr std::__cxx11::basic_string<_CharT, _Traits, _Alloc>::basic_string() [with _CharT = char; _Traits = std::char_traits<char>; _Alloc = std::allocator<char>]	40	static
C:\ST\STM32CubeIDE_1.19.0\STM32CubeIDE\plugins\com.st.stm32cube.ide.mcu.externaltools.gnu-tools-for-stm32.13.3.rel1.win32_1.0.0.202411081344\tools\bin/../lib/gcc/arm-none-eabi/13.3.1/../../../../arm-none-eabi/include/c++/13.3.1/bits/basic_string.h:227:7:constexpr std::__cxx11::basic_string<_CharT, _Traits, _Alloc>::pointer std::__cxx11::basic_string<_CharT, _Traits, _Alloc>::_M_local_data() [with _CharT = char; _Traits = std::char_traits<char>; _Alloc = std::allocator<char>]	16	static
C:\ST\STM32CubeIDE_1.19.0\STM32CubeIDE\plugins\com.st.stm32cube.ide.mcu.externaltools.gnu-tools-for-stm32.13.3.rel1.win32_1.0.0.202411081344\tools\bin/../lib/gcc/arm-none-eabi/13.3.1/../../../../arm-none-eabi/include/c++/13.3.1/bits/ptr_traits.h:141:7:static constexpr _Tp* std::__ptr_traits_ptr_to<_Tp*, _Tp, false>::pointer_to(element_type&) [with _Tp = char]	16	static
C:\ST\STM32CubeIDE_1.19.0\STM32CubeIDE\plugins\com.st.stm32cube.ide.mcu.externaltools.gnu-tools-for-stm32.13.3.rel1.win32_1.0.0.202411081344\tools\bin/../lib/gcc/arm-none-eabi/13.3.1/../../../../arm-none-eabi/include/c++/13.3.1/bits/move.h:138:5:constexpr _Tp* std::addressof(_Tp&) [with _Tp = char]	16	static
C:\ST\STM32CubeIDE_1.19.0\STM32CubeIDE\plugins\com.st.stm32cube.ide.mcu.externaltools.gnu-tools-for-stm32.13.3.rel1.win32_1.0.0.202411081344\tools\bin/../lib/gcc/arm-none-eabi/13.3.1/../../../../arm-none-eabi/include/c++/13.3.1/bits/move.h:51:5:constexpr _Tp* std::__addressof(_Tp&) [with _Tp = char]	16	static
C:\ST\STM32CubeIDE_1.19.0\STM32CubeIDE\plugins\com.st.stm32cube.ide.mcu.externaltools.gnu-tools-for-stm32.13.3.rel1.win32_1.0.0.202411081344\tools\bin/../lib/gcc/arm-none-eabi/13.3.1/../../../../arm-none-eabi/include/c++/13.3.1/bits/basic_string.h:192:2:constexpr std::__cxx11::basic_string<_CharT, _Traits, _Alloc>::_Alloc_hider::_Alloc_hider(std::__cxx11::basic_string<_CharT, _Traits, _Alloc>::pointer, _Alloc&&) [with _CharT = char; _Traits = std::char_traits<char>; _Alloc = std::allocator<char>]	40	static
C:\ST\STM32CubeIDE_1.19.0\STM32CubeIDE\plugins\com.st.stm32cube.ide.mcu.externaltools.gnu-tools-for-stm32.13.3.rel1.win32_1.0.0.202411081344\tools\bin/../lib/gcc/arm-none-eabi/13.3.1/../../../../arm-none-eabi/include/c++/13.3.1/bits/move.h:97:5:constexpr typename std::remove_reference<_Tp>::type&& std::move(_Tp&&) [with _Tp = allocator<char>&]	16	static
C:\ST\STM32CubeIDE_1.19.0\STM32CubeIDE\plugins\com.st.stm32cube.ide.mcu.externaltools.gnu-tools-for-stm32.13.3.rel1.win32_1.0.0.202411081344\tools\bin/../lib/gcc/arm-none-eabi/13.3.1/../../../../arm-none-eabi/include/c++/13.3.1/bits/basic_string.h:641:7:constexpr std::__cxx11::basic_string<_CharT, _Traits, _Alloc>::basic_string(const _CharT*, const _Alloc&) [with <template-parameter-2-1> = std::allocator<char>; _CharT = char; _Traits = std::char_traits<char>; _Alloc = std::allocator<char>]	40	static
C:\ST\STM32CubeIDE_1.19.0\STM32CubeIDE\plugins\com.st.stm32cube.ide.mcu.externaltools.gnu-tools-for-stm32.13.3.rel1.win32_1.0.0.202411081344\tools\bin/../lib/gcc/arm-none-eabi/13.3.1/../../../../arm-none-eabi/include/c++/13.3.1/bits/basic_string.h:188:2:constexpr std::__cxx11::basic_string<_CharT, _Traits, _Alloc>::_Alloc_hider::_Alloc_hider(std::__cxx11::basic_string<_CharT, _Traits, _Alloc>::pointer, const _Alloc&) [with _CharT = char; _Traits = std::char_traits<char>; _Alloc = std::allocator<char>]	40	static
../Core/Src/main.cpp:158:5:int main()	96	static
../Core/Src/main.cpp:222:6:void SystemClock_Config()	72	static
../Core/Src/main.cpp:267:13:void MX_IWDG_Init()	8	static
../Core/Src/main.cpp:295:13:void MX_USART1_UART_Init()	8	static
../Core/Src/main.cpp:326:13:void MX_DMA_Init()	16	static
../Core/Src/main.cpp:347:13:void MX_GPIO_Init()	40	static
../Core/Src/main.cpp:392:6:void sendProcessControl(Packets*)	24	static
../Core/Src/main.cpp:417:19:HAL_StatusTypeDef rs485OneSendData(uint8_t*, uint32_t)	16	static
../Core/Src/main.cpp:438:6:void HAL_TIM_PeriodElapsedCallback(TIM_HandleTypeDef*)	16	static
../Core/Src/main.cpp:465:6:void Error_Handler()	4	static,ignoring_inline_asm
C:\ST\STM32CubeIDE_1.19.0\STM32CubeIDE\plugins\com.st.stm32cube.ide.mcu.externaltools.gnu-tools-for-stm32.13.3.rel1.win32_1.0.0.202411081344\tools\arm-none-eabi\include\c++\13.3.1\bits\stl_construct.h:94:5:) [with _Tp = char; _Args = {const char&}]	24	static
C:\ST\STM32CubeIDE_1.19.0\STM32CubeIDE\plugins\com.st.stm32cube.ide.mcu.externaltools.gnu-tools-for-stm32.13.3.rel1.win32_1.0.0.202411081344\tools\bin/../lib/gcc/arm-none-eabi/13.3.1/../../../../arm-none-eabi/include/c++/13.3.1/bits/char_traits.h:199:5:static constexpr std::size_t __gnu_cxx::char_traits<_CharT>::length(const char_type*) [with _CharT = char]	24	static
C:\ST\STM32CubeIDE_1.19.0\STM32CubeIDE\plugins\com.st.stm32cube.ide.mcu.externaltools.gnu-tools-for-stm32.13.3.rel1.win32_1.0.0.202411081344\tools\bin/../lib/gcc/arm-none-eabi/13.3.1/../../../../arm-none-eabi/include/c++/13.3.1/bits/char_traits.h:253:5:static constexpr __gnu_cxx::char_traits<_CharT>::char_type* __gnu_cxx::char_traits<_CharT>::copy(char_type*, const char_type*, std::size_t) [with _CharT = char]	32	static
D:/my_Projects/Electronic/STM32/F1/CubeIDE/Libraries/ArduinoJson/src/ArduinoJson/Strings/JsonString.hpp:31:3:ArduinoJson::V742HB22::JsonString::JsonString(const char*, TSize, bool) [with TSize = short unsigned int; typename ArduinoJson::V742HB22::detail::enable_if<(ArduinoJson::V742HB22::detail::is_integral<T>::value && (! ArduinoJson::V742HB22::detail::is_same<TSize, bool>::value)), int>::type <anonymous> = 0]	24	static
D:/my_Projects/Electronic/STM32/F1/CubeIDE/Libraries/ArduinoJson/src/ArduinoJson/Memory/MemoryPoolList.hpp:30:3:ArduinoJson::V742HB22::detail::MemoryPoolList<T>::~MemoryPoolList() [with T = ArduinoJson::V742HB22::detail::ResourceManager::SlotData]	16	static
D:/my_Projects/Electronic/STM32/F1/CubeIDE/Libraries/ArduinoJson/src/ArduinoJson/Memory/MemoryPoolList.hpp:117:8:void ArduinoJson::V742HB22::detail::MemoryPoolList<T>::clear(ArduinoJson::V742HB22::Allocator*) [with T = ArduinoJson::V742HB22::detail::ResourceManager::SlotData]	24	static
D:/my_Projects/Electronic/STM32/F1/CubeIDE/Libraries/ArduinoJson/src/ArduinoJson/Memory/MemoryPoolList.hpp:140:8:void ArduinoJson::V742HB22::detail::MemoryPoolList<T>::shrinkToFit(ArduinoJson::V742HB22::Allocator*) [with T = ArduinoJson::V742HB22::detail::ResourceManager::SlotData]	16	static
D:/my_Projects/Electronic/STM32/F1/CubeIDE/Libraries/ArduinoJson/src/ArduinoJson/Variant/VariantAttorney.hpp:25:15:getData()) ArduinoJson::V742HB22::detail::VariantAttorney::getData(TClient&) [with TClient = ArduinoJson::V742HB22::JsonVariant]	16	static
D:/my_Projects/Electronic/STM32/F1/CubeIDE/Libraries/ArduinoJson/src/ArduinoJson/Variant/VariantAttorney.hpp:25:15:getData()) ArduinoJson::V742HB22::detail::VariantAttorney::getData(TClient&) [with TClient = ArduinoJson::V742HB22::JsonVariantConst]	16	static
D:/my_Projects/Electronic/STM32/F1/CubeIDE/Libraries/ArduinoJson/src/ArduinoJson/Variant/VariantAttorney.hpp:19:15:getResourceManager()) ArduinoJson::V742HB22::detail::VariantAttorney::getResourceManager(TClient&) [with TClient = ArduinoJson::V742HB22::JsonVariantConst]	16	static
D:/my_Projects/Electronic/STM32/F1/CubeIDE/Libraries/ArduinoJson/src/ArduinoJson/Memory/MemoryPool.hpp:25:12:ArduinoJson::V742HB22::detail::Slot<T>::operator bool() const [with T = ArduinoJson::V742HB22::detail::VariantData]	16	static
D:/my_Projects/Electronic/STM32/F1/CubeIDE/Libraries/ArduinoJson/src/ArduinoJson/Memory/MemoryPool.hpp:33:6:T* ArduinoJson::V742HB22::detail::Slot<T>::ptr() const [with T = ArduinoJson::V742HB22::detail::VariantData]	16	static
D:/my_Projects/Electronic/STM32/F1/CubeIDE/Libraries/ArduinoJson/src/ArduinoJson/Memory/MemoryPool.hpp:29:10:ArduinoJson::V742HB22::detail::SlotId ArduinoJson::V742HB22::detail::Slot<T>::id() const [with T = ArduinoJson::V742HB22::detail::VariantData]	16	static
D:/my_Projects/Electronic/STM32/F1/CubeIDE/Libraries/ArduinoJson/src/ArduinoJson/Memory/MemoryPool.hpp:37:6:T* ArduinoJson::V742HB22::detail::Slot<T>::operator->() const [with T = ArduinoJson::V742HB22::detail::VariantData]	16	static
D:/my_Projects/Electronic/STM32/F1/CubeIDE/Libraries/ArduinoJson/src/ArduinoJson/Memory/MemoryPool.hpp:21:3:ArduinoJson::V742HB22::detail::Slot<T>::Slot(T*, ArduinoJson::V742HB22::detail::SlotId) [with T = ArduinoJson::V742HB22::detail::VariantData]	24	static
D:/my_Projects/Electronic/STM32/F1/CubeIDE/Libraries/ArduinoJson/src/ArduinoJson/Memory/MemoryPool.hpp:20:3:ArduinoJson::V742HB22::detail::Slot<T>::Slot() [with T = ArduinoJson::V742HB22::detail::VariantData]	16	static
D:/my_Projects/Electronic/STM32/F1/CubeIDE/Libraries/ArduinoJson/src/ArduinoJson/Memory/MemoryPoolList.hpp:82:11:ArduinoJson::V742HB22::detail::Slot<T> ArduinoJson::V742HB22::detail::MemoryPoolList<T>::allocSlot(ArduinoJson::V742HB22::Allocator*) [with T = ArduinoJson::V742HB22::detail::ResourceManager::SlotData]	40	static
D:/my_Projects/Electronic/STM32/F1/CubeIDE/Libraries/ArduinoJson/src/ArduinoJson/Memory/MemoryPool.hpp:25:12:ArduinoJson::V742HB22::detail::Slot<T>::operator bool() const [with T = ArduinoJson::V742HB22::detail::ResourceManager::SlotData]	16	static
D:/my_Projects/Electronic/STM32/F1/CubeIDE/Libraries/ArduinoJson/src/ArduinoJson/Memory/MemoryPool.hpp:37:6:T* ArduinoJson::V742HB22::detail::Slot<T>::operator->() const [with T = ArduinoJson::V742HB22::detail::ResourceManager::SlotData]	16	static
D:/my_Projects/Electronic/STM32/F1/CubeIDE/Libraries/ArduinoJson/src/ArduinoJson/Memory/MemoryPool.hpp:29:10:ArduinoJson::V742HB22::detail::SlotId ArduinoJson::V742HB22::detail::Slot<T>::id() const [with T = ArduinoJson::V742HB22::detail::ResourceManager::SlotData]	16	static
D:/my_Projects/Electronic/STM32/F1/CubeIDE/Libraries/ArduinoJson/src/ArduinoJson/Polyfills/alias_cast.hpp:24:3:T ArduinoJson::V742HB22::detail::alias_cast(F) [with T = ResourceManager::SlotData*; F = VariantData*]	24	static
D:/my_Projects/Electronic/STM32/F1/CubeIDE/Libraries/ArduinoJson/src/ArduinoJson/Memory/MemoryPool.hpp:21:3:ArduinoJson::V742HB22::detail::Slot<T>::Slot(T*, ArduinoJson::V742HB22::detail::SlotId) [with T = ArduinoJson::V742HB22::detail::ResourceManager::SlotData]	24	static
D:/my_Projects/Electronic/STM32/F1/CubeIDE/Libraries/ArduinoJson/src/ArduinoJson/Memory/MemoryPoolList.hpp:103:8:void ArduinoJson::V742HB22::detail::MemoryPoolList<T>::freeSlot(ArduinoJson::V742HB22::detail::Slot<T>) [with T = ArduinoJson::V742HB22::detail::ResourceManager::SlotData]	32	static
D:/my_Projects/Electronic/STM32/F1/CubeIDE/Libraries/ArduinoJson/src/ArduinoJson/Memory/MemoryPoolList.hpp:108:6:T* ArduinoJson::V742HB22::detail::MemoryPoolList<T>::getSlot(ArduinoJson::V742HB22::detail::SlotId) const [with T = ArduinoJson::V742HB22::detail::ResourceManager::SlotData]	24	static
D:/my_Projects/Electronic/STM32/F1/CubeIDE/Libraries/ArduinoJson/src/ArduinoJson/Memory/MemoryPool.hpp:20:3:ArduinoJson::V742HB22::detail::Slot<T>::Slot() [with T = ArduinoJson::V742HB22::detail::VariantExtension]	16	static
D:/my_Projects/Electronic/STM32/F1/CubeIDE/Libraries/ArduinoJson/src/ArduinoJson/Memory/MemoryPool.hpp:21:3:ArduinoJson::V742HB22::detail::Slot<T>::Slot(T*, ArduinoJson::V742HB22::detail::SlotId) [with T = ArduinoJson::V742HB22::detail::VariantExtension]	24	static
D:/my_Projects/Electronic/STM32/F1/CubeIDE/Libraries/ArduinoJson/src/ArduinoJson/Variant/VariantData.hpp:21:13:bool ArduinoJson::V742HB22::detail::isTinyString(const T&, size_t) [with T = char*]	24	static
D:/my_Projects/Electronic/STM32/F1/CubeIDE/Libraries/ArduinoJson/src/ArduinoJson/Strings/StringAdapter.hpp:43:23:ArduinoJson::V742HB22::detail::AdaptedString<TChar*> ArduinoJson::V742HB22::detail::adaptString(TChar*, size_t) [with TChar = char]	24	static
D:/my_Projects/Electronic/STM32/F1/CubeIDE/Libraries/ArduinoJson/src/ArduinoJson/Variant/VariantData.hpp:530:8:void ArduinoJson::V742HB22::detail::VariantData::setTinyString(const TAdaptedString&) [with TAdaptedString = ArduinoJson::V742HB22::detail::RamString]	24	static
D:/my_Projects/Electronic/STM32/F1/CubeIDE/Libraries/ArduinoJson/src/ArduinoJson/Memory/ResourceManager.hpp:88:15:ArduinoJson::V742HB22::detail::StringNode* ArduinoJson::V742HB22::detail::ResourceManager::getString(const TAdaptedString&) const [with TAdaptedString = ArduinoJson::V742HB22::detail::RamString]	16	static
D:/my_Projects/Electronic/STM32/F1/CubeIDE/Libraries/ArduinoJson/src/ArduinoJson/Strings/JsonString.hpp:31:3:ArduinoJson::V742HB22::JsonString::JsonString(const char*, TSize, bool) [with TSize = unsigned int; typename ArduinoJson::V742HB22::detail::enable_if<(ArduinoJson::V742HB22::detail::is_integral<T>::value && (! ArduinoJson::V742HB22::detail::is_same<TSize, bool>::value)), int>::type <anonymous> = 0]	24	static
D:/my_Projects/Electronic/STM32/F1/CubeIDE/Libraries/ArduinoJson/src/ArduinoJson/Variant/VariantAttorney.hpp:19:15:getResourceManager()) ArduinoJson::V742HB22::detail::VariantAttorney::getResourceManager(TClient&) [with TClient = ArduinoJson::V742HB22::JsonVariant]	16	static
D:/my_Projects/Electronic/STM32/F1/CubeIDE/Libraries/ArduinoJson/src/ArduinoJson/Strings/StringAdapter.hpp:33:24:ArduinoJson::V742HB22::detail::AdaptedString<TString> ArduinoJson::V742HB22::detail::adaptString(TString&&) [with TString = const char*&]	16	static
D:/my_Projects/Electronic/STM32/F1/CubeIDE/Libraries/ArduinoJson/src/ArduinoJson/Variant/VariantData.hpp:514:15:static void ArduinoJson::V742HB22::detail::VariantData::setString(ArduinoJson::V742HB22::detail::VariantData*, TAdaptedString, ArduinoJson::V742HB22::detail::ResourceManager*) [with TAdaptedString = ArduinoJson::V742HB22::detail::RamString]	32	static
D:/my_Projects/Electronic/STM32/F1/CubeIDE/Libraries/ArduinoJson/src/ArduinoJson/Strings/StringAdapter.hpp:33:24:ArduinoJson::V742HB22::detail::AdaptedString<TString> ArduinoJson::V742HB22::detail::adaptString(TString&&) [with TString = ArduinoJson::V742HB22::JsonString&]	16	static
D:/my_Projects/Electronic/STM32/F1/CubeIDE/Libraries/ArduinoJson/src/ArduinoJson/Numbers/FloatTraits.hpp:70:12:static T ArduinoJson::V742HB22::detail::FloatTraits<T, 8>::inf() [with T = double]	8	static
D:/my_Projects/Electronic/STM32/F1/CubeIDE/Libraries/ArduinoJson/src/ArduinoJson/Numbers/FloatTraits.hpp:196:15:TFloat ArduinoJson::V742HB22::detail::make_float(TFloat, TExponent) [with TFloat = double; TExponent = int]	32	static
D:/my_Projects/Electronic/STM32/F1/CubeIDE/Libraries/ArduinoJson/src/ArduinoJson/Numbers/FloatTraits.hpp:196:15:TFloat ArduinoJson::V742HB22::detail::make_float(TFloat, TExponent) [with TFloat = float; TExponent = int]	24	static
D:/my_Projects/Electronic/STM32/F1/CubeIDE/Libraries/ArduinoJson/src/ArduinoJson/Variant/VariantData.hpp:21:13:bool ArduinoJson::V742HB22::detail::isTinyString(const T&, size_t) [with T = const char*]	24	static
D:/my_Projects/Electronic/STM32/F1/CubeIDE/Libraries/ArduinoJson/src/ArduinoJson/Json/JsonDeserializer.hpp:713:29:) [with TDestination = JsonDocument&; TChar = unsigned char; Args = {}; typename detail::enable_if<detail::integral_constant<bool, (detail::is_base_of<JsonDocument, typename detail::remove_cv<T>::type>::value || detail::IsVariant<T>::value)>::value, int>::type <anonymous> = 0]	16	static
D:/my_Projects/Electronic/STM32/F1/CubeIDE/Libraries/ArduinoJson/src/ArduinoJson/Document/JsonDocument.hpp:193:70:ArduinoJson::V742HB22::detail::MemberProxy<ArduinoJson::V742HB22::JsonDocument&, typename ArduinoJson::V742HB22::detail::StringAdapter<typename ArduinoJson::V742HB22::detail::conditional<ArduinoJson::V742HB22::detail::IsStringLiteral<T>::value, TString, typename ArduinoJson::V742HB22::detail::remove_cv<typename ArduinoJson::V742HB22::detail::remove_reference<T>::type>::type>::type>::AdaptedString> ArduinoJson::V742HB22::JsonDocument::operator[](const TString&) [with TString = char [5]; typename ArduinoJson::V742HB22::detail::enable_if<ArduinoJson::V742HB22::detail::IsString<TString>::value, int>::type <anonymous> = 0]	48	static
D:/my_Projects/Electronic/STM32/F1/CubeIDE/Libraries/ArduinoJson/src/ArduinoJson/Variant/VariantRefBaseImpl.hpp:20:10:T ArduinoJson::V742HB22::detail::VariantRefBase<TDerived>::as() const [with T = int; TDerived = ArduinoJson::V742HB22::detail::MemberProxy<ArduinoJson::V742HB22::JsonDocument&, ArduinoJson::V742HB22::detail::RamString>]	40	static
D:/my_Projects/Electronic/STM32/F1/CubeIDE/Libraries/ArduinoJson/src/ArduinoJson/Variant/VariantOperators.hpp:94:15:bool ArduinoJson::V742HB22::detail::operator!=(const TVariant&, T*) [with T = const char; TVariant = MemberProxy<ArduinoJson::V742HB22::JsonDocument&, RamString>]	24	static
D:/my_Projects/Electronic/STM32/F1/CubeIDE/Libraries/ArduinoJson/src/ArduinoJson/Document/JsonDocument.hpp:193:70:ArduinoJson::V742HB22::detail::MemberProxy<ArduinoJson::V742HB22::JsonDocument&, typename ArduinoJson::V742HB22::detail::StringAdapter<typename ArduinoJson::V742HB22::detail::conditional<ArduinoJson::V742HB22::detail::IsStringLiteral<T>::value, TString, typename ArduinoJson::V742HB22::detail::remove_cv<typename ArduinoJson::V742HB22::detail::remove_reference<T>::type>::type>::type>::AdaptedString> ArduinoJson::V742HB22::JsonDocument::operator[](const TString&) [with TString = char [4]; typename ArduinoJson::V742HB22::detail::enable_if<ArduinoJson::V742HB22::detail::IsString<TString>::value, int>::type <anonymous> = 0]	48	static
D:/my_Projects/Electronic/STM32/F1/CubeIDE/Libraries/ArduinoJson/src/ArduinoJson/Variant/VariantOperators.hpp:73:15:bool ArduinoJson::V742HB22::detail::operator==(const TVariant&, T*) [with T = const char; TVariant = MemberProxy<ArduinoJson::V742HB22::JsonDocument&, RamString>]	24	static
D:/my_Projects/Electronic/STM32/F1/CubeIDE/Libraries/ArduinoJson/src/ArduinoJson/Object/MemberProxy.hpp:37:16:ArduinoJson::V742HB22::detail::MemberProxy< <template-parameter-1-1>, <template-parameter-1-2> >& ArduinoJson::V742HB22::detail::MemberProxy< <template-parameter-1-1>, <template-parameter-1-2> >::operator=(const T&) [with T = MessageType; TUpstream = ArduinoJson::V742HB22::JsonDocument&; AdaptedString = ArduinoJson::V742HB22::detail::RamString]	16	static
D:/my_Projects/Electronic/STM32/F1/CubeIDE/Libraries/ArduinoJson/src/ArduinoJson/Document/JsonDocument.hpp:193:70:ArduinoJson::V742HB22::detail::MemberProxy<ArduinoJson::V742HB22::JsonDocument&, typename ArduinoJson::V742HB22::detail::StringAdapter<typename ArduinoJson::V742HB22::detail::conditional<ArduinoJson::V742HB22::detail::IsStringLiteral<T>::value, TString, typename ArduinoJson::V742HB22::detail::remove_cv<typename ArduinoJson::V742HB22::detail::remove_reference<T>::type>::type>::type>::AdaptedString> ArduinoJson::V742HB22::JsonDocument::operator[](const TString&) [with TString = char [6]; typename ArduinoJson::V742HB22::detail::enable_if<ArduinoJson::V742HB22::detail::IsString<TString>::value, int>::type <anonymous> = 0]	48	static
D:/my_Projects/Electronic/STM32/F1/CubeIDE/Libraries/ArduinoJson/src/ArduinoJson/Object/MemberProxy.hpp:37:16:ArduinoJson::V742HB22::detail::MemberProxy< <template-parameter-1-1>, <template-parameter-1-2> >& ArduinoJson::V742HB22::detail::MemberProxy< <template-parameter-1-1>, <template-parameter-1-2> >::operator=(const T&) [with T = States; TUpstream = ArduinoJson::V742HB22::JsonDocument&; AdaptedString = ArduinoJson::V742HB22::detail::RamString]	16	static
D:/my_Projects/Electronic/STM32/F1/CubeIDE/Libraries/ArduinoJson/src/ArduinoJson/Object/MemberProxy.hpp:37:16:ArduinoJson::V742HB22::detail::MemberProxy< <template-parameter-1-1>, <template-parameter-1-2> >& ArduinoJson::V742HB22::detail::MemberProxy< <template-parameter-1-1>, <template-parameter-1-2> >::operator=(const T&) [with T = char [3]; TUpstream = ArduinoJson::V742HB22::JsonDocument&; AdaptedString = ArduinoJson::V742HB22::detail::RamString]	16	static
D:/my_Projects/Electronic/STM32/F1/CubeIDE/Libraries/ArduinoJson/src/ArduinoJson/Object/MemberProxy.hpp:37:16:ArduinoJson::V742HB22::detail::MemberProxy< <template-parameter-1-1>, <template-parameter-1-2> >& ArduinoJson::V742HB22::detail::MemberProxy< <template-parameter-1-1>, <template-parameter-1-2> >::operator=(const T&) [with T = long unsigned int; TUpstream = ArduinoJson::V742HB22::JsonDocument&; AdaptedString = ArduinoJson::V742HB22::detail::RamString]	16	static
D:/my_Projects/Electronic/STM32/F1/CubeIDE/Libraries/ArduinoJson/src/ArduinoJson/Object/MemberProxy.hpp:37:16:ArduinoJson::V742HB22::detail::MemberProxy< <template-parameter-1-1>, <template-parameter-1-2> >& ArduinoJson::V742HB22::detail::MemberProxy< <template-parameter-1-1>, <template-parameter-1-2> >::operator=(const T&) [with T = float; TUpstream = ArduinoJson::V742HB22::JsonDocument&; AdaptedString = ArduinoJson::V742HB22::detail::RamString]	16	static
C:\ST\STM32CubeIDE_1.19.0\STM32CubeIDE\plugins\com.st.stm32cube.ide.mcu.externaltools.gnu-tools-for-stm32.13.3.rel1.win32_1.0.0.202411081344\tools\bin/../lib/gcc/arm-none-eabi/13.3.1/../../../../arm-none-eabi/include/c++/13.3.1/bits/basic_string.h:254:7:constexpr void std::__cxx11::basic_string<_CharT, _Traits, _Alloc>::_M_set_length(size_type) [with _CharT = char; _Traits = std::char_traits<char>; _Alloc = std::allocator<char>]	24	static
C:\ST\STM32CubeIDE_1.19.0\STM32CubeIDE\plugins\com.st.stm32cube.ide.mcu.externaltools.gnu-tools-for-stm32.13.3.rel1.win32_1.0.0.202411081344\tools\arm-none-eabi\include\c++\13.3.1\bits\basic_string.tcc:239:13:constexpr std::__cxx11::basic_string<_CharT, _Traits, _Alloc>::_M_construct(_InIterator, _InIterator, std::forward_iterator_tag)::_Guard::_Guard(std::__cxx11::basic_string<_CharT, _Traits, _Alloc>*) [with _InIterator = const char*; _CharT = char; _Traits = std::char_traits<char>; _Alloc = std::allocator<char>]	16	static
C:\ST\STM32CubeIDE_1.19.0\STM32CubeIDE\plugins\com.st.stm32cube.ide.mcu.externaltools.gnu-tools-for-stm32.13.3.rel1.win32_1.0.0.202411081344\tools\arm-none-eabi\include\c++\13.3.1\bits\basic_string.tcc:242:4:constexpr std::__cxx11::basic_string<_CharT, _Traits, _Alloc>::_M_construct(_InIterator, _InIterator, std::forward_iterator_tag)::_Guard::~_Guard() [with _InIterator = const char*; _CharT = char; _Traits = std::char_traits<char>; _Alloc = std::allocator<char>]	16	static
C:\ST\STM32CubeIDE_1.19.0\STM32CubeIDE\plugins\com.st.stm32cube.ide.mcu.externaltools.gnu-tools-for-stm32.13.3.rel1.win32_1.0.0.202411081344\tools\arm-none-eabi\include\c++\13.3.1\bits\basic_string.tcc:221:7:constexpr void std::__cxx11::basic_string<_CharT, _Traits, _Alloc>::_M_construct(_InIterator, _InIterator, std::forward_iterator_tag) [with _FwdIterator = const char*; _CharT = char; _Traits = std::char_traits<char>; _Alloc = std::allocator<char>]	64	static
C:\ST\STM32CubeIDE_1.19.0\STM32CubeIDE\plugins\com.st.stm32cube.ide.mcu.externaltools.gnu-tools-for-stm32.13.3.rel1.win32_1.0.0.202411081344\tools\bin/../lib/gcc/arm-none-eabi/13.3.1/../../../../arm-none-eabi/include/c++/13.3.1/bits/move.h:70:5:constexpr _Tp&& std::forward(typename remove_reference<_Functor>::type&) [with _Tp = const char&]	16	static
C:\ST\STM32CubeIDE_1.19.0\STM32CubeIDE\plugins\com.st.stm32cube.ide.mcu.externaltools.gnu-tools-for-stm32.13.3.rel1.win32_1.0.0.202411081344\tools\bin/../lib/gcc/arm-none-eabi/13.3.1/../../../../arm-none-eabi/include/c++/13.3.1/bits/char_traits.h:136:7:static constexpr bool __gnu_cxx::char_traits<_CharT>::eq(const char_type&, const char_type&) [with _CharT = char]	16	static
C:\ST\STM32CubeIDE_1.19.0\STM32CubeIDE\plugins\com.st.stm32cube.ide.mcu.externaltools.gnu-tools-for-stm32.13.3.rel1.win32_1.0.0.202411081344\tools\bin/../lib/gcc/arm-none-eabi/13.3.1/../../../../arm-none-eabi/include/c++/13.3.1/bits/basic_string.h:222:7:constexpr std::__cxx11::basic_string<_CharT, _Traits, _Alloc>::pointer std::__cxx11::basic_string<_CharT, _Traits, _Alloc>::_M_data() const [with _CharT = char; _Traits = std::char_traits<char>; _Alloc = std::allocator<char>]	16	static
C:\ST\STM32CubeIDE_1.19.0\STM32CubeIDE\plugins\com.st.stm32cube.ide.mcu.externaltools.gnu-tools-for-stm32.13.3.rel1.win32_1.0.0.202411081344\tools\bin/../lib/gcc/arm-none-eabi/13.3.1/../../../../arm-none-eabi/include/c++/13.3.1/bits/basic_string.h:280:7:constexpr void std::__cxx11::basic_string<_CharT, _Traits, _Alloc>::_M_dispose() [with _CharT = char; _Traits = std::char_traits<char>; _Alloc = std::allocator<char>]	16	static
C:\ST\STM32CubeIDE_1.19.0\STM32CubeIDE\plugins\com.st.stm32cube.ide.mcu.externaltools.gnu-tools-for-stm32.13.3.rel1.win32_1.0.0.202411081344\tools\bin/../lib/gcc/arm-none-eabi/13.3.1/../../../../arm-none-eabi/include/c++/13.3.1/bits/basic_string.h:336:7:constexpr std::__cxx11::basic_string<_CharT, _Traits, _Alloc>::allocator_type& std::__cxx11::basic_string<_CharT, _Traits, _Alloc>::_M_get_allocator() [with _CharT = char; _Traits = std::char_traits<char>; _Alloc = std::allocator<char>]	16	static
C:\ST\STM32CubeIDE_1.19.0\STM32CubeIDE\plugins\com.st.stm32cube.ide.mcu.externaltools.gnu-tools-for-stm32.13.3.rel1.win32_1.0.0.202411081344\tools\bin/../lib/gcc/arm-none-eabi/13.3.1/../../../../arm-none-eabi/include/c++/13.3.1/bits/basic_string.h:262:7:constexpr bool std::__cxx11::basic_string<_CharT, _Traits, _Alloc>::_M_is_local() const [with _CharT = char; _Traits = std::char_traits<char>; _Alloc = std::allocator<char>]	24	static
C:\ST\STM32CubeIDE_1.19.0\STM32CubeIDE\plugins\com.st.stm32cube.ide.mcu.externaltools.gnu-tools-for-stm32.13.3.rel1.win32_1.0.0.202411081344\tools\bin/../lib/gcc/arm-none-eabi/13.3.1/../../../../arm-none-eabi/include/c++/13.3.1/bits/basic_string.h:212:7:constexpr void std::__cxx11::basic_string<_CharT, _Traits, _Alloc>::_M_data(pointer) [with _CharT = char; _Traits = std::char_traits<char>; _Alloc = std::allocator<char>]	16	static
C:\ST\STM32CubeIDE_1.19.0\STM32CubeIDE\plugins\com.st.stm32cube.ide.mcu.externaltools.gnu-tools-for-stm32.13.3.rel1.win32_1.0.0.202411081344\tools\bin/../lib/gcc/arm-none-eabi/13.3.1/../../../../arm-none-eabi/include/c++/13.3.1/bits/basic_string.h:249:7:constexpr void std::__cxx11::basic_string<_CharT, _Traits, _Alloc>::_M_capacity(size_type) [with _CharT = char; _Traits = std::char_traits<char>; _Alloc = std::allocator<char>]	16	static
C:\ST\STM32CubeIDE_1.19.0\STM32CubeIDE\plugins\com.st.stm32cube.ide.mcu.externaltools.gnu-tools-for-stm32.13.3.rel1.win32_1.0.0.202411081344\tools\bin/../lib/gcc/arm-none-eabi/13.3.1/../../../../arm-none-eabi/include/c++/13.3.1/bits/basic_string.h:217:7:constexpr void std::__cxx11::basic_string<_CharT, _Traits, _Alloc>::_M_length(size_type) [with _CharT = char; _Traits = std::char_traits<char>; _Alloc = std::allocator<char>]	16	static
D:/my_Projects/Electronic/STM32/F1/CubeIDE/Libraries/ArduinoJson/src/ArduinoJson/Memory/MemoryPool.hpp:57:8:void ArduinoJson::V742HB22::detail::MemoryPool<T>::destroy(ArduinoJson::V742HB22::Allocator*) [with T = ArduinoJson::V742HB22::detail::ResourceManager::SlotData]	16	static
D:/my_Projects/Electronic/STM32/F1/CubeIDE/Libraries/ArduinoJson/src/ArduinoJson/Memory/MemoryPool.hpp:100:17:static size_t ArduinoJson::V742HB22::detail::MemoryPool<T>::slotsToBytes(ArduinoJson::V742HB22::detail::SlotCount) [with T = ArduinoJson::V742HB22::detail::ResourceManager::SlotData]	16	static
D:/my_Projects/Electronic/STM32/F1/CubeIDE/Libraries/ArduinoJson/src/ArduinoJson/Memory/MemoryPool.hpp:83:8:void ArduinoJson::V742HB22::detail::MemoryPool<T>::shrinkToFit(ArduinoJson::V742HB22::Allocator*) [with T = ArduinoJson::V742HB22::detail::ResourceManager::SlotData]	40	static
D:/my_Projects/Electronic/STM32/F1/CubeIDE/Libraries/ArduinoJson/src/ArduinoJson/Object/ObjectData.hpp:26:23:static ArduinoJson::V742HB22::detail::VariantData* ArduinoJson::V742HB22::detail::ObjectData::getMember(const ArduinoJson::V742HB22::detail::ObjectData*, TAdaptedString, const ArduinoJson::V742HB22::detail::ResourceManager*) [with TAdaptedString = ArduinoJson::V742HB22::detail::RamString]	32	static
D:/my_Projects/Electronic/STM32/F1/CubeIDE/Libraries/ArduinoJson/src/ArduinoJson/Memory/MemoryPoolList.hpp:152:11:ArduinoJson::V742HB22::detail::Slot<T> ArduinoJson::V742HB22::detail::MemoryPoolList<T>::allocFromFreeList() [with T = ArduinoJson::V742HB22::detail::ResourceManager::SlotData]	24	static
D:/my_Projects/Electronic/STM32/F1/CubeIDE/Libraries/ArduinoJson/src/ArduinoJson/Memory/MemoryPoolList.hpp:160:11:ArduinoJson::V742HB22::detail::Slot<T> ArduinoJson::V742HB22::detail::MemoryPoolList<T>::allocFromLastPool() [with T = ArduinoJson::V742HB22::detail::ResourceManager::SlotData]	40	static
D:/my_Projects/Electronic/STM32/F1/CubeIDE/Libraries/ArduinoJson/src/ArduinoJson/Memory/MemoryPoolList.hpp:170:9:ArduinoJson::V742HB22::detail::MemoryPoolList<T>::Pool* ArduinoJson::V742HB22::detail::MemoryPoolList<T>::addPool(ArduinoJson::V742HB22::Allocator*) [with T = ArduinoJson::V742HB22::detail::ResourceManager::SlotData]	24	static
D:/my_Projects/Electronic/STM32/F1/CubeIDE/Libraries/ArduinoJson/src/ArduinoJson/Memory/MemoryPool.hpp:20:3:ArduinoJson::V742HB22::detail::Slot<T>::Slot() [with T = ArduinoJson::V742HB22::detail::ResourceManager::SlotData]	16	static
D:/my_Projects/Electronic/STM32/F1/CubeIDE/Libraries/ArduinoJson/src/ArduinoJson/Memory/MemoryPool.hpp:33:6:T* ArduinoJson::V742HB22::detail::Slot<T>::ptr() const [with T = ArduinoJson::V742HB22::detail::ResourceManager::SlotData]	16	static
D:/my_Projects/Electronic/STM32/F1/CubeIDE/Libraries/ArduinoJson/src/ArduinoJson/Memory/MemoryPool.hpp:74:6:T* ArduinoJson::V742HB22::detail::MemoryPool<T>::getSlot(ArduinoJson::V742HB22::detail::SlotId) const [with T = ArduinoJson::V742HB22::detail::ResourceManager::SlotData]	16	static
D:/my_Projects/Electronic/STM32/F1/CubeIDE/Libraries/ArduinoJson/src/ArduinoJson/Numbers/FloatTraits.hpp:32:21:static ArduinoJson::V742HB22::detail::pgm_ptr<T> ArduinoJson::V742HB22::detail::FloatTraits<T, 8>::positiveBinaryPowersOfTen() [with T = double]	16	static
D:/my_Projects/Electronic/STM32/F1/CubeIDE/Libraries/ArduinoJson/src/ArduinoJson/Polyfills/pgmspace_generic.hpp:59:5:T ArduinoJson::V742HB22::detail::pgm_ptr<T>::operator[](intptr_t) const [with T = double]	16	static
D:/my_Projects/Electronic/STM32/F1/CubeIDE/Libraries/ArduinoJson/src/ArduinoJson/Numbers/FloatTraits.hpp:49:21:static ArduinoJson::V742HB22::detail::pgm_ptr<T> ArduinoJson::V742HB22::detail::FloatTraits<T, 8>::negativeBinaryPowersOfTen() [with T = double]	16	static
D:/my_Projects/Electronic/STM32/F1/CubeIDE/Libraries/ArduinoJson/src/ArduinoJson/Strings/Adapters/RamString.hpp:113:24:static ArduinoJson::V742HB22::detail::SizedStringAdapter<TChar*, typename ArduinoJson::V742HB22::detail::enable_if<ArduinoJson::V742HB22::detail::IsChar<T>::value, void>::type>::AdaptedString ArduinoJson::V742HB22::detail::SizedStringAdapter<TChar*, typename ArduinoJson::V742HB22::detail::enable_if<ArduinoJson::V742HB22::detail::IsChar<T>::value, void>::type>::adapt(const TChar*, size_t) [with TChar = char]	24	static
D:/my_Projects/Electronic/STM32/F1/CubeIDE/Libraries/ArduinoJson/src/ArduinoJson/Memory/StringPool.hpp:73:15:ArduinoJson::V742HB22::detail::StringNode* ArduinoJson::V742HB22::detail::StringPool::get(const TAdaptedString&) const [with TAdaptedString = ArduinoJson::V742HB22::detail::RamString]	48	static
D:/my_Projects/Electronic/STM32/F1/CubeIDE/Libraries/ArduinoJson/src/ArduinoJson/Polyfills/utility.hpp:14:5:T&& ArduinoJson::V742HB22::detail::forward(remove_reference_t<T>&) [with T = const char*&]	16	static
D:/my_Projects/Electronic/STM32/F1/CubeIDE/Libraries/ArduinoJson/src/ArduinoJson/Strings/Adapters/RamString.hpp:73:24:static ArduinoJson::V742HB22::detail::StringAdapter<TChar*, typename ArduinoJson::V742HB22::detail::enable_if<ArduinoJson::V742HB22::detail::IsChar<T>::value, void>::type>::AdaptedString ArduinoJson::V742HB22::detail::StringAdapter<TChar*, typename ArduinoJson::V742HB22::detail::enable_if<ArduinoJson::V742HB22::detail::IsChar<T>::value, void>::type>::adapt(const TChar*) [with TChar = const char]	24	static
D:/my_Projects/Electronic/STM32/F1/CubeIDE/Libraries/ArduinoJson/src/ArduinoJson/Variant/VariantImpl.hpp:22:13:bool ArduinoJson::V742HB22::detail::VariantData::setString(TAdaptedString, ArduinoJson::V742HB22::detail::ResourceManager*) [with TAdaptedString = ArduinoJson::V742HB22::detail::RamString]	32	static
D:/my_Projects/Electronic/STM32/F1/CubeIDE/Libraries/ArduinoJson/src/ArduinoJson/Polyfills/utility.hpp:14:5:T&& ArduinoJson::V742HB22::detail::forward(remove_reference_t<T>&) [with T = ArduinoJson::V742HB22::JsonString&]	16	static
D:/my_Projects/Electronic/STM32/F1/CubeIDE/Libraries/ArduinoJson/src/ArduinoJson/Variant/VariantRefBase.hpp:274:16:ArduinoJson::V742HB22::detail::VariantData* ArduinoJson::V742HB22::detail::VariantRefBase<TDerived>::getOrCreateData() const [with TDerived = ArduinoJson::V742HB22::JsonVariant]	16	static
D:/my_Projects/Electronic/STM32/F1/CubeIDE/Libraries/ArduinoJson/src/ArduinoJson/Variant/VariantRefBase.hpp:266:20:ArduinoJson::V742HB22::detail::ResourceManager* ArduinoJson::V742HB22::detail::VariantRefBase<TDerived>::getResourceManager() const [with TDerived = ArduinoJson::V742HB22::JsonVariant]	16	static
D:/my_Projects/Electronic/STM32/F1/CubeIDE/Libraries/ArduinoJson/src/ArduinoJson/Numbers/FloatTraits.hpp:101:12:static T ArduinoJson::V742HB22::detail::FloatTraits<T, 8>::forge(uint64_t) [with T = double]	16	static
D:/my_Projects/Electronic/STM32/F1/CubeIDE/Libraries/ArduinoJson/src/ArduinoJson/Numbers/FloatTraits.hpp:116:21:static ArduinoJson::V742HB22::detail::pgm_ptr<T> ArduinoJson::V742HB22::detail::FloatTraits<T, 4>::positiveBinaryPowersOfTen() [with T = float]	16	static
D:/my_Projects/Electronic/STM32/F1/CubeIDE/Libraries/ArduinoJson/src/ArduinoJson/Numbers/FloatTraits.hpp:129:21:static ArduinoJson::V742HB22::detail::pgm_ptr<T> ArduinoJson::V742HB22::detail::FloatTraits<T, 4>::negativeBinaryPowersOfTen() [with T = float]	16	static
D:/my_Projects/Electronic/STM32/F1/CubeIDE/Libraries/ArduinoJson/src/ArduinoJson/Polyfills/pgmspace_generic.hpp:59:5:T ArduinoJson::V742HB22::detail::pgm_ptr<T>::operator[](intptr_t) const [with T = float]	16	static
D:/my_Projects/Electronic/STM32/F1/CubeIDE/Libraries/ArduinoJson/src/ArduinoJson/Polyfills/utility.hpp:14:5:T&& ArduinoJson::V742HB22::detail::forward(remove_reference_t<T>&) [with T = ArduinoJson::V742HB22::JsonDocument&]	16	static
D:/my_Projects/Electronic/STM32/F1/CubeIDE/Libraries/ArduinoJson/src/ArduinoJson/Deserialization/deserialize.hpp:63:22:>::type>::value), int>::type <anonymous> = 0]	32	static
D:/my_Projects/Electronic/STM32/F1/CubeIDE/Libraries/ArduinoJson/src/ArduinoJson/Strings/StringAdapter.hpp:33:24:ArduinoJson::V742HB22::detail::AdaptedString<TString> ArduinoJson::V742HB22::detail::adaptString(TString&&) [with TString = const char (&)[5]]	16	static
D:/my_Projects/Electronic/STM32/F1/CubeIDE/Libraries/ArduinoJson/src/ArduinoJson/Object/MemberProxy.hpp:28:3:ArduinoJson::V742HB22::detail::MemberProxy< <template-parameter-1-1>, <template-parameter-1-2> >::MemberProxy(TUpstream, AdaptedString) [with TUpstream = ArduinoJson::V742HB22::JsonDocument&; AdaptedString = ArduinoJson::V742HB22::detail::RamString]	16	static
D:/my_Projects/Electronic/STM32/F1/CubeIDE/Libraries/ArduinoJson/src/ArduinoJson/Variant/ConverterImpl.hpp:71:12:static T ArduinoJson::V742HB22::Converter<T, typename ArduinoJson::V742HB22::detail::enable_if<((ArduinoJson::V742HB22::detail::is_integral<T>::value && (! ArduinoJson::V742HB22::detail::is_same<bool, T>::value)) && (! ArduinoJson::V742HB22::detail::is_same<char, T>::value)), void>::type>::fromJson(ArduinoJson::V742HB22::JsonVariantConst) [with T = int]	24	static
D:/my_Projects/Electronic/STM32/F1/CubeIDE/Libraries/ArduinoJson/src/ArduinoJson/Variant/VariantRefBase.hpp:52:3:ArduinoJson::V742HB22::detail::VariantRefBase<TDerived>::operator T() const [with T = ArduinoJson::V742HB22::JsonVariantConst; typename ArduinoJson::V742HB22::detail::enable_if<(! ArduinoJson::V742HB22::detail::is_same<T, TDerived>::value), int>::type <anonymous> = 0; TDerived = ArduinoJson::V742HB22::detail::MemberProxy<ArduinoJson::V742HB22::JsonDocument&, ArduinoJson::V742HB22::detail::RamString>]	16	static
D:/my_Projects/Electronic/STM32/F1/CubeIDE/Libraries/ArduinoJson/src/ArduinoJson/Variant/VariantCompare.hpp:206:15:ArduinoJson::V742HB22::detail::CompareResult ArduinoJson::V742HB22::detail::compare(ArduinoJson::V742HB22::JsonVariantConst, const T&) [with T = const char*]	32	static
D:/my_Projects/Electronic/STM32/F1/CubeIDE/Libraries/ArduinoJson/src/ArduinoJson/Strings/StringAdapter.hpp:33:24:ArduinoJson::V742HB22::detail::AdaptedString<TString> ArduinoJson::V742HB22::detail::adaptString(TString&&) [with TString = const char (&)[4]]	16	static
D:/my_Projects/Electronic/STM32/F1/CubeIDE/Libraries/ArduinoJson/src/ArduinoJson/Variant/VariantRefBase.hpp:79:8:bool ArduinoJson::V742HB22::detail::VariantRefBase<TDerived>::set(const T&) const [with T = MessageType; TDerived = ArduinoJson::V742HB22::detail::MemberProxy<ArduinoJson::V742HB22::JsonDocument&, ArduinoJson::V742HB22::detail::RamString>]	16	static
D:/my_Projects/Electronic/STM32/F1/CubeIDE/Libraries/ArduinoJson/src/ArduinoJson/Strings/StringAdapter.hpp:33:24:ArduinoJson::V742HB22::detail::AdaptedString<TString> ArduinoJson::V742HB22::detail::adaptString(TString&&) [with TString = const char (&)[6]]	16	static
D:/my_Projects/Electronic/STM32/F1/CubeIDE/Libraries/ArduinoJson/src/ArduinoJson/Variant/VariantRefBase.hpp:79:8:bool ArduinoJson::V742HB22::detail::VariantRefBase<TDerived>::set(const T&) const [with T = States; TDerived = ArduinoJson::V742HB22::detail::MemberProxy<ArduinoJson::V742HB22::JsonDocument&, ArduinoJson::V742HB22::detail::RamString>]	16	static
D:/my_Projects/Electronic/STM32/F1/CubeIDE/Libraries/ArduinoJson/src/ArduinoJson/Variant/VariantRefBase.hpp:79:8:bool ArduinoJson::V742HB22::detail::VariantRefBase<TDerived>::set(const T&) const [with T = char [3]; TDerived = ArduinoJson::V742HB22::detail::MemberProxy<ArduinoJson::V742HB22::JsonDocument&, ArduinoJson::V742HB22::detail::RamString>]	16	static
D:/my_Projects/Electronic/STM32/F1/CubeIDE/Libraries/ArduinoJson/src/ArduinoJson/Variant/VariantRefBase.hpp:79:8:bool ArduinoJson::V742HB22::detail::VariantRefBase<TDerived>::set(const T&) const [with T = long unsigned int; TDerived = ArduinoJson::V742HB22::detail::MemberProxy<ArduinoJson::V742HB22::JsonDocument&, ArduinoJson::V742HB22::detail::RamString>]	16	static
D:/my_Projects/Electronic/STM32/F1/CubeIDE/Libraries/ArduinoJson/src/ArduinoJson/Variant/VariantRefBase.hpp:79:8:bool ArduinoJson::V742HB22::detail::VariantRefBase<TDerived>::set(const T&) const [with T = float; TDerived = ArduinoJson::V742HB22::detail::MemberProxy<ArduinoJson::V742HB22::JsonDocument&, ArduinoJson::V742HB22::detail::RamString>]	16	static
C:\ST\STM32CubeIDE_1.19.0\STM32CubeIDE\plugins\com.st.stm32cube.ide.mcu.externaltools.gnu-tools-for-stm32.13.3.rel1.win32_1.0.0.202411081344\tools\arm-none-eabi\include\c++\13.3.1\bits\basic_string.tcc:138:5:constexpr std::__cxx11::basic_string<_CharT, _Traits, _Alloc>::pointer std::__cxx11::basic_string<_CharT, _Traits, _Alloc>::_M_create(size_type&, size_type) [with _CharT = char; _Traits = std::char_traits<char>; _Alloc = std::allocator<char>]	32	static
C:\ST\STM32CubeIDE_1.19.0\STM32CubeIDE\plugins\com.st.stm32cube.ide.mcu.externaltools.gnu-tools-for-stm32.13.3.rel1.win32_1.0.0.202411081344\tools\bin/../lib/gcc/arm-none-eabi/13.3.1/../../../../arm-none-eabi/include/c++/13.3.1/bits/basic_string.h:482:7:static constexpr void std::__cxx11::basic_string<_CharT, _Traits, _Alloc>::_S_copy_chars(_CharT*, const _CharT*, const _CharT*) [with _CharT = char; _Traits = std::char_traits<char>; _Alloc = std::allocator<char>]	24	static
C:\ST\STM32CubeIDE_1.19.0\STM32CubeIDE\plugins\com.st.stm32cube.ide.mcu.externaltools.gnu-tools-for-stm32.13.3.rel1.win32_1.0.0.202411081344\tools\bin/../lib/gcc/arm-none-eabi/13.3.1/../../../../arm-none-eabi/include/c++/13.3.1/bits/basic_string.h:288:7:constexpr void std::__cxx11::basic_string<_CharT, _Traits, _Alloc>::_M_destroy(size_type) [with _CharT = char; _Traits = std::char_traits<char>; _Alloc = std::allocator<char>]	48	static
C:\ST\STM32CubeIDE_1.19.0\STM32CubeIDE\plugins\com.st.stm32cube.ide.mcu.externaltools.gnu-tools-for-stm32.13.3.rel1.win32_1.0.0.202411081344\tools\bin/../lib/gcc/arm-none-eabi/13.3.1/../../../../arm-none-eabi/include/c++/13.3.1/bits/basic_string.h:238:7:constexpr std::__cxx11::basic_string<_CharT, _Traits, _Alloc>::const_pointer std::__cxx11::basic_string<_CharT, _Traits, _Alloc>::_M_local_data() const [with _CharT = char; _Traits = std::char_traits<char>; _Alloc = std::allocator<char>]	16	static
D:/my_Projects/Electronic/STM32/F1/CubeIDE/Libraries/ArduinoJson/src/ArduinoJson/Object/ObjectImpl.hpp:14:21:ArduinoJson::V742HB22::detail::VariantData* ArduinoJson::V742HB22::detail::ObjectData::getMember(TAdaptedString, const ArduinoJson::V742HB22::detail::ResourceManager*) const [with TAdaptedString = ArduinoJson::V742HB22::detail::RamString]	40	static
D:/my_Projects/Electronic/STM32/F1/CubeIDE/Libraries/ArduinoJson/src/ArduinoJson/Memory/MemoryPool.hpp:65:11:ArduinoJson::V742HB22::detail::Slot<T> ArduinoJson::V742HB22::detail::MemoryPool<T>::allocSlot() [with T = ArduinoJson::V742HB22::detail::ResourceManager::SlotData]	24	static
D:/my_Projects/Electronic/STM32/F1/CubeIDE/Libraries/ArduinoJson/src/ArduinoJson/Memory/MemoryPoolList.hpp:181:8:bool ArduinoJson::V742HB22::detail::MemoryPoolList<T>::increaseCapacity(ArduinoJson::V742HB22::Allocator*) [with T = ArduinoJson::V742HB22::detail::ResourceManager::SlotData]	24	static
D:/my_Projects/Electronic/STM32/F1/CubeIDE/Libraries/ArduinoJson/src/ArduinoJson/Memory/MemoryPool.hpp:50:8:void ArduinoJson::V742HB22::detail::MemoryPool<T>::create(ArduinoJson::V742HB22::detail::SlotCount, ArduinoJson::V742HB22::Allocator*) [with T = ArduinoJson::V742HB22::detail::ResourceManager::SlotData]	32	static
D:/my_Projects/Electronic/STM32/F1/CubeIDE/Libraries/ArduinoJson/src/ArduinoJson/Polyfills/pgmspace_generic.hpp:57:12:ArduinoJson::V742HB22::detail::pgm_ptr<T>::pgm_ptr(const T*) [with T = double]	16	static
D:/my_Projects/Electronic/STM32/F1/CubeIDE/Libraries/ArduinoJson/src/ArduinoJson/Polyfills/pgmspace_generic.hpp:48:10:T ArduinoJson::V742HB22::detail::pgm_read(const T*) [with T = double]	16	static
D:/my_Projects/Electronic/STM32/F1/CubeIDE/Libraries/ArduinoJson/src/ArduinoJson/Strings/StringAdapters.hpp:44:1:ArduinoJson::V742HB22::detail::enable_if_t<(TAdaptedString1::typeSortKey <= TAdaptedString2::typeSortKey), bool> ArduinoJson::V742HB22::detail::stringEquals(TAdaptedString1, TAdaptedString2) [with TAdaptedString1 = RamString; TAdaptedString2 = RamString]	48	static
D:/my_Projects/Electronic/STM32/F1/CubeIDE/Libraries/ArduinoJson/src/ArduinoJson/Variant/VariantData.hpp:21:13:bool ArduinoJson::V742HB22::detail::isTinyString(const T&, size_t) [with T = RamString]	24	static
D:/my_Projects/Electronic/STM32/F1/CubeIDE/Libraries/ArduinoJson/src/ArduinoJson/Memory/ResourceManager.hpp:72:15:ArduinoJson::V742HB22::detail::StringNode* ArduinoJson::V742HB22::detail::ResourceManager::saveString(TAdaptedString) [with TAdaptedString = ArduinoJson::V742HB22::detail::RamString]	40	static
C:\ST\STM32CubeIDE_1.19.0\STM32CubeIDE\plugins\com.st.stm32cube.ide.mcu.externaltools.gnu-tools-for-stm32.13.3.rel1.win32_1.0.0.202411081344\tools\bin/../lib/gcc/arm-none-eabi/13.3.1/../../../../arm-none-eabi/include/c++/13.3.1/bits/basic_string.h:124:7:static constexpr std::__cxx11::basic_string<_CharT, _Traits, _Alloc>::pointer std::__cxx11::basic_string<_CharT, _Traits, _Alloc>::_S_allocate(_Char_alloc_type&, size_type) [with _CharT = char; _Traits = std::char_traits<char>; _Alloc = std::allocator<char>]	40	static
C:\ST\STM32CubeIDE_1.19.0\STM32CubeIDE\plugins\com.st.stm32cube.ide.mcu.externaltools.gnu-tools-for-stm32.13.3.rel1.win32_1.0.0.202411081344\tools\bin/../lib/gcc/arm-none-eabi/13.3.1/../../../../arm-none-eabi/include/c++/13.3.1/bits/basic_string.h:425:7:static constexpr void std::__cxx11::basic_string<_CharT, _Traits, _Alloc>::_S_copy(_CharT*, const _CharT*, size_type) [with _CharT = char; _Traits = std::char_traits<char>; _Alloc = std::allocator<char>]	24	static
D:/my_Projects/Electronic/STM32/F1/CubeIDE/Libraries/ArduinoJson/src/ArduinoJson/Variant/VariantRefBase.hpp:262:19:const TDerived& ArduinoJson::V742HB22::detail::VariantRefBase<TDerived>::derived() const [with TDerived = ArduinoJson::V742HB22::JsonVariant]	16	static
D:/my_Projects/Electronic/STM32/F1/CubeIDE/Libraries/ArduinoJson/src/ArduinoJson/Variant/VariantAttorney.hpp:30:23:static ArduinoJson::V742HB22::detail::VariantData* ArduinoJson::V742HB22::detail::VariantAttorney::getOrCreateData(TClient&) [with TClient = const ArduinoJson::V742HB22::JsonVariant]	16	static
D:/my_Projects/Electronic/STM32/F1/CubeIDE/Libraries/ArduinoJson/src/ArduinoJson/Variant/VariantAttorney.hpp:19:15:getResourceManager()) ArduinoJson::V742HB22::detail::VariantAttorney::getResourceManager(TClient&) [with TClient = const ArduinoJson::V742HB22::JsonVariant]	16	static
D:/my_Projects/Electronic/STM32/F1/CubeIDE/Libraries/ArduinoJson/src/ArduinoJson/Misc/SerializedValue.hpp:36:12:ArduinoJson::V742HB22::SerializedValue<TChar*>::SerializedValue(TChar*, size_t) [with TChar = const char]	24	static
D:/my_Projects/Electronic/STM32/F1/CubeIDE/Libraries/ArduinoJson/src/ArduinoJson/Polyfills/alias_cast.hpp:24:3:T ArduinoJson::V742HB22::detail::alias_cast(F) [with T = double; F = long long unsigned int]	24	static
D:/my_Projects/Electronic/STM32/F1/CubeIDE/Libraries/ArduinoJson/src/ArduinoJson/Polyfills/pgmspace_generic.hpp:57:12:ArduinoJson::V742HB22::detail::pgm_ptr<T>::pgm_ptr(const T*) [with T = float]	16	static
D:/my_Projects/Electronic/STM32/F1/CubeIDE/Libraries/ArduinoJson/src/ArduinoJson/Polyfills/pgmspace_generic.hpp:48:10:T ArduinoJson::V742HB22::detail::pgm_read(const T*) [with T = float]	16	static
D:/my_Projects/Electronic/STM32/F1/CubeIDE/Libraries/ArduinoJson/src/ArduinoJson/Polyfills/utility.hpp:14:5:T&& ArduinoJson::V742HB22::detail::forward(remove_reference_t<T>&) [with T = unsigned char*&]	16	static
D:/my_Projects/Electronic/STM32/F1/CubeIDE/Libraries/ArduinoJson/src/ArduinoJson/Deserialization/Reader.hpp:65:36:ArduinoJson::V742HB22::detail::Reader<typename ArduinoJson::V742HB22::detail::remove_reference<T>::type> ArduinoJson::V742HB22::detail::makeReader(TInput&&) [with TInput = unsigned char*&]	24	static
D:/my_Projects/Electronic/STM32/F1/CubeIDE/Libraries/ArduinoJson/src/ArduinoJson/Json/JsonDeserializer.hpp:22:7:ArduinoJson::V742HB22::detail::JsonDeserializer<ArduinoJson::V742HB22::detail::Reader<unsigned char*, void> >::~JsonDeserializer()	16	static
[...]
D:/my_Projects/Electronic/STM32/F1/CubeIDE/Libraries/ArduinoJson/src/ArduinoJson/Deserialization/Filter.hpp:71:18:ArduinoJson::V742HB22::detail::AllowAllFilter ArduinoJson::V742HB22::detail::AllowAllFilter::operator[](const TKey&) const [with TKey = ArduinoJson::V742HB22::JsonString]	16	static
D:/my_Projects/Electronic/STM32/F1/CubeIDE/Libraries/ArduinoJson/src/ArduinoJson/Json/JsonDeserializer.hpp:470:30:ArduinoJson::V742HB22::DeserializationError::Code ArduinoJson::V742HB22::detail::JsonDeserializer<TReader>::skipKey() [with TReader = ArduinoJson::V742HB22::detail::Reader<unsigned char*, void>]	16	static
D:/my_Projects/Electronic/STM32/F1/CubeIDE/Libraries/ArduinoJson/src/ArduinoJson/Json/JsonDeserializer.hpp:396:30:ArduinoJson::V742HB22::DeserializationError::Code ArduinoJson::V742HB22::detail::JsonDeserializer<TReader>::parseQuotedString() [with TReader = ArduinoJson::V742HB22::detail::Reader<unsigned char*, void>]	32	static
D:/my_Projects/Electronic/STM32/F1/CubeIDE/Libraries/ArduinoJson/src/ArduinoJson/Json/JsonDeserializer.hpp:579:22:static bool ArduinoJson::V742HB22::detail::JsonDeserializer<TReader>::canBeInNumber(char) [with TReader = ArduinoJson::V742HB22::detail::Reader<unsigned char*, void>]	16	static
D:/my_Projects/Electronic/STM32/F1/CubeIDE/Libraries/ArduinoJson/src/ArduinoJson/Variant/VariantImpl.hpp:124:42:ArduinoJson::V742HB22::detail::enable_if_t<ArduinoJson::V742HB22::detail::is_unsigned<T>::value, bool> ArduinoJson::V742HB22::detail::VariantData::setInteger(T, ArduinoJson::V742HB22::detail::ResourceManager*) [with T = long long unsigned int]	40	static
D:/my_Projects/Electronic/STM32/F1/CubeIDE/Libraries/ArduinoJson/src/ArduinoJson/Variant/VariantImpl.hpp:101:40:ArduinoJson::V742HB22::detail::enable_if_t<ArduinoJson::V742HB22::detail::is_signed<T>::value, bool> ArduinoJson::V742HB22::detail::VariantData::setInteger(T, ArduinoJson::V742HB22::detail::ResourceManager*) [with T = long long int]	40	static
D:/my_Projects/Electronic/STM32/F1/CubeIDE/Libraries/ArduinoJson/src/ArduinoJson/Variant/VariantImpl.hpp:74:35:ArduinoJson::V742HB22::detail::enable_if_t<(sizeof (T) == 8), bool> ArduinoJson::V742HB22::detail::VariantData::setFloat(T, ArduinoJson::V742HB22::detail::ResourceManager*) [with T = double]	48	static
D:/my_Projects/Electronic/STM32/F1/CubeIDE/Libraries/ArduinoJson/src/ArduinoJson/Variant/VariantAttorney.hpp:25:15:getData()) ArduinoJson::V742HB22::detail::VariantAttorney::getData(TClient&) [with TClient = ArduinoJson::V742HB22::JsonDocument]	16	static
D:/my_Projects/Electronic/STM32/F1/CubeIDE/Libraries/ArduinoJson/src/ArduinoJson/Variant/VariantData.hpp:336:23:static ArduinoJson::V742HB22::detail::VariantData* ArduinoJson::V742HB22::detail::VariantData::getMember(const ArduinoJson::V742HB22::detail::VariantData*, TAdaptedString, const ArduinoJson::V742HB22::detail::ResourceManager*) [with TAdaptedString = ArduinoJson::V742HB22::detail::RamString]	32	static
D:/my_Projects/Electronic/STM32/F1/CubeIDE/Libraries/ArduinoJson/src/ArduinoJson/Variant/VariantAttorney.hpp:30:23:static ArduinoJson::V742HB22::detail::VariantData* ArduinoJson::V742HB22::detail::VariantAttorney::getOrCreateData(TClient&) [with TClient = const ArduinoJson::V742HB22::detail::MemberProxy<ArduinoJson::V742HB22::JsonDocument&, ArduinoJson::V742HB22::detail::RamString>]	16	static
D:/my_Projects/Electronic/STM32/F1/CubeIDE/Libraries/ArduinoJson/src/ArduinoJson/Strings/StringAdapter.hpp:33:24:ArduinoJson::V742HB22::detail::AdaptedString<TString> ArduinoJson::V742HB22::detail::adaptString(TString&&) [with TString = const char (&)[3]]	16	static
D:/my_Projects/Electronic/STM32/F1/CubeIDE/Libraries/ArduinoJson/src/ArduinoJson/Numbers/convertNumber.hpp:28:1:ArduinoJson::V742HB22::detail::enable_if_t<(((ArduinoJson::V742HB22::detail::is_integral<TIn>::value && ArduinoJson::V742HB22::detail::is_unsigned<TIn>::value) && ArduinoJson::V742HB22::detail::is_integral<T>::value) && (sizeof (TOut) <= sizeof (TIn))), bool> ArduinoJson::V742HB22::detail::canConvertNumber(TIn) [with TOut = long unsigned int; TIn = long unsigned int]	16	static
D:/my_Projects/Electronic/STM32/F1/CubeIDE/Libraries/ArduinoJson/src/ArduinoJson/Memory/MemoryPool.hpp:25:12:ArduinoJson::V742HB22::detail::Slot<T>::operator bool() const [with T = ArduinoJson::V742HB22::detail::VariantExtension]	16	static
D:/my_Projects/Electronic/STM32/F1/CubeIDE/Libraries/ArduinoJson/src/ArduinoJson/Memory/MemoryPool.hpp:29:10:ArduinoJson::V742HB22::detail::SlotId ArduinoJson::V742HB22::detail::Slot<T>::id() const [with T = ArduinoJson::V742HB22::detail::VariantExtension]	16	static
D:/my_Projects/Electronic/STM32/F1/CubeIDE/Libraries/ArduinoJson/src/ArduinoJson/Memory/MemoryPool.hpp:37:6:T* ArduinoJson::V742HB22::detail::Slot<T>::operator->() const [with T = ArduinoJson::V742HB22::detail::VariantExtension]	16	static
D:/my_Projects/Electronic/STM32/F1/CubeIDE/Libraries/ArduinoJson/src/ArduinoJson/Variant/VariantData.hpp:351:16:ArduinoJson::V742HB22::detail::VariantData* ArduinoJson::V742HB22::detail::VariantData::getOrAddMember(TAdaptedString, ArduinoJson::V742HB22::detail::ResourceManager*) [with TAdaptedString = ArduinoJson::V742HB22::detail::RamString]	40	static
D:/my_Projects/Electronic/STM32/F1/CubeIDE/Libraries/ArduinoJson/src/ArduinoJson/Variant/ConverterImpl.hpp:61:15:static bool ArduinoJson::V742HB22::Converter<T, typename ArduinoJson::V742HB22::detail::enable_if<((ArduinoJson::V742HB22::detail::is_integral<T>::value && (! ArduinoJson::V742HB22::detail::is_same<bool, T>::value)) && (! ArduinoJson::V742HB22::detail::is_same<char, T>::value)), void>::type>::toJson(T, ArduinoJson::V742HB22::JsonVariant) [with T = long long int]	40	static
D:/my_Projects/Electronic/STM32/F1/CubeIDE/Libraries/ArduinoJson/src/ArduinoJson/Polyfills/alias_cast.hpp:24:3:T ArduinoJson::V742HB22::detail::alias_cast(F) [with T = float; F = long unsigned int]	24	static
D:/my_Projects/Electronic/STM32/F1/CubeIDE/Libraries/ArduinoJson/src/ArduinoJson/Json/Latch.hpp:20:8:void ArduinoJson::V742HB22::detail::Latch<TReader>::clear() [with TReader = ArduinoJson::V742HB22::detail::Reader<unsigned char*, void>]	16	static
D:/my_Projects/Electronic/STM32/F1/CubeIDE/Libraries/ArduinoJson/src/ArduinoJson/Json/Latch.hpp:36:8:void ArduinoJson::V742HB22::detail::Latch<TReader>::load() [with TReader = ArduinoJson::V742HB22::detail::Reader<unsigned char*, void>]	24	static
D:/my_Projects/Electronic/STM32/F1/CubeIDE/Libraries/ArduinoJson/src/ArduinoJson/Json/JsonDeserializer.hpp:593:22:static bool ArduinoJson::V742HB22::detail::JsonDeserializer<TReader>::isQuote(char) [with TReader = ArduinoJson::V742HB22::detail::Reader<unsigned char*, void>]	16	static
D:/my_Projects/Electronic/STM32/F1/CubeIDE/Libraries/ArduinoJson/src/ArduinoJson/Json/JsonDeserializer.hpp:450:30:ArduinoJson::V742HB22::DeserializationError::Code ArduinoJson::V742HB22::detail::JsonDeserializer<TReader>::parseNonQuotedString() [with TReader = ArduinoJson::V742HB22::detail::Reader<unsigned char*, void>]	24	static
D:/my_Projects/Electronic/STM32/F1/CubeIDE/Libraries/ArduinoJson/src/ArduinoJson/Json/JsonDeserializer.hpp:498:30:ArduinoJson::V742HB22::DeserializationError::Code ArduinoJson::V742HB22::detail::JsonDeserializer<TReader>::skipNonQuotedString() [with TReader = ArduinoJson::V742HB22::detail::Reader<unsigned char*, void>]	24	static
D:/my_Projects/Electronic/STM32/F1/CubeIDE/Libraries/ArduinoJson/src/ArduinoJson/Json/JsonDeserializer.hpp:560:30:ArduinoJson::V742HB22::DeserializationError::Code ArduinoJson::V742HB22::detail::JsonDeserializer<TReader>::parseHex4(uint16_t&) [with TReader = ArduinoJson::V742HB22::detail::Reader<unsigned char*, void>]	24	static
D:/my_Projects/Electronic/STM32/F1/CubeIDE/Libraries/ArduinoJson/src/ArduinoJson/Json/Utf8.hpp:13:13:void ArduinoJson::V742HB22::detail::Utf8::encodeCodepoint(uint32_t, TStringBuilder&) [with TStringBuilder = ArduinoJson::V742HB22::detail::StringBuilder]	32	static
D:/my_Projects/Electronic/STM32/F1/CubeIDE/Libraries/ArduinoJson/src/ArduinoJson/Json/JsonDeserializer.hpp:575:22:static bool ArduinoJson::V742HB22::detail::JsonDeserializer<TReader>::isBetween(char, char, char) [with TReader = ArduinoJson::V742HB22::detail::Reader<unsigned char*, void>]	16	static
D:/my_Projects/Electronic/STM32/F1/CubeIDE/Libraries/ArduinoJson/src/ArduinoJson/Numbers/convertNumber.hpp:28:1:ArduinoJson::V742HB22::detail::enable_if_t<(((ArduinoJson::V742HB22::detail::is_integral<TIn>::value && ArduinoJson::V742HB22::detail::is_unsigned<TIn>::value) && ArduinoJson::V742HB22::detail::is_integral<T>::value) && (sizeof (TOut) <= sizeof (TIn))), bool> ArduinoJson::V742HB22::detail::canConvertNumber(TIn) [with TOut = long unsigned int; TIn = long long unsigned int]	24	static
D:/my_Projects/Electronic/STM32/F1/CubeIDE/Libraries/ArduinoJson/src/ArduinoJson/Numbers/convertNumber.hpp:55:1:ArduinoJson::V742HB22::detail::enable_if_t<((((ArduinoJson::V742HB22::detail::is_integral<TIn>::value && ArduinoJson::V742HB22::detail::is_signed<TIn>::value) && ArduinoJson::V742HB22::detail::is_integral<T>::value) && ArduinoJson::V742HB22::detail::is_signed<T>::value) && (sizeof (TOut) < sizeof (TIn))), bool> ArduinoJson::V742HB22::detail::canConvertNumber(TIn) [with TOut = long int; TIn = long long int]	32	static
D:/my_Projects/Electronic/STM32/F1/CubeIDE/Libraries/ArduinoJson/src/ArduinoJson/Variant/VariantData.hpp:330:16:ArduinoJson::V742HB22::detail::VariantData* ArduinoJson::V742HB22::detail::VariantData::getMember(TAdaptedString, const ArduinoJson::V742HB22::detail::ResourceManager*) const [with TAdaptedString = ArduinoJson::V742HB22::detail::RamString]	32	static
D:/my_Projects/Electronic/STM32/F1/CubeIDE/Libraries/ArduinoJson/src/ArduinoJson/Object/MemberProxy.hpp:64:16:ArduinoJson::V742HB22::detail::VariantData* ArduinoJson::V742HB22::detail::MemberProxy< <template-parameter-1-1>, <template-parameter-1-2> >::getOrCreateData() const [with TUpstream = ArduinoJson::V742HB22::JsonDocument&; AdaptedString = ArduinoJson::V742HB22::detail::RamString]	40	static
D:/my_Projects/Electronic/STM32/F1/CubeIDE/Libraries/ArduinoJson/src/ArduinoJson/Polyfills/utility.hpp:14:5:T&& ArduinoJson::V742HB22::detail::forward(remove_reference_t<T>&) [with T = const char (&)[3]]	16	static
D:/my_Projects/Electronic/STM32/F1/CubeIDE/Libraries/ArduinoJson/src/ArduinoJson/Strings/Adapters/RamString.hpp:93:24:static ArduinoJson::V742HB22::detail::StringAdapter<const char (&)[N]>::AdaptedString ArduinoJson::V742HB22::detail::StringAdapter<const char (&)[N]>::adapt(const char (&)[N]) [with unsigned int N = 3]	16	static
D:/my_Projects/Electronic/STM32/F1/CubeIDE/Libraries/ArduinoJson/src/ArduinoJson/Polyfills/limits.hpp:25:22:static constexpr T ArduinoJson::V742HB22::detail::numeric_limits<T, typename ArduinoJson::V742HB22::detail::enable_if<ArduinoJson::V742HB22::detail::is_unsigned<T>::value, void>::type>::highest() [with T = long unsigned int]	4	static
D:/my_Projects/Electronic/STM32/F1/CubeIDE/Libraries/ArduinoJson/src/ArduinoJson/Object/ObjectImpl.hpp:24:14:ArduinoJson::V742HB22::detail::VariantData* ArduinoJson::V742HB22::detail::ObjectData::getOrAddMember(TAdaptedString, ArduinoJson::V742HB22::detail::ResourceManager*) [with TAdaptedString = ArduinoJson::V742HB22::detail::RamString]	40	static
D:/my_Projects/Electronic/STM32/F1/CubeIDE/Libraries/ArduinoJson/src/ArduinoJson/Deserialization/Readers/RamReader.hpp:29:7:int ArduinoJson::V742HB22::detail::Reader<TSource*, typename ArduinoJson::V742HB22::detail::enable_if<ArduinoJson::V742HB22::detail::IsCharOrVoid<T>::value, void>::type>::read() [with TSource = unsigned char]	16	static
D:/my_Projects/Electronic/STM32/F1/CubeIDE/Libraries/ArduinoJson/src/ArduinoJson/Json/JsonDeserializer.hpp:588:22:static bool ArduinoJson::V742HB22::detail::JsonDeserializer<TReader>::canBeInNonQuotedString(char) [with TReader = ArduinoJson::V742HB22::detail::Reader<unsigned char*, void>]	16	static
D:/my_Projects/Electronic/STM32/F1/CubeIDE/Libraries/ArduinoJson/src/ArduinoJson/Json/JsonDeserializer.hpp:597:25:static uint8_t ArduinoJson::V742HB22::detail::JsonDeserializer<TReader>::decodeHex(char) [with TReader = ArduinoJson::V742HB22::detail::Reader<unsigned char*, void>]	16	static
D:/my_Projects/Electronic/STM32/F1/CubeIDE/Libraries/ArduinoJson/src/ArduinoJson/Polyfills/limits.hpp:33:22:static constexpr T ArduinoJson::V742HB22::detail::numeric_limits<T, typename ArduinoJson::V742HB22::detail::enable_if<(ArduinoJson::V742HB22::detail::is_integral<T>::value && ArduinoJson::V742HB22::detail::is_signed<T>::value), void>::type>::lowest() [with T = long int]	4	static
D:/my_Projects/Electronic/STM32/F1/CubeIDE/Libraries/ArduinoJson/src/ArduinoJson/Polyfills/limits.hpp:36:22:static constexpr T ArduinoJson::V742HB22::detail::numeric_limits<T, typename ArduinoJson::V742HB22::detail::enable_if<(ArduinoJson::V742HB22::detail::is_integral<T>::value && ArduinoJson::V742HB22::detail::is_signed<T>::value), void>::type>::highest() [with T = long int]	8	static
D:/my_Projects/Electronic/STM32/F1/CubeIDE/Libraries/ArduinoJson/src/ArduinoJson/Object/ObjectImpl.hpp:53:21:ArduinoJson::V742HB22::detail::VariantData* ArduinoJson::V742HB22::detail::ObjectData::addMember(TAdaptedString, ArduinoJson::V742HB22::detail::ResourceManager*) [with TAdaptedString = ArduinoJson::V742HB22::detail::RamString]	48	static
../Core/Src/main.cpp:474:1:void __static_initialization_and_destruction_0()	8	static
C:\ST\STM32CubeIDE_1.19.0\STM32CubeIDE\plugins\com.st.stm32cube.ide.mcu.externaltools.gnu-tools-for-stm32.13.3.rel1.win32_1.0.0.202411081344\tools\bin/../lib/gcc/arm-none-eabi/13.3.1/../../../../arm-none-eabi/include/c++/13.3.1/bits/stl_queue.h:96:11:std::queue<TXPacket>::~queue()	16	static
D:/my_Projects/Electronic/STM32/F1/CubeIDE/Libraries/jsonPacket/jsonpacket.hpp:39:7:Packets::~Packets()	16	static
../Core/Src/main.cpp:474:1:void __static_initialization_and_destruction_1()	8	static
C:\ST\STM32CubeIDE_1.19.0\STM32CubeIDE\plugins\com.st.stm32cube.ide.mcu.externaltools.gnu-tools-for-stm32.13.3.rel1.win32_1.0.0.202411081344\tools\bin/../lib/gcc/arm-none-eabi/13.3.1/../../../../arm-none-eabi/include/c++/13.3.1/bits/stl_deque.h:1027:7:std::deque<_Tp, _Alloc>::~deque() [with _Tp = TXPacket; _Alloc = std::allocator<TXPacket>]	48	static
C:\ST\STM32CubeIDE_1.19.0\STM32CubeIDE\plugins\com.st.stm32cube.ide.mcu.externaltools.gnu-tools-for-stm32.13.3.rel1.win32_1.0.0.202411081344\tools\bin/../lib/gcc/arm-none-eabi/13.3.1/../../../../arm-none-eabi/include/c++/13.3.1/bits/stl_deque.h:542:14:constexpr std::_Deque_base<TXPacket, std::allocator<TXPacket> >::_Deque_impl::~_Deque_impl()	24	static
C:\ST\STM32CubeIDE_1.19.0\STM32CubeIDE\plugins\com.st.stm32cube.ide.mcu.externaltools.gnu-tools-for-stm32.13.3.rel1.win32_1.0.0.202411081344\tools\bin/../lib/gcc/arm-none-eabi/13.3.1/../../../../arm-none-eabi/include/c++/13.3.1/bits/stl_deque.h:617:5:std::_Deque_base<_Tp, _Alloc>::~_Deque_base() [with _Tp = TXPacket; _Alloc = std::allocator<TXPacket>]	16	static
C:\ST\STM32CubeIDE_1.19.0\STM32CubeIDE\plugins\com.st.stm32cube.ide.mcu.externaltools.gnu-tools-for-stm32.13.3.rel1.win32_1.0.0.202411081344\tools\bin/../lib/gcc/arm-none-eabi/13.3.1/../../../../arm-none-eabi/include/c++/13.3.1/bits/stl_deque.h:1151:7:std::deque<_Tp, _Alloc>::iterator std::deque<_Tp, _Alloc>::begin() [with _Tp = TXPacket; _Alloc = std::allocator<TXPacket>]	16	static
C:\ST\STM32CubeIDE_1.19.0\STM32CubeIDE\plugins\com.st.stm32cube.ide.mcu.externaltools.gnu-tools-for-stm32.13.3.rel1.win32_1.0.0.202411081344\tools\bin/../lib/gcc/arm-none-eabi/13.3.1/../../../../arm-none-eabi/include/c++/13.3.1/bits/stl_deque.h:1170:7:std::deque<_Tp, _Alloc>::iterator std::deque<_Tp, _Alloc>::end() [with _Tp = TXPacket; _Alloc = std::allocator<TXPacket>]	16	static
C:\ST\STM32CubeIDE_1.19.0\STM32CubeIDE\plugins\com.st.stm32cube.ide.mcu.externaltools.gnu-tools-for-stm32.13.3.rel1.win32_1.0.0.202411081344\tools\bin/../lib/gcc/arm-none-eabi/13.3.1/../../../../arm-none-eabi/include/c++/13.3.1/bits/stl_deque.h:568:7:std::_Deque_base<_Tp, _Alloc>::_Tp_alloc_type& std::_Deque_base<_Tp, _Alloc>::_M_get_Tp_allocator() [with _Tp = TXPacket; _Alloc = std::allocator<TXPacket>]	16	static
C:\ST\STM32CubeIDE_1.19.0\STM32CubeIDE\plugins\com.st.stm32cube.ide.mcu.externaltools.gnu-tools-for-stm32.13.3.rel1.win32_1.0.0.202411081344\tools\bin/../lib/gcc/arm-none-eabi/13.3.1/../../../../arm-none-eabi/include/c++/13.3.1/bits/stl_deque.h:2087:7:void std::deque<_Tp, _Alloc>::_M_destroy_data(iterator, iterator, const std::allocator<_CharT>&) [with _Tp = TXPacket; _Alloc = std::allocator<TXPacket>]	56	static
C:\ST\STM32CubeIDE_1.19.0\STM32CubeIDE\plugins\com.st.stm32cube.ide.mcu.externaltools.gnu-tools-for-stm32.13.3.rel1.win32_1.0.0.202411081344\tools\bin/../lib/gcc/arm-none-eabi/13.3.1/../../../../arm-none-eabi/include/c++/13.3.1/bits/stl_deque.h:695:5:void std::_Deque_base<_Tp, _Alloc>::_M_destroy_nodes(_Map_pointer, _Map_pointer) [with _Tp = TXPacket; _Alloc = std::allocator<TXPacket>]	32	static
C:\ST\STM32CubeIDE_1.19.0\STM32CubeIDE\plugins\com.st.stm32cube.ide.mcu.externaltools.gnu-tools-for-stm32.13.3.rel1.win32_1.0.0.202411081344\tools\bin/../lib/gcc/arm-none-eabi/13.3.1/../../../../arm-none-eabi/include/c++/13.3.1/bits/stl_deque.h:601:7:void std::_Deque_base<_Tp, _Alloc>::_M_deallocate_map(_Map_pointer, std::size_t) [with _Tp = TXPacket; _Alloc = std::allocator<TXPacket>]	48	static
C:\ST\STM32CubeIDE_1.19.0\STM32CubeIDE\plugins\com.st.stm32cube.ide.mcu.externaltools.gnu-tools-for-stm32.13.3.rel1.win32_1.0.0.202411081344\tools\bin/../lib/gcc/arm-none-eabi/13.3.1/../../../../arm-none-eabi/include/c++/13.3.1/bits/stl_deque.h:168:7:std::_Deque_iterator<_Tp, _Ref, _Ptr>::_Deque_iterator(const std::_Deque_iterator<_Tp, _Ref, _Ptr>&) [with _Tp = TXPacket; _Ref = TXPacket&; _Ptr = TXPacket*]	16	static
C:\ST\STM32CubeIDE_1.19.0\STM32CubeIDE\plugins\com.st.stm32cube.ide.mcu.externaltools.gnu-tools-for-stm32.13.3.rel1.win32_1.0.0.202411081344\tools\bin/../lib/gcc/arm-none-eabi/13.3.1/../../../../arm-none-eabi/include/c++/13.3.1/bits/stl_deque.h:587:7:void std::_Deque_base<_Tp, _Alloc>::_M_deallocate_node(_Ptr) [with _Tp = TXPacket; _Alloc = std::allocator<TXPacket>]	48	static
C:\ST\STM32CubeIDE_1.19.0\STM32CubeIDE\plugins\com.st.stm32cube.ide.mcu.externaltools.gnu-tools-for-stm32.13.3.rel1.win32_1.0.0.202411081344\tools\bin/../lib/gcc/arm-none-eabi/13.3.1/../../../../arm-none-eabi/include/c++/13.3.1/bits/stl_deque.h:576:7:std::_Deque_base<_Tp, _Alloc>::_Map_alloc_type std::_Deque_base<_Tp, _Alloc>::_M_get_map_allocator() const [with _Tp = TXPacket; _Alloc = std::allocator<TXPacket>]	32	static
C:\ST\STM32CubeIDE_1.19.0\STM32CubeIDE\plugins\com.st.stm32cube.ide.mcu.externaltools.gnu-tools-for-stm32.13.3.rel1.win32_1.0.0.202411081344\tools\bin/../lib/gcc/arm-none-eabi/13.3.1/../../../../arm-none-eabi/include/c++/13.3.1/bits/stl_deque.h:572:7:const std::_Deque_base<_Tp, _Alloc>::_Tp_alloc_type& std::_Deque_base<_Tp, _Alloc>::_M_get_Tp_allocator() const [with _Tp = TXPacket; _Alloc = std::allocator<TXPacket>]	16	static
C:\ST\STM32CubeIDE_1.19.0\STM32CubeIDE\plugins\com.st.stm32cube.ide.mcu.externaltools.gnu-tools-for-stm32.13.3.rel1.win32_1.0.0.202411081344\tools\arm-none-eabi\include\c++\13.3.1\bits\new_allocator.h:156:7:void std::__new_allocator<_Tp>::deallocate(_Tp*, size_type) [with _Tp = TXPacket*]	24	static
C:\ST\STM32CubeIDE_1.19.0\STM32CubeIDE\plugins\com.st.stm32cube.ide.mcu.externaltools.gnu-tools-for-stm32.13.3.rel1.win32_1.0.0.202411081344\tools\arm-none-eabi\include\c++\13.3.1\bits\new_allocator.h:156:7:void std::__new_allocator<_Tp>::deallocate(_Tp*, size_type) [with _Tp = TXPacket]	24	static
../Core/Src/main.cpp:474:1:cpp)	8	static
../Core/Src/main.cpp:474:1:cpp)	8	static
