Archive member included to satisfy reference by file (symbol)

C:/ST/STM32CubeIDE_1.19.0/STM32CubeIDE/plugins/com.st.stm32cube.ide.mcu.externaltools.gnu-tools-for-stm32.13.3.rel1.win32_1.0.0.202411081344/tools/bin/../lib/gcc/arm-none-eabi/13.3.1/../../../../arm-none-eabi/lib/thumb/v7-m/nofp\libc_nano.a(libc_a-exit.o)
                              C:/ST/STM32CubeIDE_1.19.0/STM32CubeIDE/plugins/com.st.stm32cube.ide.mcu.externaltools.gnu-tools-for-stm32.13.3.rel1.win32_1.0.0.202411081344/tools/bin/../lib/gcc/arm-none-eabi/13.3.1/../../../../arm-none-eabi/lib/thumb/v7-m/nofp/crt0.o (exit)
C:/ST/STM32CubeIDE_1.19.0/STM32CubeIDE/plugins/com.st.stm32cube.ide.mcu.externaltools.gnu-tools-for-stm32.13.3.rel1.win32_1.0.0.202411081344/tools/bin/../lib/gcc/arm-none-eabi/13.3.1/../../../../arm-none-eabi/lib/thumb/v7-m/nofp\libc_nano.a(libc_a-malloc.o)
                              ./Core/Src/main.o (malloc)
C:/ST/STM32CubeIDE_1.19.0/STM32CubeIDE/plugins/com.st.stm32cube.ide.mcu.externaltools.gnu-tools-for-stm32.13.3.rel1.win32_1.0.0.202411081344/tools/bin/../lib/gcc/arm-none-eabi/13.3.1/../../../../arm-none-eabi/lib/thumb/v7-m/nofp\libc_nano.a(libc_a-mallocr.o)
                              C:/ST/STM32CubeIDE_1.19.0/STM32CubeIDE/plugins/com.st.stm32cube.ide.mcu.externaltools.gnu-tools-for-stm32.13.3.rel1.win32_1.0.0.202411081344/tools/bin/../lib/gcc/arm-none-eabi/13.3.1/../../../../arm-none-eabi/lib/thumb/v7-m/nofp\libc_nano.a(libc_a-malloc.o) (_malloc_r)
C:/ST/STM32CubeIDE_1.19.0/STM32CubeIDE/plugins/com.st.stm32cube.ide.mcu.externaltools.gnu-tools-for-stm32.13.3.rel1.win32_1.0.0.202411081344/tools/bin/../lib/gcc/arm-none-eabi/13.3.1/../../../../arm-none-eabi/lib/thumb/v7-m/nofp\libc_nano.a(libc_a-mlock.o)
                              C:/ST/STM32CubeIDE_1.19.0/STM32CubeIDE/plugins/com.st.stm32cube.ide.mcu.externaltools.gnu-tools-for-stm32.13.3.rel1.win32_1.0.0.202411081344/tools/bin/../lib/gcc/arm-none-eabi/13.3.1/../../../../arm-none-eabi/lib/thumb/v7-m/nofp\libc_nano.a(libc_a-mallocr.o) (__malloc_lock)
C:/ST/STM32CubeIDE_1.19.0/STM32CubeIDE/plugins/com.st.stm32cube.ide.mcu.externaltools.gnu-tools-for-stm32.13.3.rel1.win32_1.0.0.202411081344/tools/bin/../lib/gcc/arm-none-eabi/13.3.1/../../../../arm-none-eabi/lib/thumb/v7-m/nofp\libc_nano.a(libc_a-realloc.o)
                              ./Core/Src/main.o (realloc)
C:/ST/STM32CubeIDE_1.19.0/STM32CubeIDE/plugins/com.st.stm32cube.ide.mcu.externaltools.gnu-tools-for-stm32.13.3.rel1.win32_1.0.0.202411081344/tools/bin/../lib/gcc/arm-none-eabi/13.3.1/../../../../arm-none-eabi/lib/thumb/v7-m/nofp\libc_nano.a(libc_a-reallocr.o)
                              C:/ST/STM32CubeIDE_1.19.0/STM32CubeIDE/plugins/com.st.stm32cube.ide.mcu.externaltools.gnu-tools-for-stm32.13.3.rel1.win32_1.0.0.202411081344/tools/bin/../lib/gcc/arm-none-eabi/13.3.1/../../../../arm-none-eabi/lib/thumb/v7-m/nofp\libc_nano.a(libc_a-realloc.o) (_realloc_r)
C:/ST/STM32CubeIDE_1.19.0/STM32CubeIDE/plugins/com.st.stm32cube.ide.mcu.externaltools.gnu-tools-for-stm32.13.3.rel1.win32_1.0.0.202411081344/tools/bin/../lib/gcc/arm-none-eabi/13.3.1/../../../../arm-none-eabi/lib/thumb/v7-m/nofp\libc_nano.a(libc_a-findfp.o)
                              C:/ST/STM32CubeIDE_1.19.0/STM32CubeIDE/plugins/com.st.stm32cube.ide.mcu.externaltools.gnu-tools-for-stm32.13.3.rel1.win32_1.0.0.202411081344/tools/bin/../lib/gcc/arm-none-eabi/13.3.1/../../../../arm-none-eabi/lib/thumb/v7-m/nofp\libc_nano.a(libc_a-exit.o) (__stdio_exit_handler)
C:/ST/STM32CubeIDE_1.19.0/STM32CubeIDE/plugins/com.st.stm32cube.ide.mcu.externaltools.gnu-tools-for-stm32.13.3.rel1.win32_1.0.0.202411081344/tools/bin/../lib/gcc/arm-none-eabi/13.3.1/../../../../arm-none-eabi/lib/thumb/v7-m/nofp\libc_nano.a(libc_a-fwalk.o)
                              C:/ST/STM32CubeIDE_1.19.0/STM32CubeIDE/plugins/com.st.stm32cube.ide.mcu.externaltools.gnu-tools-for-stm32.13.3.rel1.win32_1.0.0.202411081344/tools/bin/../lib/gcc/arm-none-eabi/13.3.1/../../../../arm-none-eabi/lib/thumb/v7-m/nofp\libc_nano.a(libc_a-findfp.o) (_fwalk_sglue)
C:/ST/STM32CubeIDE_1.19.0/STM32CubeIDE/plugins/com.st.stm32cube.ide.mcu.externaltools.gnu-tools-for-stm32.13.3.rel1.win32_1.0.0.202411081344/tools/bin/../lib/gcc/arm-none-eabi/13.3.1/../../../../arm-none-eabi/lib/thumb/v7-m/nofp\libc_nano.a(libc_a-sprintf.o)
                              ./Core/Src/main.o (sprintf)
C:/ST/STM32CubeIDE_1.19.0/STM32CubeIDE/plugins/com.st.stm32cube.ide.mcu.externaltools.gnu-tools-for-stm32.13.3.rel1.win32_1.0.0.202411081344/tools/bin/../lib/gcc/arm-none-eabi/13.3.1/../../../../arm-none-eabi/lib/thumb/v7-m/nofp\libc_nano.a(libc_a-stdio.o)
                              C:/ST/STM32CubeIDE_1.19.0/STM32CubeIDE/plugins/com.st.stm32cube.ide.mcu.externaltools.gnu-tools-for-stm32.13.3.rel1.win32_1.0.0.202411081344/tools/bin/../lib/gcc/arm-none-eabi/13.3.1/../../../../arm-none-eabi/lib/thumb/v7-m/nofp\libc_nano.a(libc_a-findfp.o) (__sread)
[...]
Memory Configuration

Name             Origin             Length             Attributes
RAM              0x20000000         0x00005000         xrw
FLASH            0x08000000         0x00010000         xr
*default*        0x00000000         0xffffffff

Linker script and memory map

LOAD C:/ST/STM32CubeIDE_1.19.0/STM32CubeIDE/plugins/com.st.stm32cube.ide.mcu.externaltools.gnu-tools-for-stm32.13.3.rel1.win32_1.0.0.202411081344/tools/bin/../lib/gcc/arm-none-eabi/13.3.1/thumb/v7-m/nofp/crti.o
LOAD C:/ST/STM32CubeIDE_1.19.0/STM32CubeIDE/plugins/com.st.stm32cube.ide.mcu.externaltools.gnu-tools-for-stm32.13.3.rel1.win32_1.0.0.202411081344/tools/bin/../lib/gcc/arm-none-eabi/13.3.1/thumb/v7-m/nofp/crtbegin.o
LOAD C:/ST/STM32CubeIDE_1.19.0/STM32CubeIDE/plugins/com.st.stm32cube.ide.mcu.externaltools.gnu-tools-for-stm32.13.3.rel1.win32_1.0.0.202411081344/tools/bin/../lib/gcc/arm-none-eabi/13.3.1/../../../../arm-none-eabi/lib/thumb/v7-m/nofp/crt0.o
LOAD ./Core/Src/main.o
LOAD ./Core/Src/stm32f1xx_hal_msp.o
LOAD ./Core/Src/stm32f1xx_it.o
LOAD ./Core/Src/syscalls.o
LOAD ./Core/Src/sysmem.o
LOAD ./Core/Src/system_stm32f1xx.o
LOAD ./Core/Startup/startup_stm32f103c8tx.o
LOAD ./Drivers/STM32F1xx_HAL_Driver/Src/stm32f1xx_hal.o
LOAD ./Drivers/STM32F1xx_HAL_Driver/Src/stm32f1xx_hal_cortex.o
LOAD ./Drivers/STM32F1xx_HAL_Driver/Src/stm32f1xx_hal_dma.o
LOAD ./Drivers/STM32F1xx_HAL_Driver/Src/stm32f1xx_hal_exti.o
LOAD ./Drivers/STM32F1xx_HAL_Driver/Src/stm32f1xx_hal_flash.o
LOAD ./Drivers/STM32F1xx_HAL_Driver/Src/stm32f1xx_hal_flash_ex.o
LOAD ./Drivers/STM32F1xx_HAL_Driver/Src/stm32f1xx_hal_gpio.o
LOAD ./Drivers/STM32F1xx_HAL_Driver/Src/stm32f1xx_hal_gpio_ex.o
LOAD ./Drivers/STM32F1xx_HAL_Driver/Src/stm32f1xx_hal_iwdg.o
LOAD ./Drivers/STM32F1xx_HAL_Driver/Src/stm32f1xx_hal_pcd.o
LOAD ./Drivers/STM32F1xx_HAL_Driver/Src/stm32f1xx_hal_pcd_ex.o
LOAD ./Drivers/STM32F1xx_HAL_Driver/Src/stm32f1xx_hal_pwr.o
LOAD ./Drivers/STM32F1xx_HAL_Driver/Src/stm32f1xx_hal_rcc.o
LOAD ./Drivers/STM32F1xx_HAL_Driver/Src/stm32f1xx_hal_rcc_ex.o
LOAD ./Drivers/STM32F1xx_HAL_Driver/Src/stm32f1xx_ll_usb.o
LOAD ./Middlewares/ST/STM32_USB_Device_Library/Class/CDC/Src/usbd_cdc.o
LOAD ./Middlewares/ST/STM32_USB_Device_Library/Core/Src/usbd_core.o
LOAD ./Middlewares/ST/STM32_USB_Device_Library/Core/Src/usbd_ctlreq.o
LOAD ./Middlewares/ST/STM32_USB_Device_Library/Core/Src/usbd_ioreq.o
LOAD ./USB_DEVICE/App/usb_device.o
LOAD ./USB_DEVICE/App/usbd_cdc_if.o
LOAD ./USB_DEVICE/App/usbd_desc.o
LOAD ./USB_DEVICE/Target/usbd_conf.o
START GROUP
LOAD C:/ST/STM32CubeIDE_1.19.0/STM32CubeIDE/plugins/com.st.stm32cube.ide.mcu.externaltools.gnu-tools-for-stm32.13.3.rel1.win32_1.0.0.202411081344/tools/bin/../lib/gcc/arm-none-eabi/13.3.1/../../../../arm-none-eabi/lib/thumb/v7-m/nofp\libstdc++_nano.a
LOAD C:/ST/STM32CubeIDE_1.19.0/STM32CubeIDE/plugins/com.st.stm32cube.ide.mcu.externaltools.gnu-tools-for-stm32.13.3.rel1.win32_1.0.0.202411081344/tools/bin/../lib/gcc/arm-none-eabi/13.3.1/../../../../arm-none-eabi/lib/thumb/v7-m/nofp\libsupc++_nano.a
END GROUP
LOAD C:/ST/STM32CubeIDE_1.19.0/STM32CubeIDE/plugins/com.st.stm32cube.ide.mcu.externaltools.gnu-tools-for-stm32.13.3.rel1.win32_1.0.0.202411081344/tools/bin/../lib/gcc/arm-none-eabi/13.3.1/../../../../arm-none-eabi/lib/thumb/v7-m/nofp\libstdc++_nano.a
LOAD C:/ST/STM32CubeIDE_1.19.0/STM32CubeIDE/plugins/com.st.stm32cube.ide.mcu.externaltools.gnu-tools-for-stm32.13.3.rel1.win32_1.0.0.202411081344/tools/bin/../lib/gcc/arm-none-eabi/13.3.1/../../../../arm-none-eabi/lib/thumb/v7-m/nofp\libm.a
LOAD C:/ST/STM32CubeIDE_1.19.0/STM32CubeIDE/plugins/com.st.stm32cube.ide.mcu.externaltools.gnu-tools-for-stm32.13.3.rel1.win32_1.0.0.202411081344/tools/bin/../lib/gcc/arm-none-eabi/13.3.1/../../../../arm-none-eabi/lib/thumb/v7-m/nofp\libc_nano.a
START GROUP
LOAD C:/ST/STM32CubeIDE_1.19.0/STM32CubeIDE/plugins/com.st.stm32cube.ide.mcu.externaltools.gnu-tools-for-stm32.13.3.rel1.win32_1.0.0.202411081344/tools/bin/../lib/gcc/arm-none-eabi/13.3.1/thumb/v7-m/nofp\libgcc.a
LOAD C:/ST/STM32CubeIDE_1.19.0/STM32CubeIDE/plugins/com.st.stm32cube.ide.mcu.externaltools.gnu-tools-for-stm32.13.3.rel1.win32_1.0.0.202411081344/tools/bin/../lib/gcc/arm-none-eabi/13.3.1/../../../../arm-none-eabi/lib/thumb/v7-m/nofp\libc_nano.a
END GROUP
START GROUP
LOAD C:/ST/STM32CubeIDE_1.19.0/STM32CubeIDE/plugins/com.st.stm32cube.ide.mcu.externaltools.gnu-tools-for-stm32.13.3.rel1.win32_1.0.0.202411081344/tools/bin/../lib/gcc/arm-none-eabi/13.3.1/thumb/v7-m/nofp\libgcc.a
LOAD C:/ST/STM32CubeIDE_1.19.0/STM32CubeIDE/plugins/com.st.stm32cube.ide.mcu.externaltools.gnu-tools-for-stm32.13.3.rel1.win32_1.0.0.202411081344/tools/bin/../lib/gcc/arm-none-eabi/13.3.1/../../../../arm-none-eabi/lib/thumb/v7-m/nofp\libc_nano.a
LOAD C:/ST/STM32CubeIDE_1.19.0/STM32CubeIDE/plugins/com.st.stm32cube.ide.mcu.externaltools.gnu-tools-for-stm32.13.3.rel1.win32_1.0.0.202411081344/tools/bin/../lib/gcc/arm-none-eabi/13.3.1/../../../../arm-none-eabi/lib/thumb/v7-m/nofp\libnosys.a
END GROUP
START GROUP
LOAD C:/ST/STM32CubeIDE_1.19.0/STM32CubeIDE/plugins/com.st.stm32cube.ide.mcu.externaltools.gnu-tools-for-stm32.13.3.rel1.win32_1.0.0.202411081344/tools/bin/../lib/gcc/arm-none-eabi/13.3.1/thumb/v7-m/nofp\libgcc.a
LOAD C:/ST/STM32CubeIDE_1.19.0/STM32CubeIDE/plugins/com.st.stm32cube.ide.mcu.externaltools.gnu-tools-for-stm32.13.3.rel1.win32_1.0.0.202411081344/tools/bin/../lib/gcc/arm-none-eabi/13.3.1/../../../../arm-none-eabi/lib/thumb/v7-m/nofp\libc_nano.a
LOAD C:/ST/STM32CubeIDE_1.19.0/STM32CubeIDE/plugins/com.st.stm32cube.ide.mcu.externaltools.gnu-tools-for-stm32.13.3.rel1.win32_1.0.0.202411081344/tools/bin/../lib/gcc/arm-none-eabi/13.3.1/../../../../arm-none-eabi/lib/thumb/v7-m/nofp\libnosys.a
END GROUP
LOAD C:/ST/STM32CubeIDE_1.19.0/STM32CubeIDE/plugins/com.st.stm32cube.ide.mcu.externaltools.gnu-tools-for-stm32.13.3.rel1.win32_1.0.0.202411081344/tools/bin/../lib/gcc/arm-none-eabi/13.3.1/thumb/v7-m/nofp/crtend.o
LOAD C:/ST/STM32CubeIDE_1.19.0/STM32CubeIDE/plugins/com.st.stm32cube.ide.mcu.externaltools.gnu-tools-for-stm32.13.3.rel1.win32_1.0.0.202411081344/tools/bin/../lib/gcc/arm-none-eabi/13.3.1/thumb/v7-m/nofp/crtn.o
                0x20005000                        _estack = (ORIGIN (RAM) + LENGTH (RAM))
                0x00000200                        _Min_Heap_Size = 0x200
                0x00000400                        _Min_Stack_Size = 0x400

.isr_vector     0x08000000      0x10c
                0x08000000                        . = ALIGN (0x4)
 *(.isr_vector)
 .isr_vector    0x08000000      0x10c ./Core/Startup/startup_stm32f103c8tx.o
                0x08000000                g_pfnVectors
                0x0800010c                        . = ALIGN (0x4)

.text           0x08000110     0x52dc
                0x08000110                        . = ALIGN (0x4)
 *(.text)
 .text          0x08000110       0x40 C:/ST/STM32CubeIDE_1.19.0/STM32CubeIDE/plugins/com.st.stm32cube.ide.mcu.externaltools.gnu-tools-for-stm32.13.3.rel1.win32_1.0.0.202411081344/tools/bin/../lib/gcc/arm-none-eabi/13.3.1/thumb/v7-m/nofp/crtbegin.o
 .text          0x08000150       0x10 C:/ST/STM32CubeIDE_1.19.0/STM32CubeIDE/plugins/com.st.stm32cube.ide.mcu.externaltools.gnu-tools-for-stm32.13.3.rel1.win32_1.0.0.202411081344/tools/bin/../lib/gcc/arm-none-eabi/13.3.1/../../../../arm-none-eabi/lib/thumb/v7-m/nofp\libc_nano.a(libc_a-strlen.o)
                0x08000150                strlen
 .text          0x08000160      0x254 C:/ST/STM32CubeIDE_1.19.0/STM32CubeIDE/plugins/com.st.stm32cube.ide.mcu.externaltools.gnu-tools-for-stm32.13.3.rel1.win32_1.0.0.202411081344/tools/bin/../lib/gcc/arm-none-eabi/13.3.1/thumb/v7-m/nofp\libgcc.a(_arm_muldf3.o)
                0x08000160                __muldf3
                0x08000160                __aeabi_dmul
 .text          0x080003b4      0x378 C:/ST/STM32CubeIDE_1.19.0/STM32CubeIDE/plugins/com.st.stm32cube.ide.mcu.externaltools.gnu-tools-for-stm32.13.3.rel1.win32_1.0.0.202411081344/tools/bin/../lib/gcc/arm-none-eabi/13.3.1/thumb/v7-m/nofp\libgcc.a(_arm_addsubdf3.o)
                0x080003b4                __aeabi_drsub
                0x080003bc                __aeabi_dsub
                0x080003bc                __subdf3
                0x080003c0                __aeabi_dadd
                0x080003c0                __adddf3
                0x08000638                __floatunsidf
                0x08000638                __aeabi_ui2d
                0x08000658                __floatsidf
                0x08000658                __aeabi_i2d
                0x0800067c                __aeabi_f2d
                0x0800067c                __extendsfdf2
                0x080006c0                __floatundidf
                0x080006c0                __aeabi_ul2d
                0x080006d0                __floatdidf
                0x080006d0                __aeabi_l2d
 .text          0x0800072c      0x110 C:/ST/STM32CubeIDE_1.19.0/STM32CubeIDE/plugins/com.st.stm32cube.ide.mcu.externaltools.gnu-tools-for-stm32.13.3.rel1.win32_1.0.0.202411081344/tools/bin/../lib/gcc/arm-none-eabi/13.3.1/thumb/v7-m/nofp\libgcc.a(_arm_cmpdf2.o)
                0x0800072c                __gtdf2
                0x0800072c                __gedf2
                0x08000734                __ltdf2
                0x08000734                __ledf2
                0x0800073c                __nedf2
                0x0800073c                __eqdf2
                0x0800073c                __cmpdf2
                0x080007b8                __aeabi_cdrcmple
                0x080007c8                __aeabi_cdcmpeq
                0x080007c8                __aeabi_cdcmple
                0x080007d8                __aeabi_dcmpeq
                0x080007ec                __aeabi_dcmplt
                0x08000800                __aeabi_dcmple
                0x08000814                __aeabi_dcmpge
                0x08000828                __aeabi_dcmpgt
 .text          0x0800083c       0x40 C:/ST/STM32CubeIDE_1.19.0/STM32CubeIDE/plugins/com.st.stm32cube.ide.mcu.externaltools.gnu-tools-for-stm32.13.3.rel1.win32_1.0.0.202411081344/tools/bin/../lib/gcc/arm-none-eabi/13.3.1/thumb/v7-m/nofp\libgcc.a(_arm_fixunsdfsi.o)
                0x0800083c                __aeabi_d2uiz
                0x0800083c                __fixunsdfsi
 .text          0x0800087c       0x30 C:/ST/STM32CubeIDE_1.19.0/STM32CubeIDE/plugins/com.st.stm32cube.ide.mcu.externaltools.gnu-tools-for-stm32.13.3.rel1.win32_1.0.0.202411081344/tools/bin/../lib/gcc/arm-none-eabi/13.3.1/thumb/v7-m/nofp\libgcc.a(_aeabi_uldivmod.o)
                0x0800087c                __aeabi_uldivmod
 .text          0x080008ac      0x300 C:/ST/STM32CubeIDE_1.19.0/STM32CubeIDE/plugins/com.st.stm32cube.ide.mcu.externaltools.gnu-tools-for-stm32.13.3.rel1.win32_1.0.0.202411081344/tools/bin/../lib/gcc/arm-none-eabi/13.3.1/thumb/v7-m/nofp\libgcc.a(_udivmoddi4.o)
                0x080008ac                __udivmoddi4
 .text          0x08000bac        0x4 C:/ST/STM32CubeIDE_1.19.0/STM32CubeIDE/plugins/com.st.stm32cube.ide.mcu.externaltools.gnu-tools-for-stm32.13.3.rel1.win32_1.0.0.202411081344/tools/bin/../lib/gcc/arm-none-eabi/13.3.1/thumb/v7-m/nofp\libgcc.a(_dvmd_tls.o)
                0x08000bac                __aeabi_idiv0
                0x08000bac                __aeabi_ldiv0
 *(.text*)
 .text._ZN11ArduinoJson8V742HB226detail16DefaultAllocator10reallocateEPvj
                0x08000bb0        0x8 ./Core/Src/main.o
                0x08000bb0                ArduinoJson::V742HB22::detail::DefaultAllocator::reallocate(void*, unsigned int)
 .text._ZN11ArduinoJson8V742HB226detail16DefaultAllocator10deallocateEPv
                0x08000bb8        0x6 ./Core/Src/main.o
                0x08000bb8                ArduinoJson::V742HB22::detail::DefaultAllocator::deallocate(void*)
 .text._ZN11ArduinoJson8V742HB226detail16DefaultAllocator8allocateEj
                0x08000bbe        0x6 ./Core/Src/main.o
                0x08000bbe                ArduinoJson::V742HB22::detail::DefaultAllocator::allocate(unsigned int)
 .text._ZNK11ArduinoJson8V742HB226detail14MemoryPoolListINS1_15ResourceManager8SlotDataEE7getSlotEt.isra.0
                0x08000bc4       0x1e ./Core/Src/main.o
 .text._ZN11ArduinoJson8V742HB2210JsonStringC2EPKcb
                0x08000be2       0x1a ./Core/Src/main.o
                0x08000be2                ArduinoJson::V742HB22::JsonString::JsonString(char const*, bool)
                0x08000be2                ArduinoJson::V742HB22::JsonString::JsonString(char const*, bool)
 .text._ZN11ArduinoJson8V742HB226detail18CollectionIterator4nextEPKNS1_15ResourceManagerE
                0x08000bfc       0x1c ./Core/Src/main.o
                0x08000bfc                ArduinoJson::V742HB22::detail::CollectionIterator::next(ArduinoJson::V742HB22::detail::ResourceManager const*)
 .text._ZN11ArduinoJson8V742HB226detail14decomposeFloatEda
                0x08000c18      0x1b0 ./Core/Src/main.o
                0x08000c18                ArduinoJson::V742HB22::detail::decomposeFloat(double, signed char)
 .text._ZN11ArduinoJson8V742HB226detail11VariantData5clearEPNS1_15ResourceManagerE
                0x08000dc8       0x8c ./Core/Src/main.o
                0x08000dc8                ArduinoJson::V742HB22::detail::VariantData::clear(ArduinoJson::V742HB22::detail::ResourceManager*)
 .text._Z18SystemClock_Configv
                0x08000e54       0x84 ./Core/Src/main.o
                0x08000e54                SystemClock_Config()
 .text._Z9usbPutStrPhm
                0x08000ed8       0x18 ./Core/Src/main.o
                0x08000ed8                usbPutStr(unsigned char*, unsigned long)
 .text.ReadUSB  0x08000ef0       0x24 ./Core/Src/main.o
                0x08000ef0                ReadUSB
 .text.Error_Handler
                0x08000f14        0x4 ./Core/Src/main.o
                0x08000f14                Error_Handler
 .text._ZN11ArduinoJson8V742HB226detail14MemoryPoolListINS1_15ResourceManager8SlotDataEE17allocFromLastPoolEv
                0x08000f18       0x3a ./Core/Src/main.o
                0x08000f18                ArduinoJson::V742HB22::detail::MemoryPoolList<ArduinoJson::V742HB22::detail::ResourceManager::SlotData>::allocFromLastPool()
 .text._ZN11ArduinoJson8V742HB226detail15ResourceManager12allocVariantEv
                0x08000f52      0x10a ./Core/Src/main.o
                0x08000f52                ArduinoJson::V742HB22::detail::ResourceManager::allocVariant()
 .text._ZN11ArduinoJson8V742HB226detail11VariantData9setStringINS1_9RamStringEEEbT_PNS1_15ResourceManagerE
                0x0800105c       0xd8 ./Core/Src/main.o
                0x0800105c                bool ArduinoJson::V742HB22::detail::VariantData::setString<ArduinoJson::V742HB22::detail::RamString>(ArduinoJson::V742HB22::detail::RamString, ArduinoJson::V742HB22::detail::ResourceManager*)
 .text._ZN11ArduinoJson8V742HB226detail11VariantData9setStringINS1_9RamStringEEEvPS2_T_PNS1_15ResourceManagerE
                0x08001134       0x26 ./Core/Src/main.o
                0x08001134                void ArduinoJson::V742HB22::detail::VariantData::setString<ArduinoJson::V742HB22::detail::RamString>(ArduinoJson::V742HB22::detail::VariantData*, ArduinoJson::V742HB22::detail::RamString, ArduinoJson::V742HB22::detail::ResourceManager*)
 .text._ZN11ArduinoJson8V742HB226detail17CountingDecoratorINS1_18StaticStringWriterEE5writeEPKhj
                0x0800115a       0x28 ./Core/Src/main.o
                0x0800115a                ArduinoJson::V742HB22::detail::CountingDecorator<ArduinoJson::V742HB22::detail::StaticStringWriter>::write(unsigned char const*, unsigned int)
 .text._ZN11ArduinoJson8V742HB226detail13TextFormatterINS1_18StaticStringWriterEE8writeRawEPKc
                0x08001182       0x18 ./Core/Src/main.o
                0x08001182                ArduinoJson::V742HB22::detail::TextFormatter<ArduinoJson::V742HB22::detail::StaticStringWriter>::writeRaw(char const*)
 .text._ZN11ArduinoJson8V742HB226detail13TextFormatterINS1_18StaticStringWriterEE12writeIntegerIyEENS1_9enable_ifIXsrNS1_11is_unsignedIT_EE5valueEvE4typeES8_
                0x0800119a       0x46 ./Core/Src/main.o
                0x0800119a                ArduinoJson::V742HB22::detail::enable_if<ArduinoJson::V742HB22::detail::is_unsigned<unsigned long long>::value, void>::type ArduinoJson::V742HB22::detail::TextFormatter<ArduinoJson::V742HB22::detail::StaticStringWriter>::writeInteger<unsigned long long>(unsigned long long)
 .text._ZN11ArduinoJson8V742HB226detail17CountingDecoratorINS1_18StaticStringWriterEE5writeEh
                0x080011e0       0x1c ./Core/Src/main.o
                0x080011e0                ArduinoJson::V742HB22::detail::CountingDecorator<ArduinoJson::V742HB22::detail::StaticStringWriter>::write(unsigned char)
 .text._ZN11ArduinoJson8V742HB226detail13TextFormatterINS1_18StaticStringWriterEE11writeStringEPKcj
                0x080011fc       0x60 ./Core/Src/main.o
                0x080011fc                ArduinoJson::V742HB22::detail::TextFormatter<ArduinoJson::V742HB22::detail::StaticStringWriter>::writeString(char const*, unsigned int)
 .text._ZN11ArduinoJson8V742HB226detail13TextFormatterINS1_18StaticStringWriterEE12writeIntegerIxEENS1_9enable_ifIXsrNS1_9is_signedIT_EE5valueEvE4typeES8_
                0x0800125c       0x22 ./Core/Src/main.o
                0x0800125c                ArduinoJson::V742HB22::detail::enable_if<ArduinoJson::V742HB22::detail::is_signed<long long>::value, void>::type ArduinoJson::V742HB22::detail::TextFormatter<ArduinoJson::V742HB22::detail::StaticStringWriter>::writeInteger<long long>(long long)
 *fill*         0x0800127e        0x2 
 .text._ZN11ArduinoJson8V742HB226detail13TextFormatterINS1_18StaticStringWriterEE10writeFloatEda
                0x08001280      0x130 ./Core/Src/main.o
                0x08001280                ArduinoJson::V742HB22::detail::TextFormatter<ArduinoJson::V742HB22::detail::StaticStringWriter>::writeFloat(double, signed char)
 .text._ZNK11ArduinoJson8V742HB226detail11VariantData6acceptINS1_14JsonSerializerINS1_18StaticStringWriterEEEEENT_11result_typeERS7_PKNS1_15ResourceManagerE
                0x080013b0      0x1d0 ./Core/Src/main.o
                0x080013b0                ArduinoJson::V742HB22::detail::JsonSerializer<ArduinoJson::V742HB22::detail::StaticStringWriter>::result_type ArduinoJson::V742HB22::detail::VariantData::accept<ArduinoJson::V742HB22::detail::JsonSerializer<ArduinoJson::V742HB22::detail::StaticStringWriter> >(ArduinoJson::V742HB22::detail::JsonSerializer<ArduinoJson::V742HB22::detail::StaticStringWriter>&, ArduinoJson::V742HB22::detail::ResourceManager const*) const
 .text._ZN11ArduinoJson8V742HB226detail10ObjectData14getOrAddMemberINS1_9RamStringEEEPNS1_11VariantDataET_PNS1_15ResourceManagerE
                0x08001580      0x122 ./Core/Src/main.o
                0x08001580                ArduinoJson::V742HB22::detail::VariantData* ArduinoJson::V742HB22::detail::ObjectData::getOrAddMember<ArduinoJson::V742HB22::detail::RamString>(ArduinoJson::V742HB22::detail::RamString, ArduinoJson::V742HB22::detail::ResourceManager*)
 .text._ZNK11ArduinoJson8V742HB226detail14VariantRefBaseINS1_11MemberProxyIRNS0_12JsonDocumentENS1_9RamStringEEEE18getOrCreateVariantEv
                0x080016a2       0x4a ./Core/Src/main.o
                0x080016a2                ArduinoJson::V742HB22::detail::VariantRefBase<ArduinoJson::V742HB22::detail::MemberProxy<ArduinoJson::V742HB22::JsonDocument&, ArduinoJson::V742HB22::detail::RamString> >::getOrCreateVariant() const
 .text.startup.main
                0x080016ec      0x34c ./Core/Src/main.o
                0x080016ec                main
 .text.HAL_MspInit
                0x08001a38       0x44 ./Core/Src/stm32f1xx_hal_msp.o
                0x08001a38                HAL_MspInit
 .text.NMI_Handler
                0x08001a7c        0x8 ./Core/Src/stm32f1xx_it.o
                0x08001a7c                NMI_Handler
 .text.HardFault_Handler
                0x08001a84        0x2 ./Core/Src/stm32f1xx_it.o
                0x08001a84                HardFault_Handler
 .text.MemManage_Handler
                0x08001a86        0x2 ./Core/Src/stm32f1xx_it.o
                0x08001a86                MemManage_Handler
 .text.BusFault_Handler
                0x08001a88        0x2 ./Core/Src/stm32f1xx_it.o
                0x08001a88                BusFault_Handler
 .text.UsageFault_Handler
                0x08001a8a        0x2 ./Core/Src/stm32f1xx_it.o
                0x08001a8a                UsageFault_Handler
 .text.SVC_Handler
                0x08001a8c        0x2 ./Core/Src/stm32f1xx_it.o
                0x08001a8c                SVC_Handler
 .text.DebugMon_Handler
                0x08001a8e        0x2 ./Core/Src/stm32f1xx_it.o
                0x08001a8e                DebugMon_Handler
 .text.PendSV_Handler
                0x08001a90        0x2 ./Core/Src/stm32f1xx_it.o
                0x08001a90                PendSV_Handler
 .text.SysTick_Handler
                0x08001a92        0x4 ./Core/Src/stm32f1xx_it.o
                0x08001a92                SysTick_Handler
 *fill*         0x08001a96        0x2 
 .text.USB_LP_CAN1_RX0_IRQHandler
                0x08001a98        0xc ./Core/Src/stm32f1xx_it.o
                0x08001a98                USB_LP_CAN1_RX0_IRQHandler
 .text._sbrk    0x08001aa4       0x40 ./Core/Src/sysmem.o
                0x08001aa4                _sbrk
 .text.SystemInit
                0x08001ae4        0x2 ./Core/Src/system_stm32f1xx.o
                0x08001ae4                SystemInit
 *fill*         0x08001ae6        0x2 
 .text.Reset_Handler
                0x08001ae8       0x48 ./Core/Startup/startup_stm32f103c8tx.o
                0x08001ae8                Reset_Handler
 .text.Default_Handler
                0x08001b30        0x2 ./Core/Startup/startup_stm32f103c8tx.o
                0x08001b30                RTC_Alarm_IRQHandler
                0x08001b30                EXTI2_IRQHandler
                0x08001b30                TIM1_CC_IRQHandler
                0x08001b30                PVD_IRQHandler
                0x08001b30                EXTI3_IRQHandler
                0x08001b30                EXTI0_IRQHandler
                0x08001b30                I2C2_EV_IRQHandler
                0x08001b30                ADC1_2_IRQHandler
                0x08001b30                SPI1_IRQHandler
                0x08001b30                TAMPER_IRQHandler
                0x08001b30                DMA1_Channel4_IRQHandler
                0x08001b30                USART3_IRQHandler
                0x08001b30                RTC_IRQHandler
                0x08001b30                DMA1_Channel7_IRQHandler
                0x08001b30                CAN1_RX1_IRQHandler
                0x08001b30                TIM4_IRQHandler
                0x08001b30                I2C1_EV_IRQHandler
                0x08001b30                DMA1_Channel6_IRQHandler
                0x08001b30                TIM3_IRQHandler
                0x08001b30                RCC_IRQHandler
                0x08001b30                TIM1_TRG_COM_IRQHandler
                0x08001b30                DMA1_Channel1_IRQHandler
                0x08001b30                Default_Handler
                0x08001b30                EXTI15_10_IRQHandler
                0x08001b30                EXTI9_5_IRQHandler
                0x08001b30                SPI2_IRQHandler
                0x08001b30                DMA1_Channel5_IRQHandler
                0x08001b30                EXTI4_IRQHandler
                0x08001b30                USB_HP_CAN1_TX_IRQHandler
                0x08001b30                DMA1_Channel3_IRQHandler
                0x08001b30                TIM1_UP_IRQHandler
                0x08001b30                WWDG_IRQHandler
                0x08001b30                TIM2_IRQHandler
                0x08001b30                TIM1_BRK_IRQHandler
                0x08001b30                EXTI1_IRQHandler
                0x08001b30                USART2_IRQHandler
                0x08001b30                I2C2_ER_IRQHandler
                0x08001b30                DMA1_Channel2_IRQHandler
                0x08001b30                CAN1_SCE_IRQHandler
                0x08001b30                FLASH_IRQHandler
                0x08001b30                USART1_IRQHandler
                0x08001b30                I2C1_ER_IRQHandler
                0x08001b30                USBWakeUp_IRQHandler
 *fill*         0x08001b32        0x2 
 .text.HAL_InitTick
                0x08001b34       0x48 ./Drivers/STM32F1xx_HAL_Driver/Src/stm32f1xx_hal.o
                0x08001b34                HAL_InitTick
 .text.HAL_Init
                0x08001b7c       0x24 ./Drivers/STM32F1xx_HAL_Driver/Src/stm32f1xx_hal.o
                0x08001b7c                HAL_Init
 .text.HAL_IncTick
                0x08001ba0       0x18 ./Drivers/STM32F1xx_HAL_Driver/Src/stm32f1xx_hal.o
                0x08001ba0                HAL_IncTick
 .text.HAL_GetTick
                0x08001bb8        0xc ./Drivers/STM32F1xx_HAL_Driver/Src/stm32f1xx_hal.o
                0x08001bb8                HAL_GetTick
 .text.HAL_NVIC_SetPriorityGrouping
                0x08001bc4       0x24 ./Drivers/STM32F1xx_HAL_Driver/Src/stm32f1xx_hal_cortex.o
                0x08001bc4                HAL_NVIC_SetPriorityGrouping
 .text.HAL_NVIC_SetPriority
                0x08001be8       0x60 ./Drivers/STM32F1xx_HAL_Driver/Src/stm32f1xx_hal_cortex.o
                0x08001be8                HAL_NVIC_SetPriority
 .text.HAL_NVIC_EnableIRQ
                0x08001c48       0x1c ./Drivers/STM32F1xx_HAL_Driver/Src/stm32f1xx_hal_cortex.o
                0x08001c48                HAL_NVIC_EnableIRQ
 .text.HAL_SYSTICK_Config
                0x08001c64       0x28 ./Drivers/STM32F1xx_HAL_Driver/Src/stm32f1xx_hal_cortex.o
                0x08001c64                HAL_SYSTICK_Config
 .text.HAL_GPIO_Init
                0x08001c8c      0x1a8 ./Drivers/STM32F1xx_HAL_Driver/Src/stm32f1xx_hal_gpio.o
                0x08001c8c                HAL_GPIO_Init
 .text.HAL_GPIO_WritePin
                0x08001e34        0xa ./Drivers/STM32F1xx_HAL_Driver/Src/stm32f1xx_hal_gpio.o
                0x08001e34                HAL_GPIO_WritePin
 .text.HAL_GPIO_TogglePin
                0x08001e3e       0x12 ./Drivers/STM32F1xx_HAL_Driver/Src/stm32f1xx_hal_gpio.o
                0x08001e3e                HAL_GPIO_TogglePin
 .text.HAL_IWDG_Init
                0x08001e50       0x52 ./Drivers/STM32F1xx_HAL_Driver/Src/stm32f1xx_hal_iwdg.o
                0x08001e50                HAL_IWDG_Init
 .text.HAL_IWDG_Refresh
                0x08001ea2        0xc ./Drivers/STM32F1xx_HAL_Driver/Src/stm32f1xx_hal_iwdg.o
                0x08001ea2                HAL_IWDG_Refresh
 .text.HAL_PCD_Init
                0x08001eae       0xc6 ./Drivers/STM32F1xx_HAL_Driver/Src/stm32f1xx_hal_pcd.o
                0x08001eae                HAL_PCD_Init
 .text.HAL_PCD_Start
                0x08001f74       0x32 ./Drivers/STM32F1xx_HAL_Driver/Src/stm32f1xx_hal_pcd.o
                0x08001f74                HAL_PCD_Start
 .text.HAL_PCD_SetAddress
                0x08001fa6       0x26 ./Drivers/STM32F1xx_HAL_Driver/Src/stm32f1xx_hal_pcd.o
                0x08001fa6                HAL_PCD_SetAddress
 .text.HAL_PCD_IRQHandler
                0x08001fcc      0xa08 ./Drivers/STM32F1xx_HAL_Driver/Src/stm32f1xx_hal_pcd.o
                0x08001fcc                HAL_PCD_IRQHandler
 .text.HAL_PCD_EP_Open
                0x080029d4       0x60 ./Drivers/STM32F1xx_HAL_Driver/Src/stm32f1xx_hal_pcd.o
                0x080029d4                HAL_PCD_EP_Open
 .text.HAL_PCD_EP_Close
                0x08002a34       0x50 ./Drivers/STM32F1xx_HAL_Driver/Src/stm32f1xx_hal_pcd.o
                0x08002a34                HAL_PCD_EP_Close
 .text.HAL_PCD_EP_Receive
                0x08002a84       0x2e ./Drivers/STM32F1xx_HAL_Driver/Src/stm32f1xx_hal_pcd.o
                0x08002a84                HAL_PCD_EP_Receive
 .text.HAL_PCD_EP_GetRxCount
                0x08002ab2       0x10 ./Drivers/STM32F1xx_HAL_Driver/Src/stm32f1xx_hal_pcd.o
                0x08002ab2                HAL_PCD_EP_GetRxCount
 .text.HAL_PCD_EP_Transmit
                0x08002ac2       0x30 ./Drivers/STM32F1xx_HAL_Driver/Src/stm32f1xx_hal_pcd.o
                0x08002ac2                HAL_PCD_EP_Transmit
 .text.HAL_PCD_EP_SetStall
                0x08002af2       0x6c ./Drivers/STM32F1xx_HAL_Driver/Src/stm32f1xx_hal_pcd.o
                0x08002af2                HAL_PCD_EP_SetStall
 .text.HAL_PCD_EP_ClrStall
                0x08002b5e       0x64 ./Drivers/STM32F1xx_HAL_Driver/Src/stm32f1xx_hal_pcd.o
                0x08002b5e                HAL_PCD_EP_ClrStall
 .text.HAL_PCDEx_PMAConfig
                0x08002bc2       0x32 ./Drivers/STM32F1xx_HAL_Driver/Src/stm32f1xx_hal_pcd_ex.o
                0x08002bc2                HAL_PCDEx_PMAConfig
 .text.HAL_RCC_OscConfig
                0x08002bf4      0x338 ./Drivers/STM32F1xx_HAL_Driver/Src/stm32f1xx_hal_rcc.o
                0x08002bf4                HAL_RCC_OscConfig
 .text.HAL_RCC_EnableCSS
                0x08002f2c        0xc ./Drivers/STM32F1xx_HAL_Driver/Src/stm32f1xx_hal_rcc.o
                0x08002f2c                HAL_RCC_EnableCSS
 .text.HAL_RCC_GetSysClockFreq
                0x08002f38       0x4c ./Drivers/STM32F1xx_HAL_Driver/Src/stm32f1xx_hal_rcc.o
                0x08002f38                HAL_RCC_GetSysClockFreq
 .text.HAL_RCC_ClockConfig
                0x08002f84      0x138 ./Drivers/STM32F1xx_HAL_Driver/Src/stm32f1xx_hal_rcc.o
                0x08002f84                HAL_RCC_ClockConfig
 .text.HAL_RCC_CSSCallback
                0x080030bc        0x2 ./Drivers/STM32F1xx_HAL_Driver/Src/stm32f1xx_hal_rcc.o
                0x080030bc                HAL_RCC_CSSCallback
 *fill*         0x080030be        0x2 
 .text.HAL_RCC_NMI_IRQHandler
                0x080030c0       0x18 ./Drivers/STM32F1xx_HAL_Driver/Src/stm32f1xx_hal_rcc.o
                0x080030c0                HAL_RCC_NMI_IRQHandler
 .text.HAL_RCCEx_PeriphCLKConfig
                0x080030d8       0xf4 ./Drivers/STM32F1xx_HAL_Driver/Src/stm32f1xx_hal_rcc_ex.o
                0x080030d8                HAL_RCCEx_PeriphCLKConfig
 .text.USB_CoreInit
                0x080031cc        0xe ./Drivers/STM32F1xx_HAL_Driver/Src/stm32f1xx_ll_usb.o
                0x080031cc                USB_CoreInit
 .text.USB_EnableGlobalInt
                0x080031da       0x12 ./Drivers/STM32F1xx_HAL_Driver/Src/stm32f1xx_ll_usb.o
                0x080031da                USB_EnableGlobalInt
 .text.USB_DisableGlobalInt
                0x080031ec       0x14 ./Drivers/STM32F1xx_HAL_Driver/Src/stm32f1xx_ll_usb.o
                0x080031ec                USB_DisableGlobalInt
 .text.USB_SetCurrentMode
                0x08003200        0x4 ./Drivers/STM32F1xx_HAL_Driver/Src/stm32f1xx_ll_usb.o
                0x08003200                USB_SetCurrentMode
 .text.USB_DevInit
                0x08003204       0x22 ./Drivers/STM32F1xx_HAL_Driver/Src/stm32f1xx_ll_usb.o
                0x08003204                USB_DevInit
 *fill*         0x08003226        0x2 
 .text.USB_ActivateEndpoint
                0x08003228      0x2c0 ./Drivers/STM32F1xx_HAL_Driver/Src/stm32f1xx_ll_usb.o
                0x08003228                USB_ActivateEndpoint
 .text.USB_DeactivateEndpoint
                0x080034e8      0x1a6 ./Drivers/STM32F1xx_HAL_Driver/Src/stm32f1xx_ll_usb.o
                0x080034e8                USB_DeactivateEndpoint
 .text.USB_EPSetStall
                0x0800368e       0x40 ./Drivers/STM32F1xx_HAL_Driver/Src/stm32f1xx_ll_usb.o
                0x0800368e                USB_EPSetStall
 .text.USB_EPClearStall
                0x080036ce       0x92 ./Drivers/STM32F1xx_HAL_Driver/Src/stm32f1xx_ll_usb.o
                0x080036ce                USB_EPClearStall
 .text.USB_SetDevAddress
                0x08003760        0xc ./Drivers/STM32F1xx_HAL_Driver/Src/stm32f1xx_ll_usb.o
                0x08003760                USB_SetDevAddress
 .text.USB_DevConnect
                0x0800376c        0x4 ./Drivers/STM32F1xx_HAL_Driver/Src/stm32f1xx_ll_usb.o
                0x0800376c                USB_DevConnect
 .text.USB_DevDisconnect
                0x08003770        0x4 ./Drivers/STM32F1xx_HAL_Driver/Src/stm32f1xx_ll_usb.o
                0x08003770                USB_DevDisconnect
 .text.USB_ReadInterrupts
                0x08003774        0x8 ./Drivers/STM32F1xx_HAL_Driver/Src/stm32f1xx_ll_usb.o
                0x08003774                USB_ReadInterrupts
 .text.USB_EP0_OutStart
                0x0800377c        0x4 ./Drivers/STM32F1xx_HAL_Driver/Src/stm32f1xx_ll_usb.o
                0x0800377c                USB_EP0_OutStart
 .text.USB_WritePMA
                0x08003780       0x20 ./Drivers/STM32F1xx_HAL_Driver/Src/stm32f1xx_ll_usb.o
                0x08003780                USB_WritePMA
 .text.USB_EPStartXfer
                0x080037a0      0x46a ./Drivers/STM32F1xx_HAL_Driver/Src/stm32f1xx_ll_usb.o
                0x080037a0                USB_EPStartXfer
 .text.USB_ReadPMA
                0x08003c0a       0x38 ./Drivers/STM32F1xx_HAL_Driver/Src/stm32f1xx_ll_usb.o
                0x08003c0a                USB_ReadPMA
 .text.USBD_CDC_EP0_RxReady
                0x08003c42       0x28 ./Middlewares/ST/STM32_USB_Device_Library/Class/CDC/Src/usbd_cdc.o
 *fill*         0x08003c6a        0x2 
 .text.USBD_CDC_GetFSCfgDesc
                0x08003c6c        0xc ./Middlewares/ST/STM32_USB_Device_Library/Class/CDC/Src/usbd_cdc.o
 .text.USBD_CDC_GetHSCfgDesc
                0x08003c78        0xc ./Middlewares/ST/STM32_USB_Device_Library/Class/CDC/Src/usbd_cdc.o
 .text.USBD_CDC_GetOtherSpeedCfgDesc
                0x08003c84        0xc ./Middlewares/ST/STM32_USB_Device_Library/Class/CDC/Src/usbd_cdc.o
 .text.USBD_CDC_GetDeviceQualifierDescriptor
                0x08003c90        0xc ./Middlewares/ST/STM32_USB_Device_Library/Class/CDC/Src/usbd_cdc.o
                0x08003c90                USBD_CDC_GetDeviceQualifierDescriptor
 .text.USBD_CDC_DataOut
                0x08003c9c       0x2e ./Middlewares/ST/STM32_USB_Device_Library/Class/CDC/Src/usbd_cdc.o
 .text.USBD_CDC_DataIn
                0x08003cca       0x40 ./Middlewares/ST/STM32_USB_Device_Library/Class/CDC/Src/usbd_cdc.o
 .text.USBD_CDC_Setup
                0x08003d0a       0xa2 ./Middlewares/ST/STM32_USB_Device_Library/Class/CDC/Src/usbd_cdc.o
 .text.USBD_CDC_DeInit
                0x08003dac       0x42 ./Middlewares/ST/STM32_USB_Device_Library/Class/CDC/Src/usbd_cdc.o
 .text.USBD_CDC_Init
                0x08003dee       0x8c ./Middlewares/ST/STM32_USB_Device_Library/Class/CDC/Src/usbd_cdc.o
 .text.USBD_CDC_RegisterInterface
                0x08003e7a        0xe ./Middlewares/ST/STM32_USB_Device_Library/Class/CDC/Src/usbd_cdc.o
                0x08003e7a                USBD_CDC_RegisterInterface
 .text.USBD_CDC_SetTxBuffer
                0x08003e88       0x10 ./Middlewares/ST/STM32_USB_Device_Library/Class/CDC/Src/usbd_cdc.o
                0x08003e88                USBD_CDC_SetTxBuffer
 .text.USBD_CDC_SetRxBuffer
                0x08003e98        0xc ./Middlewares/ST/STM32_USB_Device_Library/Class/CDC/Src/usbd_cdc.o
                0x08003e98                USBD_CDC_SetRxBuffer
 .text.USBD_CDC_TransmitPacket
                0x08003ea4       0x32 ./Middlewares/ST/STM32_USB_Device_Library/Class/CDC/Src/usbd_cdc.o
                0x08003ea4                USBD_CDC_TransmitPacket
 .text.USBD_CDC_ReceivePacket
                0x08003ed6       0x26 ./Middlewares/ST/STM32_USB_Device_Library/Class/CDC/Src/usbd_cdc.o
                0x08003ed6                USBD_CDC_ReceivePacket
 .text.USBD_Init
                0x08003efc       0x2a ./Middlewares/ST/STM32_USB_Device_Library/Core/Src/usbd_core.o
                0x08003efc                USBD_Init
 .text.USBD_RegisterClass
                0x08003f26        0xe ./Middlewares/ST/STM32_USB_Device_Library/Core/Src/usbd_core.o
                0x08003f26                USBD_RegisterClass
 .text.USBD_Start
                0x08003f34        0xa ./Middlewares/ST/STM32_USB_Device_Library/Core/Src/usbd_core.o
                0x08003f34                USBD_Start
 .text.USBD_SetClassConfig
                0x08003f3e       0x1a ./Middlewares/ST/STM32_USB_Device_Library/Core/Src/usbd_core.o
                0x08003f3e                USBD_SetClassConfig
 .text.USBD_ClrClassConfig
                0x08003f58        0xe ./Middlewares/ST/STM32_USB_Device_Library/Core/Src/usbd_core.o
                0x08003f58                USBD_ClrClassConfig
 .text.USBD_LL_SetupStage
                0x08003f66       0x5a ./Middlewares/ST/STM32_USB_Device_Library/Core/Src/usbd_core.o
                0x08003f66                USBD_LL_SetupStage
 .text.USBD_LL_DataOutStage
                0x08003fc0       0x70 ./Middlewares/ST/STM32_USB_Device_Library/Core/Src/usbd_core.o
                0x08003fc0                USBD_LL_DataOutStage
 .text.USBD_LL_DataInStage
                0x08004030       0xb8 ./Middlewares/ST/STM32_USB_Device_Library/Core/Src/usbd_core.o
                0x08004030                USBD_LL_DataInStage
 .text.USBD_LL_Reset
                0x080040e8       0x4e ./Middlewares/ST/STM32_USB_Device_Library/Core/Src/usbd_core.o
                0x080040e8                USBD_LL_Reset
 .text.USBD_LL_SetSpeed
                0x08004136        0x6 ./Middlewares/ST/STM32_USB_Device_Library/Core/Src/usbd_core.o
                0x08004136                USBD_LL_SetSpeed
 .text.USBD_LL_Suspend
                0x0800413c       0x12 ./Middlewares/ST/STM32_USB_Device_Library/Core/Src/usbd_core.o
                0x0800413c                USBD_LL_Suspend
 .text.USBD_LL_Resume
                0x0800414e       0x14 ./Middlewares/ST/STM32_USB_Device_Library/Core/Src/usbd_core.o
                0x0800414e                USBD_LL_Resume
 .text.USBD_LL_SOF
                0x08004162       0x18 ./Middlewares/ST/STM32_USB_Device_Library/Core/Src/usbd_core.o
                0x08004162                USBD_LL_SOF
 .text.USBD_CtlError.constprop.0
                0x0800417a       0x16 ./Middlewares/ST/STM32_USB_Device_Library/Core/Src/usbd_ctlreq.o
 .text.USBD_StdDevReq
                0x08004190      0x290 ./Middlewares/ST/STM32_USB_Device_Library/Core/Src/usbd_ctlreq.o
                0x08004190                USBD_StdDevReq
 .text.USBD_StdItfReq
                0x08004420       0x48 ./Middlewares/ST/STM32_USB_Device_Library/Core/Src/usbd_ctlreq.o
                0x08004420                USBD_StdItfReq
 .text.USBD_StdEPReq
                0x08004468      0x118 ./Middlewares/ST/STM32_USB_Device_Library/Core/Src/usbd_ctlreq.o
                0x08004468                USBD_StdEPReq
 .text.USBD_ParseSetupRequest
                0x08004580       0x16 ./Middlewares/ST/STM32_USB_Device_Library/Core/Src/usbd_ctlreq.o
                0x08004580                USBD_ParseSetupRequest
 .text.USBD_CtlError
                0x08004596       0x16 ./Middlewares/ST/STM32_USB_Device_Library/Core/Src/usbd_ctlreq.o
                0x08004596                USBD_CtlError
 .text.USBD_GetString
                0x080045ac       0x38 ./Middlewares/ST/STM32_USB_Device_Library/Core/Src/usbd_ctlreq.o
                0x080045ac                USBD_GetString
 .text.USBD_CtlSendData
                0x080045e4       0x1a ./Middlewares/ST/STM32_USB_Device_Library/Core/Src/usbd_ioreq.o
                0x080045e4                USBD_CtlSendData
 .text.USBD_CtlContinueSendData
                0x080045fe       0x10 ./Middlewares/ST/STM32_USB_Device_Library/Core/Src/usbd_ioreq.o
                0x080045fe                USBD_CtlContinueSendData
 .text.USBD_CtlPrepareRx
                0x0800460e       0x1a ./Middlewares/ST/STM32_USB_Device_Library/Core/Src/usbd_ioreq.o
                0x0800460e                USBD_CtlPrepareRx
 .text.USBD_CtlContinueRx
                0x08004628       0x10 ./Middlewares/ST/STM32_USB_Device_Library/Core/Src/usbd_ioreq.o
                0x08004628                USBD_CtlContinueRx
 .text.USBD_CtlSendStatus
                0x08004638       0x16 ./Middlewares/ST/STM32_USB_Device_Library/Core/Src/usbd_ioreq.o
                0x08004638                USBD_CtlSendStatus
 .text.USBD_CtlReceiveStatus
                0x0800464e       0x16 ./Middlewares/ST/STM32_USB_Device_Library/Core/Src/usbd_ioreq.o
                0x0800464e                USBD_CtlReceiveStatus
 .text.MX_USB_DEVICE_Init
                0x08004664       0x50 ./USB_DEVICE/App/usb_device.o
                0x08004664                MX_USB_DEVICE_Init
 .text.CDC_DeInit_FS
                0x080046b4        0x4 ./USB_DEVICE/App/usbd_cdc_if.o
 .text.CDC_Control_FS
                0x080046b8        0x4 ./USB_DEVICE/App/usbd_cdc_if.o
 .text.CDC_Init_FS
                0x080046bc       0x28 ./USB_DEVICE/App/usbd_cdc_if.o
 .text.CDC_Transmit_FS
                0x080046e4       0x2c ./USB_DEVICE/App/usbd_cdc_if.o
                0x080046e4                CDC_Transmit_FS
 .text.CDC_Receive_FS
                0x08004710       0x28 ./USB_DEVICE/App/usbd_cdc_if.o
 .text.USBD_FS_DeviceDescriptor
                0x08004738        0xc ./USB_DEVICE/App/usbd_desc.o
                0x08004738                USBD_FS_DeviceDescriptor
 .text.USBD_FS_LangIDStrDescriptor
                0x08004744        0xc ./USB_DEVICE/App/usbd_desc.o
                0x08004744                USBD_FS_LangIDStrDescriptor
 .text.IntToUnicode
                0x08004750       0x2a ./USB_DEVICE/App/usbd_desc.o
 *fill*         0x0800477a        0x2 
 .text.USBD_FS_SerialStrDescriptor
                0x0800477c       0x3c ./USB_DEVICE/App/usbd_desc.o
                0x0800477c                USBD_FS_SerialStrDescriptor
 .text.USBD_FS_ManufacturerStrDescriptor
                0x080047b8       0x1c ./USB_DEVICE/App/usbd_desc.o
                0x080047b8                USBD_FS_ManufacturerStrDescriptor
 .text.USBD_FS_ProductStrDescriptor
                0x080047d4       0x1c ./USB_DEVICE/App/usbd_desc.o
                0x080047d4                USBD_FS_ProductStrDescriptor
 .text.USBD_FS_ConfigStrDescriptor
                0x080047f0       0x1c ./USB_DEVICE/App/usbd_desc.o
                0x080047f0                USBD_FS_ConfigStrDescriptor
 .text.USBD_FS_InterfaceStrDescriptor
                0x0800480c       0x1c ./USB_DEVICE/App/usbd_desc.o
                0x0800480c                USBD_FS_InterfaceStrDescriptor
 .text.USBD_Get_USB_Status
                0x08004828        0xc ./USB_DEVICE/Target/usbd_conf.o
 .text.HAL_PCD_MspInit
                0x08004834       0x40 ./USB_DEVICE/Target/usbd_conf.o
                0x08004834                HAL_PCD_MspInit
 .text.HAL_PCD_SetupStageCallback
                0x08004874        0xc ./USB_DEVICE/Target/usbd_conf.o
                0x08004874                HAL_PCD_SetupStageCallback
 .text.HAL_PCD_DataOutStageCallback
                0x08004880       0x12 ./USB_DEVICE/Target/usbd_conf.o
                0x08004880                HAL_PCD_DataOutStageCallback
 .text.HAL_PCD_DataInStageCallback
                0x08004892       0x10 ./USB_DEVICE/Target/usbd_conf.o
                0x08004892                HAL_PCD_DataInStageCallback
 .text.HAL_PCD_SOFCallback
                0x080048a2        0x8 ./USB_DEVICE/Target/usbd_conf.o
                0x080048a2                HAL_PCD_SOFCallback
 .text.HAL_PCD_ResetCallback
                0x080048aa       0x24 ./USB_DEVICE/Target/usbd_conf.o
                0x080048aa                HAL_PCD_ResetCallback
 *fill*         0x080048ce        0x2 
 .text.HAL_PCD_SuspendCallback
                0x080048d0       0x20 ./USB_DEVICE/Target/usbd_conf.o
                0x080048d0                HAL_PCD_SuspendCallback
 .text.HAL_PCD_ResumeCallback
                0x080048f0        0x8 ./USB_DEVICE/Target/usbd_conf.o
                0x080048f0                HAL_PCD_ResumeCallback
 .text.USBD_LL_Init
                0x080048f8       0x80 ./USB_DEVICE/Target/usbd_conf.o
                0x080048f8                USBD_LL_Init
 .text.USBD_LL_Start
                0x08004978       0x12 ./USB_DEVICE/Target/usbd_conf.o
                0x08004978                USBD_LL_Start
 .text.USBD_LL_OpenEP
                0x0800498a       0x18 ./USB_DEVICE/Target/usbd_conf.o
                0x0800498a                USBD_LL_OpenEP
 .text.USBD_LL_CloseEP
                0x080049a2       0x12 ./USB_DEVICE/Target/usbd_conf.o
                0x080049a2                USBD_LL_CloseEP
 .text.USBD_LL_StallEP
                0x080049b4       0x12 ./USB_DEVICE/Target/usbd_conf.o
                0x080049b4                USBD_LL_StallEP
 .text.USBD_LL_ClearStallEP
                0x080049c6       0x12 ./USB_DEVICE/Target/usbd_conf.o
                0x080049c6                USBD_LL_ClearStallEP
 .text.USBD_LL_IsStallEP
                0x080049d8       0x22 ./USB_DEVICE/Target/usbd_conf.o
                0x080049d8                USBD_LL_IsStallEP
 .text.USBD_LL_SetUSBAddress
                0x080049fa       0x12 ./USB_DEVICE/Target/usbd_conf.o
                0x080049fa                USBD_LL_SetUSBAddress
 .text.USBD_LL_Transmit
                0x08004a0c       0x12 ./USB_DEVICE/Target/usbd_conf.o
                0x08004a0c                USBD_LL_Transmit
 .text.USBD_LL_PrepareReceive
                0x08004a1e       0x12 ./USB_DEVICE/Target/usbd_conf.o
                0x08004a1e                USBD_LL_PrepareReceive
 .text.USBD_LL_GetRxDataSize
                0x08004a30        0x8 ./USB_DEVICE/Target/usbd_conf.o
                0x08004a30                USBD_LL_GetRxDataSize
 .text.USBD_static_malloc
                0x08004a38        0x8 ./USB_DEVICE/Target/usbd_conf.o
                0x08004a38                USBD_static_malloc
 .text.USBD_static_free
                0x08004a40        0x2 ./USB_DEVICE/Target/usbd_conf.o
                0x08004a40                USBD_static_free
 .text.HAL_PCDEx_SetConnectionState
                0x08004a42        0x2 ./USB_DEVICE/Target/usbd_conf.o
                0x08004a42                HAL_PCDEx_SetConnectionState
 .text.malloc   0x08004a44       0x10 C:/ST/STM32CubeIDE_1.19.0/STM32CubeIDE/plugins/com.st.stm32cube.ide.mcu.externaltools.gnu-tools-for-stm32.13.3.rel1.win32_1.0.0.202411081344/tools/bin/../lib/gcc/arm-none-eabi/13.3.1/../../../../arm-none-eabi/lib/thumb/v7-m/nofp\libc_nano.a(libc_a-malloc.o)
                0x08004a44                malloc
 .text.free     0x08004a54       0x10 C:/ST/STM32CubeIDE_1.19.0/STM32CubeIDE/plugins/com.st.stm32cube.ide.mcu.externaltools.gnu-tools-for-stm32.13.3.rel1.win32_1.0.0.202411081344/tools/bin/../lib/gcc/arm-none-eabi/13.3.1/../../../../arm-none-eabi/lib/thumb/v7-m/nofp\libc_nano.a(libc_a-malloc.o)
                0x08004a54                free
 .text.sbrk_aligned
                0x08004a64       0x44 C:/ST/STM32CubeIDE_1.19.0/STM32CubeIDE/plugins/com.st.stm32cube.ide.mcu.externaltools.gnu-tools-for-stm32.13.3.rel1.win32_1.0.0.202411081344/tools/bin/../lib/gcc/arm-none-eabi/13.3.1/../../../../arm-none-eabi/lib/thumb/v7-m/nofp\libc_nano.a(libc_a-mallocr.o)
 .text._malloc_r
                0x08004aa8      0x100 C:/ST/STM32CubeIDE_1.19.0/STM32CubeIDE/plugins/com.st.stm32cube.ide.mcu.externaltools.gnu-tools-for-stm32.13.3.rel1.win32_1.0.0.202411081344/tools/bin/../lib/gcc/arm-none-eabi/13.3.1/../../../../arm-none-eabi/lib/thumb/v7-m/nofp\libc_nano.a(libc_a-mallocr.o)
                0x08004aa8                _malloc_r
 .text.__malloc_lock
                0x08004ba8        0xc C:/ST/STM32CubeIDE_1.19.0/STM32CubeIDE/plugins/com.st.stm32cube.ide.mcu.externaltools.gnu-tools-for-stm32.13.3.rel1.win32_1.0.0.202411081344/tools/bin/../lib/gcc/arm-none-eabi/13.3.1/../../../../arm-none-eabi/lib/thumb/v7-m/nofp\libc_nano.a(libc_a-mlock.o)
                0x08004ba8                __malloc_lock
 .text.__malloc_unlock
                0x08004bb4        0xc C:/ST/STM32CubeIDE_1.19.0/STM32CubeIDE/plugins/com.st.stm32cube.ide.mcu.externaltools.gnu-tools-for-stm32.13.3.rel1.win32_1.0.0.202411081344/tools/bin/../lib/gcc/arm-none-eabi/13.3.1/../../../../arm-none-eabi/lib/thumb/v7-m/nofp\libc_nano.a(libc_a-mlock.o)
                0x08004bb4                __malloc_unlock
 .text.realloc  0x08004bc0       0x10 C:/ST/STM32CubeIDE_1.19.0/STM32CubeIDE/plugins/com.st.stm32cube.ide.mcu.externaltools.gnu-tools-for-stm32.13.3.rel1.win32_1.0.0.202411081344/tools/bin/../lib/gcc/arm-none-eabi/13.3.1/../../../../arm-none-eabi/lib/thumb/v7-m/nofp\libc_nano.a(libc_a-realloc.o)
                0x08004bc0                realloc
 .text._realloc_r
                0x08004bd0       0x5c C:/ST/STM32CubeIDE_1.19.0/STM32CubeIDE/plugins/com.st.stm32cube.ide.mcu.externaltools.gnu-tools-for-stm32.13.3.rel1.win32_1.0.0.202411081344/tools/bin/../lib/gcc/arm-none-eabi/13.3.1/../../../../arm-none-eabi/lib/thumb/v7-m/nofp\libc_nano.a(libc_a-reallocr.o)
                0x08004bd0                _realloc_r
 .text.sprintf  0x08004c2c       0x44 C:/ST/STM32CubeIDE_1.19.0/STM32CubeIDE/plugins/com.st.stm32cube.ide.mcu.externaltools.gnu-tools-for-stm32.13.3.rel1.win32_1.0.0.202411081344/tools/bin/../lib/gcc/arm-none-eabi/13.3.1/../../../../arm-none-eabi/lib/thumb/v7-m/nofp\libc_nano.a(libc_a-sprintf.o)
                0x08004c2c                siprintf
                0x08004c2c                sprintf
 .text.memset   0x08004c70       0x10 C:/ST/STM32CubeIDE_1.19.0/STM32CubeIDE/plugins/com.st.stm32cube.ide.mcu.externaltools.gnu-tools-for-stm32.13.3.rel1.win32_1.0.0.202411081344/tools/bin/../lib/gcc/arm-none-eabi/13.3.1/../../../../arm-none-eabi/lib/thumb/v7-m/nofp\libc_nano.a(libc_a-memset.o)
                0x08004c70                memset
 .text._sbrk_r  0x08004c80       0x20 C:/ST/STM32CubeIDE_1.19.0/STM32CubeIDE/plugins/com.st.stm32cube.ide.mcu.externaltools.gnu-tools-for-stm32.13.3.rel1.win32_1.0.0.202411081344/tools/bin/../lib/gcc/arm-none-eabi/13.3.1/../../../../arm-none-eabi/lib/thumb/v7-m/nofp\libc_nano.a(libc_a-sbrkr.o)
                0x08004c80                _sbrk_r
 .text.__errno  0x08004ca0        0xc C:/ST/STM32CubeIDE_1.19.0/STM32CubeIDE/plugins/com.st.stm32cube.ide.mcu.externaltools.gnu-tools-for-stm32.13.3.rel1.win32_1.0.0.202411081344/tools/bin/../lib/gcc/arm-none-eabi/13.3.1/../../../../arm-none-eabi/lib/thumb/v7-m/nofp\libc_nano.a(libc_a-errno.o)
                0x08004ca0                __errno
 .text.__libc_init_array
                0x08004cac       0x48 C:/ST/STM32CubeIDE_1.19.0/STM32CubeIDE/plugins/com.st.stm32cube.ide.mcu.externaltools.gnu-tools-for-stm32.13.3.rel1.win32_1.0.0.202411081344/tools/bin/../lib/gcc/arm-none-eabi/13.3.1/../../../../arm-none-eabi/lib/thumb/v7-m/nofp\libc_nano.a(libc_a-init.o)
                0x08004cac                __libc_init_array
 .text.__retarget_lock_acquire_recursive
                0x08004cf4        0x2 C:/ST/STM32CubeIDE_1.19.0/STM32CubeIDE/plugins/com.st.stm32cube.ide.mcu.externaltools.gnu-tools-for-stm32.13.3.rel1.win32_1.0.0.202411081344/tools/bin/../lib/gcc/arm-none-eabi/13.3.1/../../../../arm-none-eabi/lib/thumb/v7-m/nofp\libc_nano.a(libc_a-lock.o)
                0x08004cf4                __retarget_lock_acquire_recursive
 .text.__retarget_lock_release_recursive
                0x08004cf6        0x2 C:/ST/STM32CubeIDE_1.19.0/STM32CubeIDE/plugins/com.st.stm32cube.ide.mcu.externaltools.gnu-tools-for-stm32.13.3.rel1.win32_1.0.0.202411081344/tools/bin/../lib/gcc/arm-none-eabi/13.3.1/../../../../arm-none-eabi/lib/thumb/v7-m/nofp\libc_nano.a(libc_a-lock.o)
                0x08004cf6                __retarget_lock_release_recursive
 .text.memcpy   0x08004cf8       0x1c C:/ST/STM32CubeIDE_1.19.0/STM32CubeIDE/plugins/com.st.stm32cube.ide.mcu.externaltools.gnu-tools-for-stm32.13.3.rel1.win32_1.0.0.202411081344/tools/bin/../lib/gcc/arm-none-eabi/13.3.1/../../../../arm-none-eabi/lib/thumb/v7-m/nofp\libc_nano.a(libc_a-memcpy-stub.o)
                0x08004cf8                memcpy
 .text._free_r  0x08004d14       0x90 C:/ST/STM32CubeIDE_1.19.0/STM32CubeIDE/plugins/com.st.stm32cube.ide.mcu.externaltools.gnu-tools-for-stm32.13.3.rel1.win32_1.0.0.202411081344/tools/bin/../lib/gcc/arm-none-eabi/13.3.1/../../../../arm-none-eabi/lib/thumb/v7-m/nofp\libc_nano.a(libc_a-freer.o)
                0x08004d14                _free_r
 .text._malloc_usable_size_r
                0x08004da4       0x10 C:/ST/STM32CubeIDE_1.19.0/STM32CubeIDE/plugins/com.st.stm32cube.ide.mcu.externaltools.gnu-tools-for-stm32.13.3.rel1.win32_1.0.0.202411081344/tools/bin/../lib/gcc/arm-none-eabi/13.3.1/../../../../arm-none-eabi/lib/thumb/v7-m/nofp\libc_nano.a(libc_a-msizer.o)
                0x08004da4                _malloc_usable_size_r
 .text.__ssputs_r
                0x08004db4       0xb6 C:/ST/STM32CubeIDE_1.19.0/STM32CubeIDE/plugins/com.st.stm32cube.ide.mcu.externaltools.gnu-tools-for-stm32.13.3.rel1.win32_1.0.0.202411081344/tools/bin/../lib/gcc/arm-none-eabi/13.3.1/../../../../arm-none-eabi/lib/thumb/v7-m/nofp\libc_nano.a(libc_a-nano-svfprintf.o)
                0x08004db4                __ssputs_r
 *fill*         0x08004e6a        0x2 
 .text._svfprintf_r
                0x08004e6c      0x1f8 C:/ST/STM32CubeIDE_1.19.0/STM32CubeIDE/plugins/com.st.stm32cube.ide.mcu.externaltools.gnu-tools-for-stm32.13.3.rel1.win32_1.0.0.202411081344/tools/bin/../lib/gcc/arm-none-eabi/13.3.1/../../../../arm-none-eabi/lib/thumb/v7-m/nofp\libc_nano.a(libc_a-nano-svfprintf.o)
                0x08004e6c                _svfiprintf_r
                0x08004e6c                _svfprintf_r
 .text._printf_common
                0x08005064       0xe4 C:/ST/STM32CubeIDE_1.19.0/STM32CubeIDE/plugins/com.st.stm32cube.ide.mcu.externaltools.gnu-tools-for-stm32.13.3.rel1.win32_1.0.0.202411081344/tools/bin/../lib/gcc/arm-none-eabi/13.3.1/../../../../arm-none-eabi/lib/thumb/v7-m/nofp\libc_nano.a(libc_a-nano-vfprintf_i.o)
                0x08005064                _printf_common
 .text._printf_i
                0x08005148      0x23c C:/ST/STM32CubeIDE_1.19.0/STM32CubeIDE/plugins/com.st.stm32cube.ide.mcu.externaltools.gnu-tools-for-stm32.13.3.rel1.win32_1.0.0.202411081344/tools/bin/../lib/gcc/arm-none-eabi/13.3.1/../../../../arm-none-eabi/lib/thumb/v7-m/nofp\libc_nano.a(libc_a-nano-vfprintf_i.o)
                0x08005148                _printf_i
 .text.memmove  0x08005384       0x34 C:/ST/STM32CubeIDE_1.19.0/STM32CubeIDE/plugins/com.st.stm32cube.ide.mcu.externaltools.gnu-tools-for-stm32.13.3.rel1.win32_1.0.0.202411081344/tools/bin/../lib/gcc/arm-none-eabi/13.3.1/../../../../arm-none-eabi/lib/thumb/v7-m/nofp\libc_nano.a(libc_a-memmove.o)
                0x08005384                memmove
 .text.memchr   0x080053b8       0x1c C:/ST/STM32CubeIDE_1.19.0/STM32CubeIDE/plugins/com.st.stm32cube.ide.mcu.externaltools.gnu-tools-for-stm32.13.3.rel1.win32_1.0.0.202411081344/tools/bin/../lib/gcc/arm-none-eabi/13.3.1/../../../../arm-none-eabi/lib/thumb/v7-m/nofp\libc_nano.a(libc_a-memchr-stub.o)
                0x080053b8                memchr
 *(.glue_7)
 .glue_7        0x080053d4        0x0 linker stubs
 *(.glue_7t)
 .glue_7t       0x080053d4        0x0 linker stubs
 *(.eh_frame)
 .eh_frame      0x080053d4        0x0 C:/ST/STM32CubeIDE_1.19.0/STM32CubeIDE/plugins/com.st.stm32cube.ide.mcu.externaltools.gnu-tools-for-stm32.13.3.rel1.win32_1.0.0.202411081344/tools/bin/../lib/gcc/arm-none-eabi/13.3.1/thumb/v7-m/nofp/crtbegin.o
 *(.init)
 .init          0x080053d4        0x4 C:/ST/STM32CubeIDE_1.19.0/STM32CubeIDE/plugins/com.st.stm32cube.ide.mcu.externaltools.gnu-tools-for-stm32.13.3.rel1.win32_1.0.0.202411081344/tools/bin/../lib/gcc/arm-none-eabi/13.3.1/thumb/v7-m/nofp/crti.o
                0x080053d4                _init
 .init          0x080053d8        0x8 C:/ST/STM32CubeIDE_1.19.0/STM32CubeIDE/plugins/com.st.stm32cube.ide.mcu.externaltools.gnu-tools-for-stm32.13.3.rel1.win32_1.0.0.202411081344/tools/bin/../lib/gcc/arm-none-eabi/13.3.1/thumb/v7-m/nofp/crtn.o
 *(.fini)
 .fini          0x080053e0        0x4 C:/ST/STM32CubeIDE_1.19.0/STM32CubeIDE/plugins/com.st.stm32cube.ide.mcu.externaltools.gnu-tools-for-stm32.13.3.rel1.win32_1.0.0.202411081344/tools/bin/../lib/gcc/arm-none-eabi/13.3.1/thumb/v7-m/nofp/crti.o
                0x080053e0                _fini
 .fini          0x080053e4        0x8 C:/ST/STM32CubeIDE_1.19.0/STM32CubeIDE/plugins/com.st.stm32cube.ide.mcu.externaltools.gnu-tools-for-stm32.13.3.rel1.win32_1.0.0.202411081344/tools/bin/../lib/gcc/arm-none-eabi/13.3.1/thumb/v7-m/nofp/crtn.o
                0x080053ec                        . = ALIGN (0x4)
                0x080053ec                        _etext = .

.vfp11_veneer   0x080053ec        0x0
 .vfp11_veneer  0x080053ec        0x0 linker stubs

.v4_bx          0x080053ec        0x0
 .v4_bx         0x080053ec        0x0 linker stubs

.iplt           0x080053ec        0x0
 .iplt          0x080053ec        0x0 C:/ST/STM32CubeIDE_1.19.0/STM32CubeIDE/plugins/com.st.stm32cube.ide.mcu.externaltools.gnu-tools-for-stm32.13.3.rel1.win32_1.0.0.202411081344/tools/bin/../lib/gcc/arm-none-eabi/13.3.1/thumb/v7-m/nofp/crtbegin.o

.rodata         0x080053f0      0x1cc
                0x080053f0                        . = ALIGN (0x4)
 *(.rodata)
 *(.rodata*)
 .rodata.ReadUSB.str1.1
                0x080053f0       0xff ./Core/Src/main.o
                                  0xb (size before relaxing)
 .rodata._ZN11ArduinoJson8V742HB226detail13TextFormatterINS1_18StaticStringWriterEE11writeStringEPKcj.str1.1
                0x080054ef       0x1a ./Core/Src/main.o
 .rodata._ZN11ArduinoJson8V742HB226detail13TextFormatterINS1_18StaticStringWriterEE10writeFloatEda.str1.1
                0x080054ef        0x5 ./Core/Src/main.o
 .rodata._ZNK11ArduinoJson8V742HB226detail11VariantData6acceptINS1_14JsonSerializerINS1_18StaticStringWriterEEEEENT_11result_typeERS7_PKNS1_15ResourceManagerE.str1.1
                0x080054ef        0xb ./Core/Src/main.o
 .rodata.main.str1.1
                0x080054ef       0x55 ./Core/Src/main.o
 *fill*         0x080054ef        0x1 
 .rodata._ZTVN11ArduinoJson8V742HB226detail16DefaultAllocatorE
                0x080054f0       0x14 ./Core/Src/main.o
                0x080054f0                vtable for ArduinoJson::V742HB22::detail::DefaultAllocator
 *fill*         0x08005504        0x4 
 .rodata._ZZN11ArduinoJson8V742HB226detail11FloatTraitsIdLj8EE25negativeBinaryPowersOfTenEvE7factors
                0x08005508       0x48 ./Core/Src/main.o
                0x08005508                ArduinoJson::V742HB22::detail::FloatTraits<double, 8u>::negativeBinaryPowersOfTen()::factors
 .rodata._ZZN11ArduinoJson8V742HB226detail11FloatTraitsIdLj8EE25positiveBinaryPowersOfTenEvE7factors
                0x08005550       0x48 ./Core/Src/main.o
                0x08005550                ArduinoJson::V742HB22::detail::FloatTraits<double, 8u>::positiveBinaryPowersOfTen()::factors
 .rodata.AHBPrescTable
                0x08005598       0x10 ./Core/Src/system_stm32f1xx.o
                0x08005598                AHBPrescTable
 .rodata.aPredivFactorTable.0
                0x080055a8        0x2 ./Drivers/STM32F1xx_HAL_Driver/Src/stm32f1xx_hal_rcc.o
 .rodata.aPLLMULFactorTable.1
                0x080055aa       0x10 ./Drivers/STM32F1xx_HAL_Driver/Src/stm32f1xx_hal_rcc.o
 .rodata.USBD_FS_ManufacturerStrDescriptor.str1.1
                0x080055ba       0x13 ./USB_DEVICE/App/usbd_desc.o
 .rodata.USBD_FS_ProductStrDescriptor.str1.1
                0x080055ba       0x16 ./USB_DEVICE/App/usbd_desc.o
 .rodata.USBD_FS_ConfigStrDescriptor.str1.1
                0x080055ba        0xb ./USB_DEVICE/App/usbd_desc.o
 .rodata.USBD_FS_InterfaceStrDescriptor.str1.1
                0x080055ba        0xe ./USB_DEVICE/App/usbd_desc.o
 .rodata._svfprintf_r.str1.1
                0x080055ba       0x11 C:/ST/STM32CubeIDE_1.19.0/STM32CubeIDE/plugins/com.st.stm32cube.ide.mcu.externaltools.gnu-tools-for-stm32.13.3.rel1.win32_1.0.0.202411081344/tools/bin/../lib/gcc/arm-none-eabi/13.3.1/../../../../arm-none-eabi/lib/thumb/v7-m/nofp\libc_nano.a(libc_a-nano-svfprintf.o)
 .rodata._printf_i.str1.1
                0x080055ba       0x22 C:/ST/STM32CubeIDE_1.19.0/STM32CubeIDE/plugins/com.st.stm32cube.ide.mcu.externaltools.gnu-tools-for-stm32.13.3.rel1.win32_1.0.0.202411081344/tools/bin/../lib/gcc/arm-none-eabi/13.3.1/../../../../arm-none-eabi/lib/thumb/v7-m/nofp\libc_nano.a(libc_a-nano-vfprintf_i.o)
                0x080055dc                        . = ALIGN (0x4)
 *fill*         0x080055ba        0x2 

.ARM.extab      0x080055bc        0x0
                0x080055bc                        . = ALIGN (0x4)
 *(.ARM.extab* .gnu.linkonce.armextab.*)
                0x080055bc                        . = ALIGN (0x4)

.ARM            0x080055bc        0x8
                0x080055bc                        . = ALIGN (0x4)
                0x080055bc                        __exidx_start = .
 *(.ARM.exidx*)
 .ARM.exidx     0x080055bc        0x8 C:/ST/STM32CubeIDE_1.19.0/STM32CubeIDE/plugins/com.st.stm32cube.ide.mcu.externaltools.gnu-tools-for-stm32.13.3.rel1.win32_1.0.0.202411081344/tools/bin/../lib/gcc/arm-none-eabi/13.3.1/../../../../arm-none-eabi/lib/thumb/v7-m/nofp\libc_nano.a(libc_a-strlen.o)
 .ARM.exidx     0x080055c4        0x0 C:/ST/STM32CubeIDE_1.19.0/STM32CubeIDE/plugins/com.st.stm32cube.ide.mcu.externaltools.gnu-tools-for-stm32.13.3.rel1.win32_1.0.0.202411081344/tools/bin/../lib/gcc/arm-none-eabi/13.3.1/thumb/v7-m/nofp\libgcc.a(_udivmoddi4.o)
                                  0x8 (size before relaxing)
                0x080055c4                        __exidx_end = .
                0x080055c4                        . = ALIGN (0x4)

.preinit_array  0x080055c4        0x0
                0x080055c4                        . = ALIGN (0x4)
                0x080055c4                        PROVIDE (__preinit_array_start = .)
 *(.preinit_array*)
                0x080055c4                        PROVIDE (__preinit_array_end = .)
                0x080055c4                        . = ALIGN (0x4)

.init_array     0x080055c4        0x4
                0x080055c4                        . = ALIGN (0x4)
                0x080055c4                        PROVIDE (__init_array_start = .)
 *(SORT_BY_NAME(.init_array.*))
 *(.init_array*)
 .init_array    0x080055c4        0x4 C:/ST/STM32CubeIDE_1.19.0/STM32CubeIDE/plugins/com.st.stm32cube.ide.mcu.externaltools.gnu-tools-for-stm32.13.3.rel1.win32_1.0.0.202411081344/tools/bin/../lib/gcc/arm-none-eabi/13.3.1/thumb/v7-m/nofp/crtbegin.o
                0x080055c8                        PROVIDE (__init_array_end = .)
                0x080055c8                        . = ALIGN (0x4)

.fini_array     0x080055c8        0x4
                0x080055c8                        . = ALIGN (0x4)
                [!provide]                        PROVIDE (__fini_array_start = .)
 *(SORT_BY_NAME(.fini_array.*))
 *(.fini_array*)
 .fini_array    0x080055c8        0x4 C:/ST/STM32CubeIDE_1.19.0/STM32CubeIDE/plugins/com.st.stm32cube.ide.mcu.externaltools.gnu-tools-for-stm32.13.3.rel1.win32_1.0.0.202411081344/tools/bin/../lib/gcc/arm-none-eabi/13.3.1/thumb/v7-m/nofp/crtbegin.o
                [!provide]                        PROVIDE (__fini_array_end = .)
                0x080055cc                        . = ALIGN (0x4)
                0x080055cc                        _sidata = LOADADDR (.data)

.rel.dyn        0x080055cc        0x0
 .rel.iplt      0x080055cc        0x0 C:/ST/STM32CubeIDE_1.19.0/STM32CubeIDE/plugins/com.st.stm32cube.ide.mcu.externaltools.gnu-tools-for-stm32.13.3.rel1.win32_1.0.0.202411081344/tools/bin/../lib/gcc/arm-none-eabi/13.3.1/thumb/v7-m/nofp/crtbegin.o

.data           0x20000000      0x1d0 load address 0x080055cc
                0x20000000                        . = ALIGN (0x4)
                0x20000000                        _sdata = .
 *(.data)
 *(.data*)
 .data._ZZN11ArduinoJson8V742HB226detail16DefaultAllocator8instanceEvE9allocator
                0x20000000        0x4 ./Core/Src/main.o
                0x20000000                ArduinoJson::V742HB22::detail::DefaultAllocator::instance()::allocator
 .data.SystemCoreClock
                0x20000004        0x4 ./Core/Src/system_stm32f1xx.o
                0x20000004                SystemCoreClock
 .data.uwTickFreq
                0x20000008        0x1 ./Drivers/STM32F1xx_HAL_Driver/Src/stm32f1xx_hal.o
                0x20000008                uwTickFreq
 *fill*         0x20000009        0x3 
 .data.uwTickPrio
                0x2000000c        0x4 ./Drivers/STM32F1xx_HAL_Driver/Src/stm32f1xx_hal.o
                0x2000000c                uwTickPrio
 .data.USBD_CDC_OtherSpeedCfgDesc
                0x20000010       0x43 ./Middlewares/ST/STM32_USB_Device_Library/Class/CDC/Src/usbd_cdc.o
                0x20000010                USBD_CDC_OtherSpeedCfgDesc
 *fill*         0x20000053        0x1 
 .data.USBD_CDC_CfgFSDesc
                0x20000054       0x43 ./Middlewares/ST/STM32_USB_Device_Library/Class/CDC/Src/usbd_cdc.o
                0x20000054                USBD_CDC_CfgFSDesc
 *fill*         0x20000097        0x1 
 .data.USBD_CDC_CfgHSDesc
                0x20000098       0x43 ./Middlewares/ST/STM32_USB_Device_Library/Class/CDC/Src/usbd_cdc.o
                0x20000098                USBD_CDC_CfgHSDesc
 *fill*         0x200000db        0x1 
 .data.USBD_CDC
                0x200000dc       0x38 ./Middlewares/ST/STM32_USB_Device_Library/Class/CDC/Src/usbd_cdc.o
                0x200000dc                USBD_CDC
 .data.USBD_CDC_DeviceQualifierDesc
                0x20000114        0xa ./Middlewares/ST/STM32_USB_Device_Library/Class/CDC/Src/usbd_cdc.o
 *fill*         0x2000011e        0x2 
 .data.USBD_Interface_fops_FS
                0x20000120       0x10 ./USB_DEVICE/App/usbd_cdc_if.o
                0x20000120                USBD_Interface_fops_FS
 .data.USBD_StringSerial
                0x20000130       0x1a ./USB_DEVICE/App/usbd_desc.o
                0x20000130                USBD_StringSerial
 *fill*         0x2000014a        0x2 
 .data.USBD_LangIDDesc
                0x2000014c        0x4 ./USB_DEVICE/App/usbd_desc.o
                0x2000014c                USBD_LangIDDesc
 .data.USBD_FS_DeviceDesc
                0x20000150       0x12 ./USB_DEVICE/App/usbd_desc.o
                0x20000150                USBD_FS_DeviceDesc
 *fill*         0x20000162        0x2 
 .data.FS_Desc  0x20000164       0x1c ./USB_DEVICE/App/usbd_desc.o
                0x20000164                FS_Desc
 .data._impure_ptr
                0x20000180        0x4 C:/ST/STM32CubeIDE_1.19.0/STM32CubeIDE/plugins/com.st.stm32cube.ide.mcu.externaltools.gnu-tools-for-stm32.13.3.rel1.win32_1.0.0.202411081344/tools/bin/../lib/gcc/arm-none-eabi/13.3.1/../../../../arm-none-eabi/lib/thumb/v7-m/nofp\libc_nano.a(libc_a-impure.o)
                0x20000180                _impure_ptr
 .data._impure_data
                0x20000184       0x4c C:/ST/STM32CubeIDE_1.19.0/STM32CubeIDE/plugins/com.st.stm32cube.ide.mcu.externaltools.gnu-tools-for-stm32.13.3.rel1.win32_1.0.0.202411081344/tools/bin/../lib/gcc/arm-none-eabi/13.3.1/../../../../arm-none-eabi/lib/thumb/v7-m/nofp\libc_nano.a(libc_a-impure.o)
                0x20000184                _impure_data
 *(.RamFunc)
 *(.RamFunc*)
                0x200001d0                        . = ALIGN (0x4)
                0x200001d0                        _edata = .

.igot.plt       0x200001d0        0x0 load address 0x0800579c
 .igot.plt      0x200001d0        0x0 C:/ST/STM32CubeIDE_1.19.0/STM32CubeIDE/plugins/com.st.stm32cube.ide.mcu.externaltools.gnu-tools-for-stm32.13.3.rel1.win32_1.0.0.202411081344/tools/bin/../lib/gcc/arm-none-eabi/13.3.1/thumb/v7-m/nofp/crtbegin.o
                0x200001d0                        . = ALIGN (0x4)

.bss            0x200001d0     0x1410 load address 0x0800579c
                0x200001d0                        _sbss = .
                0x200001d0                        __bss_start__ = _sbss
 *(.bss)
 .bss           0x200001d0       0x1c C:/ST/STM32CubeIDE_1.19.0/STM32CubeIDE/plugins/com.st.stm32cube.ide.mcu.externaltools.gnu-tools-for-stm32.13.3.rel1.win32_1.0.0.202411081344/tools/bin/../lib/gcc/arm-none-eabi/13.3.1/thumb/v7-m/nofp/crtbegin.o
 *(.bss*)
 .bss.endTime   0x200001ec        0x4 ./Core/Src/main.o
                0x200001ec                endTime
 .bss.startTime
                0x200001f0        0x4 ./Core/Src/main.o
                0x200001f0                startTime
 .bss.buffer    0x200001f4       0xc8 ./Core/Src/main.o
                0x200001f4                buffer
 .bss.sendDataTime
                0x200002bc        0x4 ./Core/Src/main.o
                0x200002bc                sendDataTime
 .bss.nextLedTime
                0x200002c0        0x4 ./Core/Src/main.o
                0x200002c0                nextLedTime
 .bss.hiwdg     0x200002c4        0xc ./Core/Src/main.o
                0x200002c4                hiwdg
 .bss.__sbrk_heap_end
                0x200002d0        0x4 ./Core/Src/sysmem.o
 .bss.uwTick    0x200002d4        0x4 ./Drivers/STM32F1xx_HAL_Driver/Src/stm32f1xx_hal.o
                0x200002d4                uwTick
 .bss.cfgidx.0  0x200002d8        0x1 ./Middlewares/ST/STM32_USB_Device_Library/Core/Src/usbd_ctlreq.o
 *fill*         0x200002d9        0x3 
 .bss.hUsbDeviceFS
                0x200002dc      0x2c4 ./USB_DEVICE/App/usb_device.o
                0x200002dc                hUsbDeviceFS
 .bss.UserTxBufferFS
                0x200005a0      0x400 ./USB_DEVICE/App/usbd_cdc_if.o
                0x200005a0                UserTxBufferFS
 .bss.UserRxBufferFS
                0x200009a0      0x400 ./USB_DEVICE/App/usbd_cdc_if.o
                0x200009a0                UserRxBufferFS
 .bss.USBD_StrDesc
                0x20000da0      0x200 ./USB_DEVICE/App/usbd_desc.o
                0x20000da0                USBD_StrDesc
 .bss.mem.0     0x20000fa0      0x220 ./USB_DEVICE/Target/usbd_conf.o
 .bss.hpcd_USB_FS
                0x200011c0      0x2d8 ./USB_DEVICE/Target/usbd_conf.o
                0x200011c0                hpcd_USB_FS
 .bss.__malloc_sbrk_start
                0x20001498        0x4 C:/ST/STM32CubeIDE_1.19.0/STM32CubeIDE/plugins/com.st.stm32cube.ide.mcu.externaltools.gnu-tools-for-stm32.13.3.rel1.win32_1.0.0.202411081344/tools/bin/../lib/gcc/arm-none-eabi/13.3.1/../../../../arm-none-eabi/lib/thumb/v7-m/nofp\libc_nano.a(libc_a-mallocr.o)
                0x20001498                __malloc_sbrk_start
 .bss.__malloc_free_list
                0x2000149c        0x4 C:/ST/STM32CubeIDE_1.19.0/STM32CubeIDE/plugins/com.st.stm32cube.ide.mcu.externaltools.gnu-tools-for-stm32.13.3.rel1.win32_1.0.0.202411081344/tools/bin/../lib/gcc/arm-none-eabi/13.3.1/../../../../arm-none-eabi/lib/thumb/v7-m/nofp\libc_nano.a(libc_a-mallocr.o)
                0x2000149c                __malloc_free_list
 .bss.__sf      0x200014a0      0x138 C:/ST/STM32CubeIDE_1.19.0/STM32CubeIDE/plugins/com.st.stm32cube.ide.mcu.externaltools.gnu-tools-for-stm32.13.3.rel1.win32_1.0.0.202411081344/tools/bin/../lib/gcc/arm-none-eabi/13.3.1/../../../../arm-none-eabi/lib/thumb/v7-m/nofp\libc_nano.a(libc_a-findfp.o)
                0x200014a0                __sf
 .bss.errno     0x200015d8        0x4 C:/ST/STM32CubeIDE_1.19.0/STM32CubeIDE/plugins/com.st.stm32cube.ide.mcu.externaltools.gnu-tools-for-stm32.13.3.rel1.win32_1.0.0.202411081344/tools/bin/../lib/gcc/arm-none-eabi/13.3.1/../../../../arm-none-eabi/lib/thumb/v7-m/nofp\libc_nano.a(libc_a-reent.o)
                0x200015d8                errno
 .bss.__lock___malloc_recursive_mutex
                0x200015dc        0x1 C:/ST/STM32CubeIDE_1.19.0/STM32CubeIDE/plugins/com.st.stm32cube.ide.mcu.externaltools.gnu-tools-for-stm32.13.3.rel1.win32_1.0.0.202411081344/tools/bin/../lib/gcc/arm-none-eabi/13.3.1/../../../../arm-none-eabi/lib/thumb/v7-m/nofp\libc_nano.a(libc_a-lock.o)
                0x200015dc                __lock___malloc_recursive_mutex
 *(COMMON)
                0x200015e0                        . = ALIGN (0x4)
 *fill*         0x200015dd        0x3 
                0x200015e0                        _ebss = .
                0x200015e0                        __bss_end__ = _ebss

._user_heap_stack
                0x200015e0      0x600 load address 0x0800579c
                0x200015e0                        . = ALIGN (0x8)
                [!provide]                        PROVIDE (end = .)
                0x200015e0                        PROVIDE (_end = .)
                0x200017e0                        . = (. + _Min_Heap_Size)
 *fill*         0x200015e0      0x200 
                0x20001be0                        . = (. + _Min_Stack_Size)
 *fill*         0x200017e0      0x400 
                0x20001be0                        . = ALIGN (0x8)

/DISCARD/
 libc.a(*)
 libm.a(*)
 libgcc.a(*)

.ARM.attributes
                0x00000000       0x29
 *(.ARM.attributes)
 .ARM.attributes
                0x00000000       0x1d C:/ST/STM32CubeIDE_1.19.0/STM32CubeIDE/plugins/com.st.stm32cube.ide.mcu.externaltools.gnu-tools-for-stm32.13.3.rel1.win32_1.0.0.202411081344/tools/bin/../lib/gcc/arm-none-eabi/13.3.1/thumb/v7-m/nofp/crti.o
 .ARM.attributes
                0x0000001d       0x2d C:/ST/STM32CubeIDE_1.19.0/STM32CubeIDE/plugins/com.st.stm32cube.ide.mcu.externaltools.gnu-tools-for-stm32.13.3.rel1.win32_1.0.0.202411081344/tools/bin/../lib/gcc/arm-none-eabi/13.3.1/thumb/v7-m/nofp/crtbegin.o
 .ARM.attributes
                0x0000004a       0x2d ./Core/Src/main.o
 .ARM.attributes
                0x00000077       0x2d ./Core/Src/stm32f1xx_hal_msp.o
 .ARM.attributes
                0x000000a4       0x2d ./Core/Src/stm32f1xx_it.o
 .ARM.attributes
                0x000000d1       0x2d ./Core/Src/sysmem.o
 .ARM.attributes
                0x000000fe       0x2d ./Core/Src/system_stm32f1xx.o
 .ARM.attributes
                0x0000012b       0x21 ./Core/Startup/startup_stm32f103c8tx.o
 .ARM.attributes
                0x0000014c       0x2d ./Drivers/STM32F1xx_HAL_Driver/Src/stm32f1xx_hal.o
 .ARM.attributes
                0x00000179       0x2d ./Drivers/STM32F1xx_HAL_Driver/Src/stm32f1xx_hal_cortex.o
 .ARM.attributes
                0x000001a6       0x2d ./Drivers/STM32F1xx_HAL_Driver/Src/stm32f1xx_hal_gpio.o
 .ARM.attributes
                0x000001d3       0x2d ./Drivers/STM32F1xx_HAL_Driver/Src/stm32f1xx_hal_iwdg.o
 .ARM.attributes
                0x00000200       0x2d ./Drivers/STM32F1xx_HAL_Driver/Src/stm32f1xx_hal_pcd.o
 .ARM.attributes
                0x0000022d       0x2d ./Drivers/STM32F1xx_HAL_Driver/Src/stm32f1xx_hal_pcd_ex.o
 .ARM.attributes
                0x0000025a       0x2d ./Drivers/STM32F1xx_HAL_Driver/Src/stm32f1xx_hal_rcc.o
 .ARM.attributes
                0x00000287       0x2d ./Drivers/STM32F1xx_HAL_Driver/Src/stm32f1xx_hal_rcc_ex.o
 .ARM.attributes
                0x000002b4       0x2d ./Drivers/STM32F1xx_HAL_Driver/Src/stm32f1xx_ll_usb.o
 .ARM.attributes
                0x000002e1       0x2d ./Middlewares/ST/STM32_USB_Device_Library/Class/CDC/Src/usbd_cdc.o
 .ARM.attributes
                0x0000030e       0x2d ./Middlewares/ST/STM32_USB_Device_Library/Core/Src/usbd_core.o
 .ARM.attributes
                0x0000033b       0x2d ./Middlewares/ST/STM32_USB_Device_Library/Core/Src/usbd_ctlreq.o
 .ARM.attributes
                0x00000368       0x2d ./Middlewares/ST/STM32_USB_Device_Library/Core/Src/usbd_ioreq.o
 .ARM.attributes
                0x00000395       0x2d ./USB_DEVICE/App/usb_device.o
 .ARM.attributes
                0x000003c2       0x2d ./USB_DEVICE/App/usbd_cdc_if.o
 .ARM.attributes
                0x000003ef       0x2d ./USB_DEVICE/App/usbd_desc.o
 .ARM.attributes
                0x0000041c       0x2d ./USB_DEVICE/Target/usbd_conf.o
 .ARM.attributes
                0x00000449       0x2d C:/ST/STM32CubeIDE_1.19.0/STM32CubeIDE/plugins/com.st.stm32cube.ide.mcu.externaltools.gnu-tools-for-stm32.13.3.rel1.win32_1.0.0.202411081344/tools/bin/../lib/gcc/arm-none-eabi/13.3.1/../../../../arm-none-eabi/lib/thumb/v7-m/nofp\libc_nano.a(libc_a-malloc.o)
 .ARM.attributes
                0x00000476       0x2d C:/ST/STM32CubeIDE_1.19.0/STM32CubeIDE/plugins/com.st.stm32cube.ide.mcu.externaltools.gnu-tools-for-stm32.13.3.rel1.win32_1.0.0.202411081344/tools/bin/../lib/gcc/arm-none-eabi/13.3.1/../../../../arm-none-eabi/lib/thumb/v7-m/nofp\libc_nano.a(libc_a-mallocr.o)
 .ARM.attributes
                0x000004a3       0x2d C:/ST/STM32CubeIDE_1.19.0/STM32CubeIDE/plugins/com.st.stm32cube.ide.mcu.externaltools.gnu-tools-for-stm32.13.3.rel1.win32_1.0.0.202411081344/tools/bin/../lib/gcc/arm-none-eabi/13.3.1/../../../../arm-none-eabi/lib/thumb/v7-m/nofp\libc_nano.a(libc_a-mlock.o)
 .ARM.attributes
                0x000004d0       0x2d C:/ST/STM32CubeIDE_1.19.0/STM32CubeIDE/plugins/com.st.stm32cube.ide.mcu.externaltools.gnu-tools-for-stm32.13.3.rel1.win32_1.0.0.202411081344/tools/bin/../lib/gcc/arm-none-eabi/13.3.1/../../../../arm-none-eabi/lib/thumb/v7-m/nofp\libc_nano.a(libc_a-realloc.o)
 .ARM.attributes
                0x000004fd       0x2d C:/ST/STM32CubeIDE_1.19.0/STM32CubeIDE/plugins/com.st.stm32cube.ide.mcu.externaltools.gnu-tools-for-stm32.13.3.rel1.win32_1.0.0.202411081344/tools/bin/../lib/gcc/arm-none-eabi/13.3.1/../../../../arm-none-eabi/lib/thumb/v7-m/nofp\libc_nano.a(libc_a-reallocr.o)
 .ARM.attributes
                0x0000052a       0x2d C:/ST/STM32CubeIDE_1.19.0/STM32CubeIDE/plugins/com.st.stm32cube.ide.mcu.externaltools.gnu-tools-for-stm32.13.3.rel1.win32_1.0.0.202411081344/tools/bin/../lib/gcc/arm-none-eabi/13.3.1/../../../../arm-none-eabi/lib/thumb/v7-m/nofp\libc_nano.a(libc_a-findfp.o)
 .ARM.attributes
                0x00000557       0x2d C:/ST/STM32CubeIDE_1.19.0/STM32CubeIDE/plugins/com.st.stm32cube.ide.mcu.externaltools.gnu-tools-for-stm32.13.3.rel1.win32_1.0.0.202411081344/tools/bin/../lib/gcc/arm-none-eabi/13.3.1/../../../../arm-none-eabi/lib/thumb/v7-m/nofp\libc_nano.a(libc_a-sprintf.o)
 .ARM.attributes
                0x00000584       0x2d C:/ST/STM32CubeIDE_1.19.0/STM32CubeIDE/plugins/com.st.stm32cube.ide.mcu.externaltools.gnu-tools-for-stm32.13.3.rel1.win32_1.0.0.202411081344/tools/bin/../lib/gcc/arm-none-eabi/13.3.1/../../../../arm-none-eabi/lib/thumb/v7-m/nofp\libc_nano.a(libc_a-memset.o)
 .ARM.attributes
                0x000005b1       0x2d C:/ST/STM32CubeIDE_1.19.0/STM32CubeIDE/plugins/com.st.stm32cube.ide.mcu.externaltools.gnu-tools-for-stm32.13.3.rel1.win32_1.0.0.202411081344/tools/bin/../lib/gcc/arm-none-eabi/13.3.1/../../../../arm-none-eabi/lib/thumb/v7-m/nofp\libc_nano.a(libc_a-reent.o)
 .ARM.attributes
                0x000005de       0x2d C:/ST/STM32CubeIDE_1.19.0/STM32CubeIDE/plugins/com.st.stm32cube.ide.mcu.externaltools.gnu-tools-for-stm32.13.3.rel1.win32_1.0.0.202411081344/tools/bin/../lib/gcc/arm-none-eabi/13.3.1/../../../../arm-none-eabi/lib/thumb/v7-m/nofp\libc_nano.a(libc_a-impure.o)
 .ARM.attributes
                0x0000060b       0x2d C:/ST/STM32CubeIDE_1.19.0/STM32CubeIDE/plugins/com.st.stm32cube.ide.mcu.externaltools.gnu-tools-for-stm32.13.3.rel1.win32_1.0.0.202411081344/tools/bin/../lib/gcc/arm-none-eabi/13.3.1/../../../../arm-none-eabi/lib/thumb/v7-m/nofp\libc_nano.a(libc_a-sbrkr.o)
 .ARM.attributes
                0x00000638       0x2d C:/ST/STM32CubeIDE_1.19.0/STM32CubeIDE/plugins/com.st.stm32cube.ide.mcu.externaltools.gnu-tools-for-stm32.13.3.rel1.win32_1.0.0.202411081344/tools/bin/../lib/gcc/arm-none-eabi/13.3.1/../../../../arm-none-eabi/lib/thumb/v7-m/nofp\libc_nano.a(libc_a-errno.o)
 .ARM.attributes
                0x00000665       0x2d C:/ST/STM32CubeIDE_1.19.0/STM32CubeIDE/plugins/com.st.stm32cube.ide.mcu.externaltools.gnu-tools-for-stm32.13.3.rel1.win32_1.0.0.202411081344/tools/bin/../lib/gcc/arm-none-eabi/13.3.1/../../../../arm-none-eabi/lib/thumb/v7-m/nofp\libc_nano.a(libc_a-init.o)
 .ARM.attributes
                0x00000692       0x2d C:/ST/STM32CubeIDE_1.19.0/STM32CubeIDE/plugins/com.st.stm32cube.ide.mcu.externaltools.gnu-tools-for-stm32.13.3.rel1.win32_1.0.0.202411081344/tools/bin/../lib/gcc/arm-none-eabi/13.3.1/../../../../arm-none-eabi/lib/thumb/v7-m/nofp\libc_nano.a(libc_a-lock.o)
 .ARM.attributes
                0x000006bf       0x2d C:/ST/STM32CubeIDE_1.19.0/STM32CubeIDE/plugins/com.st.stm32cube.ide.mcu.externaltools.gnu-tools-for-stm32.13.3.rel1.win32_1.0.0.202411081344/tools/bin/../lib/gcc/arm-none-eabi/13.3.1/../../../../arm-none-eabi/lib/thumb/v7-m/nofp\libc_nano.a(libc_a-memcpy-stub.o)
 .ARM.attributes
                0x000006ec       0x17 C:/ST/STM32CubeIDE_1.19.0/STM32CubeIDE/plugins/com.st.stm32cube.ide.mcu.externaltools.gnu-tools-for-stm32.13.3.rel1.win32_1.0.0.202411081344/tools/bin/../lib/gcc/arm-none-eabi/13.3.1/../../../../arm-none-eabi/lib/thumb/v7-m/nofp\libc_nano.a(libc_a-strlen.o)
 .ARM.attributes
                0x00000703       0x2d C:/ST/STM32CubeIDE_1.19.0/STM32CubeIDE/plugins/com.st.stm32cube.ide.mcu.externaltools.gnu-tools-for-stm32.13.3.rel1.win32_1.0.0.202411081344/tools/bin/../lib/gcc/arm-none-eabi/13.3.1/../../../../arm-none-eabi/lib/thumb/v7-m/nofp\libc_nano.a(libc_a-freer.o)
 .ARM.attributes
                0x00000730       0x2d C:/ST/STM32CubeIDE_1.19.0/STM32CubeIDE/plugins/com.st.stm32cube.ide.mcu.externaltools.gnu-tools-for-stm32.13.3.rel1.win32_1.0.0.202411081344/tools/bin/../lib/gcc/arm-none-eabi/13.3.1/../../../../arm-none-eabi/lib/thumb/v7-m/nofp\libc_nano.a(libc_a-msizer.o)
 .ARM.attributes
                0x0000075d       0x2d C:/ST/STM32CubeIDE_1.19.0/STM32CubeIDE/plugins/com.st.stm32cube.ide.mcu.externaltools.gnu-tools-for-stm32.13.3.rel1.win32_1.0.0.202411081344/tools/bin/../lib/gcc/arm-none-eabi/13.3.1/../../../../arm-none-eabi/lib/thumb/v7-m/nofp\libc_nano.a(libc_a-nano-svfprintf.o)
 .ARM.attributes
                0x0000078a       0x2d C:/ST/STM32CubeIDE_1.19.0/STM32CubeIDE/plugins/com.st.stm32cube.ide.mcu.externaltools.gnu-tools-for-stm32.13.3.rel1.win32_1.0.0.202411081344/tools/bin/../lib/gcc/arm-none-eabi/13.3.1/../../../../arm-none-eabi/lib/thumb/v7-m/nofp\libc_nano.a(libc_a-nano-vfprintf_i.o)
 .ARM.attributes
                0x000007b7       0x2d C:/ST/STM32CubeIDE_1.19.0/STM32CubeIDE/plugins/com.st.stm32cube.ide.mcu.externaltools.gnu-tools-for-stm32.13.3.rel1.win32_1.0.0.202411081344/tools/bin/../lib/gcc/arm-none-eabi/13.3.1/../../../../arm-none-eabi/lib/thumb/v7-m/nofp\libc_nano.a(libc_a-memmove.o)
 .ARM.attributes
                0x000007e4       0x2d C:/ST/STM32CubeIDE_1.19.0/STM32CubeIDE/plugins/com.st.stm32cube.ide.mcu.externaltools.gnu-tools-for-stm32.13.3.rel1.win32_1.0.0.202411081344/tools/bin/../lib/gcc/arm-none-eabi/13.3.1/../../../../arm-none-eabi/lib/thumb/v7-m/nofp\libc_nano.a(libc_a-memchr-stub.o)
 .ARM.attributes
                0x00000811       0x1d C:/ST/STM32CubeIDE_1.19.0/STM32CubeIDE/plugins/com.st.stm32cube.ide.mcu.externaltools.gnu-tools-for-stm32.13.3.rel1.win32_1.0.0.202411081344/tools/bin/../lib/gcc/arm-none-eabi/13.3.1/thumb/v7-m/nofp\libgcc.a(_arm_muldf3.o)
 .ARM.attributes
                0x0000082e       0x1d C:/ST/STM32CubeIDE_1.19.0/STM32CubeIDE/plugins/com.st.stm32cube.ide.mcu.externaltools.gnu-tools-for-stm32.13.3.rel1.win32_1.0.0.202411081344/tools/bin/../lib/gcc/arm-none-eabi/13.3.1/thumb/v7-m/nofp\libgcc.a(_arm_addsubdf3.o)
 .ARM.attributes
                0x0000084b       0x1d C:/ST/STM32CubeIDE_1.19.0/STM32CubeIDE/plugins/com.st.stm32cube.ide.mcu.externaltools.gnu-tools-for-stm32.13.3.rel1.win32_1.0.0.202411081344/tools/bin/../lib/gcc/arm-none-eabi/13.3.1/thumb/v7-m/nofp\libgcc.a(_arm_cmpdf2.o)
 .ARM.attributes
                0x00000868       0x1d C:/ST/STM32CubeIDE_1.19.0/STM32CubeIDE/plugins/com.st.stm32cube.ide.mcu.externaltools.gnu-tools-for-stm32.13.3.rel1.win32_1.0.0.202411081344/tools/bin/../lib/gcc/arm-none-eabi/13.3.1/thumb/v7-m/nofp\libgcc.a(_arm_fixunsdfsi.o)
 .ARM.attributes
                0x00000885       0x1d C:/ST/STM32CubeIDE_1.19.0/STM32CubeIDE/plugins/com.st.stm32cube.ide.mcu.externaltools.gnu-tools-for-stm32.13.3.rel1.win32_1.0.0.202411081344/tools/bin/../lib/gcc/arm-none-eabi/13.3.1/thumb/v7-m/nofp\libgcc.a(_aeabi_uldivmod.o)
 .ARM.attributes
                0x000008a2       0x2d C:/ST/STM32CubeIDE_1.19.0/STM32CubeIDE/plugins/com.st.stm32cube.ide.mcu.externaltools.gnu-tools-for-stm32.13.3.rel1.win32_1.0.0.202411081344/tools/bin/../lib/gcc/arm-none-eabi/13.3.1/thumb/v7-m/nofp\libgcc.a(_udivmoddi4.o)
 .ARM.attributes
                0x000008cf       0x1d C:/ST/STM32CubeIDE_1.19.0/STM32CubeIDE/plugins/com.st.stm32cube.ide.mcu.externaltools.gnu-tools-for-stm32.13.3.rel1.win32_1.0.0.202411081344/tools/bin/../lib/gcc/arm-none-eabi/13.3.1/thumb/v7-m/nofp\libgcc.a(_dvmd_tls.o)
 .ARM.attributes
                0x000008ec       0x1d C:/ST/STM32CubeIDE_1.19.0/STM32CubeIDE/plugins/com.st.stm32cube.ide.mcu.externaltools.gnu-tools-for-stm32.13.3.rel1.win32_1.0.0.202411081344/tools/bin/../lib/gcc/arm-none-eabi/13.3.1/thumb/v7-m/nofp/crtn.o
OUTPUT(jsonTest.elf elf32-littlearm)
LOAD linker stubs
LOAD C:/ST/STM32CubeIDE_1.19.0/STM32CubeIDE/plugins/com.st.stm32cube.ide.mcu.externaltools.gnu-tools-for-stm32.13.3.rel1.win32_1.0.0.202411081344/tools/bin/../lib/gcc/arm-none-eabi/13.3.1/../../../../arm-none-eabi/lib/thumb/v7-m/nofp\libc.a
LOAD C:/ST/STM32CubeIDE_1.19.0/STM32CubeIDE/plugins/com.st.stm32cube.ide.mcu.externaltools.gnu-tools-for-stm32.13.3.rel1.win32_1.0.0.202411081344/tools/bin/../lib/gcc/arm-none-eabi/13.3.1/../../../../arm-none-eabi/lib/thumb/v7-m/nofp\libm.a
LOAD C:/ST/STM32CubeIDE_1.19.0/STM32CubeIDE/plugins/com.st.stm32cube.ide.mcu.externaltools.gnu-tools-for-stm32.13.3.rel1.win32_1.0.0.202411081344/tools/bin/../lib/gcc/arm-none-eabi/13.3.1/thumb/v7-m/nofp\libgcc.a

.comment        0x00000000       0x43
 .comment       0x00000000       0x43 ./Core/Src/main.o
                                 0x44 (size before relaxing)
 .comment       0x00000043       0x44 ./Core/Src/stm32f1xx_hal_msp.o
 .comment       0x00000043       0x44 ./Core/Src/stm32f1xx_it.o
 .comment       0x00000043       0x44 ./Core/Src/sysmem.o
 .comment       0x00000043       0x44 ./Core/Src/system_stm32f1xx.o
 .comment       0x00000043       0x44 ./Drivers/STM32F1xx_HAL_Driver/Src/stm32f1xx_hal.o
 .comment       0x00000043       0x44 ./Drivers/STM32F1xx_HAL_Driver/Src/stm32f1xx_hal_cortex.o
 .comment       0x00000043       0x44 ./Drivers/STM32F1xx_HAL_Driver/Src/stm32f1xx_hal_gpio.o
 .comment       0x00000043       0x44 ./Drivers/STM32F1xx_HAL_Driver/Src/stm32f1xx_hal_iwdg.o
 .comment       0x00000043       0x44 ./Drivers/STM32F1xx_HAL_Driver/Src/stm32f1xx_hal_pcd.o
 .comment       0x00000043       0x44 ./Drivers/STM32F1xx_HAL_Driver/Src/stm32f1xx_hal_pcd_ex.o
 .comment       0x00000043       0x44 ./Drivers/STM32F1xx_HAL_Driver/Src/stm32f1xx_hal_rcc.o
 .comment       0x00000043       0x44 ./Drivers/STM32F1xx_HAL_Driver/Src/stm32f1xx_hal_rcc_ex.o
 .comment       0x00000043       0x44 ./Drivers/STM32F1xx_HAL_Driver/Src/stm32f1xx_ll_usb.o
 .comment       0x00000043       0x44 ./Middlewares/ST/STM32_USB_Device_Library/Class/CDC/Src/usbd_cdc.o
 .comment       0x00000043       0x44 ./Middlewares/ST/STM32_USB_Device_Library/Core/Src/usbd_core.o
 .comment       0x00000043       0x44 ./Middlewares/ST/STM32_USB_Device_Library/Core/Src/usbd_ctlreq.o
 .comment       0x00000043       0x44 ./Middlewares/ST/STM32_USB_Device_Library/Core/Src/usbd_ioreq.o
 .comment       0x00000043       0x44 ./USB_DEVICE/App/usb_device.o
 .comment       0x00000043       0x44 ./USB_DEVICE/App/usbd_cdc_if.o
 .comment       0x00000043       0x44 ./USB_DEVICE/App/usbd_desc.o
 .comment       0x00000043       0x44 ./USB_DEVICE/Target/usbd_conf.o

.debug_frame    0x00000000      0x828
 .debug_frame   0x00000000       0x30 C:/ST/STM32CubeIDE_1.19.0/STM32CubeIDE/plugins/com.st.stm32cube.ide.mcu.externaltools.gnu-tools-for-stm32.13.3.rel1.win32_1.0.0.202411081344/tools/bin/../lib/gcc/arm-none-eabi/13.3.1/../../../../arm-none-eabi/lib/thumb/v7-m/nofp\libc_nano.a(libc_a-malloc.o)
 .debug_frame   0x00000030       0x50 C:/ST/STM32CubeIDE_1.19.0/STM32CubeIDE/plugins/com.st.stm32cube.ide.mcu.externaltools.gnu-tools-for-stm32.13.3.rel1.win32_1.0.0.202411081344/tools/bin/../lib/gcc/arm-none-eabi/13.3.1/../../../../arm-none-eabi/lib/thumb/v7-m/nofp\libc_nano.a(libc_a-mallocr.o)
 .debug_frame   0x00000080       0x30 C:/ST/STM32CubeIDE_1.19.0/STM32CubeIDE/plugins/com.st.stm32cube.ide.mcu.externaltools.gnu-tools-for-stm32.13.3.rel1.win32_1.0.0.202411081344/tools/bin/../lib/gcc/arm-none-eabi/13.3.1/../../../../arm-none-eabi/lib/thumb/v7-m/nofp\libc_nano.a(libc_a-mlock.o)
 .debug_frame   0x000000b0       0x20 C:/ST/STM32CubeIDE_1.19.0/STM32CubeIDE/plugins/com.st.stm32cube.ide.mcu.externaltools.gnu-tools-for-stm32.13.3.rel1.win32_1.0.0.202411081344/tools/bin/../lib/gcc/arm-none-eabi/13.3.1/../../../../arm-none-eabi/lib/thumb/v7-m/nofp\libc_nano.a(libc_a-realloc.o)
 .debug_frame   0x000000d0       0x3c C:/ST/STM32CubeIDE_1.19.0/STM32CubeIDE/plugins/com.st.stm32cube.ide.mcu.externaltools.gnu-tools-for-stm32.13.3.rel1.win32_1.0.0.202411081344/tools/bin/../lib/gcc/arm-none-eabi/13.3.1/../../../../arm-none-eabi/lib/thumb/v7-m/nofp\libc_nano.a(libc_a-reallocr.o)
 .debug_frame   0x0000010c      0x144 C:/ST/STM32CubeIDE_1.19.0/STM32CubeIDE/plugins/com.st.stm32cube.ide.mcu.externaltools.gnu-tools-for-stm32.13.3.rel1.win32_1.0.0.202411081344/tools/bin/../lib/gcc/arm-none-eabi/13.3.1/../../../../arm-none-eabi/lib/thumb/v7-m/nofp\libc_nano.a(libc_a-findfp.o)
 .debug_frame   0x00000250       0x74 C:/ST/STM32CubeIDE_1.19.0/STM32CubeIDE/plugins/com.st.stm32cube.ide.mcu.externaltools.gnu-tools-for-stm32.13.3.rel1.win32_1.0.0.202411081344/tools/bin/../lib/gcc/arm-none-eabi/13.3.1/../../../../arm-none-eabi/lib/thumb/v7-m/nofp\libc_nano.a(libc_a-sprintf.o)
 .debug_frame   0x000002c4       0x20 C:/ST/STM32CubeIDE_1.19.0/STM32CubeIDE/plugins/com.st.stm32cube.ide.mcu.externaltools.gnu-tools-for-stm32.13.3.rel1.win32_1.0.0.202411081344/tools/bin/../lib/gcc/arm-none-eabi/13.3.1/../../../../arm-none-eabi/lib/thumb/v7-m/nofp\libc_nano.a(libc_a-memset.o)
 .debug_frame   0x000002e4       0x38 C:/ST/STM32CubeIDE_1.19.0/STM32CubeIDE/plugins/com.st.stm32cube.ide.mcu.externaltools.gnu-tools-for-stm32.13.3.rel1.win32_1.0.0.202411081344/tools/bin/../lib/gcc/arm-none-eabi/13.3.1/../../../../arm-none-eabi/lib/thumb/v7-m/nofp\libc_nano.a(libc_a-reent.o)
 .debug_frame   0x0000031c       0x2c C:/ST/STM32CubeIDE_1.19.0/STM32CubeIDE/plugins/com.st.stm32cube.ide.mcu.externaltools.gnu-tools-for-stm32.13.3.rel1.win32_1.0.0.202411081344/tools/bin/../lib/gcc/arm-none-eabi/13.3.1/../../../../arm-none-eabi/lib/thumb/v7-m/nofp\libc_nano.a(libc_a-sbrkr.o)
 .debug_frame   0x00000348       0x20 C:/ST/STM32CubeIDE_1.19.0/STM32CubeIDE/plugins/com.st.stm32cube.ide.mcu.externaltools.gnu-tools-for-stm32.13.3.rel1.win32_1.0.0.202411081344/tools/bin/../lib/gcc/arm-none-eabi/13.3.1/../../../../arm-none-eabi/lib/thumb/v7-m/nofp\libc_nano.a(libc_a-errno.o)
 .debug_frame   0x00000368       0x2c C:/ST/STM32CubeIDE_1.19.0/STM32CubeIDE/plugins/com.st.stm32cube.ide.mcu.externaltools.gnu-tools-for-stm32.13.3.rel1.win32_1.0.0.202411081344/tools/bin/../lib/gcc/arm-none-eabi/13.3.1/../../../../arm-none-eabi/lib/thumb/v7-m/nofp\libc_nano.a(libc_a-init.o)
 .debug_frame   0x00000394       0xb0 C:/ST/STM32CubeIDE_1.19.0/STM32CubeIDE/plugins/com.st.stm32cube.ide.mcu.externaltools.gnu-tools-for-stm32.13.3.rel1.win32_1.0.0.202411081344/tools/bin/../lib/gcc/arm-none-eabi/13.3.1/../../../../arm-none-eabi/lib/thumb/v7-m/nofp\libc_nano.a(libc_a-lock.o)
 .debug_frame   0x00000444       0x28 C:/ST/STM32CubeIDE_1.19.0/STM32CubeIDE/plugins/com.st.stm32cube.ide.mcu.externaltools.gnu-tools-for-stm32.13.3.rel1.win32_1.0.0.202411081344/tools/bin/../lib/gcc/arm-none-eabi/13.3.1/../../../../arm-none-eabi/lib/thumb/v7-m/nofp\libc_nano.a(libc_a-memcpy-stub.o)
 .debug_frame   0x0000046c       0x38 C:/ST/STM32CubeIDE_1.19.0/STM32CubeIDE/plugins/com.st.stm32cube.ide.mcu.externaltools.gnu-tools-for-stm32.13.3.rel1.win32_1.0.0.202411081344/tools/bin/../lib/gcc/arm-none-eabi/13.3.1/../../../../arm-none-eabi/lib/thumb/v7-m/nofp\libc_nano.a(libc_a-freer.o)
 .debug_frame   0x000004a4       0x20 C:/ST/STM32CubeIDE_1.19.0/STM32CubeIDE/plugins/com.st.stm32cube.ide.mcu.externaltools.gnu-tools-for-stm32.13.3.rel1.win32_1.0.0.202411081344/tools/bin/../lib/gcc/arm-none-eabi/13.3.1/../../../../arm-none-eabi/lib/thumb/v7-m/nofp\libc_nano.a(libc_a-msizer.o)
 .debug_frame   0x000004c4       0x90 C:/ST/STM32CubeIDE_1.19.0/STM32CubeIDE/plugins/com.st.stm32cube.ide.mcu.externaltools.gnu-tools-for-stm32.13.3.rel1.win32_1.0.0.202411081344/tools/bin/../lib/gcc/arm-none-eabi/13.3.1/../../../../arm-none-eabi/lib/thumb/v7-m/nofp\libc_nano.a(libc_a-nano-svfprintf.o)
 .debug_frame   0x00000554       0x60 C:/ST/STM32CubeIDE_1.19.0/STM32CubeIDE/plugins/com.st.stm32cube.ide.mcu.externaltools.gnu-tools-for-stm32.13.3.rel1.win32_1.0.0.202411081344/tools/bin/../lib/gcc/arm-none-eabi/13.3.1/../../../../arm-none-eabi/lib/thumb/v7-m/nofp\libc_nano.a(libc_a-nano-vfprintf_i.o)
 .debug_frame   0x000005b4       0x28 C:/ST/STM32CubeIDE_1.19.0/STM32CubeIDE/plugins/com.st.stm32cube.ide.mcu.externaltools.gnu-tools-for-stm32.13.3.rel1.win32_1.0.0.202411081344/tools/bin/../lib/gcc/arm-none-eabi/13.3.1/../../../../arm-none-eabi/lib/thumb/v7-m/nofp\libc_nano.a(libc_a-memmove.o)
 .debug_frame   0x000005dc       0x28 C:/ST/STM32CubeIDE_1.19.0/STM32CubeIDE/plugins/com.st.stm32cube.ide.mcu.externaltools.gnu-tools-for-stm32.13.3.rel1.win32_1.0.0.202411081344/tools/bin/../lib/gcc/arm-none-eabi/13.3.1/../../../../arm-none-eabi/lib/thumb/v7-m/nofp\libc_nano.a(libc_a-memchr-stub.o)
 .debug_frame   0x00000604       0x30 C:/ST/STM32CubeIDE_1.19.0/STM32CubeIDE/plugins/com.st.stm32cube.ide.mcu.externaltools.gnu-tools-for-stm32.13.3.rel1.win32_1.0.0.202411081344/tools/bin/../lib/gcc/arm-none-eabi/13.3.1/thumb/v7-m/nofp\libgcc.a(_arm_muldf3.o)
 .debug_frame   0x00000634       0xac C:/ST/STM32CubeIDE_1.19.0/STM32CubeIDE/plugins/com.st.stm32cube.ide.mcu.externaltools.gnu-tools-for-stm32.13.3.rel1.win32_1.0.0.202411081344/tools/bin/../lib/gcc/arm-none-eabi/13.3.1/thumb/v7-m/nofp\libgcc.a(_arm_addsubdf3.o)
 .debug_frame   0x000006e0       0xc4 C:/ST/STM32CubeIDE_1.19.0/STM32CubeIDE/plugins/com.st.stm32cube.ide.mcu.externaltools.gnu-tools-for-stm32.13.3.rel1.win32_1.0.0.202411081344/tools/bin/../lib/gcc/arm-none-eabi/13.3.1/thumb/v7-m/nofp\libgcc.a(_arm_cmpdf2.o)
 .debug_frame   0x000007a4       0x24 C:/ST/STM32CubeIDE_1.19.0/STM32CubeIDE/plugins/com.st.stm32cube.ide.mcu.externaltools.gnu-tools-for-stm32.13.3.rel1.win32_1.0.0.202411081344/tools/bin/../lib/gcc/arm-none-eabi/13.3.1/thumb/v7-m/nofp\libgcc.a(_arm_fixunsdfsi.o)
 .debug_frame   0x000007c8       0x2c C:/ST/STM32CubeIDE_1.19.0/STM32CubeIDE/plugins/com.st.stm32cube.ide.mcu.externaltools.gnu-tools-for-stm32.13.3.rel1.win32_1.0.0.202411081344/tools/bin/../lib/gcc/arm-none-eabi/13.3.1/thumb/v7-m/nofp\libgcc.a(_aeabi_uldivmod.o)