../Core/Src/main.cpp:130:6:void UartPacket_IdleCallback(UART_HandleTypeDef*)	16	static
../Core/Src/main.cpp:137:6:void HAL_UART_TxCpltCallback(UART_HandleTypeDef*)	16	static
../Core/Src/main.cpp:150:5:int main()	8	static
../Core/Src/main.cpp:231:6:void SystemClock_Config()	120	static
../Core/Src/main.cpp:289:13:void MX_ADC1_Init()	24	static
../Core/Src/main.cpp:336:13:void MX_IWDG_Init()	8	static
../Core/Src/main.cpp:364:13:void MX_USART1_UART_Init()	8	static
../Core/Src/main.cpp:395:13:void MX_DMA_Init()	16	static
../Core/Src/main.cpp:419:13:void MX_GPIO_Init()	40	static
../Core/Src/main.cpp:494:6:void ResetFactory()	16	static
../Core/Src/main.cpp:518:6:void DoRelay(switchState*)	16	static
../Core/Src/main.cpp:546:6:void ReportAllKeys(uint8_t, HeaderType)	40	static
../Core/Src/main.cpp:588:19:HAL_StatusTypeDef WriteToFlash(uint8_t)	72	static,ignoring_inline_asm
../Core/Src/main.cpp:675:6:void ReadFromFlash(bool)	32	static
../Core/Src/main.cpp:706:6:bool changeCurtainState(KeyNum, KeyState, uint8_t)	48	static
../Core/Src/main.cpp:761:6:void DataRecieved(SerialPort*)	64	static
../Core/Src/main.cpp:1032:6:void HAL_TIM_PeriodElapsedCallback(TIM_HandleTypeDef*)	16	static
../Core/Src/main.cpp:1050:6:void Error_Handler()	4	static,ignoring_inline_asm
../Core/Src/main.cpp:1059:1:void __static_initialization_and_destruction_0()	24	static
../Core/Src/main.cpp:1059:1:cpp)	8	static
