../Core/Src/stm32f1xx_it.c:76:6:NMI_Handler	8	static
../Core/Src/stm32f1xx_it.c:92:6:HardFault_Handler	4	static
../Core/Src/stm32f1xx_it.c:107:6:MemManage_Handler	4	static
../Core/Src/stm32f1xx_it.c:122:6:BusFault_Handler	4	static
../Core/Src/stm32f1xx_it.c:137:6:UsageFault_Handler	4	static
../Core/Src/stm32f1xx_it.c:152:6:SVC_Handler	4	static
../Core/Src/stm32f1xx_it.c:165:6:DebugMon_Handler	4	static
../Core/Src/stm32f1xx_it.c:178:6:PendSV_Handler	4	static
../Core/Src/stm32f1xx_it.c:191:6:SysTick_Handler	4	static
../Core/Src/stm32f1xx_it.c:212:6:DMA1_Channel1_IRQHandler	8	static
../Core/Src/stm32f1xx_it.c:226:6:DMA1_Channel2_IRQHandler	8	static
../Core/Src/stm32f1xx_it.c:240:6:DMA1_Channel3_IRQHandler	8	static
../Core/Src/stm32f1xx_it.c:254:6:USART3_IRQHandler	16	static
../Core/Src/stm32f1xx_it.c:271:6:UART5_IRQHandler	8	static
../Core/Src/stm32f1xx_it.c:285:6:TIM7_IRQHandler	8	static
../Core/Src/stm32f1xx_it.c:299:6:ETH_IRQHandler	8	static
../Core/Src/stm32f1xx_it.c:313:6:ETH_WKUP_IRQHandler	8	static
../Core/Src/stm32f1xx_it.c:325:13:UartPacket_IdleCallback	16	static
