../Core/Src/main.cpp:70:6:void ReadUSB(uint8_t*, uint16_t)	16	static
../Core/Src/main.cpp:80:5:int main()	8	static
../Core/Src/main.cpp:141:6:void SystemClock_Config()	88	static
../Core/Src/main.cpp:191:13:void MX_I2C1_Init()	8	static
../Core/Src/main.cpp:225:13:void MX_IWDG_Init()	8	static
../Core/Src/main.cpp:251:13:void MX_DMA_Init()	16	static
../Core/Src/main.cpp:269:13:void MX_GPIO_Init()	24	static
../Core/Src/main.cpp:287:6:void Error_Handler()	4	static,ignoring_inline_asm
../Core/Src/main.cpp:296:1:void __static_initialization_and_destruction_0()	16	static
../Core/Src/main.cpp:296:1:cpp)	8	static
