tft.c:306:13:writecmddata	32	static
tft.c:316:13:WriteCmdParamN	40	static
tft.c:406:17:read16bits	24	static
tft.c:295:13:write24	32	static
tft.c:258:13:pushColors_any	48	static
user_setting.h:48:6:delay	0	static
tft.c:54:6:PIN_LOW	0	static
tft.c:59:6:PIN_HIGH	0	static
tft.c:64:6:PIN_INPUT	24	static
tft.c:74:6:PIN_OUTPUT	24	static
tft.c:142:10:width	0	static
tft.c:145:10:height	0	static
tft.c:176:10:color565	0	static
tft.c:185:6:WriteCmdData	0	static
tft.c:193:6:pushCommand	0	static
tft.c:228:6:setReadDir	40	static
tft.c:240:6:setWriteDir	48	static
tft.c:386:6:reset	48	static
tft.c:415:10:readReg.constprop	24	static
tft.c:415:10:readReg.constprop	24	static
tft.c:415:10:readReg	32	static
tft.c:434:10:readReg32	16	static
tft.c:441:10:readReg40	32	static
tft.c:2505:10:readID	16	static
tft.c:2846:6:setAddrWindow	64	static
tft.c:2602:9:readGRAM	80	static
tft.c:177:10:readPixel	24	static
tft.c:2832:6:drawPixel.part.0	16	static
tft.c:3223:6:fillRect.constprop	56	static
tft.c:2832:6:drawPixel	8	static
tft.c:2889:6:vertScroll	56	static
tft.c:2668:6:setRotation	64	static
tft.c:2969:6:pushColors16b	24	static
tft.c:2973:6:pushColors8b	24	static
tft.c:2977:6:pushColors4n	24	static
tft.c:2988:6:invertDisplay	40	static
tft.c:450:6:tft_init	80	static
tft.c:3034:7:drawFastVLine	0	static
tft.c:3043:6:writePixel	8	static
tft.c:3048:6:writeLine	48	static
tft.c:3102:6:drawCircle	64	static
tft.c:3136:6:drawCircleHelper	64	static
tft.c:3172:6:fillCircle	64	static
tft.c:3178:6:fillCircleHelper	72	static
tft.c:3223:6:fillRect	56	static
tft.c:2983:6:fillScreen	16	static
tft.c:3038:7:drawFastHLine	16	static
tft.c:3089:6:drawLine	48	static
tft.c:3215:6:drawRect	32	static
tft.c:3312:6:drawRoundRect	80	static
tft.c:3329:6:fillRoundRect	80	static
tft.c:3341:6:drawTriangle	72	static
tft.c:3349:6:fillTriangle	88	static
tft.c:3429:6:testFillScreen	32	static
tft.c:3438:6:testLines	96	static
tft.c:3481:6:testFastLines	40	static
tft.c:3490:6:testRects	64	static
tft.c:3504:6:testFilledRects	64	static
tft.c:3521:6:testFilledCircles	128	static
tft.c:3534:6:testCircles	40	static
tft.c:3550:6:testTriangles	88	static
tft.c:3566:6:testFilledTriangles	96	static
tft.c:3579:6:testRoundRects	40	static
tft.c:3596:6:testFilledRoundRects	32	static
tft.c:3614:6:drawChar	104	static
tft.c:3664:8:write	40	static
tft.c:3703:6:setFont	0	static
tft.c:3732:6:charBounds	32	static
tft.c:3802:6:getTextBounds	88	static
tft.c:3825:6:printnewtstr	64	static
tft.c:3834:6:printstr	48	static
tft.c:3839:6:setTextWrap	0	static
tft.c:3841:6:setTextColor	0	static
tft.c:3846:6:setTextSize	0	static
tft.c:3851:6:setCursor	0	static
tft.c:3853:9:getRotation	0	static
tft.c:3858:6:scrollup	88	static
tft.c:3876:6:scrolldown	88	static
