D:/technicalDepartment/software/CubeIDE_Libraries/TCP_Client/tcp_client.cpp:6:10:tcp_pcb* TCPClient::getTpcb()	16	static
D:/technicalDepartment/software/CubeIDE_Libraries/TCP_Client/tcp_client.cpp:11:6:void TCPClient::setTpcb(tcp_pcb*)	16	static
D:/technicalDepartment/software/CubeIDE_Libraries/TCP_Client/tcp_client.cpp:16:6:bool TCPClient::isConnected()	16	static
D:/technicalDepartment/software/CubeIDE_Libraries/TCP_Client/tcp_client.cpp:21:7:static err_t TCPClient::recv(void*, tcp_pcb*, pbuf*, err_t)	32	static
D:/technicalDepartment/software/CubeIDE_Libraries/TCP_Client/tcp_client.cpp:60:7:static err_t TCPClient::connected(void*, tcp_pcb*, err_t)	32	static
D:/technicalDepartment/software/CubeIDE_Libraries/TCP_Client/tcp_client.cpp:92:6:static void TCPClient::error(void*, err_t)	24	static
D:/technicalDepartment/software/CubeIDE_Libraries/TCP_Client/tcp_client.cpp:101:7:err_t TCPClient::SendData(uint8_t*, uint16_t)	32	static
D:/technicalDepartment/software/CubeIDE_Libraries/TCP_Client/tcp_client.cpp:119:7:err_t TCPClient::connect(uint16_t, uint8_t*)	32	static
D:/technicalDepartment/software/CubeIDE_Libraries/TCP_Client/tcp_client.cpp:144:6:void TCPClient::close()	16	static
D:/technicalDepartment/software/CubeIDE_Libraries/TCP_Client/tcp_client.cpp:160:6:void TCPClient::setReceiveEvent(TCPClientReceiveEvent)	16	static
D:/technicalDepartment/software/CubeIDE_Libraries/TCP_Client/tcp_client.cpp:165:6:void TCPClient::setConnectEvent(TCPClientConnectEvent)	16	static
D:/technicalDepartment/software/CubeIDE_Libraries/TCP_Client/tcp_client.cpp:170:6:void TCPClient::setDisconnectEvent(TCPClientDisconnectEvent)	16	static
