2026-07-17 12:21:37,249 [INFO] Activator:176 - 


2026-07-17 12:21:37,265 [INFO] Activator:177 - !SESSION log4j initialized
2026-07-17 12:21:53,871 [INFO] LogOutputStream:77 - [STDOUT_REDIRECT] 
2026-07-17 12:22:17,045 [INFO] ApplicationProperties:184 - Using Application install path: C:\ST\STM32CubeIDE_1.19.0\STM32CubeIDE\plugins\com.st.stm32cube.common.mx_6.15.0.202507011659
2026-07-17 12:22:17,084 [INFO] DbMcusXml:78 - Set database path to: C:\ST\STM32CubeIDE_1.19.0\STM32CubeIDE\plugins\com.st.stm32cube.common.mx_6.15.0.202507011659\\db\/mcu/
2026-07-17 12:22:17,084 [INFO] ApiDb:274 - Set plugin database path to: C:\ST\STM32CubeIDE_1.19.0\STM32CubeIDE\plugins\com.st.stm32cube.common.mx_6.15.0.202507011659\\db\/plugins/boardmanager/
2026-07-17 12:22:17,085 [WARN] ApiDb:259 - Overriding images path with different value:  => C:\ST\STM32CubeIDE_1.19.0\STM32CubeIDE\plugins\com.st.stm32cube.common.mx_6.15.0.202507011659\\db\/plugins/mcufinder/images/
2026-07-17 12:22:17,111 [INFO] ApiDb:250 - Set database path to: C:\Users\alina\.stmcufinder\plugins\mcufinder//mcu/
2026-07-17 12:22:17,115 [INFO] DbMcusAds:125 - Set database path to: C:\Users\alina\.stmcufinder\plugins\mcufinder//mcu/
2026-07-17 12:22:17,131 [INFO] CrossReferenceDbSqlite:203 - Set database path to: C:\Users\alina\.stmcufinder\plugins\mcufinder//mcu/cs/
2026-07-17 12:22:17,487 [INFO] RulesReader:64 - Compatibility file has been processed (317 Rules)
2026-07-17 12:22:17,690 [INFO] DbMcusXml:78 - Set database path to: C:\ST\STM32CubeIDE_1.19.0\STM32CubeIDE\plugins\com.st.stm32cube.common.mx_6.15.0.202507011659\\db\/mcu/
2026-07-17 12:22:17,690 [INFO] ApiDb:274 - Set plugin database path to: C:\ST\STM32CubeIDE_1.19.0\STM32CubeIDE\plugins\com.st.stm32cube.common.mx_6.15.0.202507011659\\db\/plugins/boardmanager/
2026-07-17 12:22:17,690 [INFO] ApiDb:261 - Set plugin images path to: C:\ST\STM32CubeIDE_1.19.0\STM32CubeIDE\plugins\com.st.stm32cube.common.mx_6.15.0.202507011659\\db\/plugins/mcufinder/images/
2026-07-17 12:22:17,691 [WARN] DbFile:41 - Overriding database path with different value: C:\Users\alina\.stmcufinder\plugins\mcufinder/ => C:\Users\alina\.stmcufinder\plugins\mcufinder
2026-07-17 12:22:17,691 [INFO] ApiDb:250 - Set database path to: C:\Users\alina\.stmcufinder\plugins\mcufinder//mcu/
2026-07-17 12:22:17,691 [WARN] DbFile:41 - Overriding database path with different value: C:\Users\alina\.stmcufinder\plugins\mcufinder/ => C:\Users\alina\.stmcufinder\plugins\mcufinder
2026-07-17 12:22:17,691 [INFO] DbMcusAds:125 - Set database path to: C:\Users\alina\.stmcufinder\plugins\mcufinder//mcu/
2026-07-17 12:22:17,691 [WARN] DbFile:41 - Overriding database path with different value: C:\Users\alina\.stmcufinder\plugins\mcufinder/ => C:\Users\alina\.stmcufinder\plugins\mcufinder
2026-07-17 12:22:17,691 [WARN] DbFile:41 - Overriding database path with different value: C:\Users\alina\.stmcufinder\plugins\mcufinder/ => C:\Users\alina\.stmcufinder\plugins\mcufinder
2026-07-17 12:22:17,691 [INFO] CrossReferenceDbSqlite:203 - Set database path to: C:\Users\alina\.stmcufinder\plugins\mcufinder//mcu/cs/
2026-07-17 12:22:17,863 [INFO] MainPanel:274 - HeapMemory: 268435456
2026-07-17 12:22:18,060 [INFO] DbMcusXml:78 - Set database path to: C:\ST\STM32CubeIDE_1.19.0\STM32CubeIDE\plugins\com.st.stm32cube.common.mx_6.15.0.202507011659\\db\/mcu/
2026-07-17 12:22:18,060 [INFO] ApiDb:274 - Set plugin database path to: C:\ST\STM32CubeIDE_1.19.0\STM32CubeIDE\plugins\com.st.stm32cube.common.mx_6.15.0.202507011659\\db\/plugins/boardmanager/
2026-07-17 12:22:18,060 [INFO] ApiDb:261 - Set plugin images path to: C:\ST\STM32CubeIDE_1.19.0\STM32CubeIDE\plugins\com.st.stm32cube.common.mx_6.15.0.202507011659\\db\/plugins/mcufinder/images/
2026-07-17 12:22:18,061 [WARN] DbFile:41 - Overriding database path with different value: C:\Users\alina\.stmcufinder\plugins\mcufinder/ => C:\Users\alina\.stmcufinder\plugins\mcufinder
2026-07-17 12:22:18,061 [INFO] ApiDb:250 - Set database path to: C:\Users\alina\.stmcufinder\plugins\mcufinder//mcu/
2026-07-17 12:22:18,062 [WARN] DbFile:41 - Overriding database path with different value: C:\Users\alina\.stmcufinder\plugins\mcufinder/ => C:\Users\alina\.stmcufinder\plugins\mcufinder
2026-07-17 12:22:18,062 [INFO] DbMcusAds:125 - Set database path to: C:\Users\alina\.stmcufinder\plugins\mcufinder//mcu/
2026-07-17 12:22:18,062 [WARN] DbFile:41 - Overriding database path with different value: C:\Users\alina\.stmcufinder\plugins\mcufinder/ => C:\Users\alina\.stmcufinder\plugins\mcufinder
2026-07-17 12:22:18,062 [WARN] DbFile:41 - Overriding database path with different value: C:\Users\alina\.stmcufinder\plugins\mcufinder/ => C:\Users\alina\.stmcufinder\plugins\mcufinder
2026-07-17 12:22:18,062 [INFO] CrossReferenceDbSqlite:203 - Set database path to: C:\Users\alina\.stmcufinder\plugins\mcufinder//mcu/cs/
2026-07-17 12:22:18,097 [INFO] ApplicationProperties:184 - Using Application install path: C:\ST\STM32CubeIDE_1.19.0\STM32CubeIDE\plugins\com.st.stm32cube.common.mx_6.15.0.202507011659
2026-07-17 12:22:18,100 [INFO] PluginManage:196 - Search for loadable plugins [exclusion list=, ]
2026-07-17 12:22:18,102 [INFO] PluginManage:310 - Check plugin analytics
2026-07-17 12:22:18,539 [INFO] AnalyticsPlugin:253 - Accepted Software Licenses: STM32CubeMX.6.13.0,STM32CubeMX.6.15.0
2026-07-17 12:22:18,539 [INFO] AnalyticsPlugin:255 - Accepted CMSIS Pack Licenses: 
2026-07-17 12:22:18,539 [INFO] AnalyticsPlugin:257 - Accepted Firmware Licenses: FW.G0.1.6.0,FW.F4.1.28.0,FW.G4.1.6.0
2026-07-17 12:22:18,560 [INFO] PluginManage:359 - Loaded plugin analytics (category:tool,tabindex:-1)
2026-07-17 12:22:18,561 [INFO] PluginManage:310 - Check plugin cadmodel
2026-07-17 12:22:18,588 [INFO] CADModel:105 - Init CAD model plugin
2026-07-17 12:22:18,588 [INFO] PluginManage:359 - Loaded plugin cadmodel (category:power,tabindex:5)
2026-07-17 12:22:18,589 [INFO] PluginManage:310 - Check plugin clock
2026-07-17 12:22:18,629 [INFO] PluginManage:359 - Loaded plugin clock (category:base,tabindex:2)
2026-07-17 12:22:18,631 [INFO] PluginManage:310 - Check plugin ddr
2026-07-17 12:22:18,637 [INFO] PluginManage:359 - Loaded plugin ddr (category:tool,tabindex:6)
2026-07-17 12:22:18,638 [INFO] PluginManage:310 - Check plugin filemanager
2026-07-17 12:22:18,918 [INFO] PluginManage:359 - Loaded plugin filemanager (category:base,tabindex:10)
2026-07-17 12:22:18,918 [INFO] PluginManage:310 - Check plugin ipmanager
2026-07-17 12:22:18,928 [INFO] PluginManage:359 - Loaded plugin ipmanager (category:base,tabindex:5)
2026-07-17 12:22:18,929 [INFO] PluginManage:310 - Check plugin lpbam
2026-07-17 12:22:18,941 [INFO] PluginManage:359 - Loaded plugin lpbam (category:base,tabindex:0)
2026-07-17 12:22:18,941 [INFO] PluginManage:310 - Check plugin memorymap
2026-07-17 12:22:18,962 [INFO] PluginManage:359 - Loaded plugin memorymap (category:base,tabindex:4)
2026-07-17 12:22:18,962 [INFO] PluginManage:310 - Check plugin pinoutandconfiguration
2026-07-17 12:22:18,986 [INFO] PluginManage:359 - Loaded plugin pinoutandconfiguration (category:base,tabindex:1)
2026-07-17 12:22:18,986 [INFO] PluginManage:310 - Check plugin pinoutconfig
2026-07-17 12:22:19,153 [WARN] SupportedApi:132 - Cannot load RTOS API schema: s4s-elt-must-match.1: The content of 'definitions' must match (annotation?, (simpleType | complexType)?, (unique | key | keyref)*)). A problem was found starting at: attribute.
2026-07-17 12:22:19,460 [INFO] PluginManage:359 - Loaded plugin pinoutconfig (category:base,tabindex:0)
2026-07-17 12:22:19,460 [INFO] PluginManage:310 - Check plugin power
2026-07-17 12:22:19,481 [INFO] PluginManage:359 - Loaded plugin power (category:power,tabindex:4)
2026-07-17 12:22:19,481 [INFO] PluginManage:310 - Check plugin projectmanager
2026-07-17 12:22:19,536 [INFO] PluginManage:359 - Loaded plugin projectmanager (category:projectmanager,tabindex:4)
2026-07-17 12:22:19,542 [INFO] PluginManage:310 - Check plugin rif
2026-07-17 12:22:19,572 [INFO] PluginManage:359 - Loaded plugin rif (category:base,tabindex:3)
2026-07-17 12:22:19,572 [INFO] PluginManage:310 - Check plugin thirdparty
2026-07-17 12:22:19,997 [INFO] PluginManage:359 - Loaded plugin thirdparty (category:base,tabindex:-1)
2026-07-17 12:22:20,000 [INFO] PluginManage:310 - Check plugin tools
2026-07-17 12:22:20,014 [INFO] PluginManage:359 - Loaded plugin tools (category:base,tabindex:7)
2026-07-17 12:22:20,014 [INFO] PluginManage:310 - Check plugin tutovideos
2026-07-17 12:22:20,001 [WARN] IntegrityCheckThread:84 - waiting for thirdparty lock release [integrity check]
2026-07-17 12:22:20,015 [INFO] IntegrityCheckThread:86 - entering critical section [integrity check]
2026-07-17 12:22:20,017 [INFO] ThirdPartyUpdaterWithRetryManager:70 - Updater plugin not ready yet. [1/15]
2026-07-17 12:22:20,558 [INFO] PluginManage:359 - Loaded plugin tutovideos (category:base,tabindex:-1)
2026-07-17 12:22:20,558 [INFO] PluginManage:310 - Check plugin updater
2026-07-17 12:22:20,612 [INFO] PluginManage:359 - Loaded plugin updater (category:base,tabindex:12)
2026-07-17 12:22:20,613 [INFO] PluginManage:310 - Check plugin userauth
2026-07-17 12:22:20,634 [INFO] UserAuth:118 - Init User Auth plugin
2026-07-17 12:22:20,637 [INFO] PluginManage:359 - Loaded plugin userauth (category:base,tabindex:14)
2026-07-17 12:22:20,638 [INFO] PluginManage:283 - PluginManage : Loaded plugins [18]
2026-07-17 12:22:21,271 [INFO] PinOutPanel:1589 - setPackage(No Configuration,No Configuration)
2026-07-17 12:22:21,825 [INFO] CADModel:165 - CPN selected for project level
2026-07-17 12:22:21,826 [INFO] CADModel:114 - Register for checkConnection events
2026-07-17 12:22:21,869 [INFO] IPUIPlugin:80 - create IPUIPlugin
2026-07-17 12:22:21,869 [INFO] PluginManager:220 - loadIPPluginJar : add adc
2026-07-17 12:22:21,880 [INFO] IPUIPlugin:80 - create IPUIPlugin
2026-07-17 12:22:21,880 [INFO] PluginManager:220 - loadIPPluginJar : add aes
2026-07-17 12:22:21,886 [INFO] IPUIPlugin:80 - create IPUIPlugin
2026-07-17 12:22:21,887 [INFO] PluginManager:220 - loadIPPluginJar : add can
2026-07-17 12:22:21,890 [INFO] IPUIPlugin:80 - create IPUIPlugin
2026-07-17 12:22:21,891 [INFO] PluginManager:220 - loadIPPluginJar : add comp
2026-07-17 12:22:21,900 [INFO] IPUIPlugin:80 - create IPUIPlugin
2026-07-17 12:22:21,900 [INFO] PluginManager:220 - loadIPPluginJar : add cryp
2026-07-17 12:22:21,906 [INFO] IPUIPlugin:80 - create IPUIPlugin
2026-07-17 12:22:21,906 [INFO] PluginManager:220 - loadIPPluginJar : add ddr_ctrl_phy
2026-07-17 12:22:21,911 [INFO] IPUIPlugin:80 - create IPUIPlugin
2026-07-17 12:22:21,912 [INFO] PluginManager:220 - loadIPPluginJar : add dfsdm
2026-07-17 12:22:21,920 [INFO] IPUIPlugin:80 - create IPUIPlugin
2026-07-17 12:22:21,921 [INFO] PluginManager:220 - loadIPPluginJar : add dma
2026-07-17 12:22:21,925 [INFO] IPUIPlugin:80 - create IPUIPlugin
2026-07-17 12:22:21,925 [INFO] PluginManager:220 - loadIPPluginJar : add dma3
2026-07-17 12:22:21,930 [INFO] IPUIPlugin:80 - create IPUIPlugin
2026-07-17 12:22:21,930 [INFO] PluginManager:220 - loadIPPluginJar : add extmemmanager
2026-07-17 12:22:21,933 [INFO] IPUIPlugin:80 - create IPUIPlugin
2026-07-17 12:22:21,933 [INFO] PluginManager:220 - loadIPPluginJar : add fatfs
2026-07-17 12:22:21,939 [INFO] IPUIPlugin:80 - create IPUIPlugin
2026-07-17 12:22:21,940 [INFO] PluginManager:220 - loadIPPluginJar : add fmc
2026-07-17 12:22:21,950 [INFO] IPUIPlugin:80 - create IPUIPlugin
2026-07-17 12:22:21,951 [INFO] PluginManager:220 - loadIPPluginJar : add freertos
2026-07-17 12:22:21,953 [INFO] IPUIPlugin:80 - create IPUIPlugin
2026-07-17 12:22:21,953 [INFO] PluginManager:220 - loadIPPluginJar : add genericplugin
2026-07-17 12:22:21,956 [INFO] IPUIPlugin:80 - create IPUIPlugin
2026-07-17 12:22:21,957 [INFO] PluginManager:220 - loadIPPluginJar : add gfxmmu
2026-07-17 12:22:21,963 [INFO] IPUIPlugin:80 - create IPUIPlugin
2026-07-17 12:22:21,963 [INFO] PluginManager:220 - loadIPPluginJar : add gic
2026-07-17 12:22:21,971 [INFO] IPUIPlugin:80 - create IPUIPlugin
2026-07-17 12:22:21,972 [INFO] PluginManager:220 - loadIPPluginJar : add gpio
2026-07-17 12:22:21,980 [INFO] IPUIPlugin:80 - create IPUIPlugin
2026-07-17 12:22:21,980 [INFO] PluginManager:220 - loadIPPluginJar : add gtzc
2026-07-17 12:22:21,988 [INFO] IPUIPlugin:80 - create IPUIPlugin
2026-07-17 12:22:21,989 [INFO] PluginManager:220 - loadIPPluginJar : add hash
2026-07-17 12:22:21,995 [INFO] IPUIPlugin:80 - create IPUIPlugin
2026-07-17 12:22:21,995 [INFO] PluginManager:220 - loadIPPluginJar : add i2c
2026-07-17 12:22:22,000 [INFO] IPUIPlugin:80 - create IPUIPlugin
2026-07-17 12:22:22,001 [INFO] PluginManager:220 - loadIPPluginJar : add i2s
2026-07-17 12:22:22,007 [INFO] IPUIPlugin:80 - create IPUIPlugin
2026-07-17 12:22:22,008 [INFO] PluginManager:220 - loadIPPluginJar : add i3c
2026-07-17 12:22:22,014 [INFO] IPUIPlugin:80 - create IPUIPlugin
2026-07-17 12:22:22,015 [INFO] PluginManager:220 - loadIPPluginJar : add ipddr
2026-07-17 12:22:22,027 [INFO] IPUIPlugin:80 - create IPUIPlugin
2026-07-17 12:22:22,028 [INFO] PluginManager:220 - loadIPPluginJar : add linkedlist
2026-07-17 12:22:22,049 [INFO] IPUIPlugin:80 - create IPUIPlugin
2026-07-17 12:22:22,049 [INFO] PluginManager:220 - loadIPPluginJar : add lorawan
2026-07-17 12:22:22,053 [INFO] IPUIPlugin:80 - create IPUIPlugin
2026-07-17 12:22:22,053 [INFO] PluginManager:220 - loadIPPluginJar : add ltdc
2026-07-17 12:22:22,063 [INFO] IPUIPlugin:80 - create IPUIPlugin
2026-07-17 12:22:22,063 [INFO] PluginManager:220 - loadIPPluginJar : add mdma
2026-07-17 12:22:22,071 [INFO] IPUIPlugin:80 - create IPUIPlugin
2026-07-17 12:22:22,071 [INFO] PluginManager:220 - loadIPPluginJar : add nvic
2026-07-17 12:22:22,081 [INFO] IPUIPlugin:80 - create IPUIPlugin
2026-07-17 12:22:22,082 [INFO] PluginManager:220 - loadIPPluginJar : add opamp
2026-07-17 12:22:22,090 [INFO] IPUIPlugin:80 - create IPUIPlugin
2026-07-17 12:22:22,091 [INFO] PluginManager:220 - loadIPPluginJar : add openamp
2026-07-17 12:22:22,098 [INFO] IPUIPlugin:80 - create IPUIPlugin
2026-07-17 12:22:22,099 [INFO] PluginManager:220 - loadIPPluginJar : add pdm2pcm
2026-07-17 12:22:22,111 [INFO] IPUIPlugin:80 - create IPUIPlugin
2026-07-17 12:22:22,118 [INFO] PluginManager:220 - loadIPPluginJar : add plateformsettings
2026-07-17 12:22:22,123 [INFO] IPUIPlugin:80 - create IPUIPlugin
2026-07-17 12:22:22,125 [INFO] PluginManager:220 - loadIPPluginJar : add quadspi
2026-07-17 12:22:22,134 [INFO] IPUIPlugin:80 - create IPUIPlugin
2026-07-17 12:22:22,135 [INFO] PluginManager:220 - loadIPPluginJar : add radio
2026-07-17 12:22:22,147 [INFO] IPUIPlugin:80 - create IPUIPlugin
2026-07-17 12:22:22,148 [INFO] PluginManager:220 - loadIPPluginJar : add resmgrutility
2026-07-17 12:22:22,157 [INFO] IPUIPlugin:80 - create IPUIPlugin
2026-07-17 12:22:22,157 [INFO] PluginManager:220 - loadIPPluginJar : add sai
2026-07-17 12:22:22,163 [INFO] IPUIPlugin:80 - create IPUIPlugin
2026-07-17 12:22:22,163 [INFO] PluginManager:220 - loadIPPluginJar : add spi
2026-07-17 12:22:22,173 [INFO] IPUIPlugin:80 - create IPUIPlugin
2026-07-17 12:22:22,173 [INFO] PluginManager:220 - loadIPPluginJar : add stm32_wpan
2026-07-17 12:22:22,176 [INFO] IPUIPlugin:80 - create IPUIPlugin
2026-07-17 12:22:22,176 [INFO] PluginManager:220 - loadIPPluginJar : add tim
2026-07-17 12:22:22,183 [INFO] IPUIPlugin:80 - create IPUIPlugin
2026-07-17 12:22:22,183 [INFO] PluginManager:220 - loadIPPluginJar : add touchsensing
2026-07-17 12:22:22,187 [INFO] IPUIPlugin:80 - create IPUIPlugin
2026-07-17 12:22:22,187 [INFO] PluginManager:220 - loadIPPluginJar : add tracer_emb
2026-07-17 12:22:22,191 [INFO] IPUIPlugin:80 - create IPUIPlugin
2026-07-17 12:22:22,191 [INFO] PluginManager:220 - loadIPPluginJar : add ts
2026-07-17 12:22:22,194 [INFO] IPUIPlugin:80 - create IPUIPlugin
2026-07-17 12:22:22,195 [INFO] PluginManager:220 - loadIPPluginJar : add tsc
2026-07-17 12:22:22,198 [INFO] IPUIPlugin:80 - create IPUIPlugin
2026-07-17 12:22:22,198 [INFO] PluginManager:220 - loadIPPluginJar : add ucpd
2026-07-17 12:22:22,204 [INFO] IPUIPlugin:80 - create IPUIPlugin
2026-07-17 12:22:22,204 [INFO] PluginManager:220 - loadIPPluginJar : add usart
2026-07-17 12:22:22,214 [INFO] IPUIPlugin:80 - create IPUIPlugin
2026-07-17 12:22:22,214 [INFO] PluginManager:220 - loadIPPluginJar : add usbx
2026-07-17 12:22:22,428 [FATAL] Updater:351 - Updater called before beeing initialized
2026-07-17 12:22:22,508 [INFO] RulesReader:64 - Compatibility file has been processed (317 Rules)
2026-07-17 12:22:22,536 [INFO] RulesReader:64 - Compatibility file has been processed (317 Rules)
2026-07-17 12:22:22,557 [INFO] CADModel:165 - CPN selected for project level
2026-07-17 12:22:22,557 [INFO] CADModel:114 - Register for checkConnection events
2026-07-17 12:22:22,557 [FATAL] Updater:351 - Updater called before beeing initialized
2026-07-17 12:22:22,558 [ERROR] CADModel:125 - Updater not yet initialized, retry later 
2026-07-17 12:22:22,850 [FATAL] Updater:351 - Updater called before beeing initialized
2026-07-17 12:22:22,853 [INFO] CADModel:165 - CPN selected for project level
2026-07-17 12:22:22,853 [INFO] CADModel:114 - Register for checkConnection events
2026-07-17 12:22:22,853 [FATAL] Updater:351 - Updater called before beeing initialized
2026-07-17 12:22:22,853 [ERROR] CADModel:125 - Updater not yet initialized, retry later 
2026-07-17 12:22:22,857 [FATAL] Updater:351 - Updater called before beeing initialized
2026-07-17 12:22:23,044 [INFO] ThirdPartyUpdaterWithRetryManager:70 - Updater plugin not ready yet. [2/15]
2026-07-17 12:22:23,231 [FATAL] Updater:351 - Updater called before beeing initialized
2026-07-17 12:22:23,237 [INFO] DbMcusAds:53 - JSON generation date=Tue Dec 16 02:41:46 IRST 2025 (1765840306612)
2026-07-17 12:22:23,237 [FATAL] Updater:351 - Updater called before beeing initialized
2026-07-17 12:22:23,297 [WARN] DetailPanel:346 - Failed to get advertising image, set to default
2026-07-17 12:22:23,406 [FATAL] Updater:351 - Updater called before beeing initialized
2026-07-17 12:22:23,408 [FATAL] Updater:351 - Updater called before beeing initialized
2026-07-17 12:22:23,409 [FATAL] Updater:351 - Updater called before beeing initialized
2026-07-17 12:22:23,409 [WARN] DetailPanel:346 - Failed to get advertising image, set to default
2026-07-17 12:22:23,410 [FATAL] Updater:351 - Updater called before beeing initialized
2026-07-17 12:22:23,497 [ERROR] Updater:1198 - MainUpdater not yet initialized. External WinMGr cannot be set.
2026-07-17 12:22:23,500 [INFO] Updater:1134 - Updater Version found : 6.15.0
2026-07-17 12:22:23,520 [INFO] ApplicationProperties:184 - Using Application install path: C:\ST\STM32CubeIDE_1.19.0\STM32CubeIDE\plugins\com.st.stm32cube.common.mx_6.15.0.202507011659
2026-07-17 12:22:24,893 [ERROR] CheckConnectionManager:249 - Problem, Http access forbiden
2026-07-17 12:22:24,900 [INFO] MainUpdater:2872 - connection check result : 22
2026-07-17 12:22:24,901 [INFO] MainUpdater:289 - Updater Check For Update Now.
2026-07-17 12:22:24,901 [INFO] MicroXplorer:498 - Change Database Version : DB.6.0.150
2026-07-17 12:22:24,923 [INFO] McuFinderGlobals:63 - Set McuFinder mode to 2 (CubeIDE integrated)
2026-07-17 12:22:24,933 [INFO] UserAuth:487 - Internet connection configuration mode: 2
2026-07-17 12:22:24,939 [INFO] UserAuth:487 - Internet connection configuration mode: 2
2026-07-17 12:22:25,471 [INFO] CheckServerUpdateThread:120 - End of CheckServer Thread
2026-07-17 12:22:26,792 [WARN] PackLoader:240 - Cannot read IP mode file for STMicroelectronics.FP-SNS-MOTENVWB1.1.4.0
2026-07-17 12:22:26,810 [WARN] PackLoader:240 - Cannot read IP mode file for STMicroelectronics.FP-ATR-ASTRA1.2.0.2
2026-07-17 12:22:26,816 [WARN] PackLoader:240 - Cannot read IP mode file for STMicroelectronics.FP-ATR-ASTRA1.2.0.1
2026-07-17 12:22:26,832 [WARN] PackLoader:240 - Cannot read IP mode file for STMicroelectronics.X-CUBE-SMBUS.2.1.0
2026-07-17 12:22:26,856 [WARN] PackLoader:240 - Cannot read IP mode file for STMicroelectronics.X-CUBE-WB05N.1.1.0
2026-07-17 12:22:26,877 [WARN] PackLoader:240 - Cannot read IP mode file for STMicroelectronics.X-CUBE-ST60.1.0.0
2026-07-17 12:22:26,971 [WARN] PackLoader:240 - Cannot read IP mode file for STMicroelectronics.X-CUBE-AZRTOS-F7.1.1.0
2026-07-17 12:22:27,056 [WARN] PackLoader:240 - Cannot read IP mode file for STMicroelectronics.FP-SNS-MOTENV1.5.1.0
2026-07-17 12:22:27,069 [WARN] PackLoader:240 - Cannot read IP mode file for STMicroelectronics.FP-SNS-FLIGHT1.5.0.2
2026-07-17 12:22:27,143 [WARN] PackLoader:240 - Cannot read IP mode file for Infineon.AIROC-Wi-Fi-Bluetooth-STM32.1.7.0
2026-07-17 12:22:27,229 [WARN] PackLoader:240 - Cannot read IP mode file for STMicroelectronics.X-CUBE-AZRTOS-H7.3.4.0
2026-07-17 12:22:27,262 [WARN] PackLoader:240 - Cannot read IP mode file for STMicroelectronics.X-CUBE-DISPLAY.3.0.0
2026-07-17 12:22:27,282 [WARN] PackLoader:240 - Cannot read IP mode file for STMicroelectronics.X-CUBE-BLE1.7.0.0
2026-07-17 12:22:27,295 [WARN] PackLoader:240 - Cannot read IP mode file for STMicroelectronics.X-CUBE-NFC10.1.0.0
2026-07-17 12:22:27,318 [WARN] PackLoader:240 - Cannot read IP mode file for STMicroelectronics.X-CUBE-BLEMGR.4.0.0
2026-07-17 12:22:27,329 [WARN] PackLoader:240 - Cannot read IP mode file for STMicroelectronics.X-CUBE-ST60.1.1.0
2026-07-17 12:22:27,344 [WARN] PackLoader:240 - Cannot read IP mode file for emotas.I-CUBE-CANOPEN.1.3.0
2026-07-17 12:22:27,365 [WARN] PackLoader:240 - Cannot read IP mode file for STMicroelectronics.X-CUBE-GNSS1.7.1.0
2026-07-17 12:22:27,374 [WARN] PackLoader:240 - Cannot read IP mode file for STMicroelectronics.X-CUBE-AI.10.0.0
2026-07-17 12:22:27,386 [WARN] PackLoader:240 - Cannot read IP mode file for STMicroelectronics.FP-SNS-STBOX1.2.1.0
2026-07-17 12:22:27,398 [WARN] PackLoader:240 - Cannot read IP mode file for STMicroelectronics.FP-SNS-SMARTAG2.1.2.0
2026-07-17 12:22:27,404 [WARN] PackLoader:240 - Cannot read IP mode file for STMicroelectronics.FP-SNS-FLIGHT1.5.1.0
2026-07-17 12:22:27,688 [WARN] PackLoader:240 - Cannot read IP mode file for STMicroelectronics.X-CUBE-MEMS1.11.1.0
2026-07-17 12:22:28,069 [INFO] LogOutputStream:77 - [STDOUT_REDIRECT] 1 : Invalid condition id : UX_CORESTACK_Condition cause : null
2026-07-17 12:22:28,069 [INFO] LogOutputStream:77 - [STDOUT_REDIRECT] 1 : Invalid condition id : UX_CORESTACK_Condition cause : null
2026-07-17 12:22:28,072 [INFO] LogOutputStream:77 - [STDOUT_REDIRECT] 1 : Invalid condition id : UX_CORESTACK_Condition cause : null
2026-07-17 12:22:28,075 [INFO] LogOutputStream:77 - [STDOUT_REDIRECT] 1 : Invalid condition id : UX_CORESTACK_Condition cause : null
2026-07-17 12:22:28,077 [INFO] LogOutputStream:77 - [STDOUT_REDIRECT] 1 : Invalid condition id : UX_CORESTACK_Condition cause : null
2026-07-17 12:22:28,081 [WARN] PackLoader:240 - Cannot read IP mode file for STMicroelectronics.X-CUBE-AZRTOS-WL.2.0.0
2026-07-17 12:22:28,093 [WARN] PackLoader:240 - Cannot read IP mode file for STMicroelectronics.FP-SNS-MOTENV1.5.0.0
2026-07-17 12:22:28,105 [WARN] PackLoader:240 - Cannot read IP mode file for wolfSSL.I-CUBE-wolfMQTT.1.19.0
2026-07-17 12:22:28,120 [WARN] PackLoader:240 - Cannot read IP mode file for WES.I-CUBE-Cesium.1.3.0
2026-07-17 12:22:28,128 [WARN] PackLoader:240 - Cannot read IP mode file for STMicroelectronics.X-CUBE-BLE2.3.3.0
2026-07-17 12:22:28,140 [WARN] PackLoader:240 - Cannot read IP mode file for STMicroelectronics.X-CUBE-NFC9.1.0.0
2026-07-17 12:22:28,150 [WARN] PackLoader:240 - Cannot read IP mode file for STMicroelectronics.X-CUBE-BLE1.7.1.0
2026-07-17 12:22:28,156 [WARN] PackLoader:240 - Cannot read IP mode file for wolfSSL.I-CUBE-wolfMQTT.1.19.2
2026-07-17 12:22:28,166 [WARN] PackLoader:240 - Cannot read IP mode file for STMicroelectronics.X-CUBE-EEPRMA1.5.2.0
2026-07-17 12:22:28,177 [WARN] PackLoader:240 - Cannot read IP mode file for STMicroelectronics.X-CUBE-ST67W61.1.1.0
2026-07-17 12:22:28,431 [WARN] PackLoader:240 - Cannot read IP mode file for STMicroelectronics.X-CUBE-AZRTOS-G0.1.1.0
2026-07-17 12:22:28,583 [WARN] PackLoader:240 - Cannot read IP mode file for STMicroelectronics.X-CUBE-SAFEA1.1.2.2
2026-07-17 12:22:28,637 [WARN] PackLoader:240 - Cannot read IP mode file for STMicroelectronics.X-CUBE-NFC4.3.0.0
2026-07-17 12:22:28,652 [WARN] PackLoader:240 - Cannot read IP mode file for EmbeddedOffice.I-CUBE-FS-RTOS.1.0.1
2026-07-17 12:22:28,700 [WARN] PackLoader:240 - Cannot read IP mode file for STMicroelectronics.X-CUBE-WB05N.2.0.0
2026-07-17 12:22:28,714 [WARN] PackLoader:240 - Cannot read IP mode file for wolfSSL.I-CUBE-wolfTPM.3.8.0
2026-07-17 12:22:28,726 [WARN] PackLoader:240 - Cannot read IP mode file for STMicroelectronics.X-CUBE-TCPP.4.2.0
2026-07-17 12:22:28,744 [WARN] PackLoader:240 - Cannot read IP mode file for RealThread.X-CUBE-RT-Thread_Nano.4.1.1
2026-07-17 12:22:28,757 [WARN] PackLoader:240 - Cannot read IP mode file for STMicroelectronics.FP-ATR-SIGFOX1.3.2.0
2026-07-17 12:22:28,765 [WARN] ConditionMgr:438 - getConditionDescription Invalid condition id : Cortex-A Device cause : null
2026-07-17 12:22:28,826 [WARN] ConditionMgr:1044 - genDependencies : Invalid condition id : Cortex-A Device cause : null
2026-07-17 12:22:28,826 [WARN] ConditionMgr:1044 - genDependencies : Invalid condition id : Cortex-A Device cause : null
2026-07-17 12:22:28,826 [WARN] ConditionMgr:1044 - genDependencies : Invalid condition id : Cortex-A Device cause : null
2026-07-17 12:22:28,835 [WARN] PackLoader:240 - Cannot read IP mode file for STMicroelectronics.X-CUBE-EEPRMA1.5.1.0
2026-07-17 12:22:28,848 [WARN] PackLoader:240 - Cannot read IP mode file for wolfSSL.I-CUBE-wolfSSL.5.7.6
2026-07-17 12:22:28,859 [WARN] PackLoader:240 - Cannot read IP mode file for ITTIA_DB.I-CUBE-ITTIADB.8.9.0
2026-07-17 12:22:28,866 [WARN] PackLoader:240 - Cannot read IP mode file for STMicroelectronics.X-CUBE-ST67W61.1.0.0
2026-07-17 12:22:28,873 [WARN] PackLoader:240 - Cannot read IP mode file for STMicroelectronics.X-CUBE-AI.10.2.0
2026-07-17 12:22:28,916 [WARN] PackLoader:240 - Cannot read IP mode file for SEGGER.I-CUBE-embOS.1.3.1
2026-07-17 12:22:28,968 [WARN] PackLoader:240 - Cannot read IP mode file for STMicroelectronics.X-CUBE-ALGOBUILD.1.4.0
2026-07-17 12:22:29,053 [WARN] PackLoader:240 - Cannot read IP mode file for STMicroelectronics.X-CUBE-MEMS1.11.3.0
2026-07-17 12:22:29,167 [WARN] PackLoader:240 - Cannot read IP mode file for STMicroelectronics.X-CUBE-PM33A1.1.0.0
2026-07-17 12:22:29,193 [WARN] PackLoader:240 - Cannot read IP mode file for STMicroelectronics.X-CUBE-AZRTOS-F4.1.1.0
2026-07-17 12:22:29,206 [WARN] PackLoader:240 - Cannot read IP mode file for Avnet-IotConnect.X-CUBE-IoTC-DA16k-PMOD.1.0.0
2026-07-17 12:22:29,214 [WARN] PackLoader:240 - Cannot read IP mode file for STMicroelectronics.X-CUBE-ISPU.2.1.0
2026-07-17 12:22:29,247 [WARN] PackLoader:240 - Cannot read IP mode file for STMicroelectronics.X-CUBE-IPS.3.2.0
2026-07-17 12:22:29,366 [WARN] PackLoader:240 - Cannot read IP mode file for STMicroelectronics.X-CUBE-NFC12.1.0.0
2026-07-17 12:22:29,395 [WARN] PackLoader:240 - Cannot read IP mode file for STMicroelectronics.X-CUBE-AZRTOS-L5.2.0.0
2026-07-17 12:22:29,410 [WARN] PackLoader:240 - Cannot read IP mode file for STMicroelectronics.X-CUBE-NFC6.3.1.0
2026-07-17 12:22:29,424 [WARN] PackLoader:240 - Cannot read IP mode file for STMicroelectronics.X-CUBE-DPower.1.2.0
2026-07-17 12:22:29,432 [WARN] PackLoader:240 - Cannot read IP mode file for STMicroelectronics.X-CUBE-FREERTOS.1.3.1
2026-07-17 12:22:29,438 [WARN] PackLoader:240 - Cannot read IP mode file for STMicroelectronics.X-CUBE-FREERTOS.1.3.0
2026-07-17 12:22:29,445 [WARN] PackLoader:240 - Cannot read IP mode file for STMicroelectronics.X-CUBE-NFC7.1.0.1
2026-07-17 12:22:29,455 [WARN] PackLoader:240 - Cannot read IP mode file for STMicroelectronics.X-CUBE-TOUCHGFX.4.26.0
2026-07-17 12:22:29,463 [WARN] PackLoader:240 - Cannot read IP mode file for STMicroelectronics.FP-SNS-STAIOTCFT.1.0.0
2026-07-17 12:22:29,469 [WARN] PackLoader:240 - Cannot read IP mode file for STMicroelectronics.X-CUBE-DPower.1.3.0
2026-07-17 12:22:29,498 [WARN] ConditionMgr:438 - getConditionDescription Invalid condition id : LAN8742 Phy interface Condition cause : null
2026-07-17 12:22:29,499 [WARN] PackLoader:240 - Cannot read IP mode file for STMicroelectronics.X-CUBE-AZRTOS-L4.2.0.0
2026-07-17 12:22:29,500 [WARN] ConditionMgr:1044 - genDependencies : Invalid condition id : LAN8742 Phy interface Condition cause : null
2026-07-17 12:22:29,501 [WARN] ConditionMgr:1044 - genDependencies : Invalid condition id : LAN8742 Phy interface Condition cause : null
2026-07-17 12:22:29,502 [WARN] ConditionMgr:1044 - genDependencies : Invalid condition id : LAN8742 Phy interface Condition cause : null
2026-07-17 12:22:29,513 [WARN] PackLoader:240 - Cannot read IP mode file for STMicroelectronics.X-CUBE-SFXS2LP1.4.0.0
2026-07-17 12:22:29,538 [WARN] PackLoader:240 - Cannot read IP mode file for STMicroelectronics.X-CUBE-AZRTOS-H7.3.3.0
2026-07-17 12:22:29,556 [WARN] PackLoader:240 - Cannot read IP mode file for STMicroelectronics.X-CUBE-BLEMGR.4.1.0
2026-07-17 12:22:29,579 [WARN] ConditionMgr:438 - getConditionDescription Invalid condition id : UX DEVICE CLASS RTOS Condition cause : null
2026-07-17 12:22:29,580 [WARN] ConditionMgr:438 - getConditionDescription Invalid condition id : UX DEVICE CLASS RTOS Condition cause : null
2026-07-17 12:22:29,584 [WARN] PackLoader:240 - Cannot read IP mode file for STMicroelectronics.X-CUBE-AZRTOS-WB.2.0.0
2026-07-17 12:22:29,586 [WARN] ConditionMgr:1044 - genDependencies : Invalid condition id : UX DEVICE CLASS RTOS Condition cause : null
2026-07-17 12:22:29,586 [WARN] ConditionMgr:1044 - genDependencies : Invalid condition id : UX DEVICE CLASS RTOS Condition cause : null
2026-07-17 12:22:29,586 [WARN] ConditionMgr:1044 - genDependencies : Invalid condition id : UX DEVICE CLASS RTOS Condition cause : null
2026-07-17 12:22:29,587 [WARN] ConditionMgr:1044 - genDependencies : Invalid condition id : UX DEVICE CLASS RTOS Condition cause : null
2026-07-17 12:22:29,587 [WARN] ConditionMgr:1044 - genDependencies : Invalid condition id : UX DEVICE CLASS RTOS Condition cause : null
2026-07-17 12:22:29,593 [WARN] PackLoader:240 - Cannot read IP mode file for STMicroelectronics.X-CUBE-GNSS1.7.0.1
2026-07-17 12:22:29,601 [WARN] PackLoader:240 - Cannot read IP mode file for STMicroelectronics.X-CUBE-TOUCHGFX.4.25.0
2026-07-17 12:22:29,609 [WARN] PackLoader:240 - Cannot read IP mode file for STMicroelectronics.FP-SNS-STBOX1.2.0.0
2026-07-17 12:22:29,626 [WARN] PackLoader:240 - Cannot read IP mode file for STMicroelectronics.X-CUBE-SUBG2.5.0.0
2026-07-17 12:22:29,675 [WARN] PackLoader:240 - Cannot read IP mode file for STMicroelectronics.X-CUBE-AZRTOS-H7RS.1.1.0
2026-07-17 12:22:29,694 [WARN] PackLoader:240 - Cannot read IP mode file for Cesanta.I-CUBE-Mongoose.7.13.0
2026-07-17 12:22:29,727 [WARN] PackLoader:240 - Cannot read IP mode file for STMicroelectronics.X-CUBE-AZRTOS-G4.2.0.0
2026-07-17 12:22:29,755 [WARN] PackLoader:240 - Cannot read IP mode file for wolfSSL.I-CUBE-wolfSSH.1.4.20
2026-07-17 12:22:29,769 [WARN] PackLoader:240 - Cannot read IP mode file for STMicroelectronics.X-CUBE-NFC7.2.0.0
2026-07-17 12:22:29,840 [WARN] PackLoader:240 - Cannot read IP mode file for STMicroelectronics.X-CUBE-IPS.3.1.0
2026-07-17 12:22:29,894 [WARN] PackLoader:240 - Cannot read IP mode file for STMicroelectronics.X-CUBE-ALS.1.0.2
2026-07-17 12:22:29,900 [WARN] PackLoader:240 - Cannot read IP mode file for STMicroelectronics.X-CUBE-TOUCHGFX.4.24.2
2026-07-17 12:22:29,920 [WARN] PackLoader:240 - Cannot read IP mode file for STMicroelectronics.X-CUBE-STSE01.1.0.0
2026-07-17 12:22:29,940 [WARN] PackLoader:240 - Cannot read IP mode file for wolfSSL.I-CUBE-wolfTPM.3.4.0
2026-07-17 12:22:29,954 [WARN] PackLoader:240 - Cannot read IP mode file for portGmbH.I-Cube-SoM-uGOAL.1.1.0
2026-07-17 12:22:29,995 [WARN] PackLoader:240 - Cannot read IP mode file for STMicroelectronics.X-CUBE-AZRTOS-H7RS.1.0.0
2026-07-17 12:22:30,038 [WARN] PackLoader:240 - Cannot read IP mode file for STMicroelectronics.X-CUBE-TOF1.3.4.2
2026-07-17 12:22:30,067 [WARN] PackLoader:240 - Cannot read IP mode file for STMicroelectronics.X-CUBE-TOF1.3.4.3
2026-07-17 12:22:30,109 [WARN] PackLoader:240 - Cannot read IP mode file for wolfSSL.I-CUBE-wolfSSH.1.4.17
2026-07-17 12:22:30,111 [INFO] ThirdParty:978 - Integrity check success = true
2026-07-17 12:22:30,111 [INFO] IntegrityCheckThread:100 - exiting critical section [integrity check]
2026-07-17 12:22:30,111 [INFO] IntegrityCheckThread:103 - End integrity checks thread
