2026-03-17 21:19:54,900 [INFO] McuFinderGlobals:76 - Set McuFinderConnectedMode to false
2026-03-17 21:19:54,965 [INFO] MultiScanPanel:200 - Auto-refresh data requested => check proxy status ongoing
2026-03-17 21:19:54,965 [INFO] MultiScanPanel:204 - Proxy status is invalid
2026-03-17 21:19:54,979 [INFO] FinderPluginLoader:96 - Searching for filters in installed packs
2026-03-17 21:19:58,514 [INFO] DetailPanel:341 - Set advertising image to C:/Users/alina/STM32Cube/Repository/\en.prom-st67w-expansion-board.png
2026-03-17 21:21:08,893 [WARN] CheckConnectionManager:291 - Warning during Server Connection :  timeout Connect to sw-center.st.com:443 [sw-center.st.com/185.200.232.50, sw-center.st.com/185.200.232.40] failed: Connect timed out
2026-03-17 21:21:10,899 [WARN] CheckConnectionManager:291 - Warning during Server Connection :  timeout Connect to sw-center.st.com:443 [sw-center.st.com/185.200.232.50, sw-center.st.com/185.200.232.40] failed: Connect timed out
2026-03-17 21:21:10,901 [INFO] MainUpdater:2872 - connection check result : 22
2026-03-17 21:21:11,274 [INFO] MicroXplorer:468 - Change Database Path : 
2026-03-17 21:21:11,274 [INFO] MicroXplorer:498 - Change Database Version : DB.6.0.150
2026-03-17 21:21:11,341 [ERROR] ProjectManagerView:395 - 
java.lang.NullPointerException: Cannot invoke "javax.swing.JTextField.getText()" because the return value of "java.util.List.get(int)" is null
	at com.st.microxplorer.plugins.projectmanager.gui.ProjectChoiceTab$9.caretUpdate(ProjectChoiceTab.java:2706) ~[filemanager.jar:?]
	at javax.swing.text.JTextComponent.fireCaretUpdate(JTextComponent.java:408) ~[?:?]
	at javax.swing.text.JTextComponent$MutableCaretEvent.fire(JTextComponent.java:4484) ~[?:?]
	at javax.swing.text.JTextComponent$MutableCaretEvent.stateChanged(JTextComponent.java:4506) ~[?:?]
	at javax.swing.text.DefaultCaret.fireStateChanged(DefaultCaret.java:857) ~[?:?]
	at javax.swing.text.DefaultCaret.changeCaretPosition(DefaultCaret.java:1343) ~[?:?]
	at javax.swing.text.DefaultCaret.handleSetDot(DefaultCaret.java:1242) ~[?:?]
	at javax.swing.text.DefaultCaret.setDot(DefaultCaret.java:1223) ~[?:?]
	at javax.swing.text.DefaultCaret$Handler.insertUpdate(DefaultCaret.java:1819) ~[?:?]
	at javax.swing.text.AbstractDocument.fireInsertUpdate(AbstractDocument.java:227) ~[?:?]
	at javax.swing.text.AbstractDocument.handleInsertString(AbstractDocument.java:781) ~[?:?]
	at javax.swing.text.AbstractDocument.insertString(AbstractDocument.java:740) ~[?:?]
	at javax.swing.text.PlainDocument.insertString(PlainDocument.java:131) ~[?:?]
	at javax.swing.text.AbstractDocument.replace(AbstractDocument.java:699) ~[?:?]
	at javax.swing.text.JTextComponent.setText(JTextComponent.java:1725) ~[?:?]
	at com.st.microxplorer.plugins.projectmanager.gui.ProjectChoiceTab.createHeapStackFields(ProjectChoiceTab.java:993) ~[filemanager.jar:?]
	at com.st.microxplorer.plugins.projectmanager.gui.ProjectChoiceTab.buildLinkSettingsPanel(ProjectChoiceTab.java:3813) ~[filemanager.jar:?]
	at com.st.microxplorer.plugins.projectmanager.gui.ProjectChoiceTab.defineWindowsFields(ProjectChoiceTab.java:1987) ~[filemanager.jar:?]
	at com.st.microxplorer.plugins.projectmanager.gui.ProjectChoiceTab.updateSettings(ProjectChoiceTab.java:558) ~[filemanager.jar:?]
	at com.st.microxplorer.plugins.projectmanager.gui.ProjectSettingsPanel.UpdateDialog(ProjectSettingsPanel.java:247) ~[filemanager.jar:?]
	at com.st.microxplorer.plugins.projectmanager.ProjectManagerView.propertyChange(ProjectManagerView.java:392) ~[filemanager.jar:?]
	at java.beans.PropertyChangeSupport.fire(PropertyChangeSupport.java:343) ~[?:?]
	at java.beans.PropertyChangeSupport.firePropertyChange(PropertyChangeSupport.java:335) ~[?:?]
	at java.beans.PropertyChangeSupport.firePropertyChange(PropertyChangeSupport.java:268) ~[?:?]
	at com.st.microxplorer.util.MXPropertyChangeSupport.firePropertyChange(MXPropertyChangeSupport.java:54) ~[STM32CubeMX.jar:?]
	at com.st.microxplorer.mxsystem.MxSystem.closeConfig(MxSystem.java:899) ~[STM32CubeMX.jar:?]
	at com.st.microxplorer.maingui.MainPanel.closeConfig(MainPanel.java:792) ~[STM32CubeMX.jar:?]
	at com.st.microxplorer.plugins.filemanager.engine.OpenFileManager.loadConfigurationFile(OpenFileManager.java:288) ~[filemanager.jar:?]
	at com.st.microxplorer.plugins.filemanager.engine.MainFileManager.userLoadConfig(MainFileManager.java:364) ~[filemanager.jar:?]
	at com.st.microxplorer.plugins.filemanager.engine.MainFileManager.userLoadConfig(MainFileManager.java:342) ~[filemanager.jar:?]
	at com.st.microxplorer.plugins.filemanager.FileManagerView.getSpecificTask(FileManagerView.java:264) ~[filemanager.jar:?]
	at com.st.stm32cube.common.mx.editor.CubeMxEditor.getMxTabbedPaneInstance(CubeMxEditor.java:1198) ~[com.st.stm32cube.common.mx_6.15.0.202507011659/:?]
	at com.st.stm32cube.common.mx.editor.CubeMxEditor$12$1.createSwingComponent(CubeMxEditor.java:1068) ~[com.st.stm32cube.common.mx_6.15.0.202507011659/:?]
	at com.st.stm32cube.common.mx.oss.core.awtswtbridge.EmbeddedSwingComposite.doComponentCreation(EmbeddedSwingComposite.java:492) ~[com.st.stm32cube.common.mx.oss_6.15.0.202507011659/:?]
	at com.st.stm32cube.common.mx.oss.core.awtswtbridge.EmbeddedSwingComposite$4.run(EmbeddedSwingComposite.java:291) ~[com.st.stm32cube.common.mx.oss_6.15.0.202507011659/:?]
	at com.st.stm32cube.common.mx.oss.core.awtswtbridge.AwtEnvironment$2.run(AwtEnvironment.java:166) ~[com.st.stm32cube.common.mx.oss_6.15.0.202507011659/:?]
	at java.awt.event.InvocationEvent.dispatch(InvocationEvent.java:318) ~[?:?]
	at java.awt.EventQueue.dispatchEventImpl(EventQueue.java:773) ~[?:?]
	at java.awt.EventQueue$4.run(EventQueue.java:720) ~[?:?]
	at java.awt.EventQueue$4.run(EventQueue.java:714) ~[?:?]
	at java.security.AccessController.doPrivileged(AccessController.java:400) ~[?:?]
	at java.security.ProtectionDomain$JavaSecurityAccessImpl.doIntersectionPrivilege(ProtectionDomain.java:87) ~[?:?]
	at java.awt.EventQueue.dispatchEvent(EventQueue.java:742) ~[?:?]
	at java.awt.EventDispatchThread.pumpOneEventForFilters(EventDispatchThread.java:203) ~[?:?]
	at java.awt.EventDispatchThread.pumpEventsForFilter(EventDispatchThread.java:124) ~[?:?]
	at java.awt.EventDispatchThread.pumpEventsForHierarchy(EventDispatchThread.java:113) ~[?:?]
	at java.awt.EventDispatchThread.pumpEvents(EventDispatchThread.java:109) ~[?:?]
	at java.awt.EventDispatchThread.pumpEvents(EventDispatchThread.java:101) ~[?:?]
	at java.awt.EventDispatchThread.run(EventDispatchThread.java:90) ~[?:?]
2026-03-17 21:21:11,364 [WARN] ThirdParty:871 - waiting for thirdparty lock release [close project]
2026-03-17 21:21:11,364 [INFO] ThirdParty:873 - entering critical section [close project]
2026-03-17 21:21:11,364 [INFO] ThirdParty:883 - exiting critical section [close project]
2026-03-17 21:21:11,372 [INFO] PinOutPanel:1589 - setPackage(No Configuration,No Configuration)
2026-03-17 21:21:11,398 [INFO] UtilMem:75 - Begin LoadConfig() Used Memory: 454552992 Bytes (1073741824)
2026-03-17 21:21:11,401 [INFO] MicroXplorer:468 - Change Database Path : 
2026-03-17 21:21:11,402 [INFO] MicroXplorer:498 - Change Database Version : DB.6.0.150
2026-03-17 21:21:11,403 [INFO] OpenFileManager:355 - Change cursor
2026-03-17 21:21:11,503 [INFO] RulesReader:64 - Compatibility file has been processed (317 Rules)
2026-03-17 21:21:11,541 [INFO] Mcu:2029 - Initializing MCU STM32F107RCTx STM32F107RCTx STM32F107RCT6
2026-03-17 21:21:14,127 [INFO] Context:786 - Trying to add GPIOservice into a context  which must be forbidden
2026-03-17 21:21:14,798 [INFO] ImportTextPane:234 - (OptionalMessage_ERROR) Unable to find key (Mcu.ThirdPartyNb) in loaded IOC file
2026-03-17 21:21:14,798 [INFO] ImportTextPane:234 - (OptionalMessage_ERROR) Unable to find key (Mcu.PinsNb) in loaded IOC file
2026-03-17 21:21:14,801 [INFO] ImportTextPane:234 - (OptionalMessage_ERROR) Pin0 (VP_RIF_VS_RIF1) cannot be retrieved for this MCU
2026-03-17 21:21:14,802 [INFO] ImportTextPane:234 - (OptionalMessage_ERROR) Unable to find key (Mcu.IPNb) in loaded IOC file
2026-03-17 21:21:14,905 [INFO] RtosManager:558 - Registered RTOS mode: class=CMSIS, group=RTOS, mode=CMSIS_V1, owner=FREERTOS
2026-03-17 21:21:14,905 [INFO] RtosManager:558 - Registered RTOS mode: class=CMSIS, group=RTOS2, mode=CMSIS_V2, owner=FREERTOS
2026-03-17 21:21:14,905 [INFO] RtosManager:558 - Registered RTOS mode: class=RTOS, group=Core, mode=CMSIS_V1, owner=FREERTOS
2026-03-17 21:21:14,905 [INFO] RtosManager:558 - Registered RTOS mode: class=RTOS, group=Core, mode=CMSIS_V2, owner=FREERTOS
2026-03-17 21:21:14,905 [WARN] ModelIntegratedComponent:184 - Missing modes for component STMicroelectronics:FreeRTOS:0.0.1:STMicroelectronics:RTOS:FreeRTOS:Core:::10.2.0:
2026-03-17 21:21:14,947 [WARN] ModelIntegratedComponent:63 - No mode defined for component null
2026-03-17 21:21:14,947 [WARN] ModelIntegratedComponent:63 - No mode defined for component null
2026-03-17 21:21:14,947 [WARN] ModelIntegratedComponent:63 - No mode defined for component null
2026-03-17 21:21:14,947 [WARN] ModelIntegratedComponent:63 - No mode defined for component null
2026-03-17 21:21:14,948 [WARN] ModelIntegratedComponent:63 - No mode defined for component null
2026-03-17 21:21:14,948 [WARN] ModelIntegratedComponent:63 - No mode defined for component null
2026-03-17 21:21:14,948 [WARN] ModelIntegratedComponent:63 - No mode defined for component null
2026-03-17 21:21:14,948 [WARN] ModelIntegratedComponent:63 - No mode defined for component null
2026-03-17 21:21:14,948 [WARN] ModelIntegratedComponent:63 - No mode defined for component null
2026-03-17 21:21:14,948 [WARN] ModelIntegratedComponent:63 - No mode defined for component null
2026-03-17 21:21:14,949 [WARN] ModelIntegratedComponent:63 - No mode defined for component null
2026-03-17 21:21:14,952 [WARN] ModelIntegratedComponent:63 - No mode defined for component null
2026-03-17 21:21:14,953 [WARN] ModelIntegratedComponent:63 - No mode defined for component null
2026-03-17 21:21:14,953 [WARN] ModelIntegratedComponent:63 - No mode defined for component null
2026-03-17 21:21:14,953 [WARN] ModelIntegratedComponent:63 - No mode defined for component null
2026-03-17 21:21:14,954 [WARN] ModelIntegratedComponent:63 - No mode defined for component null
2026-03-17 21:21:14,954 [WARN] ModelIntegratedComponent:63 - No mode defined for component null
2026-03-17 21:21:14,954 [WARN] ModelIntegratedComponent:63 - No mode defined for component null
2026-03-17 21:21:14,954 [WARN] ModelIntegratedComponent:63 - No mode defined for component null
2026-03-17 21:21:14,954 [WARN] ModelIntegratedComponent:63 - No mode defined for component null
2026-03-17 21:21:14,954 [WARN] ModelIntegratedComponent:63 - No mode defined for component null
2026-03-17 21:21:14,955 [WARN] ModelIntegratedComponent:63 - No mode defined for component null
2026-03-17 21:21:14,955 [WARN] ModelIntegratedComponent:63 - No mode defined for component null
2026-03-17 21:21:14,955 [WARN] ModelIntegratedComponent:63 - No mode defined for component null
2026-03-17 21:21:14,955 [WARN] ModelIntegratedComponent:63 - No mode defined for component null
2026-03-17 21:21:14,955 [WARN] ModelIntegratedComponent:63 - No mode defined for component null
2026-03-17 21:21:14,955 [WARN] ModelIntegratedComponent:63 - No mode defined for component null
2026-03-17 21:21:14,955 [WARN] ModelIntegratedComponent:63 - No mode defined for component null
2026-03-17 21:21:14,956 [WARN] ModelIntegratedComponent:63 - No mode defined for component null
2026-03-17 21:21:14,956 [WARN] ModelIntegratedComponent:63 - No mode defined for component null
2026-03-17 21:21:14,956 [WARN] ModelIntegratedComponent:63 - No mode defined for component null
2026-03-17 21:21:14,956 [WARN] ModelIntegratedComponent:63 - No mode defined for component null
2026-03-17 21:21:14,956 [WARN] ModelIntegratedComponent:63 - No mode defined for component null
2026-03-17 21:21:14,956 [WARN] ModelIntegratedComponent:63 - No mode defined for component null
2026-03-17 21:21:14,956 [WARN] ModelIntegratedComponent:63 - No mode defined for component null
2026-03-17 21:21:14,957 [WARN] ModelPack:524 - Component already loaded: STMicroelectronics:HAL Drivers:0.0.0:STMicroelectronics:Device:STMicro_Driver:XSPI:HAL::0.0.1:HAL_XSPI
2026-03-17 21:21:15,466 [INFO] ThirdPartyModel:298 - Start build external matchings
2026-03-17 21:21:18,749 [INFO] ThirdPartyModel:316 - End build external matchings
2026-03-17 21:21:19,301 [INFO] UtilMem:75 - End LoadConfig() Used Memory: 834687944 Bytes (1073741824)
2026-03-17 21:21:19,363 [WARN] ThirdParty:833 - waiting for thirdparty lock release [change project]
2026-03-17 21:21:19,368 [INFO] ThirdParty:835 - entering critical section [change project]
2026-03-17 21:21:19,371 [INFO] ThirdParty:1030 - CMSIS Pack Vendor :STMicroelectronics X-CUBE-PM33A1 1.0.0
2026-03-17 21:21:19,371 [INFO] ThirdParty:1030 - CMSIS Pack Vendor :STMicroelectronics USBPD 4.1
2026-03-17 21:21:19,371 [INFO] ThirdParty:1030 - CMSIS Pack Vendor :STMicroelectronics USB_HOST 2.0.0
2026-03-17 21:21:19,371 [INFO] ThirdParty:1030 - CMSIS Pack Vendor :STMicroelectronics FP-SNS-MOTENVWB1 1.4.0
2026-03-17 21:21:19,371 [INFO] ThirdParty:1030 - CMSIS Pack Vendor :STMicroelectronics X-CUBE-AZRTOS-F4 1.1.0
2026-03-17 21:21:19,372 [INFO] ThirdParty:1030 - CMSIS Pack Vendor :STMicroelectronics LIBJPEG 8.0.0
2026-03-17 21:21:19,372 [INFO] ThirdParty:1030 - CMSIS Pack Vendor :STMicroelectronics FP-ATR-ASTRA1 2.0.2
2026-03-17 21:21:19,372 [INFO] ThirdParty:1030 - CMSIS Pack Vendor :STMicroelectronics FP-ATR-ASTRA1 2.0.1
2026-03-17 21:21:19,372 [INFO] ThirdParty:1030 - CMSIS Pack Vendor :Avnet-IotConnect X-CUBE-IoTC-DA16k-PMOD 1.0.0
2026-03-17 21:21:19,372 [INFO] ThirdParty:1030 - CMSIS Pack Vendor :STMicroelectronics X-CUBE-SMBUS 2.1.0
2026-03-17 21:21:19,372 [INFO] ThirdParty:1030 - CMSIS Pack Vendor :STMicroelectronics X-CUBE-WB05N 1.1.0
2026-03-17 21:21:19,372 [INFO] ThirdParty:1030 - CMSIS Pack Vendor :STMicroelectronics X-CUBE-ISPU 2.1.0
2026-03-17 21:21:19,372 [INFO] ThirdParty:1030 - CMSIS Pack Vendor :STMicroelectronics X-CUBE-IPS 3.2.0
2026-03-17 21:21:19,372 [INFO] ThirdParty:1030 - CMSIS Pack Vendor :STMicroelectronics X-CUBE-ST60 1.0.0
2026-03-17 21:21:19,372 [INFO] ThirdParty:1030 - CMSIS Pack Vendor :STMicroelectronics X-CUBE-NFC12 1.0.0
2026-03-17 21:21:19,373 [INFO] ThirdParty:1030 - CMSIS Pack Vendor :STMicroelectronics X-CUBE-AZRTOS-F7 1.1.0
2026-03-17 21:21:19,373 [INFO] ThirdParty:1030 - CMSIS Pack Vendor :STMicroelectronics X-CUBE-AZRTOS-L5 2.0.0
2026-03-17 21:21:19,373 [INFO] ThirdParty:1030 - CMSIS Pack Vendor :STMicroelectronics USB_DEVICE 2.0.0
2026-03-17 21:21:19,373 [INFO] ThirdParty:1030 - CMSIS Pack Vendor :STMicroelectronics X-CUBE-NFC6 3.1.0
2026-03-17 21:21:19,373 [INFO] ThirdParty:1030 - CMSIS Pack Vendor :STMicroelectronics FP-SNS-MOTENV1 5.1.0
2026-03-17 21:21:19,373 [INFO] ThirdParty:1030 - CMSIS Pack Vendor :STMicroelectronics FreeRTOS 0.0.1
2026-03-17 21:21:19,373 [INFO] ThirdParty:1030 - CMSIS Pack Vendor :STMicroelectronics X-CUBE-DPower 1.2.0
2026-03-17 21:21:19,373 [INFO] ThirdParty:1030 - CMSIS Pack Vendor :STMicroelectronics FP-SNS-FLIGHT1 5.0.2
2026-03-17 21:21:19,373 [INFO] ThirdParty:1030 - CMSIS Pack Vendor :Infineon AIROC-Wi-Fi-Bluetooth-STM32 1.7.0
2026-03-17 21:21:19,373 [INFO] ThirdParty:1030 - CMSIS Pack Vendor :STMicroelectronics PDM2PCM 3.3.0
2026-03-17 21:21:19,374 [INFO] ThirdParty:1030 - CMSIS Pack Vendor :STMicroelectronics X-CUBE-AZRTOS-H7 3.4.0
2026-03-17 21:21:19,374 [INFO] ThirdParty:1030 - CMSIS Pack Vendor :STMicroelectronics X-CUBE-DISPLAY 3.0.0
2026-03-17 21:21:19,374 [INFO] ThirdParty:1030 - CMSIS Pack Vendor :STMicroelectronics X-CUBE-BLE1 7.0.0
2026-03-17 21:21:19,374 [INFO] ThirdParty:1030 - CMSIS Pack Vendor :STMicroelectronics X-CUBE-NFC10 1.0.0
2026-03-17 21:21:19,374 [INFO] ThirdParty:1030 - CMSIS Pack Vendor :STMicroelectronics X-CUBE-BLEMGR 4.0.0
2026-03-17 21:21:19,374 [INFO] ThirdParty:1030 - CMSIS Pack Vendor :STMicroelectronics X-CUBE-FREERTOS 1.3.1
2026-03-17 21:21:19,374 [INFO] ThirdParty:1030 - CMSIS Pack Vendor :STMicroelectronics HAL Drivers 0.0.0
2026-03-17 21:21:19,374 [INFO] ThirdParty:1030 - CMSIS Pack Vendor :STMicroelectronics X-CUBE-ST60 1.1.0
2026-03-17 21:21:19,374 [INFO] ThirdParty:1030 - CMSIS Pack Vendor :emotas I-CUBE-CANOPEN 1.3.0
2026-03-17 21:21:19,374 [INFO] ThirdParty:1030 - CMSIS Pack Vendor :STMicroelectronics X-CUBE-FREERTOS 1.3.0
2026-03-17 21:21:19,375 [INFO] ThirdParty:1030 - CMSIS Pack Vendor :STMicroelectronics X-CUBE-NFC7 1.0.1
2026-03-17 21:21:19,375 [INFO] ThirdParty:1030 - CMSIS Pack Vendor :STMicroelectronics MBEDTLS 2.14.1
2026-03-17 21:21:19,375 [INFO] ThirdParty:1030 - CMSIS Pack Vendor :STMicroelectronics X-CUBE-GNSS1 7.1.0
2026-03-17 21:21:19,375 [INFO] ThirdParty:1030 - CMSIS Pack Vendor :STMicroelectronics X-CUBE-TOUCHGFX 4.26.0
2026-03-17 21:21:19,375 [INFO] ThirdParty:1030 - CMSIS Pack Vendor :STMicroelectronics X-CUBE-AI 10.0.0
2026-03-17 21:21:19,375 [INFO] ThirdParty:1030 - CMSIS Pack Vendor :STMicroelectronics FP-SNS-STBOX1 2.1.0
2026-03-17 21:21:19,375 [INFO] ThirdParty:1030 - CMSIS Pack Vendor :STMicroelectronics FP-SNS-STAIOTCFT 1.0.0
2026-03-17 21:21:19,375 [INFO] ThirdParty:1030 - CMSIS Pack Vendor :STMicroelectronics FP-SNS-SMARTAG2 1.2.0
2026-03-17 21:21:19,375 [INFO] ThirdParty:1030 - CMSIS Pack Vendor :STMicroelectronics FP-SNS-FLIGHT1 5.1.0
2026-03-17 21:21:19,375 [INFO] ThirdParty:1030 - CMSIS Pack Vendor :STMicroelectronics X-CUBE-MEMS1 11.1.0
2026-03-17 21:21:19,375 [INFO] ThirdParty:1030 - CMSIS Pack Vendor :STMicroelectronics X-CUBE-AZRTOS-WL 2.0.0
2026-03-17 21:21:19,375 [INFO] ThirdParty:1030 - CMSIS Pack Vendor :STMicroelectronics X-CUBE-DPower 1.3.0
2026-03-17 21:21:19,375 [INFO] ThirdParty:1030 - CMSIS Pack Vendor :STMicroelectronics FP-SNS-MOTENV1 5.0.0
2026-03-17 21:21:19,375 [INFO] ThirdParty:1030 - CMSIS Pack Vendor :STMicroelectronics USB_DEVICE 1.0.0
2026-03-17 21:21:19,376 [INFO] ThirdParty:1030 - CMSIS Pack Vendor :wolfSSL I-CUBE-wolfMQTT 1.19.0
2026-03-17 21:21:19,376 [INFO] ThirdParty:1030 - CMSIS Pack Vendor :STMicroelectronics X-CUBE-AZRTOS-L4 2.0.0
2026-03-17 21:21:19,376 [INFO] ThirdParty:1030 - CMSIS Pack Vendor :STMicroelectronics ThreadX 0.0.2
2026-03-17 21:21:19,376 [INFO] ThirdParty:1030 - CMSIS Pack Vendor :WES I-CUBE-Cesium 1.3.0
2026-03-17 21:21:19,376 [INFO] ThirdParty:1030 - CMSIS Pack Vendor :STMicroelectronics lwIP 2.1.2
2026-03-17 21:21:19,376 [INFO] ThirdParty:1030 - CMSIS Pack Vendor :STMicroelectronics X-CUBE-SFXS2LP1 4.0.0
2026-03-17 21:21:19,376 [INFO] ThirdParty:1030 - CMSIS Pack Vendor :STMicroelectronics X-CUBE-BLE2 3.3.0
2026-03-17 21:21:19,376 [INFO] ThirdParty:1030 - CMSIS Pack Vendor :STMicroelectronics PDM2PCM 3.2.0
2026-03-17 21:21:19,376 [INFO] ThirdParty:1030 - CMSIS Pack Vendor :STMicroelectronics X-CUBE-AZRTOS-H7 3.3.0
2026-03-17 21:21:19,376 [INFO] ThirdParty:1030 - CMSIS Pack Vendor :STMicroelectronics X-CUBE-NFC9 1.0.0
2026-03-17 21:21:19,376 [INFO] ThirdParty:1030 - CMSIS Pack Vendor :STMicroelectronics X-CUBE-BLE1 7.1.0
2026-03-17 21:21:19,376 [INFO] ThirdParty:1030 - CMSIS Pack Vendor :wolfSSL I-CUBE-wolfMQTT 1.19.2
2026-03-17 21:21:19,376 [INFO] ThirdParty:1030 - CMSIS Pack Vendor :STMicroelectronics USB_DEVICE 3.0.0
2026-03-17 21:21:19,377 [INFO] ThirdParty:1030 - CMSIS Pack Vendor :STMicroelectronics X-CUBE-EEPRMA1 5.2.0
2026-03-17 21:21:19,377 [INFO] ThirdParty:1030 - CMSIS Pack Vendor :STMicroelectronics X-CUBE-BLEMGR 4.1.0
2026-03-17 21:21:19,378 [INFO] ThirdParty:1030 - CMSIS Pack Vendor :STMicroelectronics X-CUBE-AZRTOS-WB 2.0.0
2026-03-17 21:21:19,378 [INFO] ThirdParty:1030 - CMSIS Pack Vendor :STMicroelectronics X-CUBE-GNSS1 7.0.1
2026-03-17 21:21:19,378 [INFO] ThirdParty:1030 - CMSIS Pack Vendor :STMicroelectronics X-CUBE-TOUCHGFX 4.25.0
2026-03-17 21:21:19,378 [INFO] ThirdParty:1030 - CMSIS Pack Vendor :STMicroelectronics X-CUBE-ST67W61 1.1.0
2026-03-17 21:21:19,378 [INFO] ThirdParty:1030 - CMSIS Pack Vendor :STMicroelectronics FP-SNS-STBOX1 2.0.0
2026-03-17 21:21:19,378 [INFO] ThirdParty:1030 - CMSIS Pack Vendor :STMicroelectronics X-CUBE-AZRTOS-G0 1.1.0
2026-03-17 21:21:19,378 [INFO] ThirdParty:1030 - CMSIS Pack Vendor :STMicroelectronics X-CUBE-SAFEA1 1.2.2
2026-03-17 21:21:19,378 [INFO] ThirdParty:1030 - CMSIS Pack Vendor :STMicroelectronics X-CUBE-NFC4 3.0.0
2026-03-17 21:21:19,378 [INFO] ThirdParty:1030 - CMSIS Pack Vendor :STMicroelectronics X-CUBE-SUBG2 5.0.0
2026-03-17 21:21:19,378 [INFO] ThirdParty:1030 - CMSIS Pack Vendor :STMicroelectronics X-CUBE-AZRTOS-H7RS 1.1.0
2026-03-17 21:21:19,379 [INFO] ThirdParty:1030 - CMSIS Pack Vendor :STMicroelectronics STM32_WPAN 1.0.0
2026-03-17 21:21:19,379 [INFO] ThirdParty:1030 - CMSIS Pack Vendor :EmbeddedOffice I-CUBE-FS-RTOS 1.0.1
2026-03-17 21:21:19,379 [INFO] ThirdParty:1030 - CMSIS Pack Vendor :STMicroelectronics lwIP 2.0.3
2026-03-17 21:21:19,379 [INFO] ThirdParty:1030 - CMSIS Pack Vendor :Cesanta I-CUBE-Mongoose 7.13.0
2026-03-17 21:21:19,379 [INFO] ThirdParty:1030 - CMSIS Pack Vendor :STMicroelectronics USB_HOST 1.0.0
2026-03-17 21:21:19,379 [INFO] ThirdParty:1030 - CMSIS Pack Vendor :STMicroelectronics X-CUBE-AZRTOS-G4 2.0.0
2026-03-17 21:21:19,379 [INFO] ThirdParty:1030 - CMSIS Pack Vendor :STMicroelectronics X-CUBE-WB05N 2.0.0
2026-03-17 21:21:19,379 [INFO] ThirdParty:1030 - CMSIS Pack Vendor :STMicroelectronics PDM2PCM 3.1.0
2026-03-17 21:21:19,379 [INFO] ThirdParty:1030 - CMSIS Pack Vendor :wolfSSL I-CUBE-wolfTPM 3.8.0
2026-03-17 21:21:19,379 [INFO] ThirdParty:1030 - CMSIS Pack Vendor :wolfSSL I-CUBE-wolfSSH 1.4.20
2026-03-17 21:21:19,379 [INFO] ThirdParty:1030 - CMSIS Pack Vendor :STMicroelectronics X-CUBE-NFC7 2.0.0
2026-03-17 21:21:19,379 [INFO] ThirdParty:1030 - CMSIS Pack Vendor :STMicroelectronics X-CUBE-TCPP 4.2.0
2026-03-17 21:21:19,379 [INFO] ThirdParty:1030 - CMSIS Pack Vendor :RealThread X-CUBE-RT-Thread_Nano 4.1.1
2026-03-17 21:21:19,380 [INFO] ThirdParty:1030 - CMSIS Pack Vendor :STMicroelectronics FP-ATR-SIGFOX1 3.2.0
2026-03-17 21:21:19,380 [INFO] ThirdParty:1030 - CMSIS Pack Vendor :quantropi X-CUBE-qispace-sdk-base 1.9.3
2026-03-17 21:21:19,380 [INFO] ThirdParty:1030 - CMSIS Pack Vendor :STMicroelectronics X-CUBE-EEPRMA1 5.1.0
2026-03-17 21:21:19,380 [INFO] ThirdParty:1030 - CMSIS Pack Vendor :STMicroelectronics MBEDTLS 2.16.2
2026-03-17 21:21:19,380 [INFO] ThirdParty:1030 - CMSIS Pack Vendor :STMicroelectronics X-CUBE-IPS 3.1.0
2026-03-17 21:21:19,382 [INFO] ThirdParty:1030 - CMSIS Pack Vendor :STMicroelectronics X-CUBE-ALS 1.0.2
2026-03-17 21:21:19,382 [INFO] ThirdParty:1030 - CMSIS Pack Vendor :wolfSSL I-CUBE-wolfSSL 5.7.6
2026-03-17 21:21:19,382 [INFO] ThirdParty:1030 - CMSIS Pack Vendor :ITTIA_DB I-CUBE-ITTIADB 8.9.0
2026-03-17 21:21:19,382 [INFO] ThirdParty:1030 - CMSIS Pack Vendor :STMicroelectronics X-CUBE-TOUCHGFX 4.24.2
2026-03-17 21:21:19,382 [INFO] ThirdParty:1030 - CMSIS Pack Vendor :STMicroelectronics X-CUBE-STSE01 1.0.0
2026-03-17 21:21:19,382 [INFO] ThirdParty:1030 - CMSIS Pack Vendor :wolfSSL I-CUBE-wolfTPM 3.4.0
2026-03-17 21:21:19,382 [INFO] ThirdParty:1030 - CMSIS Pack Vendor :portGmbH I-Cube-SoM-uGOAL 1.1.0
2026-03-17 21:21:19,383 [INFO] ThirdParty:1030 - CMSIS Pack Vendor :STMicroelectronics X-CUBE-ST67W61 1.0.0
2026-03-17 21:21:19,383 [INFO] ThirdParty:1030 - CMSIS Pack Vendor :STMicroelectronics X-CUBE-AI 10.2.0
2026-03-17 21:21:19,383 [INFO] ThirdParty:1030 - CMSIS Pack Vendor :STMicroelectronics ThreadX 1.0.0
2026-03-17 21:21:19,383 [INFO] ThirdParty:1030 - CMSIS Pack Vendor :SEGGER I-CUBE-embOS 1.3.1
2026-03-17 21:21:19,383 [INFO] ThirdParty:1030 - CMSIS Pack Vendor :STMicroelectronics X-CUBE-ALGOBUILD 1.4.0
2026-03-17 21:21:19,383 [INFO] ThirdParty:1030 - CMSIS Pack Vendor :STMicroelectronics X-CUBE-MEMS1 11.3.0
2026-03-17 21:21:19,383 [INFO] ThirdParty:1030 - CMSIS Pack Vendor :STMicroelectronics X-CUBE-AZRTOS-H7RS 1.0.0
2026-03-17 21:21:19,383 [INFO] ThirdParty:1030 - CMSIS Pack Vendor :STMicroelectronics X-CUBE-TOF1 3.4.2
2026-03-17 21:21:19,383 [INFO] ThirdParty:1030 - CMSIS Pack Vendor :STMicroelectronics X-CUBE-TOF1 3.4.3
2026-03-17 21:21:19,383 [INFO] ThirdParty:1030 - CMSIS Pack Vendor :wolfSSL I-CUBE-wolfSSH 1.4.17
2026-03-17 21:21:19,383 [INFO] ThirdParty:841 - exiting critical section [change project]
2026-03-17 21:21:19,877 [INFO] PinOutPanel:1589 - setPackage(No Configuration,No Configuration)
2026-03-17 21:21:19,879 [INFO] PinOutPanel:1589 - setPackage(STM32F107RCTx,LQFP64)
2026-03-17 21:21:20,606 [INFO] UtilMem:75 - Before build in PCC Used Memory: 951342336 Bytes (1073741824)
2026-03-17 21:21:21,245 [INFO] UtilMem:75 - After build in PCC Used Memory: 375226952 Bytes (1073741824)
2026-03-17 21:21:21,299 [INFO] IPUIPlugin:80 - create IPUIPlugin
2026-03-17 21:21:21,299 [INFO] IPUIPlugin:80 - create IPUIPlugin
2026-03-17 21:21:21,300 [INFO] IPUIPlugin:80 - create IPUIPlugin
2026-03-17 21:21:21,301 [INFO] IPUIPlugin:80 - create IPUIPlugin
2026-03-17 21:21:21,303 [INFO] IPUIPlugin:80 - create IPUIPlugin
2026-03-17 21:21:21,304 [INFO] IPUIPlugin:80 - create IPUIPlugin
2026-03-17 21:21:21,305 [INFO] IPUIPlugin:80 - create IPUIPlugin
2026-03-17 21:21:21,306 [INFO] IPUIPlugin:80 - create IPUIPlugin
2026-03-17 21:21:21,308 [INFO] IPUIPlugin:80 - create IPUIPlugin
2026-03-17 21:21:21,308 [INFO] IPUIPlugin:80 - create IPUIPlugin
2026-03-17 21:21:21,308 [INFO] IPUIPlugin:80 - create IPUIPlugin
2026-03-17 21:21:21,309 [INFO] IPUIPlugin:80 - create IPUIPlugin
2026-03-17 21:21:21,310 [INFO] IPUIPlugin:80 - create IPUIPlugin
2026-03-17 21:21:21,310 [INFO] IPUIPlugin:80 - create IPUIPlugin
2026-03-17 21:21:21,311 [INFO] IPUIPlugin:80 - create IPUIPlugin
2026-03-17 21:21:21,311 [INFO] IPUIPlugin:80 - create IPUIPlugin
2026-03-17 21:21:21,311 [INFO] IPUIPlugin:80 - create IPUIPlugin
2026-03-17 21:21:21,311 [INFO] IPUIPlugin:80 - create IPUIPlugin
2026-03-17 21:21:21,312 [INFO] IPUIPlugin:80 - create IPUIPlugin
2026-03-17 21:21:21,312 [INFO] IPUIPlugin:80 - create IPUIPlugin
2026-03-17 21:21:21,312 [INFO] IPUIPlugin:80 - create IPUIPlugin
2026-03-17 21:21:21,314 [INFO] IPUIPlugin:80 - create IPUIPlugin
2026-03-17 21:21:21,315 [INFO] IPUIPlugin:80 - create IPUIPlugin
2026-03-17 21:21:21,316 [INFO] IPUIPlugin:80 - create IPUIPlugin
2026-03-17 21:21:21,316 [INFO] IPUIPlugin:80 - create IPUIPlugin
2026-03-17 21:21:21,316 [INFO] IPUIPlugin:80 - create IPUIPlugin
2026-03-17 21:21:21,317 [INFO] IPUIPlugin:80 - create IPUIPlugin
2026-03-17 21:21:21,317 [INFO] IPUIPlugin:80 - create IPUIPlugin
2026-03-17 21:21:21,317 [INFO] IPUIPlugin:80 - create IPUIPlugin
2026-03-17 21:21:21,318 [INFO] IPUIPlugin:80 - create IPUIPlugin
2026-03-17 21:21:21,318 [INFO] IPUIPlugin:80 - create IPUIPlugin
2026-03-17 21:21:21,319 [INFO] IPUIPlugin:80 - create IPUIPlugin
2026-03-17 21:21:21,319 [INFO] IPUIPlugin:80 - create IPUIPlugin
2026-03-17 21:21:21,319 [INFO] IPUIPlugin:80 - create IPUIPlugin
2026-03-17 21:21:21,320 [INFO] IPUIPlugin:80 - create IPUIPlugin
2026-03-17 21:21:21,320 [INFO] IPUIPlugin:80 - create IPUIPlugin
2026-03-17 21:21:21,321 [INFO] IPUIPlugin:80 - create IPUIPlugin
2026-03-17 21:21:21,321 [INFO] IPUIPlugin:80 - create IPUIPlugin
2026-03-17 21:21:21,322 [INFO] IPUIPlugin:80 - create IPUIPlugin
2026-03-17 21:21:21,410 [INFO] CADModel:165 - CPN selected for project levelSTM32F107RCT6
2026-03-17 21:21:21,411 [INFO] CADModel:114 - Register for checkConnection events
2026-03-17 21:21:21,495 [INFO] OpenFileManager:386 - Restore cursor
2026-03-17 21:21:22,210 [INFO] UtilMem:75 - End SaveConfig() Used Memory: 448288488 Bytes (1073741824)
2026-03-17 21:21:22,436 [INFO] UtilMem:75 - End SaveConfig() Used Memory: 466453064 Bytes (1073741824)
2026-03-17 21:21:23,408 [INFO] BlockDiagram:2775 - set Specific Code input for plugin: NVIC
2026-03-17 21:21:23,410 [INFO] BlockDiagram:2775 - set Specific Code input for plugin: RCC
2026-03-17 21:21:23,412 [INFO] CodeGenerator:892 - code generatio: config db path: C:\ST\STM32CubeIDE_1.19.0\STM32CubeIDE\plugins\com.st.stm32cube.common.mx_6.15.0.202507011659\\db\
2026-03-17 21:21:23,720 [INFO] CodeEngine:265 - oldGeneratedFile, D:\my_Projects\Electronic\STM32\F1\CubeIDE\lezgiBoard_RS485\MXTmpFiles\license.tmp_save
2026-03-17 21:21:24,339 [INFO] CodeEngine:289 - Generated code: D:\my_Projects\Electronic\STM32\F1\CubeIDE\lezgiBoard_RS485\MXTmpFiles\license.tmp
2026-03-17 21:21:24,364 [INFO] CodeEngine:265 - oldGeneratedFile, D:\my_Projects\Electronic\STM32\F1\CubeIDE\lezgiBoard_RS485\Core\Src\stm32f1xx_it.c_save
2026-03-17 21:21:25,020 [INFO] CodeEngine:289 - Generated code: D:\my_Projects\Electronic\STM32\F1\CubeIDE\lezgiBoard_RS485\Core\Src\stm32f1xx_it.c
2026-03-17 21:21:25,029 [INFO] CodeEngine:265 - oldGeneratedFile, D:\my_Projects\Electronic\STM32\F1\CubeIDE\lezgiBoard_RS485\Core\Inc\stm32f1xx_it.h_save
2026-03-17 21:21:25,220 [INFO] CodeEngine:289 - Generated code: D:\my_Projects\Electronic\STM32\F1\CubeIDE\lezgiBoard_RS485\Core\Inc\stm32f1xx_it.h
2026-03-17 21:21:25,287 [INFO] CodeEngine:265 - oldGeneratedFile, D:\my_Projects\Electronic\STM32\F1\CubeIDE\lezgiBoard_RS485\Core\Src\stm32f1xx_hal_msp.c_save
2026-03-17 21:21:25,628 [INFO] CodeEngine:289 - Generated code: D:\my_Projects\Electronic\STM32\F1\CubeIDE\lezgiBoard_RS485\Core\Src\stm32f1xx_hal_msp.c
2026-03-17 21:21:25,641 [INFO] CodeEngine:265 - oldGeneratedFile, D:\my_Projects\Electronic\STM32\F1\CubeIDE\lezgiBoard_RS485\MXTmpFiles\system.tmp_save
2026-03-17 21:21:25,823 [INFO] CodeEngine:289 - Generated code: D:\my_Projects\Electronic\STM32\F1\CubeIDE\lezgiBoard_RS485\MXTmpFiles\system.tmp
2026-03-17 21:21:25,859 [INFO] CodeEngine:321 - oldGeneratedFile, D:\my_Projects\Electronic\STM32\F1\CubeIDE\lezgiBoard_RS485\Core\Inc\stm32f1xx_hal_conf.h_save
2026-03-17 21:21:26,047 [INFO] CodeEngine:345 - Generated code: D:\my_Projects\Electronic\STM32\F1\CubeIDE\lezgiBoard_RS485\Core\Inc\stm32f1xx_hal_conf.h
2026-03-17 21:21:26,125 [INFO] ApiDbMcu:532 - Load IP Config File for RCC
2026-03-17 21:21:26,153 [INFO] CodeEngine:265 - oldGeneratedFile, D:\my_Projects\Electronic\STM32\F1\CubeIDE\lezgiBoard_RS485\Core\Inc\main.h_save
2026-03-17 21:21:26,440 [INFO] CodeEngine:289 - Generated code: D:\my_Projects\Electronic\STM32\F1\CubeIDE\lezgiBoard_RS485\Core\Inc\main.h
2026-03-17 21:21:26,456 [INFO] CodeEngine:265 - oldGeneratedFile, D:\my_Projects\Electronic\STM32\F1\CubeIDE\lezgiBoard_RS485\Core\Src\main.c_save
2026-03-17 21:21:26,666 [INFO] CodeEngine:289 - Generated code: D:\my_Projects\Electronic\STM32\F1\CubeIDE\lezgiBoard_RS485\Core\Src\main.c
2026-03-17 21:21:27,334 [INFO] ProjectBuilder:3606 - Time for Copy HAL[1] : 286mS.
2026-03-17 21:21:27,346 [INFO] ProjectBuilder:5216 - Project Generator version: 4.7.0-B52
2026-03-17 21:21:27,372 [ERROR] ConfigurationRetriever:142 - IOException on connection: Connect timed out
2026-03-17 21:21:27,567 [INFO] ConfigFileManager:1595 - The Die is : DIE418
2026-03-17 21:21:27,584 [INFO] ApiDbMcu:532 - Load IP Config File for FATFS
2026-03-17 21:21:27,649 [INFO] ApiDbMcu:532 - Load IP Config File for FREERTOS
2026-03-17 21:21:27,745 [INFO] ApiDbMcu:532 - Load IP Config File for LWIP
2026-03-17 21:21:27,791 [INFO] ApiDbMcu:532 - Load IP Config File for USB_DEVICE
2026-03-17 21:21:27,813 [INFO] ApiDbMcu:532 - Load IP Config File for USB_HOST
2026-03-17 21:21:32,375 [ERROR] ConfigurationRetriever:142 - IOException on connection: Connect timed out
2026-03-17 21:21:34,419 [INFO] ProjectBuilder:5496 - Time for Generating toolchain IDE Files: 7074mS.
2026-03-17 21:21:34,420 [INFO] ProjectBuilder:3463 - Time for Copy CMSIS : 1mS.
2026-03-17 21:21:34,421 [INFO] ProjectBuilder:3463 - Time for Copy CMSIS : 0mS.
2026-03-17 21:21:35,389 [INFO] McuFinderGlobals:76 - Set McuFinderConnectedMode to true
2026-03-17 21:21:35,396 [INFO] ApiDb:448 - Save user favorites file C:\Users\alina/.stm32cubeide/favorites.mcus.txt: 0 item(s)
2026-03-17 21:21:35,396 [INFO] ApiDb:452 - User favorites MCUs=[]
