2026-03-21 08:17:02,544 [ERROR] ConfigurationRetriever:142 - IOException on connection: Connect timed out
2026-03-21 08:17:04,553 [ERROR] ConfigurationRetriever:142 - IOException on connection: Connect timed out
2026-03-21 08:17:06,556 [ERROR] ConfigurationRetriever:142 - IOException on connection: Connect timed out
2026-03-21 08:17:30,627 [ERROR] ConfigurationRetriever:142 - IOException on connection: Connect timed out
2026-03-21 08:17:32,653 [ERROR] ConfigurationRetriever:142 - IOException on connection: Connect timed out
2026-03-21 08:17:34,657 [ERROR] ConfigurationRetriever:142 - IOException on connection: Connect timed out
2026-03-21 08:18:05,281 [ERROR] ConfigurationRetriever:142 - IOException on connection: Connect timed out
2026-03-21 08:18:07,285 [ERROR] ConfigurationRetriever:142 - IOException on connection: Connect timed out
2026-03-21 08:18:09,288 [ERROR] ConfigurationRetriever:142 - IOException on connection: Connect timed out
2026-03-21 08:28:15,841 [ERROR] ConfigurationRetriever:142 - IOException on connection: Connect timed out
2026-03-21 08:28:17,843 [ERROR] ConfigurationRetriever:142 - IOException on connection: Connect timed out
2026-03-21 08:28:19,844 [ERROR] ConfigurationRetriever:142 - IOException on connection: Connect timed out
2026-03-21 08:28:23,618 [ERROR] ConfigurationRetriever:142 - IOException on connection: Connect timed out
2026-03-21 08:28:25,621 [ERROR] ConfigurationRetriever:142 - IOException on connection: Connect timed out
2026-03-21 08:28:27,623 [ERROR] ConfigurationRetriever:142 - IOException on connection: Connect timed out
2026-03-21 08:37:40,322 [ERROR] ConfigurationRetriever:142 - IOException on connection: Connect timed out
2026-03-21 08:37:42,326 [ERROR] ConfigurationRetriever:142 - IOException on connection: Connect timed out
2026-03-21 08:37:44,327 [ERROR] ConfigurationRetriever:142 - IOException on connection: Connect timed out
2026-03-21 08:49:54,888 [ERROR] ConfigurationRetriever:142 - IOException on connection: Connect timed out
2026-03-21 08:49:56,891 [ERROR] ConfigurationRetriever:142 - IOException on connection: Connect timed out
2026-03-21 08:49:58,893 [ERROR] ConfigurationRetriever:142 - IOException on connection: Connect timed out
2026-03-21 08:50:00,953 [ERROR] ConfigurationRetriever:142 - IOException on connection: Connect timed out
2026-03-21 08:50:02,954 [ERROR] ConfigurationRetriever:142 - IOException on connection: Connect timed out
2026-03-21 08:50:04,957 [ERROR] ConfigurationRetriever:142 - IOException on connection: Connect timed out
2026-03-21 08:53:03,713 [ERROR] ConfigurationRetriever:142 - IOException on connection: Connect timed out
2026-03-21 08:53:05,718 [ERROR] ConfigurationRetriever:142 - IOException on connection: Connect timed out
2026-03-21 08:53:07,722 [ERROR] ConfigurationRetriever:142 - IOException on connection: Connect timed out
2026-03-21 08:53:09,770 [ERROR] ConfigurationRetriever:142 - IOException on connection: Connect timed out
2026-03-21 08:53:11,772 [ERROR] ConfigurationRetriever:142 - IOException on connection: Connect timed out
2026-03-21 08:53:13,775 [ERROR] ConfigurationRetriever:142 - IOException on connection: Connect timed out
2026-03-21 08:53:26,268 [ERROR] ConfigurationRetriever:142 - IOException on connection: Connect timed out
2026-03-21 08:53:28,269 [ERROR] ConfigurationRetriever:142 - IOException on connection: Connect timed out
2026-03-21 08:53:30,270 [ERROR] ConfigurationRetriever:142 - IOException on connection: Connect timed out
2026-03-21 09:00:21,311 [ERROR] ConfigurationRetriever:142 - IOException on connection: Connect timed out
2026-03-21 09:00:23,313 [ERROR] ConfigurationRetriever:142 - IOException on connection: Connect timed out
2026-03-21 09:00:25,315 [ERROR] ConfigurationRetriever:142 - IOException on connection: Connect timed out
2026-03-21 09:00:56,504 [INFO] Activator:176 - 


2026-03-21 09:00:56,508 [INFO] Activator:177 - !SESSION log4j initialized
2026-03-21 09:01:13,984 [INFO] LogOutputStream:77 - [STDOUT_REDIRECT] 
2026-03-21 09:01:17,425 [ERROR] ConfigurationRetriever:142 - IOException on connection: Connect timed out
2026-03-21 09:01:19,437 [ERROR] ConfigurationRetriever:142 - IOException on connection: Connect timed out
2026-03-21 09:01:21,443 [ERROR] ConfigurationRetriever:142 - IOException on connection: Connect timed out
2026-03-21 09:01:27,093 [INFO] ApplicationProperties:184 - Using Application install path: C:\ST\STM32CubeIDE_1.19.0\STM32CubeIDE\plugins\com.st.stm32cube.common.mx_6.15.0.202507011659
2026-03-21 09:01:27,126 [INFO] DbMcusXml:78 - Set database path to: C:\ST\STM32CubeIDE_1.19.0\STM32CubeIDE\plugins\com.st.stm32cube.common.mx_6.15.0.202507011659\\db\/mcu/
2026-03-21 09:01:27,127 [INFO] ApiDb:274 - Set plugin database path to: C:\ST\STM32CubeIDE_1.19.0\STM32CubeIDE\plugins\com.st.stm32cube.common.mx_6.15.0.202507011659\\db\/plugins/boardmanager/
2026-03-21 09:01:27,127 [WARN] ApiDb:259 - Overriding images path with different value:  => C:\ST\STM32CubeIDE_1.19.0\STM32CubeIDE\plugins\com.st.stm32cube.common.mx_6.15.0.202507011659\\db\/plugins/mcufinder/images/
2026-03-21 09:01:27,150 [INFO] ApiDb:250 - Set database path to: C:\Users\alina\.stmcufinder\plugins\mcufinder//mcu/
2026-03-21 09:01:27,152 [INFO] DbMcusAds:125 - Set database path to: C:\Users\alina\.stmcufinder\plugins\mcufinder//mcu/
2026-03-21 09:01:27,234 [INFO] CrossReferenceDbSqlite:203 - Set database path to: C:\Users\alina\.stmcufinder\plugins\mcufinder//mcu/cs/
2026-03-21 09:01:27,565 [INFO] RulesReader:64 - Compatibility file has been processed (317 Rules)
2026-03-21 09:01:27,711 [INFO] DbMcusXml:78 - Set database path to: C:\ST\STM32CubeIDE_1.19.0\STM32CubeIDE\plugins\com.st.stm32cube.common.mx_6.15.0.202507011659\\db\/mcu/
2026-03-21 09:01:27,711 [INFO] ApiDb:274 - Set plugin database path to: C:\ST\STM32CubeIDE_1.19.0\STM32CubeIDE\plugins\com.st.stm32cube.common.mx_6.15.0.202507011659\\db\/plugins/boardmanager/
2026-03-21 09:01:27,713 [INFO] ApiDb:261 - Set plugin images path to: C:\ST\STM32CubeIDE_1.19.0\STM32CubeIDE\plugins\com.st.stm32cube.common.mx_6.15.0.202507011659\\db\/plugins/mcufinder/images/
2026-03-21 09:01:27,713 [WARN] DbFile:41 - Overriding database path with different value: C:\Users\alina\.stmcufinder\plugins\mcufinder/ => C:\Users\alina\.stmcufinder\plugins\mcufinder
2026-03-21 09:01:27,713 [INFO] ApiDb:250 - Set database path to: C:\Users\alina\.stmcufinder\plugins\mcufinder//mcu/
2026-03-21 09:01:27,713 [WARN] DbFile:41 - Overriding database path with different value: C:\Users\alina\.stmcufinder\plugins\mcufinder/ => C:\Users\alina\.stmcufinder\plugins\mcufinder
2026-03-21 09:01:27,713 [INFO] DbMcusAds:125 - Set database path to: C:\Users\alina\.stmcufinder\plugins\mcufinder//mcu/
2026-03-21 09:01:27,713 [WARN] DbFile:41 - Overriding database path with different value: C:\Users\alina\.stmcufinder\plugins\mcufinder/ => C:\Users\alina\.stmcufinder\plugins\mcufinder
2026-03-21 09:01:27,713 [WARN] DbFile:41 - Overriding database path with different value: C:\Users\alina\.stmcufinder\plugins\mcufinder/ => C:\Users\alina\.stmcufinder\plugins\mcufinder
2026-03-21 09:01:27,714 [INFO] CrossReferenceDbSqlite:203 - Set database path to: C:\Users\alina\.stmcufinder\plugins\mcufinder//mcu/cs/
2026-03-21 09:01:27,838 [INFO] MainPanel:274 - HeapMemory: 268435456
2026-03-21 09:01:28,054 [INFO] DbMcusXml:78 - Set database path to: C:\ST\STM32CubeIDE_1.19.0\STM32CubeIDE\plugins\com.st.stm32cube.common.mx_6.15.0.202507011659\\db\/mcu/
2026-03-21 09:01:28,054 [INFO] ApiDb:274 - Set plugin database path to: C:\ST\STM32CubeIDE_1.19.0\STM32CubeIDE\plugins\com.st.stm32cube.common.mx_6.15.0.202507011659\\db\/plugins/boardmanager/
2026-03-21 09:01:28,054 [INFO] ApiDb:261 - Set plugin images path to: C:\ST\STM32CubeIDE_1.19.0\STM32CubeIDE\plugins\com.st.stm32cube.common.mx_6.15.0.202507011659\\db\/plugins/mcufinder/images/
2026-03-21 09:01:28,054 [WARN] DbFile:41 - Overriding database path with different value: C:\Users\alina\.stmcufinder\plugins\mcufinder/ => C:\Users\alina\.stmcufinder\plugins\mcufinder
2026-03-21 09:01:28,055 [INFO] ApiDb:250 - Set database path to: C:\Users\alina\.stmcufinder\plugins\mcufinder//mcu/
2026-03-21 09:01:28,055 [WARN] DbFile:41 - Overriding database path with different value: C:\Users\alina\.stmcufinder\plugins\mcufinder/ => C:\Users\alina\.stmcufinder\plugins\mcufinder
2026-03-21 09:01:28,055 [INFO] DbMcusAds:125 - Set database path to: C:\Users\alina\.stmcufinder\plugins\mcufinder//mcu/
2026-03-21 09:01:28,055 [WARN] DbFile:41 - Overriding database path with different value: C:\Users\alina\.stmcufinder\plugins\mcufinder/ => C:\Users\alina\.stmcufinder\plugins\mcufinder
2026-03-21 09:01:28,055 [WARN] DbFile:41 - Overriding database path with different value: C:\Users\alina\.stmcufinder\plugins\mcufinder/ => C:\Users\alina\.stmcufinder\plugins\mcufinder
2026-03-21 09:01:28,055 [INFO] CrossReferenceDbSqlite:203 - Set database path to: C:\Users\alina\.stmcufinder\plugins\mcufinder//mcu/cs/
2026-03-21 09:01:28,086 [INFO] ApplicationProperties:184 - Using Application install path: C:\ST\STM32CubeIDE_1.19.0\STM32CubeIDE\plugins\com.st.stm32cube.common.mx_6.15.0.202507011659
2026-03-21 09:01:28,090 [INFO] PluginManage:196 - Search for loadable plugins [exclusion list=, ]
2026-03-21 09:01:28,094 [INFO] PluginManage:310 - Check plugin analytics
2026-03-21 09:01:28,782 [INFO] AnalyticsPlugin:253 - Accepted Software Licenses: STM32CubeMX.6.13.0,STM32CubeMX.6.15.0
2026-03-21 09:01:28,784 [INFO] AnalyticsPlugin:255 - Accepted CMSIS Pack Licenses: 
2026-03-21 09:01:28,785 [INFO] AnalyticsPlugin:257 - Accepted Firmware Licenses: FW.G0.1.6.0,FW.F4.1.28.0,FW.G4.1.6.0
2026-03-21 09:01:28,794 [INFO] PluginManage:359 - Loaded plugin analytics (category:tool,tabindex:-1)
2026-03-21 09:01:28,795 [INFO] PluginManage:310 - Check plugin cadmodel
2026-03-21 09:01:28,820 [INFO] CADModel:105 - Init CAD model plugin
2026-03-21 09:01:28,821 [INFO] PluginManage:359 - Loaded plugin cadmodel (category:power,tabindex:5)
2026-03-21 09:01:28,821 [INFO] PluginManage:310 - Check plugin clock
2026-03-21 09:01:28,849 [INFO] PluginManage:359 - Loaded plugin clock (category:base,tabindex:2)
2026-03-21 09:01:28,850 [INFO] PluginManage:310 - Check plugin ddr
2026-03-21 09:01:28,860 [INFO] PluginManage:359 - Loaded plugin ddr (category:tool,tabindex:6)
2026-03-21 09:01:28,861 [INFO] PluginManage:310 - Check plugin filemanager
2026-03-21 09:01:29,336 [INFO] PluginManage:359 - Loaded plugin filemanager (category:base,tabindex:10)
2026-03-21 09:01:29,336 [INFO] PluginManage:310 - Check plugin ipmanager
2026-03-21 09:01:29,384 [INFO] PluginManage:359 - Loaded plugin ipmanager (category:base,tabindex:5)
2026-03-21 09:01:29,384 [INFO] PluginManage:310 - Check plugin lpbam
2026-03-21 09:01:29,404 [INFO] PluginManage:359 - Loaded plugin lpbam (category:base,tabindex:0)
2026-03-21 09:01:29,406 [INFO] PluginManage:310 - Check plugin memorymap
2026-03-21 09:01:29,462 [INFO] PluginManage:359 - Loaded plugin memorymap (category:base,tabindex:4)
2026-03-21 09:01:29,462 [INFO] PluginManage:310 - Check plugin pinoutandconfiguration
2026-03-21 09:01:29,478 [INFO] PluginManage:359 - Loaded plugin pinoutandconfiguration (category:base,tabindex:1)
2026-03-21 09:01:29,480 [INFO] PluginManage:310 - Check plugin pinoutconfig
2026-03-21 09:01:29,650 [WARN] SupportedApi:132 - Cannot load RTOS API schema: s4s-elt-must-match.1: The content of 'definitions' must match (annotation?, (simpleType | complexType)?, (unique | key | keyref)*)). A problem was found starting at: attribute.
2026-03-21 09:01:29,897 [INFO] PluginManage:359 - Loaded plugin pinoutconfig (category:base,tabindex:0)
2026-03-21 09:01:29,898 [INFO] PluginManage:310 - Check plugin power
2026-03-21 09:01:29,911 [INFO] PluginManage:359 - Loaded plugin power (category:power,tabindex:4)
2026-03-21 09:01:29,911 [INFO] PluginManage:310 - Check plugin projectmanager
2026-03-21 09:01:29,941 [INFO] PluginManage:359 - Loaded plugin projectmanager (category:projectmanager,tabindex:4)
2026-03-21 09:01:29,942 [INFO] PluginManage:310 - Check plugin rif
2026-03-21 09:01:29,973 [INFO] PluginManage:359 - Loaded plugin rif (category:base,tabindex:3)
2026-03-21 09:01:29,973 [INFO] PluginManage:310 - Check plugin thirdparty
2026-03-21 09:01:30,320 [INFO] PluginManage:359 - Loaded plugin thirdparty (category:base,tabindex:-1)
2026-03-21 09:01:30,320 [INFO] PluginManage:310 - Check plugin tools
2026-03-21 09:01:30,323 [WARN] IntegrityCheckThread:84 - waiting for thirdparty lock release [integrity check]
2026-03-21 09:01:30,323 [INFO] IntegrityCheckThread:86 - entering critical section [integrity check]
2026-03-21 09:01:30,325 [INFO] PluginManage:359 - Loaded plugin tools (category:base,tabindex:7)
2026-03-21 09:01:30,325 [INFO] ThirdPartyUpdaterWithRetryManager:70 - Updater plugin not ready yet. [1/15]
2026-03-21 09:01:30,325 [INFO] PluginManage:310 - Check plugin tutovideos
2026-03-21 09:01:30,767 [INFO] PluginManage:359 - Loaded plugin tutovideos (category:base,tabindex:-1)
2026-03-21 09:01:30,768 [INFO] PluginManage:310 - Check plugin updater
2026-03-21 09:01:30,823 [INFO] PluginManage:359 - Loaded plugin updater (category:base,tabindex:12)
2026-03-21 09:01:30,823 [INFO] PluginManage:310 - Check plugin userauth
2026-03-21 09:01:30,836 [INFO] UserAuth:118 - Init User Auth plugin
2026-03-21 09:01:30,839 [INFO] PluginManage:359 - Loaded plugin userauth (category:base,tabindex:14)
2026-03-21 09:01:30,840 [INFO] PluginManage:283 - PluginManage : Loaded plugins [18]
2026-03-21 09:01:31,364 [INFO] PinOutPanel:1589 - setPackage(No Configuration,No Configuration)
2026-03-21 09:01:31,627 [INFO] CADModel:165 - CPN selected for project level
2026-03-21 09:01:31,627 [INFO] CADModel:114 - Register for checkConnection events
2026-03-21 09:01:31,677 [INFO] IPUIPlugin:80 - create IPUIPlugin
2026-03-21 09:01:31,678 [INFO] PluginManager:220 - loadIPPluginJar : add adc
2026-03-21 09:01:31,683 [INFO] IPUIPlugin:80 - create IPUIPlugin
2026-03-21 09:01:31,683 [INFO] PluginManager:220 - loadIPPluginJar : add aes
2026-03-21 09:01:31,689 [INFO] IPUIPlugin:80 - create IPUIPlugin
2026-03-21 09:01:31,689 [INFO] PluginManager:220 - loadIPPluginJar : add can
2026-03-21 09:01:31,706 [INFO] IPUIPlugin:80 - create IPUIPlugin
2026-03-21 09:01:31,706 [INFO] PluginManager:220 - loadIPPluginJar : add comp
2026-03-21 09:01:31,713 [INFO] IPUIPlugin:80 - create IPUIPlugin
2026-03-21 09:01:31,714 [INFO] PluginManager:220 - loadIPPluginJar : add cryp
2026-03-21 09:01:31,732 [INFO] IPUIPlugin:80 - create IPUIPlugin
2026-03-21 09:01:31,732 [INFO] PluginManager:220 - loadIPPluginJar : add ddr_ctrl_phy
2026-03-21 09:01:31,739 [INFO] IPUIPlugin:80 - create IPUIPlugin
2026-03-21 09:01:31,739 [INFO] PluginManager:220 - loadIPPluginJar : add dfsdm
2026-03-21 09:01:31,754 [INFO] IPUIPlugin:80 - create IPUIPlugin
2026-03-21 09:01:31,755 [INFO] PluginManager:220 - loadIPPluginJar : add dma
2026-03-21 09:01:31,763 [INFO] IPUIPlugin:80 - create IPUIPlugin
2026-03-21 09:01:31,764 [INFO] PluginManager:220 - loadIPPluginJar : add dma3
2026-03-21 09:01:31,779 [INFO] IPUIPlugin:80 - create IPUIPlugin
2026-03-21 09:01:31,780 [INFO] PluginManager:220 - loadIPPluginJar : add extmemmanager
2026-03-21 09:01:31,789 [INFO] IPUIPlugin:80 - create IPUIPlugin
2026-03-21 09:01:31,789 [INFO] PluginManager:220 - loadIPPluginJar : add fatfs
2026-03-21 09:01:31,807 [INFO] IPUIPlugin:80 - create IPUIPlugin
2026-03-21 09:01:31,807 [INFO] PluginManager:220 - loadIPPluginJar : add fmc
2026-03-21 09:01:31,848 [INFO] IPUIPlugin:80 - create IPUIPlugin
2026-03-21 09:01:31,848 [INFO] PluginManager:220 - loadIPPluginJar : add freertos
2026-03-21 09:01:31,853 [INFO] IPUIPlugin:80 - create IPUIPlugin
2026-03-21 09:01:31,853 [INFO] PluginManager:220 - loadIPPluginJar : add genericplugin
2026-03-21 09:01:31,859 [INFO] IPUIPlugin:80 - create IPUIPlugin
2026-03-21 09:01:31,860 [INFO] PluginManager:220 - loadIPPluginJar : add gfxmmu
2026-03-21 09:01:31,875 [INFO] IPUIPlugin:80 - create IPUIPlugin
2026-03-21 09:01:31,876 [INFO] PluginManager:220 - loadIPPluginJar : add gic
2026-03-21 09:01:31,884 [INFO] IPUIPlugin:80 - create IPUIPlugin
2026-03-21 09:01:31,885 [INFO] PluginManager:220 - loadIPPluginJar : add gpio
2026-03-21 09:01:31,893 [INFO] IPUIPlugin:80 - create IPUIPlugin
2026-03-21 09:01:31,893 [INFO] PluginManager:220 - loadIPPluginJar : add gtzc
2026-03-21 09:01:31,902 [INFO] IPUIPlugin:80 - create IPUIPlugin
2026-03-21 09:01:31,903 [INFO] PluginManager:220 - loadIPPluginJar : add hash
2026-03-21 09:01:31,909 [INFO] IPUIPlugin:80 - create IPUIPlugin
2026-03-21 09:01:31,909 [INFO] PluginManager:220 - loadIPPluginJar : add i2c
2026-03-21 09:01:31,916 [INFO] IPUIPlugin:80 - create IPUIPlugin
2026-03-21 09:01:31,916 [INFO] PluginManager:220 - loadIPPluginJar : add i2s
2026-03-21 09:01:31,928 [INFO] IPUIPlugin:80 - create IPUIPlugin
2026-03-21 09:01:31,928 [INFO] PluginManager:220 - loadIPPluginJar : add i3c
2026-03-21 09:01:31,942 [INFO] IPUIPlugin:80 - create IPUIPlugin
2026-03-21 09:01:31,943 [INFO] PluginManager:220 - loadIPPluginJar : add ipddr
2026-03-21 09:01:31,959 [INFO] IPUIPlugin:80 - create IPUIPlugin
2026-03-21 09:01:31,959 [INFO] PluginManager:220 - loadIPPluginJar : add linkedlist
2026-03-21 09:01:31,977 [INFO] IPUIPlugin:80 - create IPUIPlugin
2026-03-21 09:01:31,977 [INFO] PluginManager:220 - loadIPPluginJar : add lorawan
2026-03-21 09:01:31,980 [INFO] IPUIPlugin:80 - create IPUIPlugin
2026-03-21 09:01:31,980 [INFO] PluginManager:220 - loadIPPluginJar : add ltdc
2026-03-21 09:01:31,998 [INFO] IPUIPlugin:80 - create IPUIPlugin
2026-03-21 09:01:31,998 [INFO] PluginManager:220 - loadIPPluginJar : add mdma
2026-03-21 09:01:32,004 [INFO] IPUIPlugin:80 - create IPUIPlugin
2026-03-21 09:01:32,005 [INFO] PluginManager:220 - loadIPPluginJar : add nvic
2026-03-21 09:01:32,012 [INFO] IPUIPlugin:80 - create IPUIPlugin
2026-03-21 09:01:32,012 [INFO] PluginManager:220 - loadIPPluginJar : add opamp
2026-03-21 09:01:32,018 [INFO] IPUIPlugin:80 - create IPUIPlugin
2026-03-21 09:01:32,018 [INFO] PluginManager:220 - loadIPPluginJar : add openamp
2026-03-21 09:01:32,028 [INFO] IPUIPlugin:80 - create IPUIPlugin
2026-03-21 09:01:32,028 [INFO] PluginManager:220 - loadIPPluginJar : add pdm2pcm
2026-03-21 09:01:32,040 [INFO] IPUIPlugin:80 - create IPUIPlugin
2026-03-21 09:01:32,047 [INFO] PluginManager:220 - loadIPPluginJar : add plateformsettings
2026-03-21 09:01:32,053 [INFO] IPUIPlugin:80 - create IPUIPlugin
2026-03-21 09:01:32,053 [INFO] PluginManager:220 - loadIPPluginJar : add quadspi
2026-03-21 09:01:32,057 [INFO] IPUIPlugin:80 - create IPUIPlugin
2026-03-21 09:01:32,059 [INFO] PluginManager:220 - loadIPPluginJar : add radio
2026-03-21 09:01:32,069 [INFO] IPUIPlugin:80 - create IPUIPlugin
2026-03-21 09:01:32,071 [INFO] PluginManager:220 - loadIPPluginJar : add resmgrutility
2026-03-21 09:01:32,079 [INFO] IPUIPlugin:80 - create IPUIPlugin
2026-03-21 09:01:32,079 [INFO] PluginManager:220 - loadIPPluginJar : add sai
2026-03-21 09:01:32,087 [INFO] IPUIPlugin:80 - create IPUIPlugin
2026-03-21 09:01:32,087 [INFO] PluginManager:220 - loadIPPluginJar : add spi
2026-03-21 09:01:32,097 [INFO] IPUIPlugin:80 - create IPUIPlugin
2026-03-21 09:01:32,097 [INFO] PluginManager:220 - loadIPPluginJar : add stm32_wpan
2026-03-21 09:01:32,100 [INFO] IPUIPlugin:80 - create IPUIPlugin
2026-03-21 09:01:32,102 [INFO] PluginManager:220 - loadIPPluginJar : add tim
2026-03-21 09:01:32,128 [INFO] IPUIPlugin:80 - create IPUIPlugin
2026-03-21 09:01:32,128 [INFO] PluginManager:220 - loadIPPluginJar : add touchsensing
2026-03-21 09:01:32,132 [INFO] IPUIPlugin:80 - create IPUIPlugin
2026-03-21 09:01:32,132 [INFO] PluginManager:220 - loadIPPluginJar : add tracer_emb
2026-03-21 09:01:32,141 [INFO] IPUIPlugin:80 - create IPUIPlugin
2026-03-21 09:01:32,141 [INFO] PluginManager:220 - loadIPPluginJar : add ts
2026-03-21 09:01:32,143 [INFO] IPUIPlugin:80 - create IPUIPlugin
2026-03-21 09:01:32,143 [INFO] PluginManager:220 - loadIPPluginJar : add tsc
2026-03-21 09:01:32,146 [INFO] IPUIPlugin:80 - create IPUIPlugin
2026-03-21 09:01:32,147 [INFO] PluginManager:220 - loadIPPluginJar : add ucpd
2026-03-21 09:01:32,151 [INFO] IPUIPlugin:80 - create IPUIPlugin
2026-03-21 09:01:32,151 [INFO] PluginManager:220 - loadIPPluginJar : add usart
2026-03-21 09:01:32,157 [INFO] IPUIPlugin:80 - create IPUIPlugin
2026-03-21 09:01:32,158 [INFO] PluginManager:220 - loadIPPluginJar : add usbx
2026-03-21 09:01:32,528 [FATAL] Updater:351 - Updater called before beeing initialized
2026-03-21 09:01:32,594 [INFO] RulesReader:64 - Compatibility file has been processed (317 Rules)
2026-03-21 09:01:32,647 [INFO] RulesReader:64 - Compatibility file has been processed (317 Rules)
2026-03-21 09:01:32,668 [INFO] CADModel:165 - CPN selected for project level
2026-03-21 09:01:32,668 [INFO] CADModel:114 - Register for checkConnection events
2026-03-21 09:01:32,669 [FATAL] Updater:351 - Updater called before beeing initialized
2026-03-21 09:01:32,669 [ERROR] CADModel:125 - Updater not yet initialized, retry later 
2026-03-21 09:01:33,047 [FATAL] Updater:351 - Updater called before beeing initialized
2026-03-21 09:01:33,053 [INFO] CADModel:165 - CPN selected for project level
2026-03-21 09:01:33,053 [INFO] CADModel:114 - Register for checkConnection events
2026-03-21 09:01:33,053 [FATAL] Updater:351 - Updater called before beeing initialized
2026-03-21 09:01:33,053 [ERROR] CADModel:125 - Updater not yet initialized, retry later 
2026-03-21 09:01:33,064 [FATAL] Updater:351 - Updater called before beeing initialized
2026-03-21 09:01:33,329 [INFO] ThirdPartyUpdaterWithRetryManager:70 - Updater plugin not ready yet. [2/15]
2026-03-21 09:01:33,466 [FATAL] Updater:351 - Updater called before beeing initialized
2026-03-21 09:01:33,473 [INFO] DbMcusAds:53 - JSON generation date=Tue Dec 16 02:41:46 IRST 2025 (1765840306612)
2026-03-21 09:01:33,474 [FATAL] Updater:351 - Updater called before beeing initialized
2026-03-21 09:01:33,626 [WARN] DetailPanel:346 - Failed to get advertising image, set to default
2026-03-21 09:01:33,805 [ERROR] ConfigurationRetriever:142 - IOException on connection: Connect timed out
2026-03-21 09:01:33,956 [FATAL] Updater:351 - Updater called before beeing initialized
2026-03-21 09:01:33,964 [FATAL] Updater:351 - Updater called before beeing initialized
2026-03-21 09:01:33,965 [FATAL] Updater:351 - Updater called before beeing initialized
2026-03-21 09:01:33,965 [WARN] DetailPanel:346 - Failed to get advertising image, set to default
2026-03-21 09:01:33,967 [FATAL] Updater:351 - Updater called before beeing initialized
2026-03-21 09:01:34,158 [ERROR] Updater:1198 - MainUpdater not yet initialized. External WinMGr cannot be set.
2026-03-21 09:01:34,161 [INFO] Updater:1134 - Updater Version found : 6.15.0
2026-03-21 09:01:34,192 [INFO] ApplicationProperties:184 - Using Application install path: C:\ST\STM32CubeIDE_1.19.0\STM32CubeIDE\plugins\com.st.stm32cube.common.mx_6.15.0.202507011659
2026-03-21 09:01:36,330 [FATAL] Updater:351 - Updater called before beeing initialized
2026-03-21 09:01:36,330 [ERROR] IntegrityCheckThread:130 - Cannot retrieve database content from updater: error 21
2026-03-21 09:01:36,330 [INFO] ThirdParty:978 - Integrity check success = false
2026-03-21 09:01:36,330 [INFO] IntegrityCheckThread:100 - exiting critical section [integrity check]
2026-03-21 09:01:36,330 [INFO] IntegrityCheckThread:103 - End integrity checks thread
2026-03-21 09:01:38,705 [WARN] CheckConnectionManager:291 - Warning during Server Connection :  timeout Connect to sw-center.st.com:443 [sw-center.st.com/185.200.232.40, sw-center.st.com/185.200.232.50] failed: Connect timed out
2026-03-21 09:01:38,808 [ERROR] ConfigurationRetriever:142 - IOException on connection: Connect timed out
2026-03-21 09:01:42,719 [WARN] CheckConnectionManager:291 - Warning during Server Connection :  timeout Connect to sw-center.st.com:443 [sw-center.st.com/185.200.232.40, sw-center.st.com/185.200.232.50] failed: Connect timed out
2026-03-21 09:01:42,724 [INFO] MainUpdater:2872 - connection check result : 22
2026-03-21 09:01:42,725 [INFO] MainUpdater:289 - Updater Check For Update Now.
2026-03-21 09:01:42,725 [INFO] MicroXplorer:498 - Change Database Version : DB.6.0.150
2026-03-21 09:01:42,737 [INFO] McuFinderGlobals:63 - Set McuFinder mode to 2 (CubeIDE integrated)
2026-03-21 09:01:42,738 [INFO] UserAuth:487 - Internet connection configuration mode: 2
2026-03-21 09:01:42,749 [INFO] UserAuth:487 - Internet connection configuration mode: 2
2026-03-21 09:01:43,222 [INFO] CheckServerUpdateThread:120 - End of CheckServer Thread
2026-03-21 09:01:43,811 [ERROR] ConfigurationRetriever:142 - IOException on connection: Connect timed out
2026-03-21 09:01:59,015 [ERROR] ConfigurationRetriever:142 - IOException on connection: Connect timed out
2026-03-21 09:02:01,017 [ERROR] ConfigurationRetriever:142 - IOException on connection: Connect timed out
2026-03-21 09:02:03,019 [ERROR] ConfigurationRetriever:142 - IOException on connection: Connect timed out
2026-03-21 09:02:20,241 [ERROR] ConfigurationRetriever:142 - IOException on connection: Connect timed out
2026-03-21 09:02:22,243 [ERROR] ConfigurationRetriever:142 - IOException on connection: Connect timed out
2026-03-21 09:02:24,248 [ERROR] ConfigurationRetriever:142 - IOException on connection: Connect timed out
2026-03-21 09:02:28,727 [ERROR] ConfigurationRetriever:142 - IOException on connection: Connect timed out
2026-03-21 09:02:30,730 [ERROR] ConfigurationRetriever:142 - IOException on connection: Connect timed out
2026-03-21 09:02:32,733 [ERROR] ConfigurationRetriever:142 - IOException on connection: Connect timed out
2026-03-21 09:03:21,646 [ERROR] ConfigurationRetriever:142 - IOException on connection: Connect timed out
2026-03-21 09:03:23,647 [ERROR] ConfigurationRetriever:142 - IOException on connection: Connect timed out
2026-03-21 09:03:25,649 [ERROR] ConfigurationRetriever:142 - IOException on connection: Connect timed out
