2026-07-31 12:07:08,935 [INFO] Activator:176 - 


2026-07-31 12:07:08,942 [INFO] Activator:177 - !SESSION log4j initialized
2026-07-31 12:07:23,118 [INFO] LogOutputStream:77 - [STDOUT_REDIRECT] 
2026-07-31 12:07:33,509 [ERROR] ConfigurationRetriever:142 - IOException on connection: Connect timed out
2026-07-31 12:07:36,592 [ERROR] ConfigurationRetriever:142 - IOException on connection: Read timed out
2026-07-31 12:07:38,595 [ERROR] ConfigurationRetriever:142 - IOException on connection: Connect timed out
2026-07-31 12:07:50,808 [INFO] ApplicationProperties:184 - Using Application install path: C:\ST\STM32CubeIDE_1.19.0\STM32CubeIDE\plugins\com.st.stm32cube.common.mx_6.15.0.202507011659
2026-07-31 12:07:50,859 [INFO] DbMcusXml:78 - Set database path to: C:\ST\STM32CubeIDE_1.19.0\STM32CubeIDE\plugins\com.st.stm32cube.common.mx_6.15.0.202507011659\\db\/mcu/
2026-07-31 12:07:50,870 [INFO] ApiDb:274 - Set plugin database path to: C:\ST\STM32CubeIDE_1.19.0\STM32CubeIDE\plugins\com.st.stm32cube.common.mx_6.15.0.202507011659\\db\/plugins/boardmanager/
2026-07-31 12:07:50,870 [WARN] ApiDb:259 - Overriding images path with different value:  => C:\ST\STM32CubeIDE_1.19.0\STM32CubeIDE\plugins\com.st.stm32cube.common.mx_6.15.0.202507011659\\db\/plugins/mcufinder/images/
2026-07-31 12:07:50,881 [INFO] ApiDb:250 - Set database path to: C:\Users\alina\.stmcufinder\plugins\mcufinder//mcu/
2026-07-31 12:07:50,883 [INFO] DbMcusAds:125 - Set database path to: C:\Users\alina\.stmcufinder\plugins\mcufinder//mcu/
2026-07-31 12:07:52,042 [INFO] CrossReferenceDbSqlite:203 - Set database path to: C:\Users\alina\.stmcufinder\plugins\mcufinder//mcu/cs/
2026-07-31 12:07:52,245 [INFO] RulesReader:64 - Compatibility file has been processed (317 Rules)
2026-07-31 12:07:52,406 [INFO] DbMcusXml:78 - Set database path to: C:\ST\STM32CubeIDE_1.19.0\STM32CubeIDE\plugins\com.st.stm32cube.common.mx_6.15.0.202507011659\\db\/mcu/
2026-07-31 12:07:52,406 [INFO] ApiDb:274 - Set plugin database path to: C:\ST\STM32CubeIDE_1.19.0\STM32CubeIDE\plugins\com.st.stm32cube.common.mx_6.15.0.202507011659\\db\/plugins/boardmanager/
2026-07-31 12:07:52,407 [INFO] ApiDb:261 - Set plugin images path to: C:\ST\STM32CubeIDE_1.19.0\STM32CubeIDE\plugins\com.st.stm32cube.common.mx_6.15.0.202507011659\\db\/plugins/mcufinder/images/
2026-07-31 12:07:52,407 [WARN] DbFile:41 - Overriding database path with different value: C:\Users\alina\.stmcufinder\plugins\mcufinder/ => C:\Users\alina\.stmcufinder\plugins\mcufinder
2026-07-31 12:07:52,407 [INFO] ApiDb:250 - Set database path to: C:\Users\alina\.stmcufinder\plugins\mcufinder//mcu/
2026-07-31 12:07:52,407 [WARN] DbFile:41 - Overriding database path with different value: C:\Users\alina\.stmcufinder\plugins\mcufinder/ => C:\Users\alina\.stmcufinder\plugins\mcufinder
2026-07-31 12:07:52,407 [INFO] DbMcusAds:125 - Set database path to: C:\Users\alina\.stmcufinder\plugins\mcufinder//mcu/
2026-07-31 12:07:52,407 [WARN] DbFile:41 - Overriding database path with different value: C:\Users\alina\.stmcufinder\plugins\mcufinder/ => C:\Users\alina\.stmcufinder\plugins\mcufinder
2026-07-31 12:07:52,407 [WARN] DbFile:41 - Overriding database path with different value: C:\Users\alina\.stmcufinder\plugins\mcufinder/ => C:\Users\alina\.stmcufinder\plugins\mcufinder
2026-07-31 12:07:52,407 [INFO] CrossReferenceDbSqlite:203 - Set database path to: C:\Users\alina\.stmcufinder\plugins\mcufinder//mcu/cs/
2026-07-31 12:07:52,545 [INFO] MainPanel:274 - HeapMemory: 268435456
2026-07-31 12:07:52,743 [INFO] DbMcusXml:78 - Set database path to: C:\ST\STM32CubeIDE_1.19.0\STM32CubeIDE\plugins\com.st.stm32cube.common.mx_6.15.0.202507011659\\db\/mcu/
2026-07-31 12:07:52,743 [INFO] ApiDb:274 - Set plugin database path to: C:\ST\STM32CubeIDE_1.19.0\STM32CubeIDE\plugins\com.st.stm32cube.common.mx_6.15.0.202507011659\\db\/plugins/boardmanager/
2026-07-31 12:07:52,743 [INFO] ApiDb:261 - Set plugin images path to: C:\ST\STM32CubeIDE_1.19.0\STM32CubeIDE\plugins\com.st.stm32cube.common.mx_6.15.0.202507011659\\db\/plugins/mcufinder/images/
2026-07-31 12:07:52,744 [WARN] DbFile:41 - Overriding database path with different value: C:\Users\alina\.stmcufinder\plugins\mcufinder/ => C:\Users\alina\.stmcufinder\plugins\mcufinder
2026-07-31 12:07:52,744 [INFO] ApiDb:250 - Set database path to: C:\Users\alina\.stmcufinder\plugins\mcufinder//mcu/
2026-07-31 12:07:52,744 [WARN] DbFile:41 - Overriding database path with different value: C:\Users\alina\.stmcufinder\plugins\mcufinder/ => C:\Users\alina\.stmcufinder\plugins\mcufinder
2026-07-31 12:07:52,744 [INFO] DbMcusAds:125 - Set database path to: C:\Users\alina\.stmcufinder\plugins\mcufinder//mcu/
2026-07-31 12:07:52,744 [WARN] DbFile:41 - Overriding database path with different value: C:\Users\alina\.stmcufinder\plugins\mcufinder/ => C:\Users\alina\.stmcufinder\plugins\mcufinder
2026-07-31 12:07:52,744 [WARN] DbFile:41 - Overriding database path with different value: C:\Users\alina\.stmcufinder\plugins\mcufinder/ => C:\Users\alina\.stmcufinder\plugins\mcufinder
2026-07-31 12:07:52,744 [INFO] CrossReferenceDbSqlite:203 - Set database path to: C:\Users\alina\.stmcufinder\plugins\mcufinder//mcu/cs/
2026-07-31 12:07:52,794 [INFO] ApplicationProperties:184 - Using Application install path: C:\ST\STM32CubeIDE_1.19.0\STM32CubeIDE\plugins\com.st.stm32cube.common.mx_6.15.0.202507011659
2026-07-31 12:07:52,796 [INFO] PluginManage:196 - Search for loadable plugins [exclusion list=, ]
2026-07-31 12:07:52,799 [INFO] PluginManage:310 - Check plugin analytics
2026-07-31 12:07:55,310 [INFO] AnalyticsPlugin:253 - Accepted Software Licenses: STM32CubeMX.6.13.0,STM32CubeMX.6.15.0
2026-07-31 12:07:55,310 [INFO] AnalyticsPlugin:255 - Accepted CMSIS Pack Licenses: 
2026-07-31 12:07:55,311 [INFO] AnalyticsPlugin:257 - Accepted Firmware Licenses: FW.G0.1.6.0,FW.F4.1.28.0,FW.G4.1.6.0
2026-07-31 12:07:55,316 [INFO] PluginManage:359 - Loaded plugin analytics (category:tool,tabindex:-1)
2026-07-31 12:07:55,316 [INFO] PluginManage:310 - Check plugin cadmodel
2026-07-31 12:07:55,328 [INFO] CADModel:105 - Init CAD model plugin
2026-07-31 12:07:55,329 [INFO] PluginManage:359 - Loaded plugin cadmodel (category:power,tabindex:5)
2026-07-31 12:07:55,331 [INFO] PluginManage:310 - Check plugin clock
2026-07-31 12:07:55,360 [INFO] PluginManage:359 - Loaded plugin clock (category:base,tabindex:2)
2026-07-31 12:07:55,361 [INFO] PluginManage:310 - Check plugin ddr
2026-07-31 12:07:55,365 [INFO] PluginManage:359 - Loaded plugin ddr (category:tool,tabindex:6)
2026-07-31 12:07:55,365 [INFO] PluginManage:310 - Check plugin filemanager
2026-07-31 12:07:55,636 [INFO] PluginManage:359 - Loaded plugin filemanager (category:base,tabindex:10)
2026-07-31 12:07:55,637 [INFO] PluginManage:310 - Check plugin ipmanager
2026-07-31 12:07:55,647 [INFO] PluginManage:359 - Loaded plugin ipmanager (category:base,tabindex:5)
2026-07-31 12:07:55,647 [INFO] PluginManage:310 - Check plugin lpbam
2026-07-31 12:07:55,656 [INFO] PluginManage:359 - Loaded plugin lpbam (category:base,tabindex:0)
2026-07-31 12:07:55,656 [INFO] PluginManage:310 - Check plugin memorymap
2026-07-31 12:07:55,678 [INFO] PluginManage:359 - Loaded plugin memorymap (category:base,tabindex:4)
2026-07-31 12:07:55,678 [INFO] PluginManage:310 - Check plugin pinoutandconfiguration
2026-07-31 12:07:55,690 [INFO] PluginManage:359 - Loaded plugin pinoutandconfiguration (category:base,tabindex:1)
2026-07-31 12:07:55,690 [INFO] PluginManage:310 - Check plugin pinoutconfig
2026-07-31 12:07:55,819 [WARN] SupportedApi:132 - Cannot load RTOS API schema: s4s-elt-must-match.1: The content of 'definitions' must match (annotation?, (simpleType | complexType)?, (unique | key | keyref)*)). A problem was found starting at: attribute.
2026-07-31 12:07:56,126 [INFO] PluginManage:359 - Loaded plugin pinoutconfig (category:base,tabindex:0)
2026-07-31 12:07:56,126 [INFO] PluginManage:310 - Check plugin power
2026-07-31 12:07:56,151 [INFO] PluginManage:359 - Loaded plugin power (category:power,tabindex:4)
2026-07-31 12:07:56,151 [INFO] PluginManage:310 - Check plugin projectmanager
2026-07-31 12:07:56,176 [INFO] PluginManage:359 - Loaded plugin projectmanager (category:projectmanager,tabindex:4)
2026-07-31 12:07:56,190 [INFO] PluginManage:310 - Check plugin rif
2026-07-31 12:07:56,208 [INFO] PluginManage:359 - Loaded plugin rif (category:base,tabindex:3)
2026-07-31 12:07:56,208 [INFO] PluginManage:310 - Check plugin thirdparty
2026-07-31 12:07:56,460 [INFO] PluginManage:359 - Loaded plugin thirdparty (category:base,tabindex:-1)
2026-07-31 12:07:56,460 [INFO] PluginManage:310 - Check plugin tools
2026-07-31 12:07:56,461 [WARN] IntegrityCheckThread:84 - waiting for thirdparty lock release [integrity check]
2026-07-31 12:07:56,463 [INFO] IntegrityCheckThread:86 - entering critical section [integrity check]
2026-07-31 12:07:56,465 [INFO] ThirdPartyUpdaterWithRetryManager:70 - Updater plugin not ready yet. [1/15]
2026-07-31 12:07:56,465 [INFO] PluginManage:359 - Loaded plugin tools (category:base,tabindex:7)
2026-07-31 12:07:56,465 [INFO] PluginManage:310 - Check plugin tutovideos
2026-07-31 12:07:56,839 [INFO] PluginManage:359 - Loaded plugin tutovideos (category:base,tabindex:-1)
2026-07-31 12:07:56,840 [INFO] PluginManage:310 - Check plugin updater
2026-07-31 12:07:56,883 [INFO] PluginManage:359 - Loaded plugin updater (category:base,tabindex:12)
2026-07-31 12:07:56,883 [INFO] PluginManage:310 - Check plugin userauth
2026-07-31 12:07:56,889 [INFO] UserAuth:118 - Init User Auth plugin
2026-07-31 12:07:56,890 [INFO] PluginManage:359 - Loaded plugin userauth (category:base,tabindex:14)
2026-07-31 12:07:56,891 [INFO] PluginManage:283 - PluginManage : Loaded plugins [18]
2026-07-31 12:07:57,242 [INFO] PinOutPanel:1589 - setPackage(No Configuration,No Configuration)
2026-07-31 12:07:57,421 [INFO] CADModel:165 - CPN selected for project level
2026-07-31 12:07:57,421 [INFO] CADModel:114 - Register for checkConnection events
2026-07-31 12:07:57,449 [INFO] IPUIPlugin:80 - create IPUIPlugin
2026-07-31 12:07:57,450 [INFO] PluginManager:220 - loadIPPluginJar : add adc
2026-07-31 12:07:57,454 [INFO] IPUIPlugin:80 - create IPUIPlugin
2026-07-31 12:07:57,454 [INFO] PluginManager:220 - loadIPPluginJar : add aes
2026-07-31 12:07:57,458 [INFO] IPUIPlugin:80 - create IPUIPlugin
2026-07-31 12:07:57,458 [INFO] PluginManager:220 - loadIPPluginJar : add can
2026-07-31 12:07:57,462 [INFO] IPUIPlugin:80 - create IPUIPlugin
2026-07-31 12:07:57,462 [INFO] PluginManager:220 - loadIPPluginJar : add comp
2026-07-31 12:07:57,467 [INFO] IPUIPlugin:80 - create IPUIPlugin
2026-07-31 12:07:57,467 [INFO] PluginManager:220 - loadIPPluginJar : add cryp
2026-07-31 12:07:57,472 [INFO] IPUIPlugin:80 - create IPUIPlugin
2026-07-31 12:07:57,473 [INFO] PluginManager:220 - loadIPPluginJar : add ddr_ctrl_phy
2026-07-31 12:07:57,477 [INFO] IPUIPlugin:80 - create IPUIPlugin
2026-07-31 12:07:57,477 [INFO] PluginManager:220 - loadIPPluginJar : add dfsdm
2026-07-31 12:07:57,484 [INFO] IPUIPlugin:80 - create IPUIPlugin
2026-07-31 12:07:57,484 [INFO] PluginManager:220 - loadIPPluginJar : add dma
2026-07-31 12:07:57,488 [INFO] IPUIPlugin:80 - create IPUIPlugin
2026-07-31 12:07:57,488 [INFO] PluginManager:220 - loadIPPluginJar : add dma3
2026-07-31 12:07:57,493 [INFO] IPUIPlugin:80 - create IPUIPlugin
2026-07-31 12:07:57,494 [INFO] PluginManager:220 - loadIPPluginJar : add extmemmanager
2026-07-31 12:07:57,497 [INFO] IPUIPlugin:80 - create IPUIPlugin
2026-07-31 12:07:57,497 [INFO] PluginManager:220 - loadIPPluginJar : add fatfs
2026-07-31 12:07:57,506 [INFO] IPUIPlugin:80 - create IPUIPlugin
2026-07-31 12:07:57,506 [INFO] PluginManager:220 - loadIPPluginJar : add fmc
2026-07-31 12:07:57,517 [INFO] IPUIPlugin:80 - create IPUIPlugin
2026-07-31 12:07:57,517 [INFO] PluginManager:220 - loadIPPluginJar : add freertos
2026-07-31 12:07:57,519 [INFO] IPUIPlugin:80 - create IPUIPlugin
2026-07-31 12:07:57,519 [INFO] PluginManager:220 - loadIPPluginJar : add genericplugin
2026-07-31 12:07:57,522 [INFO] IPUIPlugin:80 - create IPUIPlugin
2026-07-31 12:07:57,522 [INFO] PluginManager:220 - loadIPPluginJar : add gfxmmu
2026-07-31 12:07:57,539 [INFO] IPUIPlugin:80 - create IPUIPlugin
2026-07-31 12:07:57,540 [INFO] PluginManager:220 - loadIPPluginJar : add gic
2026-07-31 12:07:57,553 [INFO] IPUIPlugin:80 - create IPUIPlugin
2026-07-31 12:07:57,554 [INFO] PluginManager:220 - loadIPPluginJar : add gpio
2026-07-31 12:07:57,559 [INFO] IPUIPlugin:80 - create IPUIPlugin
2026-07-31 12:07:57,559 [INFO] PluginManager:220 - loadIPPluginJar : add gtzc
2026-07-31 12:07:57,562 [INFO] IPUIPlugin:80 - create IPUIPlugin
2026-07-31 12:07:57,562 [INFO] PluginManager:220 - loadIPPluginJar : add hash
2026-07-31 12:07:57,567 [INFO] IPUIPlugin:80 - create IPUIPlugin
2026-07-31 12:07:57,567 [INFO] PluginManager:220 - loadIPPluginJar : add i2c
2026-07-31 12:07:57,571 [INFO] IPUIPlugin:80 - create IPUIPlugin
2026-07-31 12:07:57,571 [INFO] PluginManager:220 - loadIPPluginJar : add i2s
2026-07-31 12:07:57,575 [INFO] IPUIPlugin:80 - create IPUIPlugin
2026-07-31 12:07:57,576 [INFO] PluginManager:220 - loadIPPluginJar : add i3c
2026-07-31 12:07:57,580 [INFO] IPUIPlugin:80 - create IPUIPlugin
2026-07-31 12:07:57,580 [INFO] PluginManager:220 - loadIPPluginJar : add ipddr
2026-07-31 12:07:57,588 [INFO] IPUIPlugin:80 - create IPUIPlugin
2026-07-31 12:07:57,588 [INFO] PluginManager:220 - loadIPPluginJar : add linkedlist
2026-07-31 12:07:57,598 [INFO] IPUIPlugin:80 - create IPUIPlugin
2026-07-31 12:07:57,600 [INFO] PluginManager:220 - loadIPPluginJar : add lorawan
2026-07-31 12:07:57,603 [INFO] IPUIPlugin:80 - create IPUIPlugin
2026-07-31 12:07:57,604 [INFO] PluginManager:220 - loadIPPluginJar : add ltdc
2026-07-31 12:07:57,610 [INFO] IPUIPlugin:80 - create IPUIPlugin
2026-07-31 12:07:57,610 [INFO] PluginManager:220 - loadIPPluginJar : add mdma
2026-07-31 12:07:57,615 [INFO] IPUIPlugin:80 - create IPUIPlugin
2026-07-31 12:07:57,615 [INFO] PluginManager:220 - loadIPPluginJar : add nvic
2026-07-31 12:07:57,620 [INFO] IPUIPlugin:80 - create IPUIPlugin
2026-07-31 12:07:57,620 [INFO] PluginManager:220 - loadIPPluginJar : add opamp
2026-07-31 12:07:57,625 [INFO] IPUIPlugin:80 - create IPUIPlugin
2026-07-31 12:07:57,626 [INFO] PluginManager:220 - loadIPPluginJar : add openamp
2026-07-31 12:07:57,631 [INFO] IPUIPlugin:80 - create IPUIPlugin
2026-07-31 12:07:57,631 [INFO] PluginManager:220 - loadIPPluginJar : add pdm2pcm
2026-07-31 12:07:57,651 [INFO] IPUIPlugin:80 - create IPUIPlugin
2026-07-31 12:07:57,660 [INFO] PluginManager:220 - loadIPPluginJar : add plateformsettings
2026-07-31 12:07:57,663 [INFO] IPUIPlugin:80 - create IPUIPlugin
2026-07-31 12:07:57,663 [INFO] PluginManager:220 - loadIPPluginJar : add quadspi
2026-07-31 12:07:57,666 [INFO] IPUIPlugin:80 - create IPUIPlugin
2026-07-31 12:07:57,667 [INFO] PluginManager:220 - loadIPPluginJar : add radio
2026-07-31 12:07:57,672 [INFO] IPUIPlugin:80 - create IPUIPlugin
2026-07-31 12:07:57,672 [INFO] PluginManager:220 - loadIPPluginJar : add resmgrutility
2026-07-31 12:07:57,676 [INFO] IPUIPlugin:80 - create IPUIPlugin
2026-07-31 12:07:57,676 [INFO] PluginManager:220 - loadIPPluginJar : add sai
2026-07-31 12:07:57,680 [INFO] IPUIPlugin:80 - create IPUIPlugin
2026-07-31 12:07:57,680 [INFO] PluginManager:220 - loadIPPluginJar : add spi
2026-07-31 12:07:57,701 [INFO] IPUIPlugin:80 - create IPUIPlugin
2026-07-31 12:07:57,702 [INFO] PluginManager:220 - loadIPPluginJar : add stm32_wpan
2026-07-31 12:07:57,706 [INFO] IPUIPlugin:80 - create IPUIPlugin
2026-07-31 12:07:57,706 [INFO] PluginManager:220 - loadIPPluginJar : add tim
2026-07-31 12:07:57,711 [INFO] IPUIPlugin:80 - create IPUIPlugin
2026-07-31 12:07:57,711 [INFO] PluginManager:220 - loadIPPluginJar : add touchsensing
2026-07-31 12:07:57,715 [INFO] IPUIPlugin:80 - create IPUIPlugin
2026-07-31 12:07:57,715 [INFO] PluginManager:220 - loadIPPluginJar : add tracer_emb
2026-07-31 12:07:57,718 [INFO] IPUIPlugin:80 - create IPUIPlugin
2026-07-31 12:07:57,718 [INFO] PluginManager:220 - loadIPPluginJar : add ts
2026-07-31 12:07:57,721 [INFO] IPUIPlugin:80 - create IPUIPlugin
2026-07-31 12:07:57,721 [INFO] PluginManager:220 - loadIPPluginJar : add tsc
2026-07-31 12:07:57,724 [INFO] IPUIPlugin:80 - create IPUIPlugin
2026-07-31 12:07:57,725 [INFO] PluginManager:220 - loadIPPluginJar : add ucpd
2026-07-31 12:07:57,729 [INFO] IPUIPlugin:80 - create IPUIPlugin
2026-07-31 12:07:57,729 [INFO] PluginManager:220 - loadIPPluginJar : add usart
2026-07-31 12:07:57,734 [INFO] IPUIPlugin:80 - create IPUIPlugin
2026-07-31 12:07:57,734 [INFO] PluginManager:220 - loadIPPluginJar : add usbx
2026-07-31 12:07:57,912 [FATAL] Updater:351 - Updater called before beeing initialized
2026-07-31 12:07:58,004 [INFO] RulesReader:64 - Compatibility file has been processed (317 Rules)
2026-07-31 12:07:58,029 [INFO] RulesReader:64 - Compatibility file has been processed (317 Rules)
2026-07-31 12:07:58,040 [INFO] CADModel:165 - CPN selected for project level
2026-07-31 12:07:58,040 [INFO] CADModel:114 - Register for checkConnection events
2026-07-31 12:07:58,040 [FATAL] Updater:351 - Updater called before beeing initialized
2026-07-31 12:07:58,040 [ERROR] CADModel:125 - Updater not yet initialized, retry later 
2026-07-31 12:07:58,331 [FATAL] Updater:351 - Updater called before beeing initialized
2026-07-31 12:07:58,337 [INFO] CADModel:165 - CPN selected for project level
2026-07-31 12:07:58,337 [INFO] CADModel:114 - Register for checkConnection events
2026-07-31 12:07:58,337 [FATAL] Updater:351 - Updater called before beeing initialized
2026-07-31 12:07:58,337 [ERROR] CADModel:125 - Updater not yet initialized, retry later 
2026-07-31 12:07:58,342 [FATAL] Updater:351 - Updater called before beeing initialized
2026-07-31 12:07:58,668 [FATAL] Updater:351 - Updater called before beeing initialized
2026-07-31 12:07:58,676 [INFO] DbMcusAds:53 - JSON generation date=Tue Dec 16 02:41:46 IRST 2025 (1765840306612)
2026-07-31 12:07:58,676 [FATAL] Updater:351 - Updater called before beeing initialized
2026-07-31 12:07:58,747 [WARN] DetailPanel:346 - Failed to get advertising image, set to default
2026-07-31 12:07:58,841 [FATAL] Updater:351 - Updater called before beeing initialized
2026-07-31 12:07:58,844 [FATAL] Updater:351 - Updater called before beeing initialized
2026-07-31 12:07:58,844 [FATAL] Updater:351 - Updater called before beeing initialized
2026-07-31 12:07:58,844 [WARN] DetailPanel:346 - Failed to get advertising image, set to default
2026-07-31 12:07:58,845 [FATAL] Updater:351 - Updater called before beeing initialized
2026-07-31 12:07:58,915 [ERROR] Updater:1198 - MainUpdater not yet initialized. External WinMGr cannot be set.
2026-07-31 12:07:58,918 [INFO] Updater:1134 - Updater Version found : 6.15.0
2026-07-31 12:07:58,936 [INFO] ApplicationProperties:184 - Using Application install path: C:\ST\STM32CubeIDE_1.19.0\STM32CubeIDE\plugins\com.st.stm32cube.common.mx_6.15.0.202507011659
2026-07-31 12:07:59,465 [INFO] ThirdPartyUpdaterWithRetryManager:70 - Updater plugin not ready yet. [2/15]
2026-07-31 12:08:00,318 [ERROR] ConfigurationRetriever:142 - IOException on connection: Connect timed out
2026-07-31 12:08:02,466 [FATAL] Updater:351 - Updater called before beeing initialized
2026-07-31 12:08:02,466 [ERROR] IntegrityCheckThread:130 - Cannot retrieve database content from updater: error 21
2026-07-31 12:08:02,466 [INFO] ThirdParty:978 - Integrity check success = false
2026-07-31 12:08:02,467 [INFO] IntegrityCheckThread:100 - exiting critical section [integrity check]
2026-07-31 12:08:02,467 [INFO] IntegrityCheckThread:103 - End integrity checks thread
2026-07-31 12:08:03,266 [WARN] CheckConnectionManager:291 - Warning during Server Connection :  timeout Connect to sw-center.st.com:443 [sw-center.st.com/23.55.48.41, sw-center.st.com/23.55.48.33] failed: Connect timed out
2026-07-31 12:08:05,321 [ERROR] ConfigurationRetriever:142 - IOException on connection: Connect timed out
2026-07-31 12:08:08,796 [INFO] MainUpdater:2872 - connection check result : 10
2026-07-31 12:08:08,797 [INFO] MainUpdater:3604 - Updater definition file requires update
2026-07-31 12:08:08,798 [INFO] MainUpdater:289 - Updater Check For Update Now.
2026-07-31 12:08:08,798 [INFO] MicroXplorer:498 - Change Database Version : DB.6.0.150
2026-07-31 12:08:08,805 [INFO] McuFinderGlobals:63 - Set McuFinder mode to 2 (CubeIDE integrated)
2026-07-31 12:08:08,806 [INFO] UserAuth:487 - Internet connection configuration mode: 1
2026-07-31 12:08:08,835 [INFO] JxBrowserEngine:152 - Initiate JxBrowser Engine with user profile folder
2026-07-31 12:08:16,622 [INFO] ServerAccessManage:452 - Complete download http(s) 200
2026-07-31 12:08:16,623 [INFO] ServerAccessManage:509 - Download File updaters.zip
2026-07-31 12:08:18,182 [INFO] FileExtend:248 - Unzip File : updaters.zip
2026-07-31 12:08:18,183 [INFO] FileExtend:263 - Standard Zip Deflate
2026-07-31 12:08:19,494 [INFO] ServerAccessManage:452 - Complete download http(s) 200
2026-07-31 12:08:19,494 [INFO] ServerAccessManage:509 - Download File PacksControlFlags.xml
2026-07-31 12:08:20,278 [INFO] WebApp:169 - Instantiating new browser for Auth
2026-07-31 12:08:22,120 [INFO] WebApp:463 - Apply proxy settings
2026-07-31 12:08:22,120 [INFO] WebApp:548 - Chromium requires no authentication
2026-07-31 12:08:22,151 [INFO] WebApp:491 - Direct internet connection detected
2026-07-31 12:08:22,204 [INFO] WebApp:900 - Register for checkConnection events
2026-07-31 12:08:22,204 [INFO] WebApp:463 - Apply proxy settings
2026-07-31 12:08:22,204 [INFO] WebApp:548 - Chromium requires no authentication
2026-07-31 12:08:22,205 [INFO] WebApp:491 - Direct internet connection detected
2026-07-31 12:08:22,603 [INFO] WebApp:225 - Starting web application
2026-07-31 12:08:22,603 [INFO] WebApp:593 - Web application path used C:\ST\STM32CubeIDE_1.19.0\STM32CubeIDE\plugins\com.st.stm32cube.common.mx_6.15.0.202507011659\db\plugins\mcufinder\reactClient1\index.html
2026-07-31 12:08:22,901 [INFO] UserAuth:487 - Internet connection configuration mode: 1
2026-07-31 12:08:27,067 [INFO] ServerAccessManage:452 - Complete download http(s) 200
2026-07-31 12:08:27,067 [INFO] ServerAccessManage:509 - Download File cubemx.pidx
2026-07-31 12:08:28,918 [INFO] WebApp:191 - Connection restablished
2026-07-31 12:08:29,087 [INFO] ServerAccessManage:452 - Complete download http(s) 200
2026-07-31 12:08:29,088 [INFO] ServerAccessManage:509 - Download File STMicroelectronics.FP-ATR-ASTRA1.pdsc
2026-07-31 12:08:38,722 [INFO] ServerAccessManage:452 - Complete download http(s) 200
2026-07-31 12:08:38,722 [INFO] ServerAccessManage:509 - Download File STMicroelectronics.FP-SNS-MOTENVWB1.pdsc
2026-07-31 12:08:53,468 [INFO] ServerAccessManage:452 - Complete download http(s) 200
2026-07-31 12:08:53,468 [INFO] ServerAccessManage:509 - Download File STMicroelectronics.FP-SNS-STAIOTCFT.pdsc
2026-07-31 12:08:54,975 [INFO] ServerAccessManage:452 - Complete download http(s) 200
2026-07-31 12:08:54,975 [INFO] ServerAccessManage:509 - Download File STMicroelectronics.X-CUBE-AI.pdsc
2026-07-31 12:09:40,385 [ERROR] ConfigurationRetriever:142 - IOException on connection: Read timed out
2026-07-31 12:09:42,630 [ERROR] ConfigurationRetriever:142 - IOException on connection: Connect timed out
2026-07-31 12:11:40,078 [ERROR] ConfigurationRetriever:142 - IOException on connection: Connect timed out
2026-07-31 12:11:45,173 [ERROR] ConfigurationRetriever:142 - IOException on connection: Read timed out
2026-07-31 12:11:47,175 [ERROR] ConfigurationRetriever:142 - IOException on connection: Connect timed out
2026-07-31 12:12:57,520 [INFO] ServerAccessManage:452 - Complete download http(s) 200
2026-07-31 12:12:57,521 [INFO] ServerAccessManage:509 - Download File STMicroelectronics.X-CUBE-BLEMGR.pdsc
2026-07-31 12:13:18,341 [ERROR] ServerAccessManage:1212 - Problem, file not found on Server
2026-07-31 12:14:03,898 [WARN] ServerAccessManage:1291 - Warning during Server Connection :  timeout Read timed out
2026-07-31 12:15:22,111 [INFO] ServerAccessManage:452 - Complete download http(s) 200
2026-07-31 12:15:22,112 [INFO] ServerAccessManage:509 - Download File STMicroelectronics.X-CUBE-FREERTOS.pdsc
2026-07-31 12:16:55,344 [WARN] ServerAccessManage:1291 - Warning during Server Connection :  timeout Read timed out
2026-07-31 12:16:56,066 [ERROR] ConfigurationRetriever:142 - IOException on connection: Read timed out
2026-07-31 12:16:58,069 [ERROR] ConfigurationRetriever:142 - IOException on connection: Connect timed out
2026-07-31 12:17:00,072 [ERROR] ConfigurationRetriever:142 - IOException on connection: Connect timed out
2026-07-31 12:17:22,744 [INFO] ServerAccessManage:452 - Complete download http(s) 200
2026-07-31 12:17:22,745 [INFO] ServerAccessManage:509 - Download File STMicroelectronics.X-CUBE-GNSS1.pdsc
2026-07-31 12:19:59,277 [ERROR] ServerAccessManage:1212 - Problem, file not found on Server
2026-07-31 12:20:04,493 [ERROR] ServerAccessManage:1212 - Problem, file not found on Server
2026-07-31 12:20:10,484 [ERROR] ServerAccessManage:1212 - Problem, file not found on Server
2026-07-31 12:20:12,011 [ERROR] ServerAccessManage:1212 - Problem, file not found on Server
2026-07-31 12:20:14,576 [ERROR] ServerAccessManage:1212 - Problem, file not found on Server
2026-07-31 12:20:19,994 [ERROR] ServerAccessManage:1212 - Problem, file not found on Server
2026-07-31 12:20:21,735 [INFO] ServerAccessManage:452 - Complete download http(s) 200
2026-07-31 12:20:21,735 [INFO] ServerAccessManage:509 - Download File STMicroelectronics.X-CUBE-MEMS1.pdsc
2026-07-31 12:22:19,338 [ERROR] ConfigurationRetriever:142 - IOException on connection: Read timed out
2026-07-31 12:22:21,343 [ERROR] ConfigurationRetriever:142 - IOException on connection: Connect timed out
2026-07-31 12:22:23,345 [ERROR] ConfigurationRetriever:142 - IOException on connection: Connect timed out
2026-07-31 12:22:27,230 [ERROR] LogOutputStream:75 - [STDERR_REDIRECT] 
