2026-06-30 23:28:40,400 [INFO] Activator:176 - 


2026-06-30 23:28:40,409 [INFO] Activator:177 - !SESSION log4j initialized
2026-06-30 23:28:58,428 [INFO] LogOutputStream:77 - [STDOUT_REDIRECT] 
2026-06-30 23:29:20,259 [INFO] ApplicationProperties:184 - Using Application install path: C:\ST\STM32CubeIDE_1.19.0\STM32CubeIDE\plugins\com.st.stm32cube.common.mx_6.15.0.202507011659
2026-06-30 23:29:20,293 [INFO] DbMcusXml:78 - Set database path to: C:\ST\STM32CubeIDE_1.19.0\STM32CubeIDE\plugins\com.st.stm32cube.common.mx_6.15.0.202507011659\\db\/mcu/
2026-06-30 23:29:20,293 [INFO] ApiDb:274 - Set plugin database path to: C:\ST\STM32CubeIDE_1.19.0\STM32CubeIDE\plugins\com.st.stm32cube.common.mx_6.15.0.202507011659\\db\/plugins/boardmanager/
2026-06-30 23:29:20,294 [WARN] ApiDb:259 - Overriding images path with different value:  => C:\ST\STM32CubeIDE_1.19.0\STM32CubeIDE\plugins\com.st.stm32cube.common.mx_6.15.0.202507011659\\db\/plugins/mcufinder/images/
2026-06-30 23:29:20,322 [INFO] ApiDb:250 - Set database path to: C:\Users\alina\.stmcufinder\plugins\mcufinder//mcu/
2026-06-30 23:29:20,333 [INFO] DbMcusAds:125 - Set database path to: C:\Users\alina\.stmcufinder\plugins\mcufinder//mcu/
2026-06-30 23:29:20,646 [INFO] CrossReferenceDbSqlite:203 - Set database path to: C:\Users\alina\.stmcufinder\plugins\mcufinder//mcu/cs/
2026-06-30 23:29:21,128 [INFO] RulesReader:64 - Compatibility file has been processed (317 Rules)
2026-06-30 23:29:21,278 [INFO] DbMcusXml:78 - Set database path to: C:\ST\STM32CubeIDE_1.19.0\STM32CubeIDE\plugins\com.st.stm32cube.common.mx_6.15.0.202507011659\\db\/mcu/
2026-06-30 23:29:21,278 [INFO] ApiDb:274 - Set plugin database path to: C:\ST\STM32CubeIDE_1.19.0\STM32CubeIDE\plugins\com.st.stm32cube.common.mx_6.15.0.202507011659\\db\/plugins/boardmanager/
2026-06-30 23:29:21,279 [INFO] ApiDb:261 - Set plugin images path to: C:\ST\STM32CubeIDE_1.19.0\STM32CubeIDE\plugins\com.st.stm32cube.common.mx_6.15.0.202507011659\\db\/plugins/mcufinder/images/
2026-06-30 23:29:21,279 [WARN] DbFile:41 - Overriding database path with different value: C:\Users\alina\.stmcufinder\plugins\mcufinder/ => C:\Users\alina\.stmcufinder\plugins\mcufinder
2026-06-30 23:29:21,279 [INFO] ApiDb:250 - Set database path to: C:\Users\alina\.stmcufinder\plugins\mcufinder//mcu/
2026-06-30 23:29:21,279 [WARN] DbFile:41 - Overriding database path with different value: C:\Users\alina\.stmcufinder\plugins\mcufinder/ => C:\Users\alina\.stmcufinder\plugins\mcufinder
2026-06-30 23:29:21,279 [INFO] DbMcusAds:125 - Set database path to: C:\Users\alina\.stmcufinder\plugins\mcufinder//mcu/
2026-06-30 23:29:21,279 [WARN] DbFile:41 - Overriding database path with different value: C:\Users\alina\.stmcufinder\plugins\mcufinder/ => C:\Users\alina\.stmcufinder\plugins\mcufinder
2026-06-30 23:29:21,280 [WARN] DbFile:41 - Overriding database path with different value: C:\Users\alina\.stmcufinder\plugins\mcufinder/ => C:\Users\alina\.stmcufinder\plugins\mcufinder
2026-06-30 23:29:21,280 [INFO] CrossReferenceDbSqlite:203 - Set database path to: C:\Users\alina\.stmcufinder\plugins\mcufinder//mcu/cs/
2026-06-30 23:29:21,401 [INFO] MainPanel:274 - HeapMemory: 268435456
2026-06-30 23:29:21,588 [INFO] DbMcusXml:78 - Set database path to: C:\ST\STM32CubeIDE_1.19.0\STM32CubeIDE\plugins\com.st.stm32cube.common.mx_6.15.0.202507011659\\db\/mcu/
2026-06-30 23:29:21,588 [INFO] ApiDb:274 - Set plugin database path to: C:\ST\STM32CubeIDE_1.19.0\STM32CubeIDE\plugins\com.st.stm32cube.common.mx_6.15.0.202507011659\\db\/plugins/boardmanager/
2026-06-30 23:29:21,588 [INFO] ApiDb:261 - Set plugin images path to: C:\ST\STM32CubeIDE_1.19.0\STM32CubeIDE\plugins\com.st.stm32cube.common.mx_6.15.0.202507011659\\db\/plugins/mcufinder/images/
2026-06-30 23:29:21,588 [WARN] DbFile:41 - Overriding database path with different value: C:\Users\alina\.stmcufinder\plugins\mcufinder/ => C:\Users\alina\.stmcufinder\plugins\mcufinder
2026-06-30 23:29:21,588 [INFO] ApiDb:250 - Set database path to: C:\Users\alina\.stmcufinder\plugins\mcufinder//mcu/
2026-06-30 23:29:21,589 [WARN] DbFile:41 - Overriding database path with different value: C:\Users\alina\.stmcufinder\plugins\mcufinder/ => C:\Users\alina\.stmcufinder\plugins\mcufinder
2026-06-30 23:29:21,589 [INFO] DbMcusAds:125 - Set database path to: C:\Users\alina\.stmcufinder\plugins\mcufinder//mcu/
2026-06-30 23:29:21,589 [WARN] DbFile:41 - Overriding database path with different value: C:\Users\alina\.stmcufinder\plugins\mcufinder/ => C:\Users\alina\.stmcufinder\plugins\mcufinder
2026-06-30 23:29:21,589 [WARN] DbFile:41 - Overriding database path with different value: C:\Users\alina\.stmcufinder\plugins\mcufinder/ => C:\Users\alina\.stmcufinder\plugins\mcufinder
2026-06-30 23:29:21,589 [INFO] CrossReferenceDbSqlite:203 - Set database path to: C:\Users\alina\.stmcufinder\plugins\mcufinder//mcu/cs/
2026-06-30 23:29:21,618 [INFO] ApplicationProperties:184 - Using Application install path: C:\ST\STM32CubeIDE_1.19.0\STM32CubeIDE\plugins\com.st.stm32cube.common.mx_6.15.0.202507011659
2026-06-30 23:29:21,620 [INFO] PluginManage:196 - Search for loadable plugins [exclusion list=, ]
2026-06-30 23:29:21,622 [INFO] PluginManage:310 - Check plugin analytics
2026-06-30 23:29:21,933 [INFO] AnalyticsPlugin:253 - Accepted Software Licenses: STM32CubeMX.6.13.0,STM32CubeMX.6.15.0
2026-06-30 23:29:21,934 [INFO] AnalyticsPlugin:255 - Accepted CMSIS Pack Licenses: 
2026-06-30 23:29:21,934 [INFO] AnalyticsPlugin:257 - Accepted Firmware Licenses: FW.G0.1.6.0,FW.F4.1.28.0,FW.G4.1.6.0
2026-06-30 23:29:21,934 [INFO] PluginManage:359 - Loaded plugin analytics (category:tool,tabindex:-1)
2026-06-30 23:29:21,935 [INFO] PluginManage:310 - Check plugin cadmodel
2026-06-30 23:29:21,946 [INFO] CADModel:105 - Init CAD model plugin
2026-06-30 23:29:21,947 [INFO] PluginManage:359 - Loaded plugin cadmodel (category:power,tabindex:5)
2026-06-30 23:29:21,947 [INFO] PluginManage:310 - Check plugin clock
2026-06-30 23:29:21,971 [INFO] PluginManage:359 - Loaded plugin clock (category:base,tabindex:2)
2026-06-30 23:29:21,972 [INFO] PluginManage:310 - Check plugin ddr
2026-06-30 23:29:21,982 [INFO] PluginManage:359 - Loaded plugin ddr (category:tool,tabindex:6)
2026-06-30 23:29:21,982 [INFO] PluginManage:310 - Check plugin filemanager
2026-06-30 23:29:22,375 [INFO] PluginManage:359 - Loaded plugin filemanager (category:base,tabindex:10)
2026-06-30 23:29:22,376 [INFO] PluginManage:310 - Check plugin ipmanager
2026-06-30 23:29:22,390 [INFO] PluginManage:359 - Loaded plugin ipmanager (category:base,tabindex:5)
2026-06-30 23:29:22,390 [INFO] PluginManage:310 - Check plugin lpbam
2026-06-30 23:29:22,408 [INFO] PluginManage:359 - Loaded plugin lpbam (category:base,tabindex:0)
2026-06-30 23:29:22,408 [INFO] PluginManage:310 - Check plugin memorymap
2026-06-30 23:29:22,433 [INFO] PluginManage:359 - Loaded plugin memorymap (category:base,tabindex:4)
2026-06-30 23:29:22,434 [INFO] PluginManage:310 - Check plugin pinoutandconfiguration
2026-06-30 23:29:22,451 [INFO] PluginManage:359 - Loaded plugin pinoutandconfiguration (category:base,tabindex:1)
2026-06-30 23:29:22,451 [INFO] PluginManage:310 - Check plugin pinoutconfig
2026-06-30 23:29:22,621 [WARN] SupportedApi:132 - Cannot load RTOS API schema: s4s-elt-must-match.1: The content of 'definitions' must match (annotation?, (simpleType | complexType)?, (unique | key | keyref)*)). A problem was found starting at: attribute.
2026-06-30 23:29:22,850 [INFO] PluginManage:359 - Loaded plugin pinoutconfig (category:base,tabindex:0)
2026-06-30 23:29:22,850 [INFO] PluginManage:310 - Check plugin power
2026-06-30 23:29:22,867 [INFO] PluginManage:359 - Loaded plugin power (category:power,tabindex:4)
2026-06-30 23:29:22,869 [INFO] PluginManage:310 - Check plugin projectmanager
2026-06-30 23:29:22,892 [INFO] PluginManage:359 - Loaded plugin projectmanager (category:projectmanager,tabindex:4)
2026-06-30 23:29:22,892 [INFO] PluginManage:310 - Check plugin rif
2026-06-30 23:29:22,919 [INFO] PluginManage:359 - Loaded plugin rif (category:base,tabindex:3)
2026-06-30 23:29:22,920 [INFO] PluginManage:310 - Check plugin thirdparty
2026-06-30 23:29:23,144 [INFO] PluginManage:359 - Loaded plugin thirdparty (category:base,tabindex:-1)
2026-06-30 23:29:23,145 [INFO] PluginManage:310 - Check plugin tools
2026-06-30 23:29:23,148 [WARN] IntegrityCheckThread:84 - waiting for thirdparty lock release [integrity check]
2026-06-30 23:29:23,148 [INFO] IntegrityCheckThread:86 - entering critical section [integrity check]
2026-06-30 23:29:23,149 [INFO] ThirdPartyUpdaterWithRetryManager:70 - Updater plugin not ready yet. [1/15]
2026-06-30 23:29:23,151 [INFO] PluginManage:359 - Loaded plugin tools (category:base,tabindex:7)
2026-06-30 23:29:23,151 [INFO] PluginManage:310 - Check plugin tutovideos
2026-06-30 23:29:23,475 [INFO] PluginManage:359 - Loaded plugin tutovideos (category:base,tabindex:-1)
2026-06-30 23:29:23,475 [INFO] PluginManage:310 - Check plugin updater
2026-06-30 23:29:23,510 [INFO] PluginManage:359 - Loaded plugin updater (category:base,tabindex:12)
2026-06-30 23:29:23,510 [INFO] PluginManage:310 - Check plugin userauth
2026-06-30 23:29:23,522 [INFO] UserAuth:118 - Init User Auth plugin
2026-06-30 23:29:23,524 [INFO] PluginManage:359 - Loaded plugin userauth (category:base,tabindex:14)
2026-06-30 23:29:23,525 [INFO] PluginManage:283 - PluginManage : Loaded plugins [18]
2026-06-30 23:29:23,897 [INFO] PinOutPanel:1589 - setPackage(No Configuration,No Configuration)
2026-06-30 23:29:24,080 [INFO] CADModel:165 - CPN selected for project level
2026-06-30 23:29:24,080 [INFO] CADModel:114 - Register for checkConnection events
2026-06-30 23:29:24,180 [INFO] IPUIPlugin:80 - create IPUIPlugin
2026-06-30 23:29:24,181 [INFO] PluginManager:220 - loadIPPluginJar : add adc
2026-06-30 23:29:24,189 [INFO] IPUIPlugin:80 - create IPUIPlugin
2026-06-30 23:29:24,189 [INFO] PluginManager:220 - loadIPPluginJar : add aes
2026-06-30 23:29:24,199 [INFO] IPUIPlugin:80 - create IPUIPlugin
2026-06-30 23:29:24,200 [INFO] PluginManager:220 - loadIPPluginJar : add can
2026-06-30 23:29:24,204 [INFO] IPUIPlugin:80 - create IPUIPlugin
2026-06-30 23:29:24,204 [INFO] PluginManager:220 - loadIPPluginJar : add comp
2026-06-30 23:29:24,209 [INFO] IPUIPlugin:80 - create IPUIPlugin
2026-06-30 23:29:24,210 [INFO] PluginManager:220 - loadIPPluginJar : add cryp
2026-06-30 23:29:24,219 [INFO] IPUIPlugin:80 - create IPUIPlugin
2026-06-30 23:29:24,219 [INFO] PluginManager:220 - loadIPPluginJar : add ddr_ctrl_phy
2026-06-30 23:29:24,230 [INFO] IPUIPlugin:80 - create IPUIPlugin
2026-06-30 23:29:24,254 [INFO] PluginManager:220 - loadIPPluginJar : add dfsdm
2026-06-30 23:29:24,263 [INFO] IPUIPlugin:80 - create IPUIPlugin
2026-06-30 23:29:24,264 [INFO] PluginManager:220 - loadIPPluginJar : add dma
2026-06-30 23:29:24,268 [INFO] IPUIPlugin:80 - create IPUIPlugin
2026-06-30 23:29:24,268 [INFO] PluginManager:220 - loadIPPluginJar : add dma3
2026-06-30 23:29:24,272 [INFO] IPUIPlugin:80 - create IPUIPlugin
2026-06-30 23:29:24,272 [INFO] PluginManager:220 - loadIPPluginJar : add extmemmanager
2026-06-30 23:29:24,277 [INFO] IPUIPlugin:80 - create IPUIPlugin
2026-06-30 23:29:24,277 [INFO] PluginManager:220 - loadIPPluginJar : add fatfs
2026-06-30 23:29:24,283 [INFO] IPUIPlugin:80 - create IPUIPlugin
2026-06-30 23:29:24,283 [INFO] PluginManager:220 - loadIPPluginJar : add fmc
2026-06-30 23:29:24,291 [INFO] IPUIPlugin:80 - create IPUIPlugin
2026-06-30 23:29:24,291 [INFO] PluginManager:220 - loadIPPluginJar : add freertos
2026-06-30 23:29:24,295 [INFO] IPUIPlugin:80 - create IPUIPlugin
2026-06-30 23:29:24,295 [INFO] PluginManager:220 - loadIPPluginJar : add genericplugin
2026-06-30 23:29:24,301 [INFO] IPUIPlugin:80 - create IPUIPlugin
2026-06-30 23:29:24,302 [INFO] PluginManager:220 - loadIPPluginJar : add gfxmmu
2026-06-30 23:29:24,309 [INFO] IPUIPlugin:80 - create IPUIPlugin
2026-06-30 23:29:24,309 [INFO] PluginManager:220 - loadIPPluginJar : add gic
2026-06-30 23:29:24,315 [INFO] IPUIPlugin:80 - create IPUIPlugin
2026-06-30 23:29:24,316 [INFO] PluginManager:220 - loadIPPluginJar : add gpio
2026-06-30 23:29:24,327 [INFO] IPUIPlugin:80 - create IPUIPlugin
2026-06-30 23:29:24,327 [INFO] PluginManager:220 - loadIPPluginJar : add gtzc
2026-06-30 23:29:24,336 [INFO] IPUIPlugin:80 - create IPUIPlugin
2026-06-30 23:29:24,337 [INFO] PluginManager:220 - loadIPPluginJar : add hash
2026-06-30 23:29:24,350 [INFO] IPUIPlugin:80 - create IPUIPlugin
2026-06-30 23:29:24,350 [INFO] PluginManager:220 - loadIPPluginJar : add i2c
2026-06-30 23:29:24,359 [INFO] IPUIPlugin:80 - create IPUIPlugin
2026-06-30 23:29:24,359 [INFO] PluginManager:220 - loadIPPluginJar : add i2s
2026-06-30 23:29:24,363 [INFO] IPUIPlugin:80 - create IPUIPlugin
2026-06-30 23:29:24,363 [INFO] PluginManager:220 - loadIPPluginJar : add i3c
2026-06-30 23:29:24,367 [INFO] IPUIPlugin:80 - create IPUIPlugin
2026-06-30 23:29:24,367 [INFO] PluginManager:220 - loadIPPluginJar : add ipddr
2026-06-30 23:29:24,374 [INFO] IPUIPlugin:80 - create IPUIPlugin
2026-06-30 23:29:24,375 [INFO] PluginManager:220 - loadIPPluginJar : add linkedlist
2026-06-30 23:29:24,381 [INFO] IPUIPlugin:80 - create IPUIPlugin
2026-06-30 23:29:24,381 [INFO] PluginManager:220 - loadIPPluginJar : add lorawan
2026-06-30 23:29:24,384 [INFO] IPUIPlugin:80 - create IPUIPlugin
2026-06-30 23:29:24,384 [INFO] PluginManager:220 - loadIPPluginJar : add ltdc
2026-06-30 23:29:24,402 [INFO] IPUIPlugin:80 - create IPUIPlugin
2026-06-30 23:29:24,402 [INFO] PluginManager:220 - loadIPPluginJar : add mdma
2026-06-30 23:29:24,412 [INFO] IPUIPlugin:80 - create IPUIPlugin
2026-06-30 23:29:24,413 [INFO] PluginManager:220 - loadIPPluginJar : add nvic
2026-06-30 23:29:24,423 [INFO] IPUIPlugin:80 - create IPUIPlugin
2026-06-30 23:29:24,424 [INFO] PluginManager:220 - loadIPPluginJar : add opamp
2026-06-30 23:29:24,430 [INFO] IPUIPlugin:80 - create IPUIPlugin
2026-06-30 23:29:24,430 [INFO] PluginManager:220 - loadIPPluginJar : add openamp
2026-06-30 23:29:24,436 [INFO] IPUIPlugin:80 - create IPUIPlugin
2026-06-30 23:29:24,436 [INFO] PluginManager:220 - loadIPPluginJar : add pdm2pcm
2026-06-30 23:29:24,447 [INFO] IPUIPlugin:80 - create IPUIPlugin
2026-06-30 23:29:24,451 [INFO] PluginManager:220 - loadIPPluginJar : add plateformsettings
2026-06-30 23:29:24,454 [INFO] IPUIPlugin:80 - create IPUIPlugin
2026-06-30 23:29:24,455 [INFO] PluginManager:220 - loadIPPluginJar : add quadspi
2026-06-30 23:29:24,458 [INFO] IPUIPlugin:80 - create IPUIPlugin
2026-06-30 23:29:24,459 [INFO] PluginManager:220 - loadIPPluginJar : add radio
2026-06-30 23:29:24,466 [INFO] IPUIPlugin:80 - create IPUIPlugin
2026-06-30 23:29:24,466 [INFO] PluginManager:220 - loadIPPluginJar : add resmgrutility
2026-06-30 23:29:24,471 [INFO] IPUIPlugin:80 - create IPUIPlugin
2026-06-30 23:29:24,472 [INFO] PluginManager:220 - loadIPPluginJar : add sai
2026-06-30 23:29:24,477 [INFO] IPUIPlugin:80 - create IPUIPlugin
2026-06-30 23:29:24,477 [INFO] PluginManager:220 - loadIPPluginJar : add spi
2026-06-30 23:29:24,484 [INFO] IPUIPlugin:80 - create IPUIPlugin
2026-06-30 23:29:24,484 [INFO] PluginManager:220 - loadIPPluginJar : add stm32_wpan
2026-06-30 23:29:24,487 [INFO] IPUIPlugin:80 - create IPUIPlugin
2026-06-30 23:29:24,487 [INFO] PluginManager:220 - loadIPPluginJar : add tim
2026-06-30 23:29:24,492 [INFO] IPUIPlugin:80 - create IPUIPlugin
2026-06-30 23:29:24,493 [INFO] PluginManager:220 - loadIPPluginJar : add touchsensing
2026-06-30 23:29:24,496 [INFO] IPUIPlugin:80 - create IPUIPlugin
2026-06-30 23:29:24,496 [INFO] PluginManager:220 - loadIPPluginJar : add tracer_emb
2026-06-30 23:29:24,500 [INFO] IPUIPlugin:80 - create IPUIPlugin
2026-06-30 23:29:24,500 [INFO] PluginManager:220 - loadIPPluginJar : add ts
2026-06-30 23:29:24,503 [INFO] IPUIPlugin:80 - create IPUIPlugin
2026-06-30 23:29:24,504 [INFO] PluginManager:220 - loadIPPluginJar : add tsc
2026-06-30 23:29:24,507 [INFO] IPUIPlugin:80 - create IPUIPlugin
2026-06-30 23:29:24,507 [INFO] PluginManager:220 - loadIPPluginJar : add ucpd
2026-06-30 23:29:24,512 [INFO] IPUIPlugin:80 - create IPUIPlugin
2026-06-30 23:29:24,512 [INFO] PluginManager:220 - loadIPPluginJar : add usart
2026-06-30 23:29:24,518 [INFO] IPUIPlugin:80 - create IPUIPlugin
2026-06-30 23:29:24,518 [INFO] PluginManager:220 - loadIPPluginJar : add usbx
2026-06-30 23:29:24,745 [FATAL] Updater:351 - Updater called before beeing initialized
2026-06-30 23:29:24,786 [INFO] RulesReader:64 - Compatibility file has been processed (317 Rules)
2026-06-30 23:29:24,805 [INFO] RulesReader:64 - Compatibility file has been processed (317 Rules)
2026-06-30 23:29:24,827 [INFO] CADModel:165 - CPN selected for project level
2026-06-30 23:29:24,827 [INFO] CADModel:114 - Register for checkConnection events
2026-06-30 23:29:24,827 [FATAL] Updater:351 - Updater called before beeing initialized
2026-06-30 23:29:24,828 [ERROR] CADModel:125 - Updater not yet initialized, retry later 
2026-06-30 23:29:25,097 [FATAL] Updater:351 - Updater called before beeing initialized
2026-06-30 23:29:25,100 [INFO] CADModel:165 - CPN selected for project level
2026-06-30 23:29:25,100 [INFO] CADModel:114 - Register for checkConnection events
2026-06-30 23:29:25,100 [FATAL] Updater:351 - Updater called before beeing initialized
2026-06-30 23:29:25,100 [ERROR] CADModel:125 - Updater not yet initialized, retry later 
2026-06-30 23:29:25,104 [FATAL] Updater:351 - Updater called before beeing initialized
2026-06-30 23:29:25,295 [FATAL] Updater:351 - Updater called before beeing initialized
2026-06-30 23:29:25,303 [INFO] DbMcusAds:53 - JSON generation date=Tue Dec 16 02:41:46 IRST 2025 (1765840306612)
2026-06-30 23:29:25,303 [FATAL] Updater:351 - Updater called before beeing initialized
2026-06-30 23:29:25,356 [WARN] DetailPanel:346 - Failed to get advertising image, set to default
2026-06-30 23:29:25,601 [FATAL] Updater:351 - Updater called before beeing initialized
2026-06-30 23:29:25,612 [FATAL] Updater:351 - Updater called before beeing initialized
2026-06-30 23:29:25,612 [FATAL] Updater:351 - Updater called before beeing initialized
2026-06-30 23:29:25,613 [WARN] DetailPanel:346 - Failed to get advertising image, set to default
2026-06-30 23:29:25,618 [FATAL] Updater:351 - Updater called before beeing initialized
2026-06-30 23:29:25,724 [ERROR] Updater:1198 - MainUpdater not yet initialized. External WinMGr cannot be set.
2026-06-30 23:29:25,726 [INFO] Updater:1134 - Updater Version found : 6.15.0
2026-06-30 23:29:25,766 [INFO] ApplicationProperties:184 - Using Application install path: C:\ST\STM32CubeIDE_1.19.0\STM32CubeIDE\plugins\com.st.stm32cube.common.mx_6.15.0.202507011659
2026-06-30 23:29:26,149 [INFO] ThirdPartyUpdaterWithRetryManager:70 - Updater plugin not ready yet. [2/15]
2026-06-30 23:29:26,648 [ERROR] CheckConnectionManager:249 - Problem, Http access forbiden
2026-06-30 23:29:26,654 [INFO] MainUpdater:2872 - connection check result : 22
2026-06-30 23:29:26,655 [INFO] MainUpdater:289 - Updater Check For Update Now.
2026-06-30 23:29:26,655 [INFO] MicroXplorer:498 - Change Database Version : DB.6.0.150
2026-06-30 23:29:26,674 [INFO] McuFinderGlobals:63 - Set McuFinder mode to 2 (CubeIDE integrated)
2026-06-30 23:29:26,675 [INFO] UserAuth:487 - Internet connection configuration mode: 2
2026-06-30 23:29:26,680 [INFO] UserAuth:487 - Internet connection configuration mode: 2
2026-06-30 23:29:27,114 [INFO] CheckServerUpdateThread:120 - End of CheckServer Thread
2026-06-30 23:29:29,671 [WARN] PackLoader:240 - Cannot read IP mode file for STMicroelectronics.FP-SNS-MOTENVWB1.1.4.0
2026-06-30 23:29:29,691 [WARN] PackLoader:240 - Cannot read IP mode file for STMicroelectronics.FP-ATR-ASTRA1.2.0.2
2026-06-30 23:29:29,721 [WARN] PackLoader:240 - Cannot read IP mode file for STMicroelectronics.FP-ATR-ASTRA1.2.0.1
2026-06-30 23:29:29,749 [WARN] PackLoader:240 - Cannot read IP mode file for STMicroelectronics.X-CUBE-SMBUS.2.1.0
2026-06-30 23:29:29,771 [WARN] PackLoader:240 - Cannot read IP mode file for STMicroelectronics.X-CUBE-WB05N.1.1.0
2026-06-30 23:29:29,787 [WARN] PackLoader:240 - Cannot read IP mode file for STMicroelectronics.X-CUBE-ST60.1.0.0
2026-06-30 23:29:29,850 [WARN] PackLoader:240 - Cannot read IP mode file for STMicroelectronics.X-CUBE-AZRTOS-F7.1.1.0
2026-06-30 23:29:29,865 [WARN] PackLoader:240 - Cannot read IP mode file for STMicroelectronics.FP-SNS-MOTENV1.5.1.0
2026-06-30 23:29:29,873 [WARN] PackLoader:240 - Cannot read IP mode file for STMicroelectronics.FP-SNS-FLIGHT1.5.0.2
2026-06-30 23:29:29,966 [WARN] PackLoader:240 - Cannot read IP mode file for Infineon.AIROC-Wi-Fi-Bluetooth-STM32.1.7.0
2026-06-30 23:29:30,031 [WARN] PackLoader:240 - Cannot read IP mode file for STMicroelectronics.X-CUBE-AZRTOS-H7.3.4.0
2026-06-30 23:29:30,046 [WARN] PackLoader:240 - Cannot read IP mode file for STMicroelectronics.X-CUBE-DISPLAY.3.0.0
2026-06-30 23:29:30,059 [WARN] PackLoader:240 - Cannot read IP mode file for STMicroelectronics.X-CUBE-BLE1.7.0.0
2026-06-30 23:29:30,069 [WARN] PackLoader:240 - Cannot read IP mode file for STMicroelectronics.X-CUBE-NFC10.1.0.0
2026-06-30 23:29:30,085 [WARN] PackLoader:240 - Cannot read IP mode file for STMicroelectronics.X-CUBE-BLEMGR.4.0.0
2026-06-30 23:29:30,096 [WARN] PackLoader:240 - Cannot read IP mode file for STMicroelectronics.X-CUBE-ST60.1.1.0
2026-06-30 23:29:30,107 [WARN] PackLoader:240 - Cannot read IP mode file for emotas.I-CUBE-CANOPEN.1.3.0
2026-06-30 23:29:30,123 [WARN] PackLoader:240 - Cannot read IP mode file for STMicroelectronics.X-CUBE-GNSS1.7.1.0
2026-06-30 23:29:30,134 [WARN] PackLoader:240 - Cannot read IP mode file for STMicroelectronics.X-CUBE-AI.10.0.0
2026-06-30 23:29:30,145 [WARN] PackLoader:240 - Cannot read IP mode file for STMicroelectronics.FP-SNS-STBOX1.2.1.0
2026-06-30 23:29:30,156 [WARN] PackLoader:240 - Cannot read IP mode file for STMicroelectronics.FP-SNS-SMARTAG2.1.2.0
2026-06-30 23:29:30,161 [WARN] PackLoader:240 - Cannot read IP mode file for STMicroelectronics.FP-SNS-FLIGHT1.5.1.0
2026-06-30 23:29:30,250 [WARN] PackLoader:240 - Cannot read IP mode file for STMicroelectronics.X-CUBE-MEMS1.11.1.0
2026-06-30 23:29:30,612 [INFO] LogOutputStream:77 - [STDOUT_REDIRECT] 1 : Invalid condition id : UX_CORESTACK_Condition cause : null
2026-06-30 23:29:30,615 [INFO] LogOutputStream:77 - [STDOUT_REDIRECT] 1 : Invalid condition id : UX_CORESTACK_Condition cause : null
2026-06-30 23:29:30,617 [INFO] LogOutputStream:77 - [STDOUT_REDIRECT] 1 : Invalid condition id : UX_CORESTACK_Condition cause : null
2026-06-30 23:29:30,622 [INFO] LogOutputStream:77 - [STDOUT_REDIRECT] 1 : Invalid condition id : UX_CORESTACK_Condition cause : null
2026-06-30 23:29:30,624 [INFO] LogOutputStream:77 - [STDOUT_REDIRECT] 1 : Invalid condition id : UX_CORESTACK_Condition cause : null
2026-06-30 23:29:30,631 [WARN] PackLoader:240 - Cannot read IP mode file for STMicroelectronics.X-CUBE-AZRTOS-WL.2.0.0
2026-06-30 23:29:30,643 [WARN] PackLoader:240 - Cannot read IP mode file for STMicroelectronics.FP-SNS-MOTENV1.5.0.0
2026-06-30 23:29:30,653 [WARN] PackLoader:240 - Cannot read IP mode file for wolfSSL.I-CUBE-wolfMQTT.1.19.0
2026-06-30 23:29:30,666 [WARN] PackLoader:240 - Cannot read IP mode file for WES.I-CUBE-Cesium.1.3.0
2026-06-30 23:29:30,673 [WARN] PackLoader:240 - Cannot read IP mode file for STMicroelectronics.X-CUBE-BLE2.3.3.0
2026-06-30 23:29:30,684 [WARN] PackLoader:240 - Cannot read IP mode file for STMicroelectronics.X-CUBE-NFC9.1.0.0
2026-06-30 23:29:30,698 [WARN] PackLoader:240 - Cannot read IP mode file for STMicroelectronics.X-CUBE-BLE1.7.1.0
2026-06-30 23:29:30,703 [WARN] PackLoader:240 - Cannot read IP mode file for wolfSSL.I-CUBE-wolfMQTT.1.19.2
2026-06-30 23:29:30,714 [WARN] PackLoader:240 - Cannot read IP mode file for STMicroelectronics.X-CUBE-EEPRMA1.5.2.0
2026-06-30 23:29:30,730 [WARN] PackLoader:240 - Cannot read IP mode file for STMicroelectronics.X-CUBE-ST67W61.1.1.0
2026-06-30 23:29:30,759 [WARN] PackLoader:240 - Cannot read IP mode file for STMicroelectronics.X-CUBE-AZRTOS-G0.1.1.0
2026-06-30 23:29:30,782 [WARN] PackLoader:240 - Cannot read IP mode file for STMicroelectronics.X-CUBE-SAFEA1.1.2.2
2026-06-30 23:29:30,795 [WARN] PackLoader:240 - Cannot read IP mode file for STMicroelectronics.X-CUBE-NFC4.3.0.0
2026-06-30 23:29:30,896 [WARN] PackLoader:240 - Cannot read IP mode file for EmbeddedOffice.I-CUBE-FS-RTOS.1.0.1
2026-06-30 23:29:30,934 [WARN] PackLoader:240 - Cannot read IP mode file for STMicroelectronics.X-CUBE-WB05N.2.0.0
2026-06-30 23:29:30,942 [WARN] PackLoader:240 - Cannot read IP mode file for wolfSSL.I-CUBE-wolfTPM.3.8.0
2026-06-30 23:29:30,954 [WARN] PackLoader:240 - Cannot read IP mode file for STMicroelectronics.X-CUBE-TCPP.4.2.0
2026-06-30 23:29:30,969 [WARN] PackLoader:240 - Cannot read IP mode file for RealThread.X-CUBE-RT-Thread_Nano.4.1.1
2026-06-30 23:29:30,977 [WARN] PackLoader:240 - Cannot read IP mode file for STMicroelectronics.FP-ATR-SIGFOX1.3.2.0
2026-06-30 23:29:30,984 [WARN] ConditionMgr:438 - getConditionDescription Invalid condition id : Cortex-A Device cause : null
2026-06-30 23:29:31,023 [WARN] ConditionMgr:1044 - genDependencies : Invalid condition id : Cortex-A Device cause : null
2026-06-30 23:29:31,024 [WARN] ConditionMgr:1044 - genDependencies : Invalid condition id : Cortex-A Device cause : null
2026-06-30 23:29:31,024 [WARN] ConditionMgr:1044 - genDependencies : Invalid condition id : Cortex-A Device cause : null
2026-06-30 23:29:31,035 [WARN] PackLoader:240 - Cannot read IP mode file for STMicroelectronics.X-CUBE-EEPRMA1.5.1.0
2026-06-30 23:29:31,048 [WARN] PackLoader:240 - Cannot read IP mode file for wolfSSL.I-CUBE-wolfSSL.5.7.6
2026-06-30 23:29:31,087 [WARN] PackLoader:240 - Cannot read IP mode file for ITTIA_DB.I-CUBE-ITTIADB.8.9.0
2026-06-30 23:29:31,126 [WARN] PackLoader:240 - Cannot read IP mode file for STMicroelectronics.X-CUBE-ST67W61.1.0.0
2026-06-30 23:29:31,142 [WARN] PackLoader:240 - Cannot read IP mode file for STMicroelectronics.X-CUBE-AI.10.2.0
2026-06-30 23:29:31,191 [WARN] PackLoader:240 - Cannot read IP mode file for SEGGER.I-CUBE-embOS.1.3.1
2026-06-30 23:29:31,265 [WARN] PackLoader:240 - Cannot read IP mode file for STMicroelectronics.X-CUBE-ALGOBUILD.1.4.0
2026-06-30 23:29:31,334 [WARN] PackLoader:240 - Cannot read IP mode file for STMicroelectronics.X-CUBE-MEMS1.11.3.0
2026-06-30 23:29:31,608 [WARN] PackLoader:240 - Cannot read IP mode file for STMicroelectronics.X-CUBE-PM33A1.1.0.0
2026-06-30 23:29:31,627 [WARN] PackLoader:240 - Cannot read IP mode file for STMicroelectronics.X-CUBE-AZRTOS-F4.1.1.0
2026-06-30 23:29:31,636 [WARN] PackLoader:240 - Cannot read IP mode file for Avnet-IotConnect.X-CUBE-IoTC-DA16k-PMOD.1.0.0
2026-06-30 23:29:31,643 [WARN] PackLoader:240 - Cannot read IP mode file for STMicroelectronics.X-CUBE-ISPU.2.1.0
2026-06-30 23:29:31,660 [WARN] PackLoader:240 - Cannot read IP mode file for STMicroelectronics.X-CUBE-IPS.3.2.0
2026-06-30 23:29:31,700 [WARN] PackLoader:240 - Cannot read IP mode file for STMicroelectronics.X-CUBE-NFC12.1.0.0
2026-06-30 23:29:31,729 [WARN] PackLoader:240 - Cannot read IP mode file for STMicroelectronics.X-CUBE-AZRTOS-L5.2.0.0
2026-06-30 23:29:31,747 [WARN] PackLoader:240 - Cannot read IP mode file for STMicroelectronics.X-CUBE-NFC6.3.1.0
2026-06-30 23:29:31,755 [WARN] PackLoader:240 - Cannot read IP mode file for STMicroelectronics.X-CUBE-DPower.1.2.0
2026-06-30 23:29:31,770 [WARN] PackLoader:240 - Cannot read IP mode file for STMicroelectronics.X-CUBE-FREERTOS.1.3.1
2026-06-30 23:29:31,778 [WARN] PackLoader:240 - Cannot read IP mode file for STMicroelectronics.X-CUBE-FREERTOS.1.3.0
2026-06-30 23:29:31,785 [WARN] PackLoader:240 - Cannot read IP mode file for STMicroelectronics.X-CUBE-NFC7.1.0.1
2026-06-30 23:29:31,793 [WARN] PackLoader:240 - Cannot read IP mode file for STMicroelectronics.X-CUBE-TOUCHGFX.4.26.0
2026-06-30 23:29:31,800 [WARN] PackLoader:240 - Cannot read IP mode file for STMicroelectronics.FP-SNS-STAIOTCFT.1.0.0
2026-06-30 23:29:31,806 [WARN] PackLoader:240 - Cannot read IP mode file for STMicroelectronics.X-CUBE-DPower.1.3.0
2026-06-30 23:29:31,843 [WARN] ConditionMgr:438 - getConditionDescription Invalid condition id : LAN8742 Phy interface Condition cause : null
2026-06-30 23:29:31,844 [WARN] PackLoader:240 - Cannot read IP mode file for STMicroelectronics.X-CUBE-AZRTOS-L4.2.0.0
2026-06-30 23:29:31,845 [WARN] ConditionMgr:1044 - genDependencies : Invalid condition id : LAN8742 Phy interface Condition cause : null
2026-06-30 23:29:31,846 [WARN] ConditionMgr:1044 - genDependencies : Invalid condition id : LAN8742 Phy interface Condition cause : null
2026-06-30 23:29:31,846 [WARN] ConditionMgr:1044 - genDependencies : Invalid condition id : LAN8742 Phy interface Condition cause : null
2026-06-30 23:29:31,857 [WARN] PackLoader:240 - Cannot read IP mode file for STMicroelectronics.X-CUBE-SFXS2LP1.4.0.0
2026-06-30 23:29:31,886 [WARN] PackLoader:240 - Cannot read IP mode file for STMicroelectronics.X-CUBE-AZRTOS-H7.3.3.0
2026-06-30 23:29:31,904 [WARN] PackLoader:240 - Cannot read IP mode file for STMicroelectronics.X-CUBE-BLEMGR.4.1.0
2026-06-30 23:29:31,938 [WARN] ConditionMgr:438 - getConditionDescription Invalid condition id : UX DEVICE CLASS RTOS Condition cause : null
2026-06-30 23:29:31,938 [WARN] ConditionMgr:438 - getConditionDescription Invalid condition id : UX DEVICE CLASS RTOS Condition cause : null
2026-06-30 23:29:31,941 [WARN] PackLoader:240 - Cannot read IP mode file for STMicroelectronics.X-CUBE-AZRTOS-WB.2.0.0
2026-06-30 23:29:31,942 [WARN] ConditionMgr:1044 - genDependencies : Invalid condition id : UX DEVICE CLASS RTOS Condition cause : null
2026-06-30 23:29:31,942 [WARN] ConditionMgr:1044 - genDependencies : Invalid condition id : UX DEVICE CLASS RTOS Condition cause : null
2026-06-30 23:29:31,944 [WARN] ConditionMgr:1044 - genDependencies : Invalid condition id : UX DEVICE CLASS RTOS Condition cause : null
2026-06-30 23:29:31,945 [WARN] ConditionMgr:1044 - genDependencies : Invalid condition id : UX DEVICE CLASS RTOS Condition cause : null
2026-06-30 23:29:31,945 [WARN] ConditionMgr:1044 - genDependencies : Invalid condition id : UX DEVICE CLASS RTOS Condition cause : null
2026-06-30 23:29:31,952 [WARN] PackLoader:240 - Cannot read IP mode file for STMicroelectronics.X-CUBE-GNSS1.7.0.1
2026-06-30 23:29:31,958 [WARN] PackLoader:240 - Cannot read IP mode file for STMicroelectronics.X-CUBE-TOUCHGFX.4.25.0
2026-06-30 23:29:31,965 [WARN] PackLoader:240 - Cannot read IP mode file for STMicroelectronics.FP-SNS-STBOX1.2.0.0
2026-06-30 23:29:31,983 [WARN] PackLoader:240 - Cannot read IP mode file for STMicroelectronics.X-CUBE-SUBG2.5.0.0
2026-06-30 23:29:32,022 [WARN] PackLoader:240 - Cannot read IP mode file for STMicroelectronics.X-CUBE-AZRTOS-H7RS.1.1.0
2026-06-30 23:29:32,033 [WARN] PackLoader:240 - Cannot read IP mode file for Cesanta.I-CUBE-Mongoose.7.13.0
2026-06-30 23:29:32,053 [WARN] PackLoader:240 - Cannot read IP mode file for STMicroelectronics.X-CUBE-AZRTOS-G4.2.0.0
2026-06-30 23:29:32,060 [WARN] PackLoader:240 - Cannot read IP mode file for wolfSSL.I-CUBE-wolfSSH.1.4.20
2026-06-30 23:29:32,064 [WARN] PackLoader:240 - Cannot read IP mode file for STMicroelectronics.X-CUBE-NFC7.2.0.0
2026-06-30 23:29:32,080 [WARN] PackLoader:240 - Cannot read IP mode file for STMicroelectronics.X-CUBE-IPS.3.1.0
2026-06-30 23:29:32,092 [WARN] PackLoader:240 - Cannot read IP mode file for STMicroelectronics.X-CUBE-ALS.1.0.2
2026-06-30 23:29:32,097 [WARN] PackLoader:240 - Cannot read IP mode file for STMicroelectronics.X-CUBE-TOUCHGFX.4.24.2
2026-06-30 23:29:32,105 [WARN] PackLoader:240 - Cannot read IP mode file for STMicroelectronics.X-CUBE-STSE01.1.0.0
2026-06-30 23:29:32,112 [WARN] PackLoader:240 - Cannot read IP mode file for wolfSSL.I-CUBE-wolfTPM.3.4.0
2026-06-30 23:29:32,120 [WARN] PackLoader:240 - Cannot read IP mode file for portGmbH.I-Cube-SoM-uGOAL.1.1.0
2026-06-30 23:29:32,143 [WARN] PackLoader:240 - Cannot read IP mode file for STMicroelectronics.X-CUBE-AZRTOS-H7RS.1.0.0
2026-06-30 23:29:32,160 [WARN] PackLoader:240 - Cannot read IP mode file for STMicroelectronics.X-CUBE-TOF1.3.4.2
2026-06-30 23:29:32,186 [WARN] PackLoader:240 - Cannot read IP mode file for STMicroelectronics.X-CUBE-TOF1.3.4.3
2026-06-30 23:29:32,199 [WARN] PackLoader:240 - Cannot read IP mode file for wolfSSL.I-CUBE-wolfSSH.1.4.17
2026-06-30 23:29:32,200 [INFO] ThirdParty:978 - Integrity check success = true
2026-06-30 23:29:32,200 [INFO] IntegrityCheckThread:100 - exiting critical section [integrity check]
2026-06-30 23:29:32,200 [INFO] IntegrityCheckThread:103 - End integrity checks thread
