../Core/Src/main.c:81:6:delay	2
../Core/Src/main.c:88:6:stepper_set_rpm	1
../Core/Src/main.c:95:6:SetPin	1
../Core/Src/main.c:101:6:ResetPin	1
../Core/Src/main.c:112:6:stepper_wave_drive	5
../Core/Src/main.c:149:6:stepper_step_angle	6
../Core/Src/main.c:184:6:Stepper_rotate	3
../Core/Src/main.c:202:6:HAL_ADC_ConvCpltCallback	1
../Core/Src/main.c:216:5:main	1
../Core/Src/main.c:265:6:SystemClock_Config	3
../Core/Src/main.c:310:13:MX_ADC1_Init	3
../Core/Src/main.c:360:13:MX_TIM6_Init	3
../Core/Src/main.c:396:13:MX_DMA_Init	1
../Core/Src/main.c:414:13:MX_GPIO_Init	1
../Core/Src/main.c:464:6:Error_Handler	1
