Archive member included to satisfy reference by file (symbol)

C:/ST/STM32CubeIDE_1.19.0/STM32CubeIDE/plugins/com.st.stm32cube.ide.mcu.externaltools.gnu-tools-for-stm32.13.3.rel1.win32_1.0.0.202411081344/tools/bin/../lib/gcc/arm-none-eabi/13.3.1/../../../../arm-none-eabi/lib/thumb/v7-m/nofp\libstdc++_nano.a(del_op.o)
                              ./Core/Src/main.o (operator delete(void*))
C:/ST/STM32CubeIDE_1.19.0/STM32CubeIDE/plugins/com.st.stm32cube.ide.mcu.externaltools.gnu-tools-for-stm32.13.3.rel1.win32_1.0.0.202411081344/tools/bin/../lib/gcc/arm-none-eabi/13.3.1/../../../../arm-none-eabi/lib/thumb/v7-m/nofp\libstdc++_nano.a(del_ops.o)
                              ./Core/Src/main.o (operator delete(void*, unsigned int))
C:/ST/STM32CubeIDE_1.19.0/STM32CubeIDE/plugins/com.st.stm32cube.ide.mcu.externaltools.gnu-tools-for-stm32.13.3.rel1.win32_1.0.0.202411081344/tools/bin/../lib/gcc/arm-none-eabi/13.3.1/../../../../arm-none-eabi/lib/thumb/v7-m/nofp\libstdc++_nano.a(new_op.o)
                              ./jsonPacket/jsonpacket.o (operator new(unsigned int))
C:/ST/STM32CubeIDE_1.19.0/STM32CubeIDE/plugins/com.st.stm32cube.ide.mcu.externaltools.gnu-tools-for-stm32.13.3.rel1.win32_1.0.0.202411081344/tools/bin/../lib/gcc/arm-none-eabi/13.3.1/../../../../arm-none-eabi/lib/thumb/v7-m/nofp\libstdc++_nano.a(functexcept.o)
                              ./jsonPacket/jsonpacket.o (std::__throw_bad_alloc())
C:/ST/STM32CubeIDE_1.19.0/STM32CubeIDE/plugins/com.st.stm32cube.ide.mcu.externaltools.gnu-tools-for-stm32.13.3.rel1.win32_1.0.0.202411081344/tools/bin/../lib/gcc/arm-none-eabi/13.3.1/../../../../arm-none-eabi/lib/thumb/v7-m/nofp\libstdc++_nano.a(new_handler.o)
                              C:/ST/STM32CubeIDE_1.19.0/STM32CubeIDE/plugins/com.st.stm32cube.ide.mcu.externaltools.gnu-tools-for-stm32.13.3.rel1.win32_1.0.0.202411081344/tools/bin/../lib/gcc/arm-none-eabi/13.3.1/../../../../arm-none-eabi/lib/thumb/v7-m/nofp\libstdc++_nano.a(new_op.o) (std::get_new_handler())
C:/ST/STM32CubeIDE_1.19.0/STM32CubeIDE/plugins/com.st.stm32cube.ide.mcu.externaltools.gnu-tools-for-stm32.13.3.rel1.win32_1.0.0.202411081344/tools/bin/../lib/gcc/arm-none-eabi/13.3.1/../../../../arm-none-eabi/lib/thumb/v7-m/nofp\libc_nano.a(libc_a-abort.o)
                              C:/ST/STM32CubeIDE_1.19.0/STM32CubeIDE/plugins/com.st.stm32cube.ide.mcu.externaltools.gnu-tools-for-stm32.13.3.rel1.win32_1.0.0.202411081344/tools/bin/../lib/gcc/arm-none-eabi/13.3.1/../../../../arm-none-eabi/lib/thumb/v7-m/nofp\libstdc++_nano.a(new_op.o) (abort)
C:/ST/STM32CubeIDE_1.19.0/STM32CubeIDE/plugins/com.st.stm32cube.ide.mcu.externaltools.gnu-tools-for-stm32.13.3.rel1.win32_1.0.0.202411081344/tools/bin/../lib/gcc/arm-none-eabi/13.3.1/../../../../arm-none-eabi/lib/thumb/v7-m/nofp\libc_nano.a(libc_a-exit.o)
                              C:/ST/STM32CubeIDE_1.19.0/STM32CubeIDE/plugins/com.st.stm32cube.ide.mcu.externaltools.gnu-tools-for-stm32.13.3.rel1.win32_1.0.0.202411081344/tools/bin/../lib/gcc/arm-none-eabi/13.3.1/../../../../arm-none-eabi/lib/thumb/v7-m/nofp/crt0.o (exit)
C:/ST/STM32CubeIDE_1.19.0/STM32CubeIDE/plugins/com.st.stm32cube.ide.mcu.externaltools.gnu-tools-for-stm32.13.3.rel1.win32_1.0.0.202411081344/tools/bin/../lib/gcc/arm-none-eabi/13.3.1/../../../../arm-none-eabi/lib/thumb/v7-m/nofp\libc_nano.a(libc_a-malloc.o)
                              ./Core/Src/main.o (malloc)
C:/ST/STM32CubeIDE_1.19.0/STM32CubeIDE/plugins/com.st.stm32cube.ide.mcu.externaltools.gnu-tools-for-stm32.13.3.rel1.win32_1.0.0.202411081344/tools/bin/../lib/gcc/arm-none-eabi/13.3.1/../../../../arm-none-eabi/lib/thumb/v7-m/nofp\libc_nano.a(libc_a-mallocr.o)
                              C:/ST/STM32CubeIDE_1.19.0/STM32CubeIDE/plugins/com.st.stm32cube.ide.mcu.externaltools.gnu-tools-for-stm32.13.3.rel1.win32_1.0.0.202411081344/tools/bin/../lib/gcc/arm-none-eabi/13.3.1/../../../../arm-none-eabi/lib/thumb/v7-m/nofp\libc_nano.a(libc_a-malloc.o) (_malloc_r)
C:/ST/STM32CubeIDE_1.19.0/STM32CubeIDE/plugins/com.st.stm32cube.ide.mcu.externaltools.gnu-tools-for-stm32.13.3.rel1.win32_1.0.0.202411081344/tools/bin/../lib/gcc/arm-none-eabi/13.3.1/../../../../arm-none-eabi/lib/thumb/v7-m/nofp\libc_nano.a(libc_a-mlock.o)
                              C:/ST/STM32CubeIDE_1.19.0/STM32CubeIDE/plugins/com.st.stm32cube.ide.mcu.externaltools.gnu-tools-for-stm32.13.3.rel1.win32_1.0.0.202411081344/tools/bin/../lib/gcc/arm-none-eabi/13.3.1/../../../../arm-none-eabi/lib/thumb/v7-m/nofp\libc_nano.a(libc_a-mallocr.o) (__malloc_lock)
C:/ST/STM32CubeIDE_1.19.0/STM32CubeIDE/plugins/com.st.stm32cube.ide.mcu.externaltools.gnu-tools-for-stm32.13.3.rel1.win32_1.0.0.202411081344/tools/bin/../lib/gcc/arm-none-eabi/13.3.1/../../../../arm-none-eabi/lib/thumb/v7-m/nofp\libc_nano.a(libc_a-realloc.o)
                              ./Core/Src/main.o (realloc)
[...]
Memory Configuration

Name             Origin             Length             Attributes
RAM              0x20000000         0x00005000         xrw
FLASH            0x08000000         0x00010000         xr
*default*        0x00000000         0xffffffff

Linker script and memory map

LOAD C:/ST/STM32CubeIDE_1.19.0/STM32CubeIDE/plugins/com.st.stm32cube.ide.mcu.externaltools.gnu-tools-for-stm32.13.3.rel1.win32_1.0.0.202411081344/tools/bin/../lib/gcc/arm-none-eabi/13.3.1/thumb/v7-m/nofp/crti.o
LOAD C:/ST/STM32CubeIDE_1.19.0/STM32CubeIDE/plugins/com.st.stm32cube.ide.mcu.externaltools.gnu-tools-for-stm32.13.3.rel1.win32_1.0.0.202411081344/tools/bin/../lib/gcc/arm-none-eabi/13.3.1/thumb/v7-m/nofp/crtbegin.o
LOAD C:/ST/STM32CubeIDE_1.19.0/STM32CubeIDE/plugins/com.st.stm32cube.ide.mcu.externaltools.gnu-tools-for-stm32.13.3.rel1.win32_1.0.0.202411081344/tools/bin/../lib/gcc/arm-none-eabi/13.3.1/../../../../arm-none-eabi/lib/thumb/v7-m/nofp/crt0.o
LOAD ./Core/Src/main.o
LOAD ./Core/Src/stm32f1xx_hal_msp.o
LOAD ./Core/Src/stm32f1xx_hal_timebase_tim.o
LOAD ./Core/Src/stm32f1xx_it.o
LOAD ./Core/Src/syscalls.o
LOAD ./Core/Src/sysmem.o
LOAD ./Core/Src/system_stm32f1xx.o
LOAD ./Core/Startup/startup_stm32f103c8tx.o
LOAD ./DHT22/DHT22.o
LOAD ./DWT_Delay/dwt_stm32_delay.o
LOAD ./Drivers/STM32F1xx_HAL_Driver/Src/stm32f1xx_hal.o
LOAD ./Drivers/STM32F1xx_HAL_Driver/Src/stm32f1xx_hal_cortex.o
LOAD ./Drivers/STM32F1xx_HAL_Driver/Src/stm32f1xx_hal_dma.o
LOAD ./Drivers/STM32F1xx_HAL_Driver/Src/stm32f1xx_hal_exti.o
LOAD ./Drivers/STM32F1xx_HAL_Driver/Src/stm32f1xx_hal_flash.o
LOAD ./Drivers/STM32F1xx_HAL_Driver/Src/stm32f1xx_hal_flash_ex.o
LOAD ./Drivers/STM32F1xx_HAL_Driver/Src/stm32f1xx_hal_gpio.o
LOAD ./Drivers/STM32F1xx_HAL_Driver/Src/stm32f1xx_hal_gpio_ex.o
LOAD ./Drivers/STM32F1xx_HAL_Driver/Src/stm32f1xx_hal_iwdg.o
LOAD ./Drivers/STM32F1xx_HAL_Driver/Src/stm32f1xx_hal_pwr.o
LOAD ./Drivers/STM32F1xx_HAL_Driver/Src/stm32f1xx_hal_rcc.o
LOAD ./Drivers/STM32F1xx_HAL_Driver/Src/stm32f1xx_hal_rcc_ex.o
LOAD ./Drivers/STM32F1xx_HAL_Driver/Src/stm32f1xx_hal_tim.o
LOAD ./Drivers/STM32F1xx_HAL_Driver/Src/stm32f1xx_hal_tim_ex.o
LOAD ./Drivers/STM32F1xx_HAL_Driver/Src/stm32f1xx_hal_uart.o
LOAD ./jsonPacket/jsonpacket.o
START GROUP
LOAD C:/ST/STM32CubeIDE_1.19.0/STM32CubeIDE/plugins/com.st.stm32cube.ide.mcu.externaltools.gnu-tools-for-stm32.13.3.rel1.win32_1.0.0.202411081344/tools/bin/../lib/gcc/arm-none-eabi/13.3.1/../../../../arm-none-eabi/lib/thumb/v7-m/nofp\libstdc++_nano.a
LOAD C:/ST/STM32CubeIDE_1.19.0/STM32CubeIDE/plugins/com.st.stm32cube.ide.mcu.externaltools.gnu-tools-for-stm32.13.3.rel1.win32_1.0.0.202411081344/tools/bin/../lib/gcc/arm-none-eabi/13.3.1/../../../../arm-none-eabi/lib/thumb/v7-m/nofp\libsupc++_nano.a
END GROUP
LOAD C:/ST/STM32CubeIDE_1.19.0/STM32CubeIDE/plugins/com.st.stm32cube.ide.mcu.externaltools.gnu-tools-for-stm32.13.3.rel1.win32_1.0.0.202411081344/tools/bin/../lib/gcc/arm-none-eabi/13.3.1/../../../../arm-none-eabi/lib/thumb/v7-m/nofp\libstdc++_nano.a
LOAD C:/ST/STM32CubeIDE_1.19.0/STM32CubeIDE/plugins/com.st.stm32cube.ide.mcu.externaltools.gnu-tools-for-stm32.13.3.rel1.win32_1.0.0.202411081344/tools/bin/../lib/gcc/arm-none-eabi/13.3.1/../../../../arm-none-eabi/lib/thumb/v7-m/nofp\libm.a
LOAD C:/ST/STM32CubeIDE_1.19.0/STM32CubeIDE/plugins/com.st.stm32cube.ide.mcu.externaltools.gnu-tools-for-stm32.13.3.rel1.win32_1.0.0.202411081344/tools/bin/../lib/gcc/arm-none-eabi/13.3.1/../../../../arm-none-eabi/lib/thumb/v7-m/nofp\libc_nano.a
START GROUP
LOAD C:/ST/STM32CubeIDE_1.19.0/STM32CubeIDE/plugins/com.st.stm32cube.ide.mcu.externaltools.gnu-tools-for-stm32.13.3.rel1.win32_1.0.0.202411081344/tools/bin/../lib/gcc/arm-none-eabi/13.3.1/thumb/v7-m/nofp\libgcc.a
LOAD C:/ST/STM32CubeIDE_1.19.0/STM32CubeIDE/plugins/com.st.stm32cube.ide.mcu.externaltools.gnu-tools-for-stm32.13.3.rel1.win32_1.0.0.202411081344/tools/bin/../lib/gcc/arm-none-eabi/13.3.1/../../../../arm-none-eabi/lib/thumb/v7-m/nofp\libc_nano.a
END GROUP
START GROUP
LOAD C:/ST/STM32CubeIDE_1.19.0/STM32CubeIDE/plugins/com.st.stm32cube.ide.mcu.externaltools.gnu-tools-for-stm32.13.3.rel1.win32_1.0.0.202411081344/tools/bin/../lib/gcc/arm-none-eabi/13.3.1/thumb/v7-m/nofp\libgcc.a
LOAD C:/ST/STM32CubeIDE_1.19.0/STM32CubeIDE/plugins/com.st.stm32cube.ide.mcu.externaltools.gnu-tools-for-stm32.13.3.rel1.win32_1.0.0.202411081344/tools/bin/../lib/gcc/arm-none-eabi/13.3.1/../../../../arm-none-eabi/lib/thumb/v7-m/nofp\libc_nano.a
LOAD C:/ST/STM32CubeIDE_1.19.0/STM32CubeIDE/plugins/com.st.stm32cube.ide.mcu.externaltools.gnu-tools-for-stm32.13.3.rel1.win32_1.0.0.202411081344/tools/bin/../lib/gcc/arm-none-eabi/13.3.1/../../../../arm-none-eabi/lib/thumb/v7-m/nofp\libnosys.a
END GROUP
START GROUP
LOAD C:/ST/STM32CubeIDE_1.19.0/STM32CubeIDE/plugins/com.st.stm32cube.ide.mcu.externaltools.gnu-tools-for-stm32.13.3.rel1.win32_1.0.0.202411081344/tools/bin/../lib/gcc/arm-none-eabi/13.3.1/thumb/v7-m/nofp\libgcc.a
LOAD C:/ST/STM32CubeIDE_1.19.0/STM32CubeIDE/plugins/com.st.stm32cube.ide.mcu.externaltools.gnu-tools-for-stm32.13.3.rel1.win32_1.0.0.202411081344/tools/bin/../lib/gcc/arm-none-eabi/13.3.1/../../../../arm-none-eabi/lib/thumb/v7-m/nofp\libc_nano.a
LOAD C:/ST/STM32CubeIDE_1.19.0/STM32CubeIDE/plugins/com.st.stm32cube.ide.mcu.externaltools.gnu-tools-for-stm32.13.3.rel1.win32_1.0.0.202411081344/tools/bin/../lib/gcc/arm-none-eabi/13.3.1/../../../../arm-none-eabi/lib/thumb/v7-m/nofp\libnosys.a
END GROUP
LOAD C:/ST/STM32CubeIDE_1.19.0/STM32CubeIDE/plugins/com.st.stm32cube.ide.mcu.externaltools.gnu-tools-for-stm32.13.3.rel1.win32_1.0.0.202411081344/tools/bin/../lib/gcc/arm-none-eabi/13.3.1/thumb/v7-m/nofp/crtend.o
LOAD C:/ST/STM32CubeIDE_1.19.0/STM32CubeIDE/plugins/com.st.stm32cube.ide.mcu.externaltools.gnu-tools-for-stm32.13.3.rel1.win32_1.0.0.202411081344/tools/bin/../lib/gcc/arm-none-eabi/13.3.1/thumb/v7-m/nofp/crtn.o
                0x20005000                        _estack = (ORIGIN (RAM) + LENGTH (RAM))
                0x00000500                        _Min_Heap_Size = 0x500
                0x00000500                        _Min_Stack_Size = 0x500

.isr_vector     0x08000000      0x10c
                0x08000000                        . = ALIGN (0x4)
 *(.isr_vector)
 .isr_vector    0x08000000      0x10c ./Core/Startup/startup_stm32f103c8tx.o
                0x08000000                g_pfnVectors
                0x0800010c                        . = ALIGN (0x4)

.text           0x08000110     0xd51c
                0x08000110                        . = ALIGN (0x4)
 *(.text)
 .text          0x08000110       0x40 C:/ST/STM32CubeIDE_1.19.0/STM32CubeIDE/plugins/com.st.stm32cube.ide.mcu.externaltools.gnu-tools-for-stm32.13.3.rel1.win32_1.0.0.202411081344/tools/bin/../lib/gcc/arm-none-eabi/13.3.1/thumb/v7-m/nofp/crtbegin.o
 .text          0x08000150       0x10 C:/ST/STM32CubeIDE_1.19.0/STM32CubeIDE/plugins/com.st.stm32cube.ide.mcu.externaltools.gnu-tools-for-stm32.13.3.rel1.win32_1.0.0.202411081344/tools/bin/../lib/gcc/arm-none-eabi/13.3.1/../../../../arm-none-eabi/lib/thumb/v7-m/nofp\libc_nano.a(libc_a-strlen.o)
                0x08000150                strlen
 .text          0x08000160      0x254 C:/ST/STM32CubeIDE_1.19.0/STM32CubeIDE/plugins/com.st.stm32cube.ide.mcu.externaltools.gnu-tools-for-stm32.13.3.rel1.win32_1.0.0.202411081344/tools/bin/../lib/gcc/arm-none-eabi/13.3.1/thumb/v7-m/nofp\libgcc.a(_arm_muldf3.o)
                0x08000160                __muldf3
                0x08000160                __aeabi_dmul
 .text          0x080003b4      0x378 C:/ST/STM32CubeIDE_1.19.0/STM32CubeIDE/plugins/com.st.stm32cube.ide.mcu.externaltools.gnu-tools-for-stm32.13.3.rel1.win32_1.0.0.202411081344/tools/bin/../lib/gcc/arm-none-eabi/13.3.1/thumb/v7-m/nofp\libgcc.a(_arm_addsubdf3.o)
                0x080003b4                __aeabi_drsub
                0x080003bc                __aeabi_dsub
                0x080003bc                __subdf3
                0x080003c0                __aeabi_dadd
                0x080003c0                __adddf3
                0x08000638                __floatunsidf
                0x08000638                __aeabi_ui2d
                0x08000658                __floatsidf
                0x08000658                __aeabi_i2d
                0x0800067c                __aeabi_f2d
                0x0800067c                __extendsfdf2
                0x080006c0                __floatundidf
                0x080006c0                __aeabi_ul2d
                0x080006d0                __floatdidf
                0x080006d0                __aeabi_l2d
 .text          0x0800072c      0x110 C:/ST/STM32CubeIDE_1.19.0/STM32CubeIDE/plugins/com.st.stm32cube.ide.mcu.externaltools.gnu-tools-for-stm32.13.3.rel1.win32_1.0.0.202411081344/tools/bin/../lib/gcc/arm-none-eabi/13.3.1/thumb/v7-m/nofp\libgcc.a(_arm_cmpdf2.o)
                0x0800072c                __gtdf2
                0x0800072c                __gedf2
                0x08000734                __ltdf2
                0x08000734                __ledf2
                0x0800073c                __nedf2
                0x0800073c                __eqdf2
                0x0800073c                __cmpdf2
                0x080007b8                __aeabi_cdrcmple
                0x080007c8                __aeabi_cdcmpeq
                0x080007c8                __aeabi_cdcmple
                0x080007d8                __aeabi_dcmpeq
                0x080007ec                __aeabi_dcmplt
                0x08000800                __aeabi_dcmple
                0x08000814                __aeabi_dcmpge
                0x08000828                __aeabi_dcmpgt
 .text          0x0800083c       0x50 C:/ST/STM32CubeIDE_1.19.0/STM32CubeIDE/plugins/com.st.stm32cube.ide.mcu.externaltools.gnu-tools-for-stm32.13.3.rel1.win32_1.0.0.202411081344/tools/bin/../lib/gcc/arm-none-eabi/13.3.1/thumb/v7-m/nofp\libgcc.a(_arm_fixdfsi.o)
                0x0800083c                __aeabi_d2iz
                0x0800083c                __fixdfsi
 .text          0x0800088c       0x40 C:/ST/STM32CubeIDE_1.19.0/STM32CubeIDE/plugins/com.st.stm32cube.ide.mcu.externaltools.gnu-tools-for-stm32.13.3.rel1.win32_1.0.0.202411081344/tools/bin/../lib/gcc/arm-none-eabi/13.3.1/thumb/v7-m/nofp\libgcc.a(_arm_fixunsdfsi.o)
                0x0800088c                __aeabi_d2uiz
                0x0800088c                __fixunsdfsi
 .text          0x080008cc       0xa0 C:/ST/STM32CubeIDE_1.19.0/STM32CubeIDE/plugins/com.st.stm32cube.ide.mcu.externaltools.gnu-tools-for-stm32.13.3.rel1.win32_1.0.0.202411081344/tools/bin/../lib/gcc/arm-none-eabi/13.3.1/thumb/v7-m/nofp\libgcc.a(_arm_truncdfsf2.o)
                0x080008cc                __truncdfsf2
                0x080008cc                __aeabi_d2f
 .text          0x0800096c      0x21c C:/ST/STM32CubeIDE_1.19.0/STM32CubeIDE/plugins/com.st.stm32cube.ide.mcu.externaltools.gnu-tools-for-stm32.13.3.rel1.win32_1.0.0.202411081344/tools/bin/../lib/gcc/arm-none-eabi/13.3.1/thumb/v7-m/nofp\libgcc.a(_arm_addsubsf3.o)
                0x0800096c                __aeabi_frsub
                0x08000974                __subsf3
                0x08000974                __aeabi_fsub
                0x08000978                __aeabi_fadd
                0x08000978                __addsf3
                0x08000ad8                __aeabi_ui2f
                0x08000ad8                __floatunsisf
                0x08000ae0                __aeabi_i2f
                0x08000ae0                __floatsisf
                0x08000afc                __aeabi_ul2f
                0x08000afc                __floatundisf
                0x08000b0c                __aeabi_l2f
                0x08000b0c                __floatdisf
 .text          0x08000b88      0x2a0 C:/ST/STM32CubeIDE_1.19.0/STM32CubeIDE/plugins/com.st.stm32cube.ide.mcu.externaltools.gnu-tools-for-stm32.13.3.rel1.win32_1.0.0.202411081344/tools/bin/../lib/gcc/arm-none-eabi/13.3.1/thumb/v7-m/nofp\libgcc.a(_arm_muldivsf3.o)
                0x08000b88                __mulsf3
                0x08000b88                __aeabi_fmul
                0x08000cf0                __aeabi_fdiv
                0x08000cf0                __divsf3
 .text          0x08000e28       0xec C:/ST/STM32CubeIDE_1.19.0/STM32CubeIDE/plugins/com.st.stm32cube.ide.mcu.externaltools.gnu-tools-for-stm32.13.3.rel1.win32_1.0.0.202411081344/tools/bin/../lib/gcc/arm-none-eabi/13.3.1/thumb/v7-m/nofp\libgcc.a(_arm_cmpsf2.o)
                0x08000e28                __gesf2
                0x08000e28                __gtsf2
                0x08000e30                __lesf2
                0x08000e30                __ltsf2
                0x08000e38                __nesf2
                0x08000e38                __eqsf2
                0x08000e38                __cmpsf2
                0x08000e98                __aeabi_cfrcmple
                0x08000ea0                __aeabi_cfcmpeq
                0x08000ea0                __aeabi_cfcmple
                0x08000eb0                __aeabi_fcmpeq
                0x08000ec4                __aeabi_fcmplt
                0x08000ed8                __aeabi_fcmple
                0x08000eec                __aeabi_fcmpge
                0x08000f00                __aeabi_fcmpgt
 .text          0x08000f14       0x4c C:/ST/STM32CubeIDE_1.19.0/STM32CubeIDE/plugins/com.st.stm32cube.ide.mcu.externaltools.gnu-tools-for-stm32.13.3.rel1.win32_1.0.0.202411081344/tools/bin/../lib/gcc/arm-none-eabi/13.3.1/thumb/v7-m/nofp\libgcc.a(_arm_fixsfsi.o)
                0x08000f14                __aeabi_f2iz
                0x08000f14                __fixsfsi
 .text          0x08000f60       0x30 C:/ST/STM32CubeIDE_1.19.0/STM32CubeIDE/plugins/com.st.stm32cube.ide.mcu.externaltools.gnu-tools-for-stm32.13.3.rel1.win32_1.0.0.202411081344/tools/bin/../lib/gcc/arm-none-eabi/13.3.1/thumb/v7-m/nofp\libgcc.a(_aeabi_uldivmod.o)
                0x08000f60                __aeabi_uldivmod
 .text          0x08000f90      0x300 C:/ST/STM32CubeIDE_1.19.0/STM32CubeIDE/plugins/com.st.stm32cube.ide.mcu.externaltools.gnu-tools-for-stm32.13.3.rel1.win32_1.0.0.202411081344/tools/bin/../lib/gcc/arm-none-eabi/13.3.1/thumb/v7-m/nofp\libgcc.a(_udivmoddi4.o)
                0x08000f90                __udivmoddi4
 .text          0x08001290        0x4 C:/ST/STM32CubeIDE_1.19.0/STM32CubeIDE/plugins/com.st.stm32cube.ide.mcu.externaltools.gnu-tools-for-stm32.13.3.rel1.win32_1.0.0.202411081344/tools/bin/../lib/gcc/arm-none-eabi/13.3.1/thumb/v7-m/nofp\libgcc.a(_dvmd_tls.o)
                0x08001290                __aeabi_idiv0
                0x08001290                __aeabi_ldiv0
 *(.text*)
 .text._ZSt23__is_constant_evaluatedv
                0x08001294        0xe ./Core/Src/main.o
                0x08001294                std::__is_constant_evaluated()
 .text._ZN11ArduinoJson8V742HB226detail16DefaultAllocator8allocateEj
                0x080012a2       0x1a ./Core/Src/main.o
                0x080012a2                ArduinoJson::V742HB22::detail::DefaultAllocator::allocate(unsigned int)
 .text._ZN11ArduinoJson8V742HB226detail16DefaultAllocator10deallocateEPv
                0x080012bc       0x18 ./Core/Src/main.o
                0x080012bc                ArduinoJson::V742HB22::detail::DefaultAllocator::deallocate(void*)
 .text._ZN11ArduinoJson8V742HB226detail16DefaultAllocator10reallocateEPvj
                0x080012d4       0x1e ./Core/Src/main.o
                0x080012d4                ArduinoJson::V742HB22::detail::DefaultAllocator::reallocate(void*, unsigned int)
 *fill*         0x080012f2        0x2 
 .text._ZN11ArduinoJson8V742HB226detail16DefaultAllocator8instanceEv
                0x080012f4       0x14 ./Core/Src/main.o
                0x080012f4                ArduinoJson::V742HB22::detail::DefaultAllocator::instance()
 .text._ZN11ArduinoJson8V742HB226detail10StringNode13sizeForLengthEj
                0x08001308       0x16 ./Core/Src/main.o
                0x08001308                ArduinoJson::V742HB22::detail::StringNode::sizeForLength(unsigned int)
 .text._ZN11ArduinoJson8V742HB226detail10StringNode6createEjPNS0_9AllocatorE
                0x0800131e       0x56 ./Core/Src/main.o
                0x0800131e                ArduinoJson::V742HB22::detail::StringNode::create(unsigned int, ArduinoJson::V742HB22::Allocator*)
 .text._ZN11ArduinoJson8V742HB226detail10StringNode6resizeEPS2_jPNS0_9AllocatorE
                0x08001374       0x5e ./Core/Src/main.o
                0x08001374                ArduinoJson::V742HB22::detail::StringNode::resize(ArduinoJson::V742HB22::detail::StringNode*, unsigned int, ArduinoJson::V742HB22::Allocator*)
 .text._ZN11ArduinoJson8V742HB226detail10StringNode7destroyEPS2_PNS0_9AllocatorE
                0x080013d2       0x20 ./Core/Src/main.o
                0x080013d2                ArduinoJson::V742HB22::detail::StringNode::destroy(ArduinoJson::V742HB22::detail::StringNode*, ArduinoJson::V742HB22::Allocator*)
 .text._ZN11ArduinoJson8V742HB226detail9RamStringC2EPKcjb
                0x080013f2       0x2c ./Core/Src/main.o
                0x080013f2                ArduinoJson::V742HB22::detail::RamString::RamString(char const*, unsigned int, bool)
                0x080013f2                ArduinoJson::V742HB22::detail::RamString::RamString(char const*, unsigned int, bool)
 .text._ZNK11ArduinoJson8V742HB226detail9RamString6isNullEv
                0x0800141e       0x20 ./Core/Src/main.o
                0x0800141e                ArduinoJson::V742HB22::detail::RamString::isNull() const
 .text._ZNK11ArduinoJson8V742HB226detail9RamString4sizeEv
                0x0800143e       0x16 ./Core/Src/main.o
                0x0800143e                ArduinoJson::V742HB22::detail::RamString::size() const
 .text._ZNK11ArduinoJson8V742HB226detail9RamStringixEj
                0x08001454       0x1e ./Core/Src/main.o
                0x08001454                ArduinoJson::V742HB22::detail::RamString::operator[](unsigned int) const
 .text._ZNK11ArduinoJson8V742HB226detail9RamString4dataEv
                0x08001472       0x16 ./Core/Src/main.o
                0x08001472                ArduinoJson::V742HB22::detail::RamString::data() const
 .text._ZNK11ArduinoJson8V742HB226detail9RamString8isStaticEv
                0x08001488       0x16 ./Core/Src/main.o
                0x08001488                ArduinoJson::V742HB22::detail::RamString::isStatic() const
 .text._ZN11ArduinoJson8V742HB226detail10StringPoolD2Ev
                0x0800149e       0x14 ./Core/Src/main.o
                0x0800149e                ArduinoJson::V742HB22::detail::StringPool::~StringPool()
                0x0800149e                ArduinoJson::V742HB22::detail::StringPool::~StringPool()
 .text._ZN11ArduinoJson8V742HB226detail10StringPool5clearEPNS0_9AllocatorE
                0x080014b2       0x34 ./Core/Src/main.o
                0x080014b2                ArduinoJson::V742HB22::detail::StringPool::clear(ArduinoJson::V742HB22::Allocator*)
 .text._ZN11ArduinoJson8V742HB226detail10StringPool3addEPNS1_10StringNodeE
                0x080014e6       0x22 ./Core/Src/main.o
                0x080014e6                ArduinoJson::V742HB22::detail::StringPool::add(ArduinoJson::V742HB22::detail::StringNode*)
 .text._ZN11ArduinoJson8V742HB226detail10StringPool11dereferenceEPKcPNS0_9AllocatorE
                0x08001508       0x7c ./Core/Src/main.o
                0x08001508                ArduinoJson::V742HB22::detail::StringPool::dereference(char const*, ArduinoJson::V742HB22::Allocator*)
 .text._ZN11ArduinoJson8V742HB2210JsonStringC2Ev
                0x08001584       0x1e ./Core/Src/main.o
                0x08001584                ArduinoJson::V742HB22::JsonString::JsonString()
                0x08001584                ArduinoJson::V742HB22::JsonString::JsonString()
 .text._ZN11ArduinoJson8V742HB2210JsonStringC2EPKcb
                0x080015a2       0x36 ./Core/Src/main.o
                0x080015a2                ArduinoJson::V742HB22::JsonString::JsonString(char const*, bool)
                0x080015a2                ArduinoJson::V742HB22::JsonString::JsonString(char const*, bool)
 .text._ZN11ArduinoJson8V742HB226detail13StringAdapterINS0_10JsonStringEvE5adaptERKS3_
                0x080015d8       0x14 ./Core/Src/main.o
                0x080015d8                ArduinoJson::V742HB22::detail::StringAdapter<ArduinoJson::V742HB22::JsonString, void>::adapt(ArduinoJson::V742HB22::JsonString const&)
 .text._ZN11ArduinoJson8V742HB226detail18CollectionIteratorC2Ev
                0x080015ec       0x22 ./Core/Src/main.o
                0x080015ec                ArduinoJson::V742HB22::detail::CollectionIterator::CollectionIterator()
                0x080015ec                ArduinoJson::V742HB22::detail::CollectionIterator::CollectionIterator()
 .text._ZNK11ArduinoJson8V742HB226detail18CollectionIterator4doneEv
                0x0800160e       0x20 ./Core/Src/main.o
                0x0800160e                ArduinoJson::V742HB22::detail::CollectionIterator::done() const
 .text._ZN11ArduinoJson8V742HB226detail18CollectionIteratorptEv
                0x0800162e       0x18 ./Core/Src/main.o
                0x0800162e                ArduinoJson::V742HB22::detail::CollectionIterator::operator->()
 .text._ZN11ArduinoJson8V742HB226detail18CollectionIterator4dataEv
                0x08001646       0x16 ./Core/Src/main.o
                0x08001646                ArduinoJson::V742HB22::detail::CollectionIterator::data()
 .text._ZN11ArduinoJson8V742HB226detail14CollectionDatanwEjPv
                0x0800165c       0x16 ./Core/Src/main.o
                0x0800165c                ArduinoJson::V742HB22::detail::CollectionData::operator new(unsigned int, void*)
 .text._ZN11ArduinoJson8V742HB226detailanENS1_11VariantTypeENS1_15VariantTypeBitsE
                0x08001672       0x2c ./Core/Src/main.o
                0x08001672                ArduinoJson::V742HB22::detail::operator&(ArduinoJson::V742HB22::detail::VariantType, ArduinoJson::V742HB22::detail::VariantTypeBits)
 .text._ZN11ArduinoJson8V742HB226detail14VariantContentC2Ev
                0x0800169e       0x14 ./Core/Src/main.o
                0x0800169e                ArduinoJson::V742HB22::detail::VariantContent::VariantContent()
                0x0800169e                ArduinoJson::V742HB22::detail::VariantContent::VariantContent()
 .text._ZN11ArduinoJson8V742HB226detail11VariantDatanwEjPv
                0x080016b2       0x16 ./Core/Src/main.o
                0x080016b2                ArduinoJson::V742HB22::detail::VariantData::operator new(unsigned int, void*)
 .text._ZN11ArduinoJson8V742HB226detail11VariantDataC2Ev
                0x080016c8       0x28 ./Core/Src/main.o
                0x080016c8                ArduinoJson::V742HB22::detail::VariantData::VariantData()
                0x080016c8                ArduinoJson::V742HB22::detail::VariantData::VariantData()
 .text._ZNK11ArduinoJson8V742HB226detail11VariantData4nextEv
                0x080016f0       0x16 ./Core/Src/main.o
                0x080016f0                ArduinoJson::V742HB22::detail::VariantData::next() const
 .text._ZN11ArduinoJson8V742HB226detail11VariantData7setNextEt
                0x08001706       0x1c ./Core/Src/main.o
                0x08001706                ArduinoJson::V742HB22::detail::VariantData::setNext(unsigned short)
 .text._ZN11ArduinoJson8V742HB226detail11VariantData12asCollectionEv
                0x08001722       0x22 ./Core/Src/main.o
                0x08001722                ArduinoJson::V742HB22::detail::VariantData::asCollection()
 .text._ZN11ArduinoJson8V742HB226detail11VariantData8asObjectEv
                0x08001744       0x22 ./Core/Src/main.o
                0x08001744                ArduinoJson::V742HB22::detail::VariantData::asObject()
 .text._ZNK11ArduinoJson8V742HB226detail11VariantData8asObjectEv
                0x08001766       0x18 ./Core/Src/main.o
                0x08001766                ArduinoJson::V742HB22::detail::VariantData::asObject() const
 .text._ZNK11ArduinoJson8V742HB226detail11VariantData8asStringEv
                0x0800177e       0x64 ./Core/Src/main.o
                0x0800177e                ArduinoJson::V742HB22::detail::VariantData::asString() const
 .text._ZNK11ArduinoJson8V742HB226detail11VariantData12isCollectionEv
                0x080017e2       0x1e ./Core/Src/main.o
                0x080017e2                ArduinoJson::V742HB22::detail::VariantData::isCollection() const
 .text._ZNK11ArduinoJson8V742HB226detail11VariantData7isFloatEv
                0x08001800       0x1e ./Core/Src/main.o
                0x08001800                ArduinoJson::V742HB22::detail::VariantData::isFloat() const
 .text._ZNK11ArduinoJson8V742HB226detail11VariantData6isNullEv
                0x0800181e       0x20 ./Core/Src/main.o
                0x0800181e                ArduinoJson::V742HB22::detail::VariantData::isNull() const
 .text._ZNK11ArduinoJson8V742HB226detail11VariantData8isObjectEv
                0x0800183e       0x20 ./Core/Src/main.o
                0x0800183e                ArduinoJson::V742HB22::detail::VariantData::isObject() const
 .text._ZN11ArduinoJson8V742HB226detail11VariantData5resetEv
                0x0800185e       0x18 ./Core/Src/main.o
                0x0800185e                ArduinoJson::V742HB22::detail::VariantData::reset()
 .text._ZN11ArduinoJson8V742HB226detail11VariantData10setBooleanEb
                0x08001876       0x22 ./Core/Src/main.o
                0x08001876                ArduinoJson::V742HB22::detail::VariantData::setBoolean(bool)
 .text._ZN11ArduinoJson8V742HB226detail11VariantData15setLinkedStringEPKc
                0x08001898       0x20 ./Core/Src/main.o
                0x08001898                ArduinoJson::V742HB22::detail::VariantData::setLinkedString(char const*)
 .text._ZN11ArduinoJson8V742HB226detail11VariantData14setOwnedStringEPNS1_10StringNodeE
                0x080018b8       0x20 ./Core/Src/main.o
                0x080018b8                ArduinoJson::V742HB22::detail::VariantData::setOwnedString(ArduinoJson::V742HB22::detail::StringNode*)
 .text._ZN11ArduinoJson8V742HB226detail14CollectionDataC2Ev
                0x080018d8       0x24 ./Core/Src/main.o
                0x080018d8                ArduinoJson::V742HB22::detail::CollectionData::CollectionData()
                0x080018d8                ArduinoJson::V742HB22::detail::CollectionData::CollectionData()
 .text._ZN11ArduinoJson8V742HB226detail9ArrayDataC2Ev
                0x080018fc       0x1a ./Core/Src/main.o
                0x080018fc                ArduinoJson::V742HB22::detail::ArrayData::ArrayData()
                0x080018fc                ArduinoJson::V742HB22::detail::ArrayData::ArrayData()
 .text._ZN11ArduinoJson8V742HB226detail11VariantData7toArrayEv
                0x08001916       0x36 ./Core/Src/main.o
                0x08001916                ArduinoJson::V742HB22::detail::VariantData::toArray()
 .text._ZN11ArduinoJson8V742HB226detail10ObjectDataC2Ev
                0x0800194c       0x1a ./Core/Src/main.o
                0x0800194c                ArduinoJson::V742HB22::detail::ObjectData::ObjectData()
                0x0800194c                ArduinoJson::V742HB22::detail::ObjectData::ObjectData()
 .text._ZN11ArduinoJson8V742HB226detail11VariantData8toObjectEv
                0x08001966       0x36 ./Core/Src/main.o
                0x08001966                ArduinoJson::V742HB22::detail::VariantData::toObject()
 .text._ZN11ArduinoJson8V742HB226detail10StringPoolC2Ev
                0x0800199c       0x1a ./Core/Src/main.o
                0x0800199c                ArduinoJson::V742HB22::detail::StringPool::StringPool()
                0x0800199c                ArduinoJson::V742HB22::detail::StringPool::StringPool()
 .text._ZN11ArduinoJson8V742HB226detail14MemoryPoolListINS1_15ResourceManager8SlotDataEEC2Ev
                0x080019b6       0x2e ./Core/Src/main.o
                0x080019b6                ArduinoJson::V742HB22::detail::MemoryPoolList<ArduinoJson::V742HB22::detail::ResourceManager::SlotData>::MemoryPoolList()
                0x080019b6                ArduinoJson::V742HB22::detail::MemoryPoolList<ArduinoJson::V742HB22::detail::ResourceManager::SlotData>::MemoryPoolList()
 .text._ZN11ArduinoJson8V742HB226detail15ResourceManagerC2EPNS0_9AllocatorE
                0x080019e4       0x34 ./Core/Src/main.o
                0x080019e4                ArduinoJson::V742HB22::detail::ResourceManager::ResourceManager(ArduinoJson::V742HB22::Allocator*)
                0x080019e4                ArduinoJson::V742HB22::detail::ResourceManager::ResourceManager(ArduinoJson::V742HB22::Allocator*)
 .text._ZN11ArduinoJson8V742HB226detail15ResourceManagerD2Ev
                0x08001a18       0x4a ./Core/Src/main.o
                0x08001a18                ArduinoJson::V742HB22::detail::ResourceManager::~ResourceManager()
                0x08001a18                ArduinoJson::V742HB22::detail::ResourceManager::~ResourceManager()
 .text._ZNK11ArduinoJson8V742HB226detail15ResourceManager10overflowedEv
                0x08001a62       0x16 ./Core/Src/main.o
                0x08001a62                ArduinoJson::V742HB22::detail::ResourceManager::overflowed() const
 .text._ZN11ArduinoJson8V742HB226detail15ResourceManager10saveStringEPNS1_10StringNodeE
                0x08001a78       0x1e ./Core/Src/main.o
                0x08001a78                ArduinoJson::V742HB22::detail::ResourceManager::saveString(ArduinoJson::V742HB22::detail::StringNode*)
 .text._ZN11ArduinoJson8V742HB226detail15ResourceManager12createStringEj
                0x08001a96       0x2e ./Core/Src/main.o
                0x08001a96                ArduinoJson::V742HB22::detail::ResourceManager::createString(unsigned int)
 .text._ZN11ArduinoJson8V742HB226detail15ResourceManager12resizeStringEPNS1_10StringNodeEj
                0x08001ac4       0x32 ./Core/Src/main.o
                0x08001ac4                ArduinoJson::V742HB22::detail::ResourceManager::resizeString(ArduinoJson::V742HB22::detail::StringNode*, unsigned int)
 .text._ZN11ArduinoJson8V742HB226detail15ResourceManager13destroyStringEPNS1_10StringNodeE
                0x08001af6       0x1e ./Core/Src/main.o
                0x08001af6                ArduinoJson::V742HB22::detail::ResourceManager::destroyString(ArduinoJson::V742HB22::detail::StringNode*)
 .text._ZN11ArduinoJson8V742HB226detail15ResourceManager17dereferenceStringEPKc
                0x08001b14       0x24 ./Core/Src/main.o
                0x08001b14                ArduinoJson::V742HB22::detail::ResourceManager::dereferenceString(char const*)
 .text._ZN11ArduinoJson8V742HB226detail15ResourceManager5clearEv
                0x08001b38       0x3a ./Core/Src/main.o
                0x08001b38                ArduinoJson::V742HB22::detail::ResourceManager::clear()
 .text._ZN11ArduinoJson8V742HB226detail15ResourceManager11shrinkToFitEv
                0x08001b72       0x22 ./Core/Src/main.o
                0x08001b72                ArduinoJson::V742HB22::detail::ResourceManager::shrinkToFit()
 .text._ZN11ArduinoJson8V742HB2216JsonVariantConstC2EPKNS0_6detail11VariantDataEPKNS2_15ResourceManagerE
                0x08001b94       0x24 ./Core/Src/main.o
                0x08001b94                ArduinoJson::V742HB22::JsonVariantConst::JsonVariantConst(ArduinoJson::V742HB22::detail::VariantData const*, ArduinoJson::V742HB22::detail::ResourceManager const*)
                0x08001b94                ArduinoJson::V742HB22::JsonVariantConst::JsonVariantConst(ArduinoJson::V742HB22::detail::VariantData const*, ArduinoJson::V742HB22::detail::ResourceManager const*)
 .text._ZNK11ArduinoJson8V742HB2216JsonVariantConst7getDataEv
                0x08001bb8       0x16 ./Core/Src/main.o
                0x08001bb8                ArduinoJson::V742HB22::JsonVariantConst::getData() const
 .text._ZNK11ArduinoJson8V742HB2216JsonVariantConst18getResourceManagerEv
                0x08001bce       0x16 ./Core/Src/main.o
                0x08001bce                ArduinoJson::V742HB22::JsonVariantConst::getResourceManager() const
 .text._ZN11ArduinoJson8V742HB2211JsonVariantC2EPNS0_6detail11VariantDataEPNS2_15ResourceManagerE
                0x08001be4       0x24 ./Core/Src/main.o
                0x08001be4                ArduinoJson::V742HB22::JsonVariant::JsonVariant(ArduinoJson::V742HB22::detail::VariantData*, ArduinoJson::V742HB22::detail::ResourceManager*)
                0x08001be4                ArduinoJson::V742HB22::JsonVariant::JsonVariant(ArduinoJson::V742HB22::detail::VariantData*, ArduinoJson::V742HB22::detail::ResourceManager*)
 .text._ZNK11ArduinoJson8V742HB2211JsonVariant18getResourceManagerEv
                0x08001c08       0x16 ./Core/Src/main.o
                0x08001c08                ArduinoJson::V742HB22::JsonVariant::getResourceManager() const
 .text._ZNK11ArduinoJson8V742HB2211JsonVariant7getDataEv
                0x08001c1e       0x16 ./Core/Src/main.o
                0x08001c1e                ArduinoJson::V742HB22::JsonVariant::getData() const
 .text._ZNK11ArduinoJson8V742HB2211JsonVariant15getOrCreateDataEv
                0x08001c34       0x16 ./Core/Src/main.o
                0x08001c34                ArduinoJson::V742HB22::JsonVariant::getOrCreateData() const
 .text._ZN11ArduinoJson8V742HB229ConverterINS0_16JsonVariantConstEvE8fromJsonES2_
                0x08001c4a       0x34 ./Core/Src/main.o
                0x08001c4a                ArduinoJson::V742HB22::Converter<ArduinoJson::V742HB22::JsonVariantConst, void>::fromJson(ArduinoJson::V742HB22::JsonVariantConst)
 .text._ZN11ArduinoJson8V742HB2214JsonArrayConstC2EPKNS0_6detail9ArrayDataEPKNS2_15ResourceManagerE
                0x08001c7e       0x24 ./Core/Src/main.o
                0x08001c7e                ArduinoJson::V742HB22::JsonArrayConst::JsonArrayConst(ArduinoJson::V742HB22::detail::ArrayData const*, ArduinoJson::V742HB22::detail::ResourceManager const*)
                0x08001c7e                ArduinoJson::V742HB22::JsonArrayConst::JsonArrayConst(ArduinoJson::V742HB22::detail::ArrayData const*, ArduinoJson::V742HB22::detail::ResourceManager const*)
 .text._ZN11ArduinoJson8V742HB2215JsonObjectConstC2EPKNS0_6detail10ObjectDataEPKNS2_15ResourceManagerE
                0x08001ca2       0x24 ./Core/Src/main.o
                0x08001ca2                ArduinoJson::V742HB22::JsonObjectConst::JsonObjectConst(ArduinoJson::V742HB22::detail::ObjectData const*, ArduinoJson::V742HB22::detail::ResourceManager const*)
                0x08001ca2                ArduinoJson::V742HB22::JsonObjectConst::JsonObjectConst(ArduinoJson::V742HB22::detail::ObjectData const*, ArduinoJson::V742HB22::detail::ResourceManager const*)
 .text._ZN11ArduinoJson8V742HB2212JsonDocumentC2EPNS0_9AllocatorE
                0x08001cc6       0x28 ./Core/Src/main.o
                0x08001cc6                ArduinoJson::V742HB22::JsonDocument::JsonDocument(ArduinoJson::V742HB22::Allocator*)
                0x08001cc6                ArduinoJson::V742HB22::JsonDocument::JsonDocument(ArduinoJson::V742HB22::Allocator*)
 .text._ZN11ArduinoJson8V742HB2212JsonDocumentD2Ev
                0x08001cee       0x1a ./Core/Src/main.o
                0x08001cee                ArduinoJson::V742HB22::JsonDocument::~JsonDocument()
                0x08001cee                ArduinoJson::V742HB22::JsonDocument::~JsonDocument()
 .text._ZN11ArduinoJson8V742HB2212JsonDocument11shrinkToFitEv
                0x08001d08       0x18 ./Core/Src/main.o
                0x08001d08                ArduinoJson::V742HB22::JsonDocument::shrinkToFit()
 .text._ZN11ArduinoJson8V742HB2212JsonDocument5clearEv
                0x08001d20       0x22 ./Core/Src/main.o
                0x08001d20                ArduinoJson::V742HB22::JsonDocument::clear()
 .text._ZN11ArduinoJson8V742HB2212JsonDocument18getResourceManagerEv
                0x08001d42       0x14 ./Core/Src/main.o
                0x08001d42                ArduinoJson::V742HB22::JsonDocument::getResourceManager()
 .text._ZN11ArduinoJson8V742HB2212JsonDocument7getDataEv
                0x08001d56       0x16 ./Core/Src/main.o
                0x08001d56                ArduinoJson::V742HB22::JsonDocument::getData()
 .text._ZN11ArduinoJson8V742HB2212JsonDocument15getOrCreateDataEv
                0x08001d6c       0x16 ./Core/Src/main.o
                0x08001d6c                ArduinoJson::V742HB22::JsonDocument::getOrCreateData()
 .text._ZN11ArduinoJson8V742HB226detail9ArrayData10addElementEPNS1_15ResourceManagerE
                0x08001d82       0x54 ./Core/Src/main.o
                0x08001d82                ArduinoJson::V742HB22::detail::ArrayData::addElement(ArduinoJson::V742HB22::detail::ResourceManager*)
 .text._ZN11ArduinoJson8V742HB226detail18CollectionIteratorC2EPNS1_11VariantDataEt
                0x08001dd6       0x44 ./Core/Src/main.o
                0x08001dd6                ArduinoJson::V742HB22::detail::CollectionIterator::CollectionIterator(ArduinoJson::V742HB22::detail::VariantData*, unsigned short)
                0x08001dd6                ArduinoJson::V742HB22::detail::CollectionIterator::CollectionIterator(ArduinoJson::V742HB22::detail::VariantData*, unsigned short)
 .text._ZN11ArduinoJson8V742HB226detail18CollectionIterator4nextEPKNS1_15ResourceManagerE
                0x08001e1a       0x46 ./Core/Src/main.o
                0x08001e1a                ArduinoJson::V742HB22::detail::CollectionIterator::next(ArduinoJson::V742HB22::detail::ResourceManager const*)
 .text._ZNK11ArduinoJson8V742HB226detail14CollectionData14createIteratorEPKNS1_15ResourceManagerE
                0x08001e60       0x2e ./Core/Src/main.o
                0x08001e60                ArduinoJson::V742HB22::detail::CollectionData::createIterator(ArduinoJson::V742HB22::detail::ResourceManager const*) const
 .text._ZN11ArduinoJson8V742HB226detail14CollectionData9appendOneENS1_4SlotINS1_11VariantDataEEEPKNS1_15ResourceManagerE
                0x08001e8e       0x78 ./Core/Src/main.o
                0x08001e8e                ArduinoJson::V742HB22::detail::CollectionData::appendOne(ArduinoJson::V742HB22::detail::Slot<ArduinoJson::V742HB22::detail::VariantData>, ArduinoJson::V742HB22::detail::ResourceManager const*)
 .text._ZN11ArduinoJson8V742HB226detail14CollectionData10appendPairENS1_4SlotINS1_11VariantDataEEES5_PKNS1_15ResourceManagerE
                0x08001f06       0xa2 ./Core/Src/main.o
                0x08001f06                ArduinoJson::V742HB22::detail::CollectionData::appendPair(ArduinoJson::V742HB22::detail::Slot<ArduinoJson::V742HB22::detail::VariantData>, ArduinoJson::V742HB22::detail::Slot<ArduinoJson::V742HB22::detail::VariantData>, ArduinoJson::V742HB22::detail::ResourceManager const*)
 .text._ZN11ArduinoJson8V742HB226detail14CollectionData5clearEPNS1_15ResourceManagerE
                0x08001fa8       0x6c ./Core/Src/main.o
                0x08001fa8                ArduinoJson::V742HB22::detail::CollectionData::clear(ArduinoJson::V742HB22::detail::ResourceManager*)
 .text._ZN11ArduinoJson8V742HB226detail15ResourceManager12allocVariantEv
                0x08002014       0x80 ./Core/Src/main.o
                0x08002014                ArduinoJson::V742HB22::detail::ResourceManager::allocVariant()
 .text._ZN11ArduinoJson8V742HB226detail15ResourceManager11freeVariantENS1_4SlotINS1_11VariantDataEEE
                0x08002094       0x66 ./Core/Src/main.o
                0x08002094                ArduinoJson::V742HB22::detail::ResourceManager::freeVariant(ArduinoJson::V742HB22::detail::Slot<ArduinoJson::V742HB22::detail::VariantData>)
 .text._ZNK11ArduinoJson8V742HB226detail15ResourceManager10getVariantEt
                0x080020fa       0x24 ./Core/Src/main.o
                0x080020fa                ArduinoJson::V742HB22::detail::ResourceManager::getVariant(unsigned short) const
 .text._ZN11ArduinoJson8V742HB226detail15ResourceManager14allocExtensionEv
                0x0800211e       0x6e ./Core/Src/main.o
                0x0800211e                ArduinoJson::V742HB22::detail::ResourceManager::allocExtension()
 .text._ZN11ArduinoJson8V742HB226detail15ResourceManager13freeExtensionEt
                0x0800218c       0x42 ./Core/Src/main.o
                0x0800218c                ArduinoJson::V742HB22::detail::ResourceManager::freeExtension(unsigned short)
 .text._ZNK11ArduinoJson8V742HB226detail15ResourceManager12getExtensionEt
                0x080021ce       0x24 ./Core/Src/main.o
                0x080021ce                ArduinoJson::V742HB22::detail::ResourceManager::getExtension(unsigned short) const
 .text._ZN11ArduinoJson8V742HB226detail10ObjectData7addPairEPPNS1_11VariantDataEPNS1_15ResourceManagerE
                0x080021f2       0x94 ./Core/Src/main.o
                0x080021f2                ArduinoJson::V742HB22::detail::ObjectData::addPair(ArduinoJson::V742HB22::detail::VariantData**, ArduinoJson::V742HB22::detail::ResourceManager*)
 .text._ZN11ArduinoJson8V742HB226detail14EscapeSequence12unescapeCharEc
                0x08002286       0x40 ./Core/Src/main.o
                0x08002286                ArduinoJson::V742HB22::detail::EscapeSequence::unescapeChar(char)
 *fill*         0x080022c6        0x2 
 .text._ZN11ArduinoJson8V742HB226detail14EscapeSequence11escapeTableEb
                0x080022c8       0x28 ./Core/Src/main.o
                0x080022c8                ArduinoJson::V742HB22::detail::EscapeSequence::escapeTable(bool)
 .text._ZN11ArduinoJson8V742HB226detail13StringBuilderC2EPNS1_15ResourceManagerE
                0x080022f0       0x28 ./Core/Src/main.o
                0x080022f0                ArduinoJson::V742HB22::detail::StringBuilder::StringBuilder(ArduinoJson::V742HB22::detail::ResourceManager*)
                0x080022f0                ArduinoJson::V742HB22::detail::StringBuilder::StringBuilder(ArduinoJson::V742HB22::detail::ResourceManager*)
 .text._ZN11ArduinoJson8V742HB226detail13StringBuilderD2Ev
                0x08002318       0x2a ./Core/Src/main.o
                0x08002318                ArduinoJson::V742HB22::detail::StringBuilder::~StringBuilder()
                0x08002318                ArduinoJson::V742HB22::detail::StringBuilder::~StringBuilder()
 .text._ZN11ArduinoJson8V742HB226detail13StringBuilder11startStringEv
                0x08002342       0x30 ./Core/Src/main.o
                0x08002342                ArduinoJson::V742HB22::detail::StringBuilder::startString()
 .text._ZN11ArduinoJson8V742HB226detail13StringBuilder4saveEPNS1_11VariantDataE
                0x08002372       0xbe ./Core/Src/main.o
                0x08002372                ArduinoJson::V742HB22::detail::StringBuilder::save(ArduinoJson::V742HB22::detail::VariantData*)
 .text._ZN11ArduinoJson8V742HB226detail13StringBuilder6appendEc
                0x08002430       0x64 ./Core/Src/main.o
                0x08002430                ArduinoJson::V742HB22::detail::StringBuilder::append(char)
 .text._ZNK11ArduinoJson8V742HB226detail13StringBuilder7isValidEv
                0x08002494       0x20 ./Core/Src/main.o
                0x08002494                ArduinoJson::V742HB22::detail::StringBuilder::isValid() const
 .text._ZNK11ArduinoJson8V742HB226detail13StringBuilder3strEv
                0x080024b4       0x34 ./Core/Src/main.o
                0x080024b4                ArduinoJson::V742HB22::detail::StringBuilder::str() const
 .text._ZN11ArduinoJson8V742HB226detail11VariantData5clearEPNS1_15ResourceManagerE
                0x080024e8       0x6c ./Core/Src/main.o
                0x080024e8                ArduinoJson::V742HB22::detail::VariantData::clear(ArduinoJson::V742HB22::detail::ResourceManager*)
 .text._ZNK11ArduinoJson8V742HB226detail11VariantData12getExtensionEPKNS1_15ResourceManagerE
                0x08002554       0x36 ./Core/Src/main.o
                0x08002554                ArduinoJson::V742HB22::detail::VariantData::getExtension(ArduinoJson::V742HB22::detail::ResourceManager const*) const
 .text._ZN11ArduinoJson8V742HB2220DeserializationErrorC2ENS1_4CodeE
                0x0800258a       0x1e ./Core/Src/main.o
                0x0800258a                ArduinoJson::V742HB22::DeserializationError::DeserializationError(ArduinoJson::V742HB22::DeserializationError::Code)
                0x0800258a                ArduinoJson::V742HB22::DeserializationError::DeserializationError(ArduinoJson::V742HB22::DeserializationError::Code)
 .text._ZNK11ArduinoJson8V742HB2220DeserializationErrorcvbEv
                0x080025a8       0x20 ./Core/Src/main.o
                0x080025a8                ArduinoJson::V742HB22::DeserializationError::operator bool() const
 .text._ZNK11ArduinoJson8V742HB226detail14AllowAllFilter5allowEv
                0x080025c8       0x14 ./Core/Src/main.o
                0x080025c8                ArduinoJson::V742HB22::detail::AllowAllFilter::allow() const
 .text._ZNK11ArduinoJson8V742HB226detail14AllowAllFilter10allowArrayEv
                0x080025dc       0x14 ./Core/Src/main.o
                0x080025dc                ArduinoJson::V742HB22::detail::AllowAllFilter::allowArray() const
 .text._ZNK11ArduinoJson8V742HB226detail14AllowAllFilter11allowObjectEv
                0x080025f0       0x14 ./Core/Src/main.o
                0x080025f0                ArduinoJson::V742HB22::detail::AllowAllFilter::allowObject() const
 .text._ZNK11ArduinoJson8V742HB226detail14AllowAllFilter10allowValueEv
                0x08002604       0x14 ./Core/Src/main.o
                0x08002604                ArduinoJson::V742HB22::detail::AllowAllFilter::allowValue() const
 .text._ZN11ArduinoJson8V742HB2221DeserializationOption12NestingLimitC2Ev
                0x08002618       0x1a ./Core/Src/main.o
                0x08002618                ArduinoJson::V742HB22::DeserializationOption::NestingLimit::NestingLimit()
                0x08002618                ArduinoJson::V742HB22::DeserializationOption::NestingLimit::NestingLimit()
 .text._ZN11ArduinoJson8V742HB2221DeserializationOption12NestingLimitC2Eh
                0x08002632       0x1e ./Core/Src/main.o
                0x08002632                ArduinoJson::V742HB22::DeserializationOption::NestingLimit::NestingLimit(unsigned char)
                0x08002632                ArduinoJson::V742HB22::DeserializationOption::NestingLimit::NestingLimit(unsigned char)
 .text._ZNK11ArduinoJson8V742HB2221DeserializationOption12NestingLimit9decrementEv
                0x08002650       0x26 ./Core/Src/main.o
                0x08002650                ArduinoJson::V742HB22::DeserializationOption::NestingLimit::decrement() const
 .text._ZNK11ArduinoJson8V742HB2221DeserializationOption12NestingLimit7reachedEv
                0x08002676       0x20 ./Core/Src/main.o
                0x08002676                ArduinoJson::V742HB22::DeserializationOption::NestingLimit::reached() const
 .text._ZN11ArduinoJson8V742HB226detail26makeDeserializationOptionsENS0_21DeserializationOption12NestingLimitE
                0x08002696       0x24 ./Core/Src/main.o
                0x08002696                ArduinoJson::V742HB22::detail::makeDeserializationOptions(ArduinoJson::V742HB22::DeserializationOption::NestingLimit)
 .text._ZN11ArduinoJson8V742HB226detail18shrinkJsonDocumentERNS0_12JsonDocumentE
                0x080026ba       0x16 ./Core/Src/main.o
                0x080026ba                ArduinoJson::V742HB22::detail::shrinkJsonDocument(ArduinoJson::V742HB22::JsonDocument&)
 .text._ZN11ArduinoJson8V742HB226detail5Utf1615isHighSurrogateEt
                0x080026d0       0x2a ./Core/Src/main.o
                0x080026d0                ArduinoJson::V742HB22::detail::Utf16::isHighSurrogate(unsigned short)
 .text._ZN11ArduinoJson8V742HB226detail5Utf1614isLowSurrogateEt
                0x080026fa       0x2a ./Core/Src/main.o
                0x080026fa                ArduinoJson::V742HB22::detail::Utf16::isLowSurrogate(unsigned short)
 .text._ZN11ArduinoJson8V742HB226detail5Utf169CodepointC2Ev
                0x08002724       0x20 ./Core/Src/main.o
                0x08002724                ArduinoJson::V742HB22::detail::Utf16::Codepoint::Codepoint()
                0x08002724                ArduinoJson::V742HB22::detail::Utf16::Codepoint::Codepoint()
 .text._ZN11ArduinoJson8V742HB226detail5Utf169Codepoint6appendEt
                0x08002744       0x64 ./Core/Src/main.o
                0x08002744                ArduinoJson::V742HB22::detail::Utf16::Codepoint::append(unsigned short)
 .text._ZNK11ArduinoJson8V742HB226detail5Utf169Codepoint5valueEv
                0x080027a8       0x16 ./Core/Src/main.o
                0x080027a8                ArduinoJson::V742HB22::detail::Utf16::Codepoint::value() const
 .text._ZN11ArduinoJson8V742HB226detail7isdigitEc
                0x080027be       0x26 ./Core/Src/main.o
                0x080027be                ArduinoJson::V742HB22::detail::isdigit(char)
 .text._ZN11ArduinoJson8V742HB226detail11NumberValueC2Ev
                0x080027e4       0x14 ./Core/Src/main.o
                0x080027e4                ArduinoJson::V742HB22::detail::NumberValue::NumberValue()
                0x080027e4                ArduinoJson::V742HB22::detail::NumberValue::NumberValue()
 .text._ZN11ArduinoJson8V742HB226detail11NumberValueC2Ef
                0x080027f8       0x1c ./Core/Src/main.o
                0x080027f8                ArduinoJson::V742HB22::detail::NumberValue::NumberValue(float)
                0x080027f8                ArduinoJson::V742HB22::detail::NumberValue::NumberValue(float)
 .text._ZN11ArduinoJson8V742HB226detail11NumberValueC2Ex
                0x08002814       0x22 ./Core/Src/main.o
                0x08002814                ArduinoJson::V742HB22::detail::NumberValue::NumberValue(long long)
                0x08002814                ArduinoJson::V742HB22::detail::NumberValue::NumberValue(long long)
 .text._ZN11ArduinoJson8V742HB226detail11NumberValueC2Ey
                0x08002836       0x22 ./Core/Src/main.o
                0x08002836                ArduinoJson::V742HB22::detail::NumberValue::NumberValue(unsigned long long)
                0x08002836                ArduinoJson::V742HB22::detail::NumberValue::NumberValue(unsigned long long)
 .text._ZN11ArduinoJson8V742HB226detail11NumberValueC2Ed
                0x08002858       0x22 ./Core/Src/main.o
                0x08002858                ArduinoJson::V742HB22::detail::NumberValue::NumberValue(double)
                0x08002858                ArduinoJson::V742HB22::detail::NumberValue::NumberValue(double)
 .text._ZN11ArduinoJson8V742HB226detail6NumberC2Ev
                0x0800287a       0x22 ./Core/Src/main.o
                0x0800287a                ArduinoJson::V742HB22::detail::Number::Number()
                0x0800287a                ArduinoJson::V742HB22::detail::Number::Number()
 .text._ZN11ArduinoJson8V742HB226detail6NumberC2Ef
                0x0800289c       0x26 ./Core/Src/main.o
                0x0800289c                ArduinoJson::V742HB22::detail::Number::Number(float)
                0x0800289c                ArduinoJson::V742HB22::detail::Number::Number(float)
 .text._ZN11ArduinoJson8V742HB226detail6NumberC2Ex
                0x080028c2       0x2c ./Core/Src/main.o
                0x080028c2                ArduinoJson::V742HB22::detail::Number::Number(long long)
                0x080028c2                ArduinoJson::V742HB22::detail::Number::Number(long long)
 .text._ZN11ArduinoJson8V742HB226detail6NumberC2Ey
                0x080028ee       0x2c ./Core/Src/main.o
                0x080028ee                ArduinoJson::V742HB22::detail::Number::Number(unsigned long long)
                0x080028ee                ArduinoJson::V742HB22::detail::Number::Number(unsigned long long)
 .text._ZN11ArduinoJson8V742HB226detail6NumberC2Ed
                0x0800291a       0x2c ./Core/Src/main.o
                0x0800291a                ArduinoJson::V742HB22::detail::Number::Number(double)
                0x0800291a                ArduinoJson::V742HB22::detail::Number::Number(double)
 .text._ZNK11ArduinoJson8V742HB226detail6Number4typeEv
                0x08002946       0x16 ./Core/Src/main.o
                0x08002946                ArduinoJson::V742HB22::detail::Number::type() const
 .text._ZNK11ArduinoJson8V742HB226detail6Number15asSignedIntegerEv
                0x0800295c       0x1a ./Core/Src/main.o
                0x0800295c                ArduinoJson::V742HB22::detail::Number::asSignedInteger() const
 .text._ZNK11ArduinoJson8V742HB226detail6Number17asUnsignedIntegerEv
                0x08002976       0x1a ./Core/Src/main.o
                0x08002976                ArduinoJson::V742HB22::detail::Number::asUnsignedInteger() const
 .text._ZNK11ArduinoJson8V742HB226detail6Number7asFloatEv
                0x08002990       0x16 ./Core/Src/main.o
                0x08002990                ArduinoJson::V742HB22::detail::Number::asFloat() const
 .text._ZNK11ArduinoJson8V742HB226detail6Number8asDoubleEv
                0x080029a6       0x1a ./Core/Src/main.o
                0x080029a6                ArduinoJson::V742HB22::detail::Number::asDouble() const
 .text._ZN11ArduinoJson8V742HB226detail11parseNumberEPKc
                0x080029c0      0x44c ./Core/Src/main.o
                0x080029c0                ArduinoJson::V742HB22::detail::parseNumber(char const*)
 .text._ZSt16__deque_buf_sizej
                0x08002e0c       0x28 ./Core/Src/main.o
                0x08002e0c                std::__deque_buf_size(unsigned int)
 .text.HAL_UART_TxCpltCallback
                0x08002e34       0x50 ./Core/Src/main.o
                0x08002e34                HAL_UART_TxCpltCallback
 .text.UartPacket_IdleCallback
                0x08002e84      0x39c ./Core/Src/main.o
                0x08002e84                UartPacket_IdleCallback
 .text.main     0x08003220      0x104 ./Core/Src/main.o
                0x08003220                main
 .text._Z18SystemClock_Configv
                0x08003324       0xa6 ./Core/Src/main.o
                0x08003324                SystemClock_Config()
 *fill*         0x080033ca        0x2 
 .text._ZL12MX_IWDG_Initv
                0x080033cc       0x40 ./Core/Src/main.o
 .text._ZL19MX_USART1_UART_Initv
                0x0800340c       0x5c ./Core/Src/main.o
 .text._ZL11MX_DMA_Initv
                0x08003468       0x4c ./Core/Src/main.o
 .text._ZL12MX_GPIO_Initv
                0x080034b4       0xe0 ./Core/Src/main.o
 .text._Z18sendProcessControlP7Packets
                0x08003594       0xac ./Core/Src/main.o
                0x08003594                sendProcessControl(Packets*)
 .text._Z16rs485OneSendDataPhm
                0x08003640       0x54 ./Core/Src/main.o
                0x08003640                rs485OneSendData(unsigned char*, unsigned long)
 .text.HAL_TIM_PeriodElapsedCallback
                0x08003694       0x58 ./Core/Src/main.o
                0x08003694                HAL_TIM_PeriodElapsedCallback
 .text.Error_Handler
                0x080036ec        0xc ./Core/Src/main.o
                0x080036ec                Error_Handler
 .text._ZN11ArduinoJson8V742HB2210JsonStringC2ItLi0EEEPKcT_b
                0x080036f8       0x2c ./Core/Src/main.o
                0x080036f8                ArduinoJson::V742HB22::JsonString::JsonString<unsigned short, 0>(char const*, unsigned short, bool)
                0x080036f8                ArduinoJson::V742HB22::JsonString::JsonString<unsigned short, 0>(char const*, unsigned short, bool)
 .text._ZN11ArduinoJson8V742HB226detail14MemoryPoolListINS1_15ResourceManager8SlotDataEED2Ev
                0x08003724       0x14 ./Core/Src/main.o
                0x08003724                ArduinoJson::V742HB22::detail::MemoryPoolList<ArduinoJson::V742HB22::detail::ResourceManager::SlotData>::~MemoryPoolList()
                0x08003724                ArduinoJson::V742HB22::detail::MemoryPoolList<ArduinoJson::V742HB22::detail::ResourceManager::SlotData>::~MemoryPoolList()
 .text._ZN11ArduinoJson8V742HB226detail14MemoryPoolListINS1_15ResourceManager8SlotDataEE5clearEPNS0_9AllocatorE
                0x08003738       0x70 ./Core/Src/main.o
                0x08003738                ArduinoJson::V742HB22::detail::MemoryPoolList<ArduinoJson::V742HB22::detail::ResourceManager::SlotData>::clear(ArduinoJson::V742HB22::Allocator*)
 .text._ZN11ArduinoJson8V742HB226detail14MemoryPoolListINS1_15ResourceManager8SlotDataEE11shrinkToFitEPNS0_9AllocatorE
                0x080037a8       0x6e ./Core/Src/main.o
                0x080037a8                ArduinoJson::V742HB22::detail::MemoryPoolList<ArduinoJson::V742HB22::detail::ResourceManager::SlotData>::shrinkToFit(ArduinoJson::V742HB22::Allocator*)
 .text._ZN11ArduinoJson8V742HB226detail15VariantAttorney7getDataINS0_11JsonVariantEEEDTcldtfp_7getDataEERT_
                0x08003816       0x18 ./Core/Src/main.o
                0x08003816                decltype (({parm#1}.getData)()) ArduinoJson::V742HB22::detail::VariantAttorney::getData<ArduinoJson::V742HB22::JsonVariant>(ArduinoJson::V742HB22::JsonVariant&)
 .text._ZN11ArduinoJson8V742HB226detail15VariantAttorney7getDataINS0_16JsonVariantConstEEEDTcldtfp_7getDataEERT_
                0x0800382e       0x18 ./Core/Src/main.o
                0x0800382e                decltype (({parm#1}.getData)()) ArduinoJson::V742HB22::detail::VariantAttorney::getData<ArduinoJson::V742HB22::JsonVariantConst>(ArduinoJson::V742HB22::JsonVariantConst&)
 .text._ZN11ArduinoJson8V742HB226detail15VariantAttorney18getResourceManagerINS0_16JsonVariantConstEEEDTcldtfp_18getResourceManagerEERT_
                0x08003846       0x18 ./Core/Src/main.o
                0x08003846                decltype (({parm#1}.getResourceManager)()) ArduinoJson::V742HB22::detail::VariantAttorney::getResourceManager<ArduinoJson::V742HB22::JsonVariantConst>(ArduinoJson::V742HB22::JsonVariantConst&)
 .text._ZNK11ArduinoJson8V742HB226detail4SlotINS1_11VariantDataEEcvbEv
                0x0800385e       0x20 ./Core/Src/main.o
                0x0800385e                ArduinoJson::V742HB22::detail::Slot<ArduinoJson::V742HB22::detail::VariantData>::operator bool() const
 .text._ZNK11ArduinoJson8V742HB226detail4SlotINS1_11VariantDataEE3ptrEv
                0x0800387e       0x16 ./Core/Src/main.o
                0x0800387e                ArduinoJson::V742HB22::detail::Slot<ArduinoJson::V742HB22::detail::VariantData>::ptr() const
 .text._ZNK11ArduinoJson8V742HB226detail4SlotINS1_11VariantDataEE2idEv
                0x08003894       0x16 ./Core/Src/main.o
                0x08003894                ArduinoJson::V742HB22::detail::Slot<ArduinoJson::V742HB22::detail::VariantData>::id() const
 .text._ZNK11ArduinoJson8V742HB226detail4SlotINS1_11VariantDataEEptEv
                0x080038aa       0x16 ./Core/Src/main.o
                0x080038aa                ArduinoJson::V742HB22::detail::Slot<ArduinoJson::V742HB22::detail::VariantData>::operator->() const
 .text._ZN11ArduinoJson8V742HB226detail4SlotINS1_11VariantDataEEC2EPS3_t
                0x080038c0       0x26 ./Core/Src/main.o
                0x080038c0                ArduinoJson::V742HB22::detail::Slot<ArduinoJson::V742HB22::detail::VariantData>::Slot(ArduinoJson::V742HB22::detail::VariantData*, unsigned short)
                0x080038c0                ArduinoJson::V742HB22::detail::Slot<ArduinoJson::V742HB22::detail::VariantData>::Slot(ArduinoJson::V742HB22::detail::VariantData*, unsigned short)
 .text._ZN11ArduinoJson8V742HB226detail4SlotINS1_11VariantDataEEC2Ev
                0x080038e6       0x22 ./Core/Src/main.o
                0x080038e6                ArduinoJson::V742HB22::detail::Slot<ArduinoJson::V742HB22::detail::VariantData>::Slot()
                0x080038e6                ArduinoJson::V742HB22::detail::Slot<ArduinoJson::V742HB22::detail::VariantData>::Slot()
 .text._ZN11ArduinoJson8V742HB226detail14MemoryPoolListINS1_15ResourceManager8SlotDataEE9allocSlotEPNS0_9AllocatorE
                0x08003908       0x86 ./Core/Src/main.o
                0x08003908                ArduinoJson::V742HB22::detail::MemoryPoolList<ArduinoJson::V742HB22::detail::ResourceManager::SlotData>::allocSlot(ArduinoJson::V742HB22::Allocator*)
 .text._ZNK11ArduinoJson8V742HB226detail4SlotINS1_15ResourceManager8SlotDataEEcvbEv
                0x0800398e       0x20 ./Core/Src/main.o
                0x0800398e                ArduinoJson::V742HB22::detail::Slot<ArduinoJson::V742HB22::detail::ResourceManager::SlotData>::operator bool() const
 .text._ZNK11ArduinoJson8V742HB226detail4SlotINS1_15ResourceManager8SlotDataEEptEv
                0x080039ae       0x16 ./Core/Src/main.o
                0x080039ae                ArduinoJson::V742HB22::detail::Slot<ArduinoJson::V742HB22::detail::ResourceManager::SlotData>::operator->() const
 .text._ZNK11ArduinoJson8V742HB226detail4SlotINS1_15ResourceManager8SlotDataEE2idEv
                0x080039c4       0x16 ./Core/Src/main.o
                0x080039c4                ArduinoJson::V742HB22::detail::Slot<ArduinoJson::V742HB22::detail::ResourceManager::SlotData>::id() const
 .text._ZN11ArduinoJson8V742HB226detail10alias_castIPNS1_15ResourceManager8SlotDataEPNS1_11VariantDataEEET_T0_
                0x080039da       0x18 ./Core/Src/main.o
                0x080039da                ArduinoJson::V742HB22::detail::ResourceManager::SlotData* ArduinoJson::V742HB22::detail::alias_cast<ArduinoJson::V742HB22::detail::ResourceManager::SlotData*, ArduinoJson::V742HB22::detail::VariantData*>(ArduinoJson::V742HB22::detail::VariantData*)
 .text._ZN11ArduinoJson8V742HB226detail4SlotINS1_15ResourceManager8SlotDataEEC2EPS4_t
                0x080039f2       0x26 ./Core/Src/main.o
                0x080039f2                ArduinoJson::V742HB22::detail::Slot<ArduinoJson::V742HB22::detail::ResourceManager::SlotData>::Slot(ArduinoJson::V742HB22::detail::ResourceManager::SlotData*, unsigned short)
                0x080039f2                ArduinoJson::V742HB22::detail::Slot<ArduinoJson::V742HB22::detail::ResourceManager::SlotData>::Slot(ArduinoJson::V742HB22::detail::ResourceManager::SlotData*, unsigned short)
 .text._ZN11ArduinoJson8V742HB226detail14MemoryPoolListINS1_15ResourceManager8SlotDataEE8freeSlotENS1_4SlotIS4_EE
                0x08003a18       0x38 ./Core/Src/main.o
                0x08003a18                ArduinoJson::V742HB22::detail::MemoryPoolList<ArduinoJson::V742HB22::detail::ResourceManager::SlotData>::freeSlot(ArduinoJson::V742HB22::detail::Slot<ArduinoJson::V742HB22::detail::ResourceManager::SlotData>)
 .text._ZNK11ArduinoJson8V742HB226detail14MemoryPoolListINS1_15ResourceManager8SlotDataEE7getSlotEt
                0x08003a50       0x48 ./Core/Src/main.o
                0x08003a50                ArduinoJson::V742HB22::detail::MemoryPoolList<ArduinoJson::V742HB22::detail::ResourceManager::SlotData>::getSlot(unsigned short) const
 .text._ZN11ArduinoJson8V742HB226detail4SlotINS1_16VariantExtensionEEC2Ev
                0x08003a98       0x22 ./Core/Src/main.o
                0x08003a98                ArduinoJson::V742HB22::detail::Slot<ArduinoJson::V742HB22::detail::VariantExtension>::Slot()
                0x08003a98                ArduinoJson::V742HB22::detail::Slot<ArduinoJson::V742HB22::detail::VariantExtension>::Slot()
 .text._ZN11ArduinoJson8V742HB226detail4SlotINS1_16VariantExtensionEEC2EPS3_t
                0x08003aba       0x26 ./Core/Src/main.o
                0x08003aba                ArduinoJson::V742HB22::detail::Slot<ArduinoJson::V742HB22::detail::VariantExtension>::Slot(ArduinoJson::V742HB22::detail::VariantExtension*, unsigned short)
                0x08003aba                ArduinoJson::V742HB22::detail::Slot<ArduinoJson::V742HB22::detail::VariantExtension>::Slot(ArduinoJson::V742HB22::detail::VariantExtension*, unsigned short)
 .text._ZN11ArduinoJson8V742HB226detailL12isTinyStringIPcEEbRKT_j
                0x08003ae0       0x62 ./Core/Src/main.o
 .text._ZN11ArduinoJson8V742HB226detail11adaptStringIcEENS1_16StringAdapterForINS1_11conditionalIXsrNS1_15IsStringLiteralIPT_EE5valueES7_NS1_9remove_cvINS1_16remove_referenceIS7_E4typeEE4typeEE4typeEvE13AdaptedStringES7_j
                0x08003b42       0x22 ./Core/Src/main.o
                0x08003b42                ArduinoJson::V742HB22::detail::StringAdapterFor<ArduinoJson::V742HB22::detail::conditional<ArduinoJson::V742HB22::detail::IsStringLiteral<char*>::value, char*, ArduinoJson::V742HB22::detail::remove_cv<ArduinoJson::V742HB22::detail::remove_reference<char*>::type>::type>::type, void>::AdaptedString ArduinoJson::V742HB22::detail::adaptString<char>(char*, unsigned int)
 .text._ZN11ArduinoJson8V742HB226detail11VariantData13setTinyStringINS1_9RamStringEEEvRKT_
                0x08003b64       0x54 ./Core/Src/main.o
                0x08003b64                void ArduinoJson::V742HB22::detail::VariantData::setTinyString<ArduinoJson::V742HB22::detail::RamString>(ArduinoJson::V742HB22::detail::RamString const&)
 .text._ZNK11ArduinoJson8V742HB226detail15ResourceManager9getStringINS1_9RamStringEEEPNS1_10StringNodeERKT_
                0x08003bb8       0x20 ./Core/Src/main.o
                0x08003bb8                ArduinoJson::V742HB22::detail::StringNode* ArduinoJson::V742HB22::detail::ResourceManager::getString<ArduinoJson::V742HB22::detail::RamString>(ArduinoJson::V742HB22::detail::RamString const&) const
 .text._ZN11ArduinoJson8V742HB2210JsonStringC2IjLi0EEEPKcT_b
                0x08003bd8       0x24 ./Core/Src/main.o
                0x08003bd8                ArduinoJson::V742HB22::JsonString::JsonString<unsigned int, 0>(char const*, unsigned int, bool)
                0x08003bd8                ArduinoJson::V742HB22::JsonString::JsonString<unsigned int, 0>(char const*, unsigned int, bool)
 .text._ZN11ArduinoJson8V742HB226detail15VariantAttorney18getResourceManagerINS0_11JsonVariantEEEDTcldtfp_18getResourceManagerEERT_
                0x08003bfc       0x18 ./Core/Src/main.o
                0x08003bfc                decltype (({parm#1}.getResourceManager)()) ArduinoJson::V742HB22::detail::VariantAttorney::getResourceManager<ArduinoJson::V742HB22::JsonVariant>(ArduinoJson::V742HB22::JsonVariant&)
 .text._ZN11ArduinoJson8V742HB226detail11adaptStringIRPKcEENS1_16StringAdapterForINS1_11conditionalIXsrNS1_15IsStringLiteralIT_EE5valueES9_NS1_9remove_cvINS1_16remove_referenceIS9_E4typeEE4typeEE4typeEvE13AdaptedStringEOS9_
                0x08003c14       0x28 ./Core/Src/main.o
                0x08003c14                ArduinoJson::V742HB22::detail::StringAdapterFor<ArduinoJson::V742HB22::detail::conditional<ArduinoJson::V742HB22::detail::IsStringLiteral<char const*&>::value, char const*&, ArduinoJson::V742HB22::detail::remove_cv<ArduinoJson::V742HB22::detail::remove_reference<char const*&>::type>::type>::type, void>::AdaptedString ArduinoJson::V742HB22::detail::adaptString<char const*&>(char const*&)
 .text._ZN11ArduinoJson8V742HB226detail11VariantData9setStringINS1_9RamStringEEEvPS2_T_PNS1_15ResourceManagerE
                0x08003c3c       0x34 ./Core/Src/main.o
                0x08003c3c                void ArduinoJson::V742HB22::detail::VariantData::setString<ArduinoJson::V742HB22::detail::RamString>(ArduinoJson::V742HB22::detail::VariantData*, ArduinoJson::V742HB22::detail::RamString, ArduinoJson::V742HB22::detail::ResourceManager*)
 .text._ZN11ArduinoJson8V742HB226detail11adaptStringIRNS0_10JsonStringEEENS1_16StringAdapterForINS1_11conditionalIXsrNS1_15IsStringLiteralIT_EE5valueES8_NS1_9remove_cvINS1_16remove_referenceIS8_E4typeEE4typeEE4typeEvE13AdaptedStringEOS8_
                0x08003c70       0x2a ./Core/Src/main.o
                0x08003c70                ArduinoJson::V742HB22::detail::StringAdapterFor<ArduinoJson::V742HB22::detail::conditional<ArduinoJson::V742HB22::detail::IsStringLiteral<ArduinoJson::V742HB22::JsonString&>::value, ArduinoJson::V742HB22::JsonString&, ArduinoJson::V742HB22::detail::remove_cv<ArduinoJson::V742HB22::detail::remove_reference<ArduinoJson::V742HB22::JsonString&>::type>::type>::type, void>::AdaptedString ArduinoJson::V742HB22::detail::adaptString<ArduinoJson::V742HB22::JsonString&>(ArduinoJson::V742HB22::JsonString&)
 *fill*         0x08003c9a        0x2 
 .text._ZN11ArduinoJson8V742HB226detail11FloatTraitsIdLj8EE3infEv
                0x08003c9c       0x1c ./Core/Src/main.o
                0x08003c9c                ArduinoJson::V742HB22::detail::FloatTraits<double, 8u>::inf()
 .text._ZN11ArduinoJson8V742HB226detail10make_floatIdiEET_S3_T0_
                0x08003cb8       0x82 ./Core/Src/main.o
                0x08003cb8                double ArduinoJson::V742HB22::detail::make_float<double, int>(double, int)
 .text._ZN11ArduinoJson8V742HB226detail10make_floatIfiEET_S3_T0_
                0x08003d3a       0x76 ./Core/Src/main.o
                0x08003d3a                float ArduinoJson::V742HB22::detail::make_float<float, int>(float, int)
 .text._ZN11ArduinoJson8V742HB2215deserializeJsonIRNS0_12JsonDocumentEhJELi0EEENS0_20DeserializationErrorEOT_PT0_DpOT1_
                0x08003db0       0x26 ./Core/Src/main.o
                0x08003db0                ArduinoJson::V742HB22::DeserializationError ArduinoJson::V742HB22::deserializeJson<ArduinoJson::V742HB22::JsonDocument&, unsigned char, , 0>(ArduinoJson::V742HB22::JsonDocument&, unsigned char*)
 .text._ZN11ArduinoJson8V742HB2212JsonDocumentixIA5_cLi0EEENS0_6detail11MemberProxyIRS1_NS4_13StringAdapterINS4_11conditionalIXsrNS4_15IsStringLiteralIT_EE5valueESA_NS4_9remove_cvINS4_16remove_referenceISA_E4typeEE4typeEE4typeEvE13AdaptedStringEEERKSA_
                0x08003dd6       0x32 ./Core/Src/main.o
                0x08003dd6                ArduinoJson::V742HB22::detail::MemberProxy<ArduinoJson::V742HB22::JsonDocument&, ArduinoJson::V742HB22::detail::StringAdapter<ArduinoJson::V742HB22::detail::conditional<ArduinoJson::V742HB22::detail::IsStringLiteral<char [5]>::value, char [5], ArduinoJson::V742HB22::detail::remove_cv<ArduinoJson::V742HB22::detail::remove_reference<char [5]>::type>::type>::type, void>::AdaptedString> ArduinoJson::V742HB22::JsonDocument::operator[]<char [5], 0>(char const (&) [5])
 .text._ZNK11ArduinoJson8V742HB226detail14VariantRefBaseINS1_11MemberProxyIRNS0_12JsonDocumentENS1_9RamStringEEEE2asIiEET_v
                0x08003e08       0x44 ./Core/Src/main.o
                0x08003e08                int ArduinoJson::V742HB22::detail::VariantRefBase<ArduinoJson::V742HB22::detail::MemberProxy<ArduinoJson::V742HB22::JsonDocument&, ArduinoJson::V742HB22::detail::RamString> >::as<int>() const
 .text._ZN11ArduinoJson8V742HB226detailneIKcEEbRKNS1_11MemberProxyIRNS0_12JsonDocumentENS1_9RamStringEEEPT_
                0x08003e4c       0x3a ./Core/Src/main.o
                0x08003e4c                bool ArduinoJson::V742HB22::detail::operator!=<char const>(ArduinoJson::V742HB22::detail::MemberProxy<ArduinoJson::V742HB22::JsonDocument&, ArduinoJson::V742HB22::detail::RamString> const&, char const*)
 .text._ZN11ArduinoJson8V742HB2212JsonDocumentixIA4_cLi0EEENS0_6detail11MemberProxyIRS1_NS4_13StringAdapterINS4_11conditionalIXsrNS4_15IsStringLiteralIT_EE5valueESA_NS4_9remove_cvINS4_16remove_referenceISA_E4typeEE4typeEE4typeEvE13AdaptedStringEEERKSA_
                0x08003e86       0x32 ./Core/Src/main.o
                0x08003e86                ArduinoJson::V742HB22::detail::MemberProxy<ArduinoJson::V742HB22::JsonDocument&, ArduinoJson::V742HB22::detail::StringAdapter<ArduinoJson::V742HB22::detail::conditional<ArduinoJson::V742HB22::detail::IsStringLiteral<char [4]>::value, char [4], ArduinoJson::V742HB22::detail::remove_cv<ArduinoJson::V742HB22::detail::remove_reference<char [4]>::type>::type>::type, void>::AdaptedString> ArduinoJson::V742HB22::JsonDocument::operator[]<char [4], 0>(char const (&) [4])
 .text._ZN11ArduinoJson8V742HB226detaileqIKcEEbRKNS1_11MemberProxyIRNS0_12JsonDocumentENS1_9RamStringEEEPT_
                0x08003eb8       0x3a ./Core/Src/main.o
                0x08003eb8                bool ArduinoJson::V742HB22::detail::operator==<char const>(ArduinoJson::V742HB22::detail::MemberProxy<ArduinoJson::V742HB22::JsonDocument&, ArduinoJson::V742HB22::detail::RamString> const&, char const*)
 .text._ZN11ArduinoJson8V742HB226detail11MemberProxyIRNS0_12JsonDocumentENS1_9RamStringEEaSI11MessageTypeEERS6_RKT_
                0x08003ef2       0x1c ./Core/Src/main.o
                0x08003ef2                ArduinoJson::V742HB22::detail::MemberProxy<ArduinoJson::V742HB22::JsonDocument&, ArduinoJson::V742HB22::detail::RamString>& ArduinoJson::V742HB22::detail::MemberProxy<ArduinoJson::V742HB22::JsonDocument&, ArduinoJson::V742HB22::detail::RamString>::operator=<MessageType>(MessageType const&)
 .text._ZN11ArduinoJson8V742HB2212JsonDocumentixIA6_cLi0EEENS0_6detail11MemberProxyIRS1_NS4_13StringAdapterINS4_11conditionalIXsrNS4_15IsStringLiteralIT_EE5valueESA_NS4_9remove_cvINS4_16remove_referenceISA_E4typeEE4typeEE4typeEvE13AdaptedStringEEERKSA_
                0x08003f0e       0x32 ./Core/Src/main.o
                0x08003f0e                ArduinoJson::V742HB22::detail::MemberProxy<ArduinoJson::V742HB22::JsonDocument&, ArduinoJson::V742HB22::detail::StringAdapter<ArduinoJson::V742HB22::detail::conditional<ArduinoJson::V742HB22::detail::IsStringLiteral<char [6]>::value, char [6], ArduinoJson::V742HB22::detail::remove_cv<ArduinoJson::V742HB22::detail::remove_reference<char [6]>::type>::type>::type, void>::AdaptedString> ArduinoJson::V742HB22::JsonDocument::operator[]<char [6], 0>(char const (&) [6])
 .text._ZN11ArduinoJson8V742HB226detail11MemberProxyIRNS0_12JsonDocumentENS1_9RamStringEEaSI6StatesEERS6_RKT_
                0x08003f40       0x1c ./Core/Src/main.o
                0x08003f40                ArduinoJson::V742HB22::detail::MemberProxy<ArduinoJson::V742HB22::JsonDocument&, ArduinoJson::V742HB22::detail::RamString>& ArduinoJson::V742HB22::detail::MemberProxy<ArduinoJson::V742HB22::JsonDocument&, ArduinoJson::V742HB22::detail::RamString>::operator=<States>(States const&)
 .text._ZN11ArduinoJson8V742HB226detail11MemberProxyIRNS0_12JsonDocumentENS1_9RamStringEEaSIA3_cEERS6_RKT_
                0x08003f5c       0x1c ./Core/Src/main.o
                0x08003f5c                ArduinoJson::V742HB22::detail::MemberProxy<ArduinoJson::V742HB22::JsonDocument&, ArduinoJson::V742HB22::detail::RamString>& ArduinoJson::V742HB22::detail::MemberProxy<ArduinoJson::V742HB22::JsonDocument&, ArduinoJson::V742HB22::detail::RamString>::operator=<char [3]>(char const (&) [3])
 .text._ZN11ArduinoJson8V742HB226detail11MemberProxyIRNS0_12JsonDocumentENS1_9RamStringEEaSImEERS6_RKT_
                0x08003f78       0x1c ./Core/Src/main.o
                0x08003f78                ArduinoJson::V742HB22::detail::MemberProxy<ArduinoJson::V742HB22::JsonDocument&, ArduinoJson::V742HB22::detail::RamString>& ArduinoJson::V742HB22::detail::MemberProxy<ArduinoJson::V742HB22::JsonDocument&, ArduinoJson::V742HB22::detail::RamString>::operator=<unsigned long>(unsigned long const&)
 .text._ZN11ArduinoJson8V742HB226detail11MemberProxyIRNS0_12JsonDocumentENS1_9RamStringEEaSIfEERS6_RKT_
                0x08003f94       0x1c ./Core/Src/main.o
                0x08003f94                ArduinoJson::V742HB22::detail::MemberProxy<ArduinoJson::V742HB22::JsonDocument&, ArduinoJson::V742HB22::detail::RamString>& ArduinoJson::V742HB22::detail::MemberProxy<ArduinoJson::V742HB22::JsonDocument&, ArduinoJson::V742HB22::detail::RamString>::operator=<float>(float const&)
 .text._ZN11ArduinoJson8V742HB226detail10MemoryPoolINS1_15ResourceManager8SlotDataEE7destroyEPNS0_9AllocatorE
                0x08003fb0       0x3e ./Core/Src/main.o
                0x08003fb0                ArduinoJson::V742HB22::detail::MemoryPool<ArduinoJson::V742HB22::detail::ResourceManager::SlotData>::destroy(ArduinoJson::V742HB22::Allocator*)
 .text._ZN11ArduinoJson8V742HB226detail10MemoryPoolINS1_15ResourceManager8SlotDataEE12slotsToBytesEt
                0x08003fee       0x18 ./Core/Src/main.o
                0x08003fee                ArduinoJson::V742HB22::detail::MemoryPool<ArduinoJson::V742HB22::detail::ResourceManager::SlotData>::slotsToBytes(unsigned short)
 .text._ZN11ArduinoJson8V742HB226detail10MemoryPoolINS1_15ResourceManager8SlotDataEE11shrinkToFitEPNS0_9AllocatorE
                0x08004006       0x4a ./Core/Src/main.o
                0x08004006                ArduinoJson::V742HB22::detail::MemoryPool<ArduinoJson::V742HB22::detail::ResourceManager::SlotData>::shrinkToFit(ArduinoJson::V742HB22::Allocator*)
 .text._ZN11ArduinoJson8V742HB226detail10ObjectData9getMemberINS1_9RamStringEEEPNS1_11VariantDataEPKS2_T_PKNS1_15ResourceManagerE
                0x08004050       0x32 ./Core/Src/main.o
                0x08004050                ArduinoJson::V742HB22::detail::VariantData* ArduinoJson::V742HB22::detail::ObjectData::getMember<ArduinoJson::V742HB22::detail::RamString>(ArduinoJson::V742HB22::detail::ObjectData const*, ArduinoJson::V742HB22::detail::RamString, ArduinoJson::V742HB22::detail::ResourceManager const*)
 .text._ZN11ArduinoJson8V742HB226detail14MemoryPoolListINS1_15ResourceManager8SlotDataEE17allocFromFreeListEv
                0x08004082       0x3a ./Core/Src/main.o
                0x08004082                ArduinoJson::V742HB22::detail::MemoryPoolList<ArduinoJson::V742HB22::detail::ResourceManager::SlotData>::allocFromFreeList()
 .text._ZN11ArduinoJson8V742HB226detail14MemoryPoolListINS1_15ResourceManager8SlotDataEE17allocFromLastPoolEv
                0x080040bc       0x7a ./Core/Src/main.o
                0x080040bc                ArduinoJson::V742HB22::detail::MemoryPoolList<ArduinoJson::V742HB22::detail::ResourceManager::SlotData>::allocFromLastPool()
 .text._ZN11ArduinoJson8V742HB226detail14MemoryPoolListINS1_15ResourceManager8SlotDataEE7addPoolEPNS0_9AllocatorE
                0x08004136       0x78 ./Core/Src/main.o
                0x08004136                ArduinoJson::V742HB22::detail::MemoryPoolList<ArduinoJson::V742HB22::detail::ResourceManager::SlotData>::addPool(ArduinoJson::V742HB22::Allocator*)
 .text._ZN11ArduinoJson8V742HB226detail4SlotINS1_15ResourceManager8SlotDataEEC2Ev
                0x080041ae       0x22 ./Core/Src/main.o
                0x080041ae                ArduinoJson::V742HB22::detail::Slot<ArduinoJson::V742HB22::detail::ResourceManager::SlotData>::Slot()
                0x080041ae                ArduinoJson::V742HB22::detail::Slot<ArduinoJson::V742HB22::detail::ResourceManager::SlotData>::Slot()
 .text._ZNK11ArduinoJson8V742HB226detail4SlotINS1_15ResourceManager8SlotDataEE3ptrEv
                0x080041d0       0x16 ./Core/Src/main.o
                0x080041d0                ArduinoJson::V742HB22::detail::Slot<ArduinoJson::V742HB22::detail::ResourceManager::SlotData>::ptr() const
 .text._ZNK11ArduinoJson8V742HB226detail10MemoryPoolINS1_15ResourceManager8SlotDataEE7getSlotEt
                0x080041e6       0x20 ./Core/Src/main.o
                0x080041e6                ArduinoJson::V742HB22::detail::MemoryPool<ArduinoJson::V742HB22::detail::ResourceManager::SlotData>::getSlot(unsigned short) const
 *fill*         0x08004206        0x2 
 .text._ZN11ArduinoJson8V742HB226detail11FloatTraitsIdLj8EE25positiveBinaryPowersOfTenEv
                0x08004208       0x20 ./Core/Src/main.o
                0x08004208                ArduinoJson::V742HB22::detail::FloatTraits<double, 8u>::positiveBinaryPowersOfTen()
 .text._ZNK11ArduinoJson8V742HB226detail7pgm_ptrIdEixEi
                0x08004228       0x28 ./Core/Src/main.o
                0x08004228                ArduinoJson::V742HB22::detail::pgm_ptr<double>::operator[](int) const
 .text._ZN11ArduinoJson8V742HB226detail11FloatTraitsIdLj8EE25negativeBinaryPowersOfTenEv
                0x08004250       0x20 ./Core/Src/main.o
                0x08004250                ArduinoJson::V742HB22::detail::FloatTraits<double, 8u>::negativeBinaryPowersOfTen()
 .text._ZN11ArduinoJson8V742HB226detail18SizedStringAdapterIPcvE5adaptEPKcj
                0x08004270       0x20 ./Core/Src/main.o
                0x08004270                ArduinoJson::V742HB22::detail::SizedStringAdapter<char*, void>::adapt(char const*, unsigned int)
 .text._ZNK11ArduinoJson8V742HB226detail10StringPool3getINS1_9RamStringEEEPNS1_10StringNodeERKT_
                0x08004290       0x60 ./Core/Src/main.o
                0x08004290                ArduinoJson::V742HB22::detail::StringNode* ArduinoJson::V742HB22::detail::StringPool::get<ArduinoJson::V742HB22::detail::RamString>(ArduinoJson::V742HB22::detail::RamString const&) const
 .text._ZN11ArduinoJson8V742HB226detail7forwardIRPKcEEOT_RNS1_16remove_referenceIS6_E4typeE
                0x080042f0       0x14 ./Core/Src/main.o
                0x080042f0                char const*& ArduinoJson::V742HB22::detail::forward<char const*&>(ArduinoJson::V742HB22::detail::remove_reference<char const*&>::type&)
 .text._ZN11ArduinoJson8V742HB226detail13StringAdapterIPKcvE5adaptES4_
                0x08004304       0x32 ./Core/Src/main.o
                0x08004304                ArduinoJson::V742HB22::detail::StringAdapter<char const*, void>::adapt(char const*)
 .text._ZN11ArduinoJson8V742HB226detail11VariantData9setStringINS1_9RamStringEEEbT_PNS1_15ResourceManagerE
                0x08004336       0x94 ./Core/Src/main.o
                0x08004336                bool ArduinoJson::V742HB22::detail::VariantData::setString<ArduinoJson::V742HB22::detail::RamString>(ArduinoJson::V742HB22::detail::RamString, ArduinoJson::V742HB22::detail::ResourceManager*)
 .text._ZN11ArduinoJson8V742HB226detail7forwardIRNS0_10JsonStringEEEOT_RNS1_16remove_referenceIS5_E4typeE
                0x080043ca       0x14 ./Core/Src/main.o
                0x080043ca                ArduinoJson::V742HB22::JsonString& ArduinoJson::V742HB22::detail::forward<ArduinoJson::V742HB22::JsonString&>(ArduinoJson::V742HB22::detail::remove_reference<ArduinoJson::V742HB22::JsonString&>::type&)
 .text._ZNK11ArduinoJson8V742HB226detail14VariantRefBaseINS0_11JsonVariantEE15getOrCreateDataEv
                0x080043de       0x20 ./Core/Src/main.o
                0x080043de                ArduinoJson::V742HB22::detail::VariantRefBase<ArduinoJson::V742HB22::JsonVariant>::getOrCreateData() const
 .text._ZNK11ArduinoJson8V742HB226detail14VariantRefBaseINS0_11JsonVariantEE18getResourceManagerEv
                0x080043fe       0x20 ./Core/Src/main.o
                0x080043fe                ArduinoJson::V742HB22::detail::VariantRefBase<ArduinoJson::V742HB22::JsonVariant>::getResourceManager() const
 .text._ZN11ArduinoJson8V742HB226detail11FloatTraitsIdLj8EE5forgeEy
                0x0800441e       0x20 ./Core/Src/main.o
                0x0800441e                ArduinoJson::V742HB22::detail::FloatTraits<double, 8u>::forge(unsigned long long)
 *fill*         0x0800443e        0x2 
 .text._ZN11ArduinoJson8V742HB226detail11FloatTraitsIfLj4EE25positiveBinaryPowersOfTenEv
                0x08004440       0x20 ./Core/Src/main.o
                0x08004440                ArduinoJson::V742HB22::detail::FloatTraits<float, 4u>::positiveBinaryPowersOfTen()
 .text._ZN11ArduinoJson8V742HB226detail11FloatTraitsIfLj4EE25negativeBinaryPowersOfTenEv
                0x08004460       0x20 ./Core/Src/main.o
                0x08004460                ArduinoJson::V742HB22::detail::FloatTraits<float, 4u>::negativeBinaryPowersOfTen()
 .text._ZNK11ArduinoJson8V742HB226detail7pgm_ptrIfEixEi
                0x08004480       0x24 ./Core/Src/main.o
                0x08004480                ArduinoJson::V742HB22::detail::pgm_ptr<float>::operator[](int) const
 .text._ZN11ArduinoJson8V742HB226detail7forwardIRNS0_12JsonDocumentEEEOT_RNS1_16remove_referenceIS5_E4typeE
                0x080044a4       0x14 ./Core/Src/main.o
                0x080044a4                ArduinoJson::V742HB22::JsonDocument& ArduinoJson::V742HB22::detail::forward<ArduinoJson::V742HB22::JsonDocument&>(ArduinoJson::V742HB22::detail::remove_reference<ArduinoJson::V742HB22::JsonDocument&>::type&)
 .text._ZN11ArduinoJson8V742HB226detail11deserializeINS1_16JsonDeserializerERNS0_12JsonDocumentERPhJELi0EEENS0_20DeserializationErrorEOT0_OT1_DpT2_
                0x080044b8       0x42 ./Core/Src/main.o
                0x080044b8                ArduinoJson::V742HB22::DeserializationError ArduinoJson::V742HB22::detail::deserialize<ArduinoJson::V742HB22::detail::JsonDeserializer, ArduinoJson::V742HB22::JsonDocument&, unsigned char*&, , 0>(ArduinoJson::V742HB22::JsonDocument&, unsigned char*&)
 .text._ZN11ArduinoJson8V742HB226detail11adaptStringIRA5_KcEENS1_16StringAdapterForINS1_11conditionalIXsrNS1_15IsStringLiteralIT_EE5valueES9_NS1_9remove_cvINS1_16remove_referenceIS9_E4typeEE4typeEE4typeEvE13AdaptedStringEOS9_
                0x080044fa       0x26 ./Core/Src/main.o
                0x080044fa                ArduinoJson::V742HB22::detail::StringAdapterFor<ArduinoJson::V742HB22::detail::conditional<ArduinoJson::V742HB22::detail::IsStringLiteral<char const (&) [5]>::value, char const (&) [5], ArduinoJson::V742HB22::detail::remove_cv<ArduinoJson::V742HB22::detail::remove_reference<char const (&) [5]>::type>::type>::type, void>::AdaptedString ArduinoJson::V742HB22::detail::adaptString<char const (&) [5]>(char const (&) [5])
 .text._ZN11ArduinoJson8V742HB226detail11MemberProxyIRNS0_12JsonDocumentENS1_9RamStringEEC2ES4_S5_
                0x08004520       0x36 ./Core/Src/main.o
                0x08004520                ArduinoJson::V742HB22::detail::MemberProxy<ArduinoJson::V742HB22::JsonDocument&, ArduinoJson::V742HB22::detail::RamString>::MemberProxy(ArduinoJson::V742HB22::JsonDocument&, ArduinoJson::V742HB22::detail::RamString)
                0x08004520                ArduinoJson::V742HB22::detail::MemberProxy<ArduinoJson::V742HB22::JsonDocument&, ArduinoJson::V742HB22::detail::RamString>::MemberProxy(ArduinoJson::V742HB22::JsonDocument&, ArduinoJson::V742HB22::detail::RamString)
 .text._ZN11ArduinoJson8V742HB229ConverterIivE8fromJsonENS0_16JsonVariantConstE
                0x08004556       0x3c ./Core/Src/main.o
                0x08004556                ArduinoJson::V742HB22::Converter<int, void>::fromJson(ArduinoJson::V742HB22::JsonVariantConst)
 .text._ZNK11ArduinoJson8V742HB226detail14VariantRefBaseINS1_11MemberProxyIRNS0_12JsonDocumentENS1_9RamStringEEEEcvT_INS0_16JsonVariantConstELi0EEEv
                0x08004592       0x1e ./Core/Src/main.o
                0x08004592                ArduinoJson::V742HB22::detail::VariantRefBase<ArduinoJson::V742HB22::detail::MemberProxy<ArduinoJson::V742HB22::JsonDocument&, ArduinoJson::V742HB22::detail::RamString> >::operator ArduinoJson::V742HB22::JsonVariantConst<ArduinoJson::V742HB22::JsonVariantConst, 0>() const
 .text._ZN11ArduinoJson8V742HB226detail7compareIPKcEENS1_13CompareResultENS0_16JsonVariantConstERKT_
                0x080045b0       0x3c ./Core/Src/main.o
                0x080045b0                ArduinoJson::V742HB22::detail::CompareResult ArduinoJson::V742HB22::detail::compare<char const*>(ArduinoJson::V742HB22::JsonVariantConst, char const* const&)
 .text._ZN11ArduinoJson8V742HB226detail11adaptStringIRA4_KcEENS1_16StringAdapterForINS1_11conditionalIXsrNS1_15IsStringLiteralIT_EE5valueES9_NS1_9remove_cvINS1_16remove_referenceIS9_E4typeEE4typeEE4typeEvE13AdaptedStringEOS9_
                0x080045ec       0x26 ./Core/Src/main.o
                0x080045ec                ArduinoJson::V742HB22::detail::StringAdapterFor<ArduinoJson::V742HB22::detail::conditional<ArduinoJson::V742HB22::detail::IsStringLiteral<char const (&) [4]>::value, char const (&) [4], ArduinoJson::V742HB22::detail::remove_cv<ArduinoJson::V742HB22::detail::remove_reference<char const (&) [4]>::type>::type>::type, void>::AdaptedString ArduinoJson::V742HB22::detail::adaptString<char const (&) [4]>(char const (&) [4])
 .text._ZNK11ArduinoJson8V742HB226detail14VariantRefBaseINS1_11MemberProxyIRNS0_12JsonDocumentENS1_9RamStringEEEE3setI11MessageTypeEEbRKT_
                0x08004612       0x1c ./Core/Src/main.o
                0x08004612                bool ArduinoJson::V742HB22::detail::VariantRefBase<ArduinoJson::V742HB22::detail::MemberProxy<ArduinoJson::V742HB22::JsonDocument&, ArduinoJson::V742HB22::detail::RamString> >::set<MessageType>(MessageType const&) const
 .text._ZN11ArduinoJson8V742HB226detail11adaptStringIRA6_KcEENS1_16StringAdapterForINS1_11conditionalIXsrNS1_15IsStringLiteralIT_EE5valueES9_NS1_9remove_cvINS1_16remove_referenceIS9_E4typeEE4typeEE4typeEvE13AdaptedStringEOS9_
                0x0800462e       0x26 ./Core/Src/main.o
                0x0800462e                ArduinoJson::V742HB22::detail::StringAdapterFor<ArduinoJson::V742HB22::detail::conditional<ArduinoJson::V742HB22::detail::IsStringLiteral<char const (&) [6]>::value, char const (&) [6], ArduinoJson::V742HB22::detail::remove_cv<ArduinoJson::V742HB22::detail::remove_reference<char const (&) [6]>::type>::type>::type, void>::AdaptedString ArduinoJson::V742HB22::detail::adaptString<char const (&) [6]>(char const (&) [6])
 .text._ZNK11ArduinoJson8V742HB226detail14VariantRefBaseINS1_11MemberProxyIRNS0_12JsonDocumentENS1_9RamStringEEEE3setI6StatesEEbRKT_
                0x08004654       0x1c ./Core/Src/main.o
                0x08004654                bool ArduinoJson::V742HB22::detail::VariantRefBase<ArduinoJson::V742HB22::detail::MemberProxy<ArduinoJson::V742HB22::JsonDocument&, ArduinoJson::V742HB22::detail::RamString> >::set<States>(States const&) const
 .text._ZNK11ArduinoJson8V742HB226detail14VariantRefBaseINS1_11MemberProxyIRNS0_12JsonDocumentENS1_9RamStringEEEE3setIA3_cEEbRKT_
                0x08004670       0x1c ./Core/Src/main.o
                0x08004670                bool ArduinoJson::V742HB22::detail::VariantRefBase<ArduinoJson::V742HB22::detail::MemberProxy<ArduinoJson::V742HB22::JsonDocument&, ArduinoJson::V742HB22::detail::RamString> >::set<char [3]>(char const (&) [3]) const
 .text._ZNK11ArduinoJson8V742HB226detail14VariantRefBaseINS1_11MemberProxyIRNS0_12JsonDocumentENS1_9RamStringEEEE3setImEEbRKT_
                0x0800468c       0x1c ./Core/Src/main.o
                0x0800468c                bool ArduinoJson::V742HB22::detail::VariantRefBase<ArduinoJson::V742HB22::detail::MemberProxy<ArduinoJson::V742HB22::JsonDocument&, ArduinoJson::V742HB22::detail::RamString> >::set<unsigned long>(unsigned long const&) const
 .text._ZNK11ArduinoJson8V742HB226detail14VariantRefBaseINS1_11MemberProxyIRNS0_12JsonDocumentENS1_9RamStringEEEE3setIfEEbRKT_
                0x080046a8       0x1c ./Core/Src/main.o
                0x080046a8                bool ArduinoJson::V742HB22::detail::VariantRefBase<ArduinoJson::V742HB22::detail::MemberProxy<ArduinoJson::V742HB22::JsonDocument&, ArduinoJson::V742HB22::detail::RamString> >::set<float>(float const&) const
 .text._ZNK11ArduinoJson8V742HB226detail10ObjectData9getMemberINS1_9RamStringEEEPNS1_11VariantDataET_PKNS1_15ResourceManagerE
                0x080046c4       0x5a ./Core/Src/main.o
                0x080046c4                ArduinoJson::V742HB22::detail::VariantData* ArduinoJson::V742HB22::detail::ObjectData::getMember<ArduinoJson::V742HB22::detail::RamString>(ArduinoJson::V742HB22::detail::RamString, ArduinoJson::V742HB22::detail::ResourceManager const*) const
 .text._ZN11ArduinoJson8V742HB226detail10MemoryPoolINS1_15ResourceManager8SlotDataEE9allocSlotEv
                0x0800471e       0x58 ./Core/Src/main.o
                0x0800471e                ArduinoJson::V742HB22::detail::MemoryPool<ArduinoJson::V742HB22::detail::ResourceManager::SlotData>::allocSlot()
 .text._ZN11ArduinoJson8V742HB226detail14MemoryPoolListINS1_15ResourceManager8SlotDataEE16increaseCapacityEPNS0_9AllocatorE
                0x08004776       0x8a ./Core/Src/main.o
                0x08004776                ArduinoJson::V742HB22::detail::MemoryPoolList<ArduinoJson::V742HB22::detail::ResourceManager::SlotData>::increaseCapacity(ArduinoJson::V742HB22::Allocator*)
 .text._ZN11ArduinoJson8V742HB226detail10MemoryPoolINS1_15ResourceManager8SlotDataEE6createEtPNS0_9AllocatorE
                0x08004800       0x4c ./Core/Src/main.o
                0x08004800                ArduinoJson::V742HB22::detail::MemoryPool<ArduinoJson::V742HB22::detail::ResourceManager::SlotData>::create(unsigned short, ArduinoJson::V742HB22::Allocator*)
 .text._ZN11ArduinoJson8V742HB226detail7pgm_ptrIdEC2EPKd
                0x0800484c       0x1c ./Core/Src/main.o
                0x0800484c                ArduinoJson::V742HB22::detail::pgm_ptr<double>::pgm_ptr(double const*)
                0x0800484c                ArduinoJson::V742HB22::detail::pgm_ptr<double>::pgm_ptr(double const*)
 .text._ZN11ArduinoJson8V742HB226detail8pgm_readIdEET_PKS3_
                0x08004868       0x1a ./Core/Src/main.o
                0x08004868                double ArduinoJson::V742HB22::detail::pgm_read<double>(double const*)
 .text._ZN11ArduinoJson8V742HB226detail12stringEqualsINS1_9RamStringES3_EENS1_9enable_ifIXlesrT_11typeSortKeysrT0_11typeSortKeyEbE4typeES5_S6_
                0x08004882       0x84 ./Core/Src/main.o
                0x08004882                ArduinoJson::V742HB22::detail::enable_if<ArduinoJson::V742HB22::detail::RamString::typeSortKey<=ArduinoJson::V742HB22::detail::RamString::typeSortKey, bool>::type ArduinoJson::V742HB22::detail::stringEquals<ArduinoJson::V742HB22::detail::RamString, ArduinoJson::V742HB22::detail::RamString>(ArduinoJson::V742HB22::detail::RamString, ArduinoJson::V742HB22::detail::RamString)
 .text._ZN11ArduinoJson8V742HB226detailL12isTinyStringINS1_9RamStringEEEbRKT_j
                0x08004906       0x64 ./Core/Src/main.o
 .text._ZN11ArduinoJson8V742HB226detail15ResourceManager10saveStringINS1_9RamStringEEEPNS1_10StringNodeET_
                0x0800496a       0x4c ./Core/Src/main.o
                0x0800496a                ArduinoJson::V742HB22::detail::StringNode* ArduinoJson::V742HB22::detail::ResourceManager::saveString<ArduinoJson::V742HB22::detail::RamString>(ArduinoJson::V742HB22::detail::RamString)
 .text._ZNK11ArduinoJson8V742HB226detail14VariantRefBaseINS0_11JsonVariantEE7derivedEv
                0x080049b6       0x14 ./Core/Src/main.o
                0x080049b6                ArduinoJson::V742HB22::detail::VariantRefBase<ArduinoJson::V742HB22::JsonVariant>::derived() const
 .text._ZN11ArduinoJson8V742HB226detail15VariantAttorney15getOrCreateDataIKNS0_11JsonVariantEEEPNS1_11VariantDataERT_
                0x080049ca       0x18 ./Core/Src/main.o
                0x080049ca                ArduinoJson::V742HB22::detail::VariantData* ArduinoJson::V742HB22::detail::VariantAttorney::getOrCreateData<ArduinoJson::V742HB22::JsonVariant const>(ArduinoJson::V742HB22::JsonVariant const&)
 .text._ZN11ArduinoJson8V742HB226detail15VariantAttorney18getResourceManagerIKNS0_11JsonVariantEEEDTcldtfp_18getResourceManagerEERT_
                0x080049e2       0x18 ./Core/Src/main.o