12:53:27 **** Incremental Build of configuration Debug for project Switch24Queue ****
make -j4 all 
arm-none-eabi-g++ "../Core/Src/main.cpp" -mcpu=cortex-m3 -std=gnu++14 -g3 -DDEBUG -DUSE_HAL_DRIVER -DSTM32F107xC -c -I../Core/Inc -I../Drivers/STM32F1xx_HAL_Driver/Inc/Legacy -I../Drivers/STM32F1xx_HAL_Driver/Inc -I../Drivers/CMSIS/Device/ST/STM32F1xx/Include -I../Drivers/CMSIS/Include -I"D:/my_Projects/Electronic/STM32/F1/CubeIDE/Libraries/74HC595" -I"D:/my_Projects/Electronic/STM32/F1/CubeIDE/Libraries/MatrixKeyBoard" -I"D:/my_Projects/Electronic/STM32/F1/CubeIDE/Libraries/DWT_Delay" -I"D:/my_Projects/Electronic/STM32/F1/CubeIDE/Libraries/SaveKey" -I"D:/my_Projects/Electronic/STM32/F1/CubeIDE/Libraries/LnkList" -I"D:/my_Projects/Electronic/STM32/F1/CubeIDE/Libraries/Needed" -O0 -ffunction-sections -fdata-sections -fno-exceptions -fno-rtti -fno-use-cxa-atexit -Wall -fstack-usage -fcyclomatic-complexity -MMD -MP -MF"Core/Src/main.d" -MT"Core/Src/main.o" --specs=nano.specs -mfloat-abi=soft -mthumb -o "Core/Src/main.o"
arm-none-eabi-g++ -o "Switch24Queue.elf" @"objects.list"   -mcpu=cortex-m3 -T"D:\my_Projects\Electronic\STM32\F1\CubeIDE\Switch24Queue\STM32F107RCTX_FLASH.ld" --specs=nosys.specs -Wl,-Map="Switch24Queue.map" -Wl,--gc-sections -static --specs=nano.specs -mfloat-abi=soft -mthumb -Wl,--start-group -lc -lm -lstdc++ -lsupc++ -Wl,--end-group
Finished building target: Switch24Queue.elf
 
arm-none-eabi-size  Switch24Queue.elf 
arm-none-eabi-objdump -h -S Switch24Queue.elf  > "Switch24Queue.list"
   text	   data	    bss	    dec	    hex	filename
  18784	     92	   3636	  22512	   57f0	Switch24Queue.elf
Finished building: default.size.stdout
 
Finished building: Switch24Queue.list
 

12:53:29 Build Finished. 0 errors, 0 warnings. (took 2s.322ms)

