18:47:30 **** Build of configuration Debug for project TUTORIAL_TFT_F103 ****
make -j4 all 
arm-none-eabi-gcc -mcpu=cortex-m3 -g3 -c -I../ -x assembler-with-cpp -MMD -MP -MF"Startup/startup_stm32f103c8tx.d" -MT"Startup/startup_stm32f103c8tx.o" --specs=nano.specs -mfloat-abi=soft -mthumb -o "Startup/startup_stm32f103c8tx.o" "../Startup/startup_stm32f103c8tx.s"
arm-none-eabi-gcc "../Src/dwt_stm32_delay.c" -mcpu=cortex-m3 -std=gnu11 -g3 -DUSE_HAL_DRIVER -DSTM32F103xB -DDEBUG -c -I../Inc -I../Drivers/CMSIS/Device/ST/STM32F1xx/Include -I../Drivers/CMSIS/Include -I../Drivers/STM32F1xx_HAL_Driver/Inc/Legacy -I../Drivers/STM32F1xx_HAL_Driver/Inc -O0 -ffunction-sections -fdata-sections -Wall -fstack-usage -MMD -MP -MF"Src/dwt_stm32_delay.d" -MT"Src/dwt_stm32_delay.o" --specs=nano.specs -mfloat-abi=soft -mthumb -o "Src/dwt_stm32_delay.o"
arm-none-eabi-gcc "../Src/fonts.c" -mcpu=cortex-m3 -std=gnu11 -g3 -DUSE_HAL_DRIVER -DSTM32F103xB -DDEBUG -c -I../Inc -I../Drivers/CMSIS/Device/ST/STM32F1xx/Include -I../Drivers/CMSIS/Include -I../Drivers/STM32F1xx_HAL_Driver/Inc/Legacy -I../Drivers/STM32F1xx_HAL_Driver/Inc -O0 -ffunction-sections -fdata-sections -Wall -fstack-usage -MMD -MP -MF"Src/fonts.d" -MT"Src/fonts.o" --specs=nano.specs -mfloat-abi=soft -mthumb -o "Src/fonts.o"
arm-none-eabi-gcc "../Src/main.c" -mcpu=cortex-m3 -std=gnu11 -g3 -DUSE_HAL_DRIVER -DSTM32F103xB -DDEBUG -c -I../Inc -I../Drivers/CMSIS/Device/ST/STM32F1xx/Include -I../Drivers/CMSIS/Include -I../Drivers/STM32F1xx_HAL_Driver/Inc/Legacy -I../Drivers/STM32F1xx_HAL_Driver/Inc -O0 -ffunction-sections -fdata-sections -Wall -fstack-usage -MMD -MP -MF"Src/main.d" -MT"Src/main.o" --specs=nano.specs -mfloat-abi=soft -mthumb -o "Src/main.o"
../Src/main.c: In function 'main':
../Src/main.c:138:46: warning: pointer targets in passing argument 5 of 'printnewtstr' differ in signedness [-Wpointer-sign]
  138 |    printnewtstr(100, BLUE, &mono12x7bold, 1, "HELLO WORLD");
      |                                              ^~~~~~~~~~~~~
      |                                              |
      |                                              char *
In file included from ../Src/main.c:28:
../Inc/tft.h:99:92: note: expected 'uint8_t *' {aka 'unsigned char *'} but argument is of type 'char *'
   99 | void printnewtstr (int row, uint16_t txtcolor, const GFXfont *f, uint8_t txtsize, uint8_t *str);
      |                                                                                   ~~~~~~~~~^~~
arm-none-eabi-gcc "../Src/stm32f1xx_hal_msp.c" -mcpu=cortex-m3 -std=gnu11 -g3 -DUSE_HAL_DRIVER -DSTM32F103xB -DDEBUG -c -I../Inc -I../Drivers/CMSIS/Device/ST/STM32F1xx/Include -I../Drivers/CMSIS/Include -I../Drivers/STM32F1xx_HAL_Driver/Inc/Legacy -I../Drivers/STM32F1xx_HAL_Driver/Inc -O0 -ffunction-sections -fdata-sections -Wall -fstack-usage -MMD -MP -MF"Src/stm32f1xx_hal_msp.d" -MT"Src/stm32f1xx_hal_msp.o" --specs=nano.specs -mfloat-abi=soft -mthumb -o "Src/stm32f1xx_hal_msp.o"
arm-none-eabi-gcc "../Src/stm32f1xx_it.c" -mcpu=cortex-m3 -std=gnu11 -g3 -DUSE_HAL_DRIVER -DSTM32F103xB -DDEBUG -c -I../Inc -I../Drivers/CMSIS/Device/ST/STM32F1xx/Include -I../Drivers/CMSIS/Include -I../Drivers/STM32F1xx_HAL_Driver/Inc/Legacy -I../Drivers/STM32F1xx_HAL_Driver/Inc -O0 -ffunction-sections -fdata-sections -Wall -fstack-usage -MMD -MP -MF"Src/stm32f1xx_it.d" -MT"Src/stm32f1xx_it.o" --specs=nano.specs -mfloat-abi=soft -mthumb -o "Src/stm32f1xx_it.o"
arm-none-eabi-gcc "../Src/syscalls.c" -mcpu=cortex-m3 -std=gnu11 -g3 -DUSE_HAL_DRIVER -DSTM32F103xB -DDEBUG -c -I../Inc -I../Drivers/CMSIS/Device/ST/STM32F1xx/Include -I../Drivers/CMSIS/Include -I../Drivers/STM32F1xx_HAL_Driver/Inc/Legacy -I../Drivers/STM32F1xx_HAL_Driver/Inc -O0 -ffunction-sections -fdata-sections -Wall -fstack-usage -MMD -MP -MF"Src/syscalls.d" -MT"Src/syscalls.o" --specs=nano.specs -mfloat-abi=soft -mthumb -o "Src/syscalls.o"
arm-none-eabi-gcc "../Src/sysmem.c" -mcpu=cortex-m3 -std=gnu11 -g3 -DUSE_HAL_DRIVER -DSTM32F103xB -DDEBUG -c -I../Inc -I../Drivers/CMSIS/Device/ST/STM32F1xx/Include -I../Drivers/CMSIS/Include -I../Drivers/STM32F1xx_HAL_Driver/Inc/Legacy -I../Drivers/STM32F1xx_HAL_Driver/Inc -O0 -ffunction-sections -fdata-sections -Wall -fstack-usage -MMD -MP -MF"Src/sysmem.d" -MT"Src/sysmem.o" --specs=nano.specs -mfloat-abi=soft -mthumb -o "Src/sysmem.o"
arm-none-eabi-gcc "../Src/system_stm32f1xx.c" -mcpu=cortex-m3 -std=gnu11 -g3 -DUSE_HAL_DRIVER -DSTM32F103xB -DDEBUG -c -I../Inc -I../Drivers/CMSIS/Device/ST/STM32F1xx/Include -I../Drivers/CMSIS/Include -I../Drivers/STM32F1xx_HAL_Driver/Inc/Legacy -I../Drivers/STM32F1xx_HAL_Driver/Inc -O0 -ffunction-sections -fdata-sections -Wall -fstack-usage -MMD -MP -MF"Src/system_stm32f1xx.d" -MT"Src/system_stm32f1xx.o" --specs=nano.specs -mfloat-abi=soft -mthumb -o "Src/system_stm32f1xx.o"
arm-none-eabi-gcc "../Src/tft.c" -mcpu=cortex-m3 -std=gnu11 -g3 -DUSE_HAL_DRIVER -DSTM32F103xB -DDEBUG -c -I../Inc -I../Drivers/CMSIS/Device/ST/STM32F1xx/Include -I../Drivers/CMSIS/Include -I../Drivers/STM32F1xx_HAL_Driver/Inc/Legacy -I../Drivers/STM32F1xx_HAL_Driver/Inc -O0 -ffunction-sections -fdata-sections -Wall -fstack-usage -MMD -MP -MF"Src/tft.d" -MT"Src/tft.o" --specs=nano.specs -mfloat-abi=soft -mthumb -o "Src/tft.o"
arm-none-eabi-gcc "../Drivers/STM32F1xx_HAL_Driver/Src/stm32f1xx_hal.c" -mcpu=cortex-m3 -std=gnu11 -g3 -DUSE_HAL_DRIVER -DSTM32F103xB -DDEBUG -c -I../Inc -I../Drivers/CMSIS/Device/ST/STM32F1xx/Include -I../Drivers/CMSIS/Include -I../Drivers/STM32F1xx_HAL_Driver/Inc/Legacy -I../Drivers/STM32F1xx_HAL_Driver/Inc -O0 -ffunction-sections -fdata-sections -Wall -fstack-usage -MMD -MP -MF"Drivers/STM32F1xx_HAL_Driver/Src/stm32f1xx_hal.d" -MT"Drivers/STM32F1xx_HAL_Driver/Src/stm32f1xx_hal.o" --specs=nano.specs -mfloat-abi=soft -mthumb -o "Drivers/STM32F1xx_HAL_Driver/Src/stm32f1xx_hal.o"
arm-none-eabi-gcc "../Drivers/STM32F1xx_HAL_Driver/Src/stm32f1xx_hal_cortex.c" -mcpu=cortex-m3 -std=gnu11 -g3 -DUSE_HAL_DRIVER -DSTM32F103xB -DDEBUG -c -I../Inc -I../Drivers/CMSIS/Device/ST/STM32F1xx/Include -I../Drivers/CMSIS/Include -I../Drivers/STM32F1xx_HAL_Driver/Inc/Legacy -I../Drivers/STM32F1xx_HAL_Driver/Inc -O0 -ffunction-sections -fdata-sections -Wall -fstack-usage -MMD -MP -MF"Drivers/STM32F1xx_HAL_Driver/Src/stm32f1xx_hal_cortex.d" -MT"Drivers/STM32F1xx_HAL_Driver/Src/stm32f1xx_hal_cortex.o" --specs=nano.specs -mfloat-abi=soft -mthumb -o "Drivers/STM32F1xx_HAL_Driver/Src/stm32f1xx_hal_cortex.o"
../Src/tft.c: In function 'readReg':
../Src/tft.c:418:13: warning: unused variable 'lo' [-Wunused-variable]
  418 |     uint8_t lo;
      |             ^~
../Src/tft.c: In function 'tft_init':
../Src/tft.c:2205:30: warning: unused variable 'ILI9481_RGB_regValues' [-Wunused-variable]
 2205 |         static const uint8_t ILI9481_RGB_regValues[]  = {    // 320x480
      |                              ^~~~~~~~~~~~~~~~~~~~~
../Src/tft.c:2191:30: warning: unused variable 'ILI9481_CMO35_regValues' [-Wunused-variable]
 2191 |         static const uint8_t ILI9481_CMO35_regValues[]  = {    // 320480
      |                              ^~~~~~~~~~~~~~~~~~~~~~~
../Src/tft.c:2180:30: warning: unused variable 'ILI9481_AUO317_regValues' [-Wunused-variable]
 2180 |         static const uint8_t ILI9481_AUO317_regValues[]  = {    // 320x480
      |                              ^~~~~~~~~~~~~~~~~~~~~~~~
../Src/tft.c:2168:30: warning: unused variable 'ILI9481_PVI35_regValues' [-Wunused-variable]
 2168 |         static const uint8_t ILI9481_PVI35_regValues[]  = {    // 320x480
      |                              ^~~~~~~~~~~~~~~~~~~~~~~
../Src/tft.c:2156:30: warning: unused variable 'ILI9481_CPT29_regValues' [-Wunused-variable]
 2156 |         static const uint8_t ILI9481_CPT29_regValues[]  = {    // 320x430
      |                              ^~~~~~~~~~~~~~~~~~~~~~~
../Src/tft.c:2075:30: warning: unused variable 'ILI9341_regValues_ada' [-Wunused-variable]
 2075 |         static const uint8_t ILI9341_regValues_ada[]  = {        // Adafruit_TFTLCD only works with EXTC=0
      |                              ^~~~~~~~~~~~~~~~~~~~~
../Src/tft.c:1161:30: warning: unused variable 'ST7789_regValues_arcain6' [-Wunused-variable]
 1161 |         static const uint8_t ST7789_regValues_arcain6[]  = {
      |                              ^~~~~~~~~~~~~~~~~~~~~~~~
../Src/tft.c:452:6: warning: variable 'dummy' set but not used [-Wunused-but-set-variable]
  452 |  int dummy=0;
      |      ^~~~~
../Src/tft.c: In function 'readID':
../Src/tft.c:2571:5: warning: this 'if' clause does not guard... [-Wmisleading-indentation]
 2571 |     if (ret == 0x1526)          //R61526 [xx 06 15 26] if I have written NVM
      |     ^~
../Src/tft.c:2573:2: note: ...this statement, but the latter is misleadingly indented as if it were guarded by the 'if'
 2573 |  if (ret == 0x89F0)          //ST7735S: [xx 7C 89 F0]
      |  ^~
../Src/tft.c:2507:19: warning: unused variable 'ret2' [-Wunused-variable]
 2507 |     uint16_t ret, ret2;
      |                   ^~~~
../Src/tft.c: In function 'readGRAM':
../Src/tft.c:2606:22: warning: unused variable 'tmp' [-Wunused-variable]
 2606 |     uint8_t r, g, b, tmp;
      |                      ^~~
../Src/tft.c: In function 'setRotation':
../Src/tft.c:2790:10: warning: label 'common_ORG' defined but not used [-Wunused-label]
 2790 |          common_ORG:
      |          ^~~~~~~~~~
../Src/tft.c:2670:28: warning: unused variable 'REV' [-Wunused-variable]
 2670 |    uint16_t GS, SS_v, ORG, REV = _lcd_rev;
      |                            ^~~
../Src/tft.c: In function 'vertScroll':
../Src/tft.c:2898:13: warning: variable 'sea' set but not used [-Wunused-but-set-variable]
 2898 |     int16_t sea = top;
      |             ^~~
../Src/tft.c: In function 'drawChar':
../Src/tft.c:212:33: warning: cast to pointer from integer of different size [-Wint-to-pointer-cast]
  212 | #define pgm_read_pointer(addr) ((void *)pgm_read_word(addr))
      |                                 ^
../Src/tft.c:3623:43: note: in expansion of macro 'pgm_read_pointer'
 3623 |         GFXglyph *glyph  = &(((GFXglyph *)pgm_read_pointer(&gfxFont->glyph))[c]);
      |                                           ^~~~~~~~~~~~~~~~
../Src/tft.c:212:33: warning: cast to pointer from integer of different size [-Wint-to-pointer-cast]
  212 | #define pgm_read_pointer(addr) ((void *)pgm_read_word(addr))
      |                                 ^
../Src/tft.c:3624:39: note: in expansion of macro 'pgm_read_pointer'
 3624 |         uint8_t  *bitmap = (uint8_t *)pgm_read_pointer(&gfxFont->bitmap);
      |                                       ^~~~~~~~~~~~~~~~
../Src/tft.c: In function 'write':
../Src/tft.c:212:33: warning: cast to pointer from integer of different size [-Wint-to-pointer-cast]
  212 | #define pgm_read_pointer(addr) ((void *)pgm_read_word(addr))
      |                                 ^
../Src/tft.c:3675:50: note: in expansion of macro 'pgm_read_pointer'
 3675 |                 GFXglyph *glyph = &(((GFXglyph *)pgm_read_pointer(
      |                                                  ^~~~~~~~~~~~~~~~
../Src/tft.c: In function 'charBounds':
../Src/tft.c:212:33: warning: cast to pointer from integer of different size [-Wint-to-pointer-cast]
  212 | #define pgm_read_pointer(addr) ((void *)pgm_read_word(addr))
      |                                 ^
../Src/tft.c:3744:50: note: in expansion of macro 'pgm_read_pointer'
 3744 |                 GFXglyph *glyph = &(((GFXglyph *)pgm_read_pointer(
      |                                                  ^~~~~~~~~~~~~~~~
At top level:
../Src/tft.c:1161:30: warning: 'ST7789_regValues_arcain6' defined but not used [-Wunused-const-variable=]
 1161 |         static const uint8_t ST7789_regValues_arcain6[]  = {
      |                              ^~~~~~~~~~~~~~~~~~~~~~~~
../Src/tft.c:2075:30: warning: 'ILI9341_regValues_ada' defined but not used [-Wunused-const-variable=]
 2075 |         static const uint8_t ILI9341_regValues_ada[]  = {        // Adafruit_TFTLCD only works with EXTC=0
      |                              ^~~~~~~~~~~~~~~~~~~~~
../Src/tft.c:2156:30: warning: 'ILI9481_CPT29_regValues' defined but not used [-Wunused-const-variable=]
 2156 |         static const uint8_t ILI9481_CPT29_regValues[]  = {    // 320x430
      |                              ^~~~~~~~~~~~~~~~~~~~~~~
../Src/tft.c:2168:30: warning: 'ILI9481_PVI35_regValues' defined but not used [-Wunused-const-variable=]
 2168 |         static const uint8_t ILI9481_PVI35_regValues[]  = {    // 320x480
      |                              ^~~~~~~~~~~~~~~~~~~~~~~
../Src/tft.c:2180:30: warning: 'ILI9481_AUO317_regValues' defined but not used [-Wunused-const-variable=]
 2180 |         static const uint8_t ILI9481_AUO317_regValues[]  = {    // 320x480
      |                              ^~~~~~~~~~~~~~~~~~~~~~~~
../Src/tft.c:2191:30: warning: 'ILI9481_CMO35_regValues' defined but not used [-Wunused-const-variable=]
 2191 |         static const uint8_t ILI9481_CMO35_regValues[]  = {    // 320480
      |                              ^~~~~~~~~~~~~~~~~~~~~~~
../Src/tft.c:2205:30: warning: 'ILI9481_RGB_regValues' defined but not used [-Wunused-const-variable=]
 2205 |         static const uint8_t ILI9481_RGB_regValues[]  = {    // 320x480
      |                              ^~~~~~~~~~~~~~~~~~~~~
arm-none-eabi-gcc "../Drivers/STM32F1xx_HAL_Driver/Src/stm32f1xx_hal_dma.c" -mcpu=cortex-m3 -std=gnu11 -g3 -DUSE_HAL_DRIVER -DSTM32F103xB -DDEBUG -c -I../Inc -I../Drivers/CMSIS/Device/ST/STM32F1xx/Include -I../Drivers/CMSIS/Include -I../Drivers/STM32F1xx_HAL_Driver/Inc/Legacy -I../Drivers/STM32F1xx_HAL_Driver/Inc -O0 -ffunction-sections -fdata-sections -Wall -fstack-usage -MMD -MP -MF"Drivers/STM32F1xx_HAL_Driver/Src/stm32f1xx_hal_dma.d" -MT"Drivers/STM32F1xx_HAL_Driver/Src/stm32f1xx_hal_dma.o" --specs=nano.specs -mfloat-abi=soft -mthumb -o "Drivers/STM32F1xx_HAL_Driver/Src/stm32f1xx_hal_dma.o"
arm-none-eabi-gcc "../Drivers/STM32F1xx_HAL_Driver/Src/stm32f1xx_hal_exti.c" -mcpu=cortex-m3 -std=gnu11 -g3 -DUSE_HAL_DRIVER -DSTM32F103xB -DDEBUG -c -I../Inc -I../Drivers/CMSIS/Device/ST/STM32F1xx/Include -I../Drivers/CMSIS/Include -I../Drivers/STM32F1xx_HAL_Driver/Inc/Legacy -I../Drivers/STM32F1xx_HAL_Driver/Inc -O0 -ffunction-sections -fdata-sections -Wall -fstack-usage -MMD -MP -MF"Drivers/STM32F1xx_HAL_Driver/Src/stm32f1xx_hal_exti.d" -MT"Drivers/STM32F1xx_HAL_Driver/Src/stm32f1xx_hal_exti.o" --specs=nano.specs -mfloat-abi=soft -mthumb -o "Drivers/STM32F1xx_HAL_Driver/Src/stm32f1xx_hal_exti.o"
arm-none-eabi-gcc "../Drivers/STM32F1xx_HAL_Driver/Src/stm32f1xx_hal_flash.c" -mcpu=cortex-m3 -std=gnu11 -g3 -DUSE_HAL_DRIVER -DSTM32F103xB -DDEBUG -c -I../Inc -I../Drivers/CMSIS/Device/ST/STM32F1xx/Include -I../Drivers/CMSIS/Include -I../Drivers/STM32F1xx_HAL_Driver/Inc/Legacy -I../Drivers/STM32F1xx_HAL_Driver/Inc -O0 -ffunction-sections -fdata-sections -Wall -fstack-usage -MMD -MP -MF"Drivers/STM32F1xx_HAL_Driver/Src/stm32f1xx_hal_flash.d" -MT"Drivers/STM32F1xx_HAL_Driver/Src/stm32f1xx_hal_flash.o" --specs=nano.specs -mfloat-abi=soft -mthumb -o "Drivers/STM32F1xx_HAL_Driver/Src/stm32f1xx_hal_flash.o"
arm-none-eabi-gcc "../Drivers/STM32F1xx_HAL_Driver/Src/stm32f1xx_hal_flash_ex.c" -mcpu=cortex-m3 -std=gnu11 -g3 -DUSE_HAL_DRIVER -DSTM32F103xB -DDEBUG -c -I../Inc -I../Drivers/CMSIS/Device/ST/STM32F1xx/Include -I../Drivers/CMSIS/Include -I../Drivers/STM32F1xx_HAL_Driver/Inc/Legacy -I../Drivers/STM32F1xx_HAL_Driver/Inc -O0 -ffunction-sections -fdata-sections -Wall -fstack-usage -MMD -MP -MF"Drivers/STM32F1xx_HAL_Driver/Src/stm32f1xx_hal_flash_ex.d" -MT"Drivers/STM32F1xx_HAL_Driver/Src/stm32f1xx_hal_flash_ex.o" --specs=nano.specs -mfloat-abi=soft -mthumb -o "Drivers/STM32F1xx_HAL_Driver/Src/stm32f1xx_hal_flash_ex.o"
arm-none-eabi-gcc "../Drivers/STM32F1xx_HAL_Driver/Src/stm32f1xx_hal_gpio.c" -mcpu=cortex-m3 -std=gnu11 -g3 -DUSE_HAL_DRIVER -DSTM32F103xB -DDEBUG -c -I../Inc -I../Drivers/CMSIS/Device/ST/STM32F1xx/Include -I../Drivers/CMSIS/Include -I../Drivers/STM32F1xx_HAL_Driver/Inc/Legacy -I../Drivers/STM32F1xx_HAL_Driver/Inc -O0 -ffunction-sections -fdata-sections -Wall -fstack-usage -MMD -MP -MF"Drivers/STM32F1xx_HAL_Driver/Src/stm32f1xx_hal_gpio.d" -MT"Drivers/STM32F1xx_HAL_Driver/Src/stm32f1xx_hal_gpio.o" --specs=nano.specs -mfloat-abi=soft -mthumb -o "Drivers/STM32F1xx_HAL_Driver/Src/stm32f1xx_hal_gpio.o"
arm-none-eabi-gcc "../Drivers/STM32F1xx_HAL_Driver/Src/stm32f1xx_hal_gpio_ex.c" -mcpu=cortex-m3 -std=gnu11 -g3 -DUSE_HAL_DRIVER -DSTM32F103xB -DDEBUG -c -I../Inc -I../Drivers/CMSIS/Device/ST/STM32F1xx/Include -I../Drivers/CMSIS/Include -I../Drivers/STM32F1xx_HAL_Driver/Inc/Legacy -I../Drivers/STM32F1xx_HAL_Driver/Inc -O0 -ffunction-sections -fdata-sections -Wall -fstack-usage -MMD -MP -MF"Drivers/STM32F1xx_HAL_Driver/Src/stm32f1xx_hal_gpio_ex.d" -MT"Drivers/STM32F1xx_HAL_Driver/Src/stm32f1xx_hal_gpio_ex.o" --specs=nano.specs -mfloat-abi=soft -mthumb -o "Drivers/STM32F1xx_HAL_Driver/Src/stm32f1xx_hal_gpio_ex.o"
arm-none-eabi-gcc "../Drivers/STM32F1xx_HAL_Driver/Src/stm32f1xx_hal_pwr.c" -mcpu=cortex-m3 -std=gnu11 -g3 -DUSE_HAL_DRIVER -DSTM32F103xB -DDEBUG -c -I../Inc -I../Drivers/CMSIS/Device/ST/STM32F1xx/Include -I../Drivers/CMSIS/Include -I../Drivers/STM32F1xx_HAL_Driver/Inc/Legacy -I../Drivers/STM32F1xx_HAL_Driver/Inc -O0 -ffunction-sections -fdata-sections -Wall -fstack-usage -MMD -MP -MF"Drivers/STM32F1xx_HAL_Driver/Src/stm32f1xx_hal_pwr.d" -MT"Drivers/STM32F1xx_HAL_Driver/Src/stm32f1xx_hal_pwr.o" --specs=nano.specs -mfloat-abi=soft -mthumb -o "Drivers/STM32F1xx_HAL_Driver/Src/stm32f1xx_hal_pwr.o"
arm-none-eabi-gcc "../Drivers/STM32F1xx_HAL_Driver/Src/stm32f1xx_hal_rcc.c" -mcpu=cortex-m3 -std=gnu11 -g3 -DUSE_HAL_DRIVER -DSTM32F103xB -DDEBUG -c -I../Inc -I../Drivers/CMSIS/Device/ST/STM32F1xx/Include -I../Drivers/CMSIS/Include -I../Drivers/STM32F1xx_HAL_Driver/Inc/Legacy -I../Drivers/STM32F1xx_HAL_Driver/Inc -O0 -ffunction-sections -fdata-sections -Wall -fstack-usage -MMD -MP -MF"Drivers/STM32F1xx_HAL_Driver/Src/stm32f1xx_hal_rcc.d" -MT"Drivers/STM32F1xx_HAL_Driver/Src/stm32f1xx_hal_rcc.o" --specs=nano.specs -mfloat-abi=soft -mthumb -o "Drivers/STM32F1xx_HAL_Driver/Src/stm32f1xx_hal_rcc.o"
arm-none-eabi-gcc "../Drivers/STM32F1xx_HAL_Driver/Src/stm32f1xx_hal_rcc_ex.c" -mcpu=cortex-m3 -std=gnu11 -g3 -DUSE_HAL_DRIVER -DSTM32F103xB -DDEBUG -c -I../Inc -I../Drivers/CMSIS/Device/ST/STM32F1xx/Include -I../Drivers/CMSIS/Include -I../Drivers/STM32F1xx_HAL_Driver/Inc/Legacy -I../Drivers/STM32F1xx_HAL_Driver/Inc -O0 -ffunction-sections -fdata-sections -Wall -fstack-usage -MMD -MP -MF"Drivers/STM32F1xx_HAL_Driver/Src/stm32f1xx_hal_rcc_ex.d" -MT"Drivers/STM32F1xx_HAL_Driver/Src/stm32f1xx_hal_rcc_ex.o" --specs=nano.specs -mfloat-abi=soft -mthumb -o "Drivers/STM32F1xx_HAL_Driver/Src/stm32f1xx_hal_rcc_ex.o"
arm-none-eabi-gcc "../Drivers/STM32F1xx_HAL_Driver/Src/stm32f1xx_hal_tim.c" -mcpu=cortex-m3 -std=gnu11 -g3 -DUSE_HAL_DRIVER -DSTM32F103xB -DDEBUG -c -I../Inc -I../Drivers/CMSIS/Device/ST/STM32F1xx/Include -I../Drivers/CMSIS/Include -I../Drivers/STM32F1xx_HAL_Driver/Inc/Legacy -I../Drivers/STM32F1xx_HAL_Driver/Inc -O0 -ffunction-sections -fdata-sections -Wall -fstack-usage -MMD -MP -MF"Drivers/STM32F1xx_HAL_Driver/Src/stm32f1xx_hal_tim.d" -MT"Drivers/STM32F1xx_HAL_Driver/Src/stm32f1xx_hal_tim.o" --specs=nano.specs -mfloat-abi=soft -mthumb -o "Drivers/STM32F1xx_HAL_Driver/Src/stm32f1xx_hal_tim.o"
arm-none-eabi-gcc "../Drivers/STM32F1xx_HAL_Driver/Src/stm32f1xx_hal_tim_ex.c" -mcpu=cortex-m3 -std=gnu11 -g3 -DUSE_HAL_DRIVER -DSTM32F103xB -DDEBUG -c -I../Inc -I../Drivers/CMSIS/Device/ST/STM32F1xx/Include -I../Drivers/CMSIS/Include -I../Drivers/STM32F1xx_HAL_Driver/Inc/Legacy -I../Drivers/STM32F1xx_HAL_Driver/Inc -O0 -ffunction-sections -fdata-sections -Wall -fstack-usage -MMD -MP -MF"Drivers/STM32F1xx_HAL_Driver/Src/stm32f1xx_hal_tim_ex.d" -MT"Drivers/STM32F1xx_HAL_Driver/Src/stm32f1xx_hal_tim_ex.o" --specs=nano.specs -mfloat-abi=soft -mthumb -o "Drivers/STM32F1xx_HAL_Driver/Src/stm32f1xx_hal_tim_ex.o"
arm-none-eabi-gcc -o "TUTORIAL_TFT_F103.elf" @"objects.list"   -mcpu=cortex-m3 -T"D:\my_Projects\Electronic\STM32\CubeIDE\TUTORIAL_TFT_F103\STM32F103C8TX_FLASH.ld" --specs=nosys.specs -Wl,-Map="TUTORIAL_TFT_F103.map" -Wl,--gc-sections -static --specs=nano.specs -mfloat-abi=soft -mthumb -Wl,--start-group -lc -lm -Wl,--end-group
Finished building target: TUTORIAL_TFT_F103.elf
 
arm-none-eabi-size   TUTORIAL_TFT_F103.elf 
arm-none-eabi-objdump -h -S  TUTORIAL_TFT_F103.elf  > "TUTORIAL_TFT_F103.list"
arm-none-eabi-objcopy  -O binary  TUTORIAL_TFT_F103.elf  "TUTORIAL_TFT_F103.bin"
   text	   data	    bss	    dec	    hex	filename
  26460	     32	   1680	  28172	   6e0c	TUTORIAL_TFT_F103.elf
Finished building: default.size.stdout
 
Finished building: TUTORIAL_TFT_F103.bin
 
Finished building: TUTORIAL_TFT_F103.list
 

18:47:36 Build Finished. 0 errors, 27 warnings. (took 6s.546ms)

